
                                 *****************
                                 * O   R   C   A *
                                 *****************

           --- An Ab Initio, DFT and Semiempirical electronic structure package ---

                  #######################################################
                  #                        -***-                        #
                  #  Department of molecular theory and spectroscopy    #
                  #              Directorship: Frank Neese              #
                  # Max Planck Institute for Chemical Energy Conversion #
                  #                  D-45470 Muelheim/Ruhr              #
                  #                       Germany                       #
                  #                                                     #
                  #                  All rights reserved                #
                  #                        -***-                        #
                  #######################################################


                         Program Version 3.0.3 - RELEASE   -


 With contributions from (in alphabetic order):
   Ute Becker             : Parallelization
   Dmytro Bykov           : SCF Hessian
   Dmitry Ganyushin       : Spin-Orbit,Spin-Spin,Magnetic field MRCI
   Andreas Hansen         : Spin unrestricted coupled pair/coupled cluster methods
   Dimitrios Liakos       : Extrapolation schemes; parallel MDCI
   Robert Izsak           : Overlap fitted RIJCOSX, COSX-SCS-MP3
   Christian Kollmar      : KDIIS, OOCD, Brueckner-CCSD(T), CCSD density
   Simone Kossmann        : Meta GGA functionals, TD-DFT gradient, OOMP2, MP2 Hessian
   Taras Petrenko         : DFT Hessian,TD-DFT gradient, ASA and ECA modules, normal mode analysis, Resonance Raman, ABS, FL, XAS/XES, NRVS
   Christoph Reimann      : Effective Core Potentials
   Michael Roemelt        : Restricted open shell CIS
   Christoph Riplinger    : Improved optimizer, TS searches, QM/MM, DLPNO-CCSD
   Barbara Sandhoefer     : DKH picture change effects
   Igor Schapiro          : Molecular dynamics
   Kantharuban Sivalingam : CASSCF convergence, NEVPT2
   Boris Wezisla          : Elementary symmetry handling
   Frank Wennmohs         : Technical directorship


 We gratefully acknowledge several colleagues who have allowed us to
 interface, adapt or use parts of their codes:
   Stefan Grimme, W. Hujo, H. Kruse, T. Risthaus : VdW corrections, initial TS optimization,
                                                   DFT functionals, gCP
   Ed Valeev                                     : LibInt (2-el integral package), F12 methods
   Garnet Chan, S. Sharma, R. Olivares           : DMRG
   Ulf Ekstrom                                   : XCFun DFT Library
   Mihaly Kallay                                 : mrcc  (arbitrary order and MRCC methods)
   Andreas Klamt, Michael Diedenhofen            : otool_cosmo (COSMO solvation model)
   Frank Weinhold                                : gennbo (NPA and NBO analysis)
   Christopher J. Cramer and Donald G. Truhlar   : smd solvation model


 Your calculation uses the libint2 library for the computation of 2-el integrals
 For citations please refer to: http://libint.valeyev.net

 This ORCA versions uses:
   CBLAS   interface :  Fast vector & matrix operations
   LAPACKE interface :  Fast linear algebra routines
   SCALAPACK package :  Parallel linear algebra routines


leaving
================================================================================
                                        WARNINGS
                       Please study these warnings very carefully!
================================================================================
Now building the actual basis set

WARNING: Direct SCF is incompatible with Method<>HF and Method<>DFT
  ===> : conventional SCF is chosen

WARNING: The NDO methods need Guess=HUECKEL or Guess=HCORE or Guess=MOREAD
  ===> : Guess is set to Hueckel

WARNING: The NDO methods need %rel::SOCType==1
  ===> : %rel::SOCType is set to 1

WARNING: The NDO methods cannot have frozencore=1
  ===> : %method FrozenCore=0 end


INFO   : the flag for use of LIBINT has been found!

================================================================================
                                       INPUT FILE
================================================================================
NAME = /Users/mattyjones/GoogleDrive/Boise/Code/MorphCT/tests/output_EZ/donor_polymer/chromophores/input_orca/single/00005.inp
|  1> # ================================================================
|  2> # Orca input file made by Matty Jones
|  3> # ================================================================
|  4> ! ZINDO/S 
|  5> ! NOPOP
|  6> ! NOMOPRINT
|  7> * xyz 0   1
|  8>  C  -4.52180  -1.76309  -2.33981
|  9>  C  -3.29923  -1.10953  -2.17828
| 10>  C  -2.41983  -1.73890  -1.24297
| 11>  C  -2.95067  -2.89527  -0.66303
| 12>  S  -4.45893  -3.07561  -1.32864
| 13>  H  -3.11268  0.04823  -2.07320
| 14>  C  -0.94377  -1.22070  -0.83422
| 15>  C  -0.73836  0.37038  -0.27390
| 16>  C  0.87427  0.83366  0.03661
| 17>  H  0.87156  1.98690  -0.13296
| 18>  H  1.48873  0.36747  -0.82287
| 19>  H  -1.16619  1.08582  -1.06481
| 20>  H  -1.32459  0.47200  0.71101
| 21>  H  -0.50838  -1.90247  0.00786
| 22>  H  -0.24203  -1.32191  -1.76351
| 23>  C  1.63646  0.59093  1.45997
| 24>  C  3.29019  1.00162  1.42875
| 25>  C  3.70361  2.59220  1.79206
| 26>  H  4.85796  2.68272  1.82931
| 27>  H  3.25821  2.88531  2.81784
| 28>  H  3.28892  3.29105  0.96853
| 29>  H  3.82886  0.31455  2.18175
| 30>  H  3.69550  0.80301  0.36916
| 31>  H  1.56178  -0.52321  1.75485
| 32>  H  1.13851  1.22966  2.28325
| 33>  H  -5.32182  -1.48004  -2.97499
| 34>  H  -2.48629  -3.52479  0.05227
| 35> *
| 36> 
| 37>                          ****END OF INPUT****
================================================================================

                       ****************************
                       * Single Point Calculation *
                       ****************************

---------------------------------
CARTESIAN COORDINATES (ANGSTROEM)
---------------------------------
  C     -4.521800   -1.763090   -2.339810
  C     -3.299230   -1.109530   -2.178280
  C     -2.419830   -1.738900   -1.242970
  C     -2.950670   -2.895270   -0.663030
  S     -4.458930   -3.075610   -1.328640
  H     -3.112680    0.048230   -2.073200
  C     -0.943770   -1.220700   -0.834220
  C     -0.738360    0.370380   -0.273900
  C      0.874270    0.833660    0.036610
  H      0.871560    1.986900   -0.132960
  H      1.488730    0.367470   -0.822870
  H     -1.166190    1.085820   -1.064810
  H     -1.324590    0.472000    0.711010
  H     -0.508380   -1.902470    0.007860
  H     -0.242030   -1.321910   -1.763510
  C      1.636460    0.590930    1.459970
  C      3.290190    1.001620    1.428750
  C      3.703610    2.592200    1.792060
  H      4.857960    2.682720    1.829310
  H      3.258210    2.885310    2.817840
  H      3.288920    3.291050    0.968530
  H      3.828860    0.314550    2.181750
  H      3.695500    0.803010    0.369160
  H      1.561780   -0.523210    1.754850
  H      1.138510    1.229660    2.283250
  H     -5.321820   -1.480040   -2.974990
  H     -2.486290   -3.524790    0.052270

----------------------------
CARTESIAN COORDINATES (A.U.)
----------------------------
  NO LB      ZA    FRAG    MASS        X           Y           Z
   0 C     4.0000    0    12.011         -8.544963632365116         -3.331757249455220         -4.421600105410284
   1 C     4.0000    0    12.011         -6.234641152817011         -2.096707837369646         -4.116352642997984
   2 C     4.0000    0    12.011         -4.572815990646663         -3.286044774275664         -2.348872892680098
   3 C     4.0000    0    12.011         -5.575958211577420         -5.471267383758183         -1.252945118573807
   4 S     6.0000    0    32.060         -8.426156550325485         -5.812060594749541         -2.510765730573132
   5 H     1.0000    0     1.008         -5.882112742534002          0.091141491439022         -3.917780220845539
   6 C     4.0000    0    12.011         -1.783466833410860         -2.306788691677672         -1.576447335439787
   7 C     4.0000    0    12.011         -1.395298188242095          0.699916765481753         -0.517595988081031
   8 C     4.0000    0    12.011          1.652130867103333          1.575389088804791          0.069182873762857
   9 H     1.0000    0     1.008          1.647009709280406          3.754696855488135         -0.251257986766170
  10 H     1.0000    0     1.008          2.813291987352585          0.694417662432042         -1.554998943819780
  11 H     1.0000    0     1.008         -2.203779720117625          2.051902430734374         -2.012199284660688
  12 H     1.0000    0     1.008         -2.503112339730750          0.891950735210831          1.343614178479349
  13 H     1.0000    0     1.008         -0.960698971962886         -3.595147278001164          0.014853247412621
  14 H     1.0000    0     1.008         -0.457370416192961         -2.498047873691842         -3.332550934431466
  15 C     4.0000    0    12.011          3.092461229116771          1.116695864318085          2.758943463741010
  16 C     4.0000    0    12.011          6.217558028566363          1.892787490258204          2.699946213839988
  17 C     4.0000    0    12.011          6.998808606852086          4.898548084350669          3.386502615554918
  18 H     1.0000    0     1.008          9.180213969544084          5.069606093993221          3.456894914043485
  19 H     1.0000    0     1.008          6.157124586803562          5.452445711464327          5.324945889208659
  20 H     1.0000    0     1.008          6.215158076376283          6.219183193041535          1.830256452486750
  21 H     1.0000    0     1.008          7.235496805125724          0.594413355424930          4.122909992682691
  22 H     1.0000    0     1.008          6.983482927905985          1.517468982800104          0.697611299598369
  23 H     1.0000    0     1.008          2.951336481435532         -0.988723610528938          3.316185906111709
  24 H     1.0000    0     1.008          2.151472100730684          2.323720637837606          4.314717195275698
  25 H     1.0000    0     1.008        -10.056782334024795         -2.796870267248809         -5.621916351154384
  26 H     1.0000    0     1.008         -4.698407189507068         -6.660887779584288          0.098775985020064

--------------------------------
INTERNAL COORDINATES (ANGSTROEM)
--------------------------------
 C      0   0   0   0.000000     0.000     0.000
 C      1   0   0   1.395675     0.000     0.000
 C      2   1   0   1.429775   114.102     0.000
 C      3   2   1   1.398325   113.693     0.000
 S      1   2   3   1.658049   105.479     0.000
 H      2   1   3   1.177392   127.560   223.379
 C      3   2   1   1.616899   125.858   180.385
 C      7   3   2   1.699320   119.589    54.291
 C      8   7   3   1.706347   115.369   183.558
 H      9   8   7   1.165643   103.883   152.111
 H      9   8   7   1.154816   104.941    39.922
 H      8   7   3   1.149100   108.119   304.483
 H      8   7   3   1.150669   107.658    63.464
 H      7   3   2   1.167679   109.607   175.915
 H      7   3   2   1.168872   108.622   292.974
 C      9   8   7   1.632729   124.018   272.680
 C     16   9   8   1.704249   113.652   173.743
 C     17  16   9   1.683109   117.524    88.374
 H     18  17  16   1.158493   108.998   174.529
 H     18  17  16   1.156079   109.663    54.537
 H     18  17  16   1.156962   109.217   294.053
 H     17  16   9   1.152927   107.325   210.090
 H     17  16   9   1.151717   108.469   328.300
 H     16   9   8   1.154920   109.622    53.496
 H     16   9   8   1.154868   109.753   293.951
 H      1   2   3   1.060001   127.260   179.999
 H      4   3   2   1.059999   127.206   180.000

---------------------------
INTERNAL COORDINATES (A.U.)
---------------------------
 C      0   0   0   0.000000     0.000     0.000
 C      1   0   0   2.637444     0.000     0.000
 C      2   1   0   2.701883   114.102     0.000
 C      3   2   1   2.642451   113.693     0.000
 S      1   2   3   3.133258   105.479     0.000
 H      2   1   3   2.224948   127.560   223.379
 C      3   2   1   3.055495   125.858   180.385
 C      7   3   2   3.211249   119.589    54.291
 C      8   7   3   3.224529   115.369   183.558
 H      9   8   7   2.202746   103.883   152.111
 H      9   8   7   2.182286   104.941    39.922
 H      8   7   3   2.171485   108.119   304.483
 H      8   7   3   2.174450   107.658    63.464
 H      7   3   2   2.206593   109.607   175.915
 H      7   3   2   2.208848   108.622   292.974
 C      9   8   7   3.085411   124.018   272.680
 C     16   9   8   3.220563   113.652   173.743
 C     17  16   9   3.180615   117.524    88.374
 H     18  17  16   2.189234   108.998   174.529
 H     18  17  16   2.184673   109.663    54.537
 H     18  17  16   2.186341   109.217   294.053
 H     17  16   9   2.178715   107.325   210.090
 H     17  16   9   2.176431   108.469   328.300
 H     16   9   8   2.182482   109.622    53.496
 H     16   9   8   2.182384   109.753   293.951
 H      1   2   3   2.003112   127.260   179.999
 H      4   3   2   2.003108   127.206   180.000

----------------------------
SLATER BASIS SET DIM=  60
----------------------------
  0 C     2 shells
 l=0 nsto= 1
    2       1.625000000000        1.000000000000
 l=1 nsto= 1
    2       1.625000000000        1.000000000000
  1 C     2 shells
 l=0 nsto= 1
    2       1.625000000000        1.000000000000
 l=1 nsto= 1
    2       1.625000000000        1.000000000000
  2 C     2 shells
 l=0 nsto= 1
    2       1.625000000000        1.000000000000
 l=1 nsto= 1
    2       1.625000000000        1.000000000000
  3 C     2 shells
 l=0 nsto= 1
    2       1.625000000000        1.000000000000
 l=1 nsto= 1
    2       1.625000000000        1.000000000000
  4 S     2 shells
 l=0 nsto= 1
    3       1.925000000000        1.000000000000
 l=1 nsto= 1
    3       1.925000000000        1.000000000000
  5 H     1 shells
 l=0 nsto= 1
    1       1.200000000000        1.000000000000
  6 C     2 shells
 l=0 nsto= 1
    2       1.625000000000        1.000000000000
 l=1 nsto= 1
    2       1.625000000000        1.000000000000
  7 C     2 shells
 l=0 nsto= 1
    2       1.625000000000        1.000000000000
 l=1 nsto= 1
    2       1.625000000000        1.000000000000
  8 C     2 shells
 l=0 nsto= 1
    2       1.625000000000        1.000000000000
 l=1 nsto= 1
    2       1.625000000000        1.000000000000
  9 H     1 shells
 l=0 nsto= 1
    1       1.200000000000        1.000000000000
 10 H     1 shells
 l=0 nsto= 1
    1       1.200000000000        1.000000000000
 11 H     1 shells
 l=0 nsto= 1
    1       1.200000000000        1.000000000000
 12 H     1 shells
 l=0 nsto= 1
    1       1.200000000000        1.000000000000
 13 H     1 shells
 l=0 nsto= 1
    1       1.200000000000        1.000000000000
 14 H     1 shells
 l=0 nsto= 1
    1       1.200000000000        1.000000000000
 15 C     2 shells
 l=0 nsto= 1
    2       1.625000000000        1.000000000000
 l=1 nsto= 1
    2       1.625000000000        1.000000000000
 16 C     2 shells
 l=0 nsto= 1
    2       1.625000000000        1.000000000000
 l=1 nsto= 1
    2       1.625000000000        1.000000000000
 17 C     2 shells
 l=0 nsto= 1
    2       1.625000000000        1.000000000000
 l=1 nsto= 1
    2       1.625000000000        1.000000000000
 18 H     1 shells
 l=0 nsto= 1
    1       1.200000000000        1.000000000000
 19 H     1 shells
 l=0 nsto= 1
    1       1.200000000000        1.000000000000
 20 H     1 shells
 l=0 nsto= 1
    1       1.200000000000        1.000000000000
 21 H     1 shells
 l=0 nsto= 1
    1       1.200000000000        1.000000000000
 22 H     1 shells
 l=0 nsto= 1
    1       1.200000000000        1.000000000000
 23 H     1 shells
 l=0 nsto= 1
    1       1.200000000000        1.000000000000
 24 H     1 shells
 l=0 nsto= 1
    1       1.200000000000        1.000000000000
 25 H     1 shells
 l=0 nsto= 1
    1       1.200000000000        1.000000000000
 26 H     1 shells
 l=0 nsto= 1
    1       1.200000000000        1.000000000000
------------------------------------------------------------------------------
                           ORCA NDO INTEGRAL CALCULATION
------------------------------------------------------------------------------

--------------
NDO PARAMETERS
--------------

Gamma integral treatment              ... Mataga-Nishimoto
Nuclear repulsuion treatment          ... Direct (ZA*ZB/RAB)
Interaction factors:
s-s (sigma) =    1.0000
s-p (sigma) =    1.0000
s-d (sigma) =    1.0000
p-p (sigma) =    1.2670  p-p(pi) =    0.5850
p-d (sigma) =    1.0000  p-d(pi) =    1.0000
d-d (sigma) =    1.0000  d-d(pi) =    1.0000 d-d (delta) =    1.0000

fGamma parameter for Mataga-Nishimoto gamma integrals:    1.2000

--------------------------
Parameters for Element H :
--------------------------
 One-electron parameters (in eV)
  U(s)  =   -13.060000 Beta(s) =    12.000000 Neff(s) =     1.000000
 One-center electron repulsion parameters (in eV)
  G(s,s)=    12.850000
--------------------------
Parameters for Element C :
--------------------------
 One-electron parameters (in eV)
  U(s)  =   -50.870766 Beta(s) =    17.000000 Neff(s) =     2.000000
  U(p)  =   -41.599980 Beta(p) =    17.000000 Neff(p) =     2.000000 
 One-center electron repulsion parameters (in eV)
  G(s,s)=    11.110000
  G(s,p)=    11.110000 G(p,p)  =    11.110000
 Slater-Condon parameters (in eV)
 F2(p,p)=     4.5098 G1(s,p)=    6.8977
--------------------------
Parameters for Element S :
--------------------------
 One-electron parameters (in eV)
  U(s)  =   -69.509597 Beta(s) =    15.000000 Neff(s) =     2.000000
  U(p)  =   -60.725746 Beta(p) =    15.000000 Neff(p) =     4.000000 
 One-center electron repulsion parameters (in eV)
  G(s,s)=    10.090000
  G(s,p)=    10.090000 G(p,p)  =    10.090000
 Slater-Condon parameters (in eV)
 F2(p,p)=     4.5377 G1(s,p)=    3.0756

 Number of atoms                    ....   27
 Number of basis functions          ....   60

 Overlap integrals                  .... done
 One electron matrix                .... done
 Nuclear repulsion                  .... done
 Integral list                      .... done
 Electron-electron repulsion        .... done
-------------------------------------------------------------------------------
                                 ORCA SCF
-------------------------------------------------------------------------------

------------
SCF SETTINGS
------------
Hamiltonian:
 ZDO-Hamiltonian        Method          .... INDO


General Settings:
 Integral files         IntName         .... /Users/mattyjones/GoogleDrive/Boise/Code/MorphCT/tests/output_EZ/donor_polymer/chromophores/input_orca/single/00005
 Hartree-Fock type      HFTyp           .... RHF
 Total Charge           Charge          ....    0
 Multiplicity           Mult            ....    1
 Number of Electrons    NEL             ....   62
 Basis Dimension        Dim             ....   60
 Nuclear Repulsion      ENuc            ....    288.3037308060 Eh

Convergence Acceleration:
 DIIS                   CNVDIIS         .... on
   Start iteration      DIISMaxIt       ....    12
   Startup error        DIISStart       ....  0.200000
   # of expansion vecs  DIISMaxEq       ....     5
   Bias factor          DIISBfac        ....   1.050
   Max. coefficient     DIISMaxC        ....  10.000
 Newton-Raphson         CNVNR           .... off
 SOSCF                  CNVSOSCF        .... on
   Start iteration      SOSCFMaxIt      ....   150
   Startup grad/error   SOSCFStart      ....  0.003300
 Level Shifting         CNVShift        .... on
   Level shift para.    LevelShift      ....    0.2500
   Turn off err/grad.   ShiftErr        ....    0.0010
 Zerner damping         CNVZerner       .... off
 Static damping         CNVDamp         .... on
   Fraction old density DampFac         ....    0.7000
   Max. Damping (<1)    DampMax         ....    0.9800
   Min. Damping (>=0)   DampMin         ....    0.0000
   Turn off err/grad.   DampErr         ....    0.1000
 Fernandez-Rico         CNVRico         .... off

SCF Procedure:
 Maximum # iterations   MaxIter         ....   125
 SCF integral mode      SCFMode         .... Conventional
 Integral Buffer length BufferLength    .... 1048576
 Integral index format  IndFormat       ....     0
 Integral value format  ValFormat       ....     0
 Integral Storage       Thresh          ....  1.000e-08 Eh

Convergence Tolerance:
 Convergence Check Mode ConvCheckMode   .... Total+1el-Energy
 Energy Change          TolE            ....  1.000e-06 Eh
 1-El. energy change                    ....  1.000e-03 Eh
 Orbital Gradient       TolG            ....  5.000e-05
 Orbital Rotation angle TolX            ....  5.000e-05
 DIIS Error             TolErr          ....  1.000e-06


Diagonalization of the overlap matrix:
Smallest eigenvalue                        ... 1.689e-01
Time for diagonalization                   ...    0.001 sec
Threshold for overlap eigenvalues          ... 1.000e-08
Number of eigenvalues below threshold      ... 0
Time for construction of square roots      ...    0.000 sec
Total time needed                          ...    0.002 sec

-------------------------------
INITIAL GUESS: EXTENDED HUECKEL
-------------------------------
EHT matrix was read from disk
EHT matrix was diagonalized
Initial density was built
                      ------------------
                      INITIAL GUESS DONE
                      ------------------

 InCore treatment chosen:
   Memory dedicated               ...    1024 MB
   Memory needed                  ...      0 MB
   Number of tiny    integrals    ...       0
   Number of small   integrals    ...       0
   Number of regular integrals    ...    1896

--------------
SCF ITERATIONS
--------------
ITER       Energy         Delta-E        Max-DP      RMS-DP      [F,P]     Damp
  0     -8.1313813527   0.000000000000 0.04298965  0.00212504  0.0938266 0.7000
  1     -8.1538164827  -0.022435129992 0.03994693  0.00200652  0.0674134 0.7000
                               ***Turning on DIIS***
  2     -8.1703619045  -0.016545421813 0.09901416  0.00514705  0.0445749 0.0000
  3     -8.2136163155  -0.043254411017 0.01566651  0.00105681  0.0201224 0.0000
  4     -8.2051345398   0.008481775734 0.01092614  0.00074455  0.0073181 0.0000
  5     -8.2143827211  -0.009248181294 0.00732082  0.00051056  0.0040703 0.0000
  6     -8.2152303354  -0.000847614316 0.00575968  0.00036855  0.0021246 0.0000
                      *** Initiating the SOSCF procedure ***
                           *** Shutting down DIIS ***
                      *** Re-Reading the Fockian *** 
                      *** Removing any level shift *** 
ITER      Energy       Delta-E        Grad      Rot      Max-DP    RMS-DP
  7     -8.21367558   0.0015547515  0.003248  0.003248  0.003557  0.000216
  8     -8.21263528   0.0010403082  0.000926  0.002632  0.001742  0.000104
  9     -8.21264536  -0.0000100813  0.000408  0.002690  0.002163  0.000118
 10     -8.21264939  -0.0000040316  0.000039  0.000084  0.000153  0.000007
                 **** Energy Check signals convergence ****
              ***Rediagonalizing the Fockian in SOSCF/NRSCF***

               *****************************************************
               *                     SUCCESS                       *
               *           SCF CONVERGED AFTER  11 CYCLES          *
               *****************************************************


----------------
TOTAL SCF ENERGY
----------------

Total Energy       :           -8.21264943 Eh            -223.47755 eV

Components:
Nuclear Repulsion  :          288.30373081 Eh            7845.14335 eV
Electronic Energy  :         -296.51638024 Eh           -8068.62091 eV

One Electron Energy:         -547.88371971 Eh          -14908.67396 eV
Two Electron Energy:          251.36733947 Eh            6840.05305 eV


---------------
SCF CONVERGENCE
---------------

  Last Energy change         ...   -4.2303e-08  Tolerance :   1.0000e-06
  Last MAX-Density change    ...    6.8259e-05  Tolerance :   1.0000e-05
  Last RMS-Density change    ...    2.8392e-06  Tolerance :   1.0000e-06
  Last Orbital Gradient      ...    1.7381e-05  Tolerance :   5.0000e-05
  Last Orbital Rotation      ...    4.5912e-05  Tolerance :   5.0000e-05

             **** THE GBW FILE WAS UPDATED (/Users/mattyjones/GoogleDrive/Boise/Code/MorphCT/tests/output_EZ/donor_polymer/chromophores/input_orca/single/00005.gbw) ****
             **** DENSITY FILE WAS UPDATED (/Users/mattyjones/GoogleDrive/Boise/Code/MorphCT/tests/output_EZ/donor_polymer/chromophores/input_orca/single/00005.scfp.tmp) ****
             **** ENERGY FILE WAS UPDATED (/Users/mattyjones/GoogleDrive/Boise/Code/MorphCT/tests/output_EZ/donor_polymer/chromophores/input_orca/single/00005.en.tmp) ****
----------------
ORBITAL ENERGIES
----------------

  NO   OCC          E(Eh)            E(eV) 
   0   2.0000      -1.560109       -42.4527 
   1   2.0000      -1.391534       -37.8656 
   2   2.0000      -1.293029       -35.1851 
   3   2.0000      -1.178740       -32.0751 
   4   2.0000      -1.109770       -30.1984 
   5   2.0000      -1.041374       -28.3372 
   6   2.0000      -0.960937       -26.1484 
   7   2.0000      -0.901807       -24.5394 
   8   2.0000      -0.860643       -23.4193 
   9   2.0000      -0.822945       -22.3935 
  10   2.0000      -0.770060       -20.9544 
  11   2.0000      -0.734704       -19.9923 
  12   2.0000      -0.681421       -18.5424 
  13   2.0000      -0.673759       -18.3339 
  14   2.0000      -0.649840       -17.6830 
  15   2.0000      -0.617785       -16.8108 
  16   2.0000      -0.583232       -15.8705 
  17   2.0000      -0.577567       -15.7164 
  18   2.0000      -0.570647       -15.5281 
  19   2.0000      -0.559539       -15.2258 
  20   2.0000      -0.529464       -14.4074 
  21   2.0000      -0.521003       -14.1772 
  22   2.0000      -0.506198       -13.7743 
  23   2.0000      -0.495206       -13.4753 
  24   2.0000      -0.488259       -13.2862 
  25   2.0000      -0.481392       -13.0993 
  26   2.0000      -0.468400       -12.7458 
  27   2.0000      -0.454358       -12.3637 
  28   2.0000      -0.436948       -11.8900 
  29   2.0000      -0.349428        -9.5084 
  30   2.0000      -0.304462        -8.2848 
  31   0.0000       0.002384         0.0649 
  32   0.0000       0.057986         1.5779 
  33   0.0000       0.073551         2.0014 
  34   0.0000       0.089636         2.4391 
  35   0.0000       0.104718         2.8495 
  36   0.0000       0.109359         2.9758 
  37   0.0000       0.126060         3.4303 
  38   0.0000       0.144269         3.9258 
  39   0.0000       0.155213         4.2236 
  40   0.0000       0.170085         4.6282 
  41   0.0000       0.178773         4.8646 
  42   0.0000       0.199543         5.4298 
  43   0.0000       0.234801         6.3893 
  44   0.0000       0.235125         6.3981 
  45   0.0000       0.237411         6.4603 
  46   0.0000       0.240075         6.5328 
  47   0.0000       0.241249         6.5647 
  48   0.0000       0.242628         6.6022 
  49   0.0000       0.244256         6.6465 
  50   0.0000       0.251414         6.8413 
  51   0.0000       0.257419         7.0047 
  52   0.0000       0.265321         7.2198 
  53   0.0000       0.275272         7.4905 
  54   0.0000       0.304110         8.2753 
  55   0.0000       0.309265         8.4155 
  56   0.0000       0.338649         9.2151 
  57   0.0000       0.353730         9.6255 
  58   0.0000       0.409020        11.1300 
  59   0.0000       0.433344        11.7919 
-------
TIMINGS
-------

Total SCF time: 0 days 0 hours 0 min 0 sec 

Total time                  ....       0.086 sec
Sum of individual times     ....       0.065 sec  ( 75.1%)

Fock matrix formation       ....       0.046 sec  ( 53.3%)
Diagonalization             ....       0.005 sec  (  6.2%)
Density matrix formation    ....       0.001 sec  (  0.8%)
Population analysis         ....       0.000 sec  (  0.0%)
Initial guess               ....       0.001 sec  (  0.8%)
Orbital Transformation      ....       0.000 sec  (  0.0%)
Orbital Orthonormalization  ....       0.000 sec  (  0.0%)
DIIS solution               ....       0.009 sec  ( 10.5%)
SOSCF solution              ....       0.003 sec  (  3.5%)

-------------------------   --------------------
FINAL SINGLE POINT ENERGY        -8.212649430983
-------------------------   --------------------


                            ***************************************
                            *     ORCA property calculations      *
                            ***************************************

                                    ---------------------
                                    Active property flags
                                    ---------------------
   (+) Dipole Moment


------------------------------------------------------------------------------
                       ORCA ELECTRIC PROPERTIES CALCULATION
------------------------------------------------------------------------------

Dipole Moment Calculation                       ... on
Quadrupole Moment Calculation                   ... off
Polarizability Calculation                      ... off
GBWName                                         ... /Users/mattyjones/GoogleDrive/Boise/Code/MorphCT/tests/output_EZ/donor_polymer/chromophores/input_orca/single/00005.gbw
Electron density file                           ... /Users/mattyjones/GoogleDrive/Boise/Code/MorphCT/tests/output_EZ/donor_polymer/chromophores/input_orca/single/00005.scfp.tmp

-------------
DIPOLE MOMENT
-------------
                                X             Y             Z
Electronic contribution:   -120.90512     -82.07329     -39.98713
Nuclear contribution   :     64.94758      44.07243      21.77130
                        -----------------------------------------
Total Dipole Moment    :    -55.95754     -38.00086     -18.21582
                        -----------------------------------------
Magnitude (a.u.)       :     70.05090
Magnitude (Debye)      :    178.05523


Timings for individual modules:

Sum of individual times         ...        0.332 sec (=   0.006 min)
STO integral calculation        ...        0.112 sec (=   0.002 min)  33.8 %
SCF iterations                  ...        0.220 sec (=   0.004 min)  66.2 %
                             ****ORCA TERMINATED NORMALLY****
TOTAL RUN TIME: 0 days 0 hours 0 minutes 0 seconds 599 msec

