
                                 *****************
                                 * O   R   C   A *
                                 *****************

           --- An Ab Initio, DFT and Semiempirical electronic structure package ---

                  #######################################################
                  #                        -***-                        #
                  #  Department of molecular theory and spectroscopy    #
                  #              Directorship: Frank Neese              #
                  # Max Planck Institute for Chemical Energy Conversion #
                  #                  D-45470 Muelheim/Ruhr              #
                  #                       Germany                       #
                  #                                                     #
                  #                  All rights reserved                #
                  #                        -***-                        #
                  #######################################################


                         Program Version 3.0.3 - RELEASE   -


 With contributions from (in alphabetic order):
   Ute Becker             : Parallelization
   Dmytro Bykov           : SCF Hessian
   Dmitry Ganyushin       : Spin-Orbit,Spin-Spin,Magnetic field MRCI
   Andreas Hansen         : Spin unrestricted coupled pair/coupled cluster methods
   Dimitrios Liakos       : Extrapolation schemes; parallel MDCI
   Robert Izsak           : Overlap fitted RIJCOSX, COSX-SCS-MP3
   Christian Kollmar      : KDIIS, OOCD, Brueckner-CCSD(T), CCSD density
   Simone Kossmann        : Meta GGA functionals, TD-DFT gradient, OOMP2, MP2 Hessian
   Taras Petrenko         : DFT Hessian,TD-DFT gradient, ASA and ECA modules, normal mode analysis, Resonance Raman, ABS, FL, XAS/XES, NRVS
   Christoph Reimann      : Effective Core Potentials
   Michael Roemelt        : Restricted open shell CIS
   Christoph Riplinger    : Improved optimizer, TS searches, QM/MM, DLPNO-CCSD
   Barbara Sandhoefer     : DKH picture change effects
   Igor Schapiro          : Molecular dynamics
   Kantharuban Sivalingam : CASSCF convergence, NEVPT2
   Boris Wezisla          : Elementary symmetry handling
   Frank Wennmohs         : Technical directorship


 We gratefully acknowledge several colleagues who have allowed us to
 interface, adapt or use parts of their codes:
   Stefan Grimme, W. Hujo, H. Kruse, T. Risthaus : VdW corrections, initial TS optimization,
                                                   DFT functionals, gCP
   Ed Valeev                                     : LibInt (2-el integral package), F12 methods
   Garnet Chan, S. Sharma, R. Olivares           : DMRG
   Ulf Ekstrom                                   : XCFun DFT Library
   Mihaly Kallay                                 : mrcc  (arbitrary order and MRCC methods)
   Andreas Klamt, Michael Diedenhofen            : otool_cosmo (COSMO solvation model)
   Frank Weinhold                                : gennbo (NPA and NBO analysis)
   Christopher J. Cramer and Donald G. Truhlar   : smd solvation model


 Your calculation uses the libint2 library for the computation of 2-el integrals
 For citations please refer to: http://libint.valeyev.net

 This ORCA versions uses:
   CBLAS   interface :  Fast vector & matrix operations
   LAPACKE interface :  Fast linear algebra routines
   SCALAPACK package :  Parallel linear algebra routines


leaving
================================================================================
                                        WARNINGS
                       Please study these warnings very carefully!
================================================================================
Now building the actual basis set

WARNING: Direct SCF is incompatible with Method<>HF and Method<>DFT
  ===> : conventional SCF is chosen

WARNING: The NDO methods need Guess=HUECKEL or Guess=HCORE or Guess=MOREAD
  ===> : Guess is set to Hueckel

WARNING: The NDO methods need %rel::SOCType==1
  ===> : %rel::SOCType is set to 1

WARNING: The NDO methods cannot have frozencore=1
  ===> : %method FrozenCore=0 end


INFO   : the flag for use of LIBINT has been found!

================================================================================
                                       INPUT FILE
================================================================================
NAME = /Users/mattyjones/GoogleDrive/Boise/Code/MorphCT/tests/output_EZ/donor_polymer/chromophores/input_orca/single/00002.inp
|  1> # ================================================================
|  2> # Orca input file made by Matty Jones
|  3> # ================================================================
|  4> ! ZINDO/S 
|  5> ! NOPOP
|  6> ! NOMOPRINT
|  7> * xyz 0   1
|  8>  C  2.26230  3.11544  0.49271
|  9>  C  1.42842  2.00313  0.61642
| 10>  C  1.96835  0.95583  1.42631
| 11>  C  3.23497  1.24261  1.94472
| 12>  S  3.61484  2.75559  1.38168
| 13>  H  0.31972  2.04476  0.36229
| 14>  C  1.10298  -0.38380  1.62911
| 15>  C  -0.57106  -0.21159  1.73221
| 16>  C  -1.11253  -0.23958  0.12085
| 17>  H  -2.14210  0.28164  0.09412
| 18>  H  -0.37858  0.33774  -0.55572
| 19>  H  -1.02826  -1.08557  2.31769
| 20>  H  -0.83891  0.79042  2.21994
| 21>  H  1.34954  -0.88514  2.65846
| 22>  H  1.36080  -1.14225  0.78774
| 23>  C  -1.22892  -1.75616  -0.45606
| 24>  C  -1.65387  -1.90465  -2.08520
| 25>  C  -1.93796  -0.47314  -2.92040
| 26>  H  -2.48106  -0.71926  -3.91369
| 27>  H  -0.92977  0.04599  -3.15020
| 28>  H  -2.60202  0.22797  -2.28390
| 29>  H  -0.79314  -2.45619  -2.62156
| 30>  H  -2.61109  -2.54462  -2.14146
| 31>  H  -0.21046  -2.29316  -0.33049
| 32>  H  -2.02156  -2.33184  0.16144
| 33>  H  2.07123  4.00310  -0.05423
| 34>  H  3.82814  0.62275  2.56723
| 35> *
| 36> 
| 37>                          ****END OF INPUT****
================================================================================

                       ****************************
                       * Single Point Calculation *
                       ****************************

---------------------------------
CARTESIAN COORDINATES (ANGSTROEM)
---------------------------------
  C      2.262300    3.115440    0.492710
  C      1.428420    2.003130    0.616420
  C      1.968350    0.955830    1.426310
  C      3.234970    1.242610    1.944720
  S      3.614840    2.755590    1.381680
  H      0.319720    2.044760    0.362290
  C      1.102980   -0.383800    1.629110
  C     -0.571060   -0.211590    1.732210
  C     -1.112530   -0.239580    0.120850
  H     -2.142100    0.281640    0.094120
  H     -0.378580    0.337740   -0.555720
  H     -1.028260   -1.085570    2.317690
  H     -0.838910    0.790420    2.219940
  H      1.349540   -0.885140    2.658460
  H      1.360800   -1.142250    0.787740
  C     -1.228920   -1.756160   -0.456060
  C     -1.653870   -1.904650   -2.085200
  C     -1.937960   -0.473140   -2.920400
  H     -2.481060   -0.719260   -3.913690
  H     -0.929770    0.045990   -3.150200
  H     -2.602020    0.227970   -2.283900
  H     -0.793140   -2.456190   -2.621560
  H     -2.611090   -2.544620   -2.141460
  H     -0.210460   -2.293160   -0.330490
  H     -2.021560   -2.331840    0.161440
  H      2.071230    4.003100   -0.054230
  H      3.828140    0.622750    2.567230

----------------------------
CARTESIAN COORDINATES (A.U.)
----------------------------
  NO LB      ZA    FRAG    MASS        X           Y           Z
   0 C     4.0000    0    12.011          4.275127432770048          5.887328386663624          0.931086963444340
   1 C     4.0000    0    12.011          2.699322604215794          3.785367110641677          1.164864983471738
   2 C     4.0000    0    12.011          3.719642435703896          1.806256930585950          2.695335282073220
   3 C     4.0000    0    12.011          6.113207351451232          2.348192591271887          3.674988207159337
   4 S     6.0000    0    32.060          6.831057617943897          5.207310437372063          2.610996804716315
   5 H     1.0000    0     1.008          0.604183239537303          3.864036409596819          0.684628881058330
   6 C     4.0000    0    12.011          2.084330131192462         -0.725276890198976          3.078571742032450
   7 C     4.0000    0    12.011         -1.079147006037070         -0.399847152676398          3.273402506439731
   8 C     4.0000    0    12.011         -2.102377015771410         -0.452740587164853          0.228373403284383
   9 H     1.0000    0     1.008         -4.047982351472713          0.532222468357581          0.177861023724668
  10 H     1.0000    0     1.008         -0.715412519779907          0.638236104470564         -1.050158607142718
  11 H     1.0000    0     1.008         -1.943129794465866         -2.051429999200893          4.379799363327946
  12 H     1.0000    0     1.008         -1.585310151007877          1.493677330774036          4.195078633737143
  13 H     1.0000    0     1.008          2.550261006772086         -1.672672190179057          5.023761337984291
  14 H     1.0000    0     1.008          2.571539323040039         -2.158539676471550          1.488612864735127
  15 C     4.0000    0    12.011         -2.322322240498504         -3.318661447347145         -0.861828500636126
  16 C     4.0000    0    12.011         -3.125361361108340         -3.599266880973112         -3.940456934452594
  17 C     4.0000    0    12.011         -3.662213658494029         -0.894105023003501         -5.518756201503623
  18 H     1.0000    0     1.008         -4.688523921826660         -1.359204419084199         -7.395802273066264
  19 H     1.0000    0     1.008         -1.757010667535962          0.086908504899038         -5.953015267078727
  20 H     1.0000    0     1.008         -4.917105194985775          0.430800866750028         -4.315945517262747
  21 H     1.0000    0     1.008         -1.498817385858301         -4.641526432876039         -4.954030443642597
  22 H     1.0000    0     1.008         -4.934245011020441         -4.808634914898696         -4.046772926747003
  23 H     1.0000    0     1.008         -0.397711762145067         -4.333444381262857         -0.624535589999634
  24 H     1.0000    0     1.008         -3.820194763289845         -4.406538988122931          0.305077387060247
  25 H     1.0000    0     1.008          3.914057460361714          7.564762686700162         -0.102479848242549
  26 H     1.0000    0     1.008          7.234136202309300          1.176826949899459          4.851361622786655

--------------------------------
INTERNAL COORDINATES (ANGSTROEM)
--------------------------------
 C      0   0   0   0.000000     0.000     0.000
 C      1   0   0   1.395670     0.000     0.000
 C      2   1   0   1.429784   114.102     0.000
 C      3   2   1   1.398327   113.693     0.000
 S      1   2   3   1.658048   105.480     0.000
 H      2   1   3   1.138214   122.211   163.048
 C      3   2   1   1.607670   118.591   180.621
 C      7   3   2   1.686030   117.197   324.252
 C      8   7   3   1.700134   104.867    86.554
 H      9   8   7   1.154296   107.373   202.259
 H      9   8   7   1.153138   110.190   321.028
 H      8   7   3   1.147022   110.435   205.177
 H      8   7   3   1.146145   110.325   328.058
 H      7   3   2   1.171194   110.747   208.537
 H      7   3   2   1.161732   109.463    89.469
 C      9   8   7   1.626772   111.978    80.891
 C     16   9   8   1.690186   116.214   184.164
 C     17  16   9   1.681513   116.516   358.854
 H     18  17  16   1.158515   108.917   194.851
 H     18  17  16   1.157044   109.475    75.172
 H     18  17  16   1.156574   109.860   314.609
 H     17  16   9   1.154441   107.598   119.666
 H     17  16   9   1.152821   107.732   237.455
 H     16   9   8   1.158187   109.322   304.768
 H     16   9   8   1.158012   108.864    62.866
 H      1   2   3   1.059996   127.260   180.000
 H      4   3   2   1.059998   127.206   180.001

---------------------------
INTERNAL COORDINATES (A.U.)
---------------------------
 C      0   0   0   0.000000     0.000     0.000
 C      1   0   0   2.637433     0.000     0.000
 C      2   1   0   2.701901   114.102     0.000
 C      3   2   1   2.642455   113.693     0.000
 S      1   2   3   3.133257   105.480     0.000
 H      2   1   3   2.150912   122.211   163.048
 C      3   2   1   3.038055   118.591   180.621
 C      7   3   2   3.186134   117.197   324.252
 C      8   7   3   3.212787   104.867    86.554
 H      9   8   7   2.181303   107.373   202.259
 H      9   8   7   2.179116   110.190   321.028
 H      8   7   3   2.167558   110.435   205.177
 H      8   7   3   2.165900   110.325   328.058
 H      7   3   2   2.213236   110.747   208.537
 H      7   3   2   2.195355   109.463    89.469
 C      9   8   7   3.074153   111.978    80.891
 C     16   9   8   3.193989   116.214   184.164
 C     17  16   9   3.177600   116.516   358.854
 H     18  17  16   2.189277   108.917   194.851
 H     18  17  16   2.186496   109.475    75.172
 H     18  17  16   2.185608   109.860   314.609
 H     17  16   9   2.181578   107.598   119.666
 H     17  16   9   2.178517   107.732   237.455
 H     16   9   8   2.188657   109.322   304.768
 H     16   9   8   2.188326   108.864    62.866
 H      1   2   3   2.003102   127.260   180.000
 H      4   3   2   2.003106   127.206   180.001

----------------------------
SLATER BASIS SET DIM=  60
----------------------------
  0 C     2 shells
 l=0 nsto= 1
    2       1.625000000000        1.000000000000
 l=1 nsto= 1
    2       1.625000000000        1.000000000000
  1 C     2 shells
 l=0 nsto= 1
    2       1.625000000000        1.000000000000
 l=1 nsto= 1
    2       1.625000000000        1.000000000000
  2 C     2 shells
 l=0 nsto= 1
    2       1.625000000000        1.000000000000
 l=1 nsto= 1
    2       1.625000000000        1.000000000000
  3 C     2 shells
 l=0 nsto= 1
    2       1.625000000000        1.000000000000
 l=1 nsto= 1
    2       1.625000000000        1.000000000000
  4 S     2 shells
 l=0 nsto= 1
    3       1.925000000000        1.000000000000
 l=1 nsto= 1
    3       1.925000000000        1.000000000000
  5 H     1 shells
 l=0 nsto= 1
    1       1.200000000000        1.000000000000
  6 C     2 shells
 l=0 nsto= 1
    2       1.625000000000        1.000000000000
 l=1 nsto= 1
    2       1.625000000000        1.000000000000
  7 C     2 shells
 l=0 nsto= 1
    2       1.625000000000        1.000000000000
 l=1 nsto= 1
    2       1.625000000000        1.000000000000
  8 C     2 shells
 l=0 nsto= 1
    2       1.625000000000        1.000000000000
 l=1 nsto= 1
    2       1.625000000000        1.000000000000
  9 H     1 shells
 l=0 nsto= 1
    1       1.200000000000        1.000000000000
 10 H     1 shells
 l=0 nsto= 1
    1       1.200000000000        1.000000000000
 11 H     1 shells
 l=0 nsto= 1
    1       1.200000000000        1.000000000000
 12 H     1 shells
 l=0 nsto= 1
    1       1.200000000000        1.000000000000
 13 H     1 shells
 l=0 nsto= 1
    1       1.200000000000        1.000000000000
 14 H     1 shells
 l=0 nsto= 1
    1       1.200000000000        1.000000000000
 15 C     2 shells
 l=0 nsto= 1
    2       1.625000000000        1.000000000000
 l=1 nsto= 1
    2       1.625000000000        1.000000000000
 16 C     2 shells
 l=0 nsto= 1
    2       1.625000000000        1.000000000000
 l=1 nsto= 1
    2       1.625000000000        1.000000000000
 17 C     2 shells
 l=0 nsto= 1
    2       1.625000000000        1.000000000000
 l=1 nsto= 1
    2       1.625000000000        1.000000000000
 18 H     1 shells
 l=0 nsto= 1
    1       1.200000000000        1.000000000000
 19 H     1 shells
 l=0 nsto= 1
    1       1.200000000000        1.000000000000
 20 H     1 shells
 l=0 nsto= 1
    1       1.200000000000        1.000000000000
 21 H     1 shells
 l=0 nsto= 1
    1       1.200000000000        1.000000000000
 22 H     1 shells
 l=0 nsto= 1
    1       1.200000000000        1.000000000000
 23 H     1 shells
 l=0 nsto= 1
    1       1.200000000000        1.000000000000
 24 H     1 shells
 l=0 nsto= 1
    1       1.200000000000        1.000000000000
 25 H     1 shells
 l=0 nsto= 1
    1       1.200000000000        1.000000000000
 26 H     1 shells
 l=0 nsto= 1
    1       1.200000000000        1.000000000000
------------------------------------------------------------------------------
                           ORCA NDO INTEGRAL CALCULATION
------------------------------------------------------------------------------

--------------
NDO PARAMETERS
--------------

Gamma integral treatment              ... Mataga-Nishimoto
Nuclear repulsuion treatment          ... Direct (ZA*ZB/RAB)
Interaction factors:
s-s (sigma) =    1.0000
s-p (sigma) =    1.0000
s-d (sigma) =    1.0000
p-p (sigma) =    1.2670  p-p(pi) =    0.5850
p-d (sigma) =    1.0000  p-d(pi) =    1.0000
d-d (sigma) =    1.0000  d-d(pi) =    1.0000 d-d (delta) =    1.0000

fGamma parameter for Mataga-Nishimoto gamma integrals:    1.2000

--------------------------
Parameters for Element H :
--------------------------
 One-electron parameters (in eV)
  U(s)  =   -13.060000 Beta(s) =    12.000000 Neff(s) =     1.000000
 One-center electron repulsion parameters (in eV)
  G(s,s)=    12.850000
--------------------------
Parameters for Element C :
--------------------------
 One-electron parameters (in eV)
  U(s)  =   -50.870766 Beta(s) =    17.000000 Neff(s) =     2.000000
  U(p)  =   -41.599980 Beta(p) =    17.000000 Neff(p) =     2.000000 
 One-center electron repulsion parameters (in eV)
  G(s,s)=    11.110000
  G(s,p)=    11.110000 G(p,p)  =    11.110000
 Slater-Condon parameters (in eV)
 F2(p,p)=     4.5098 G1(s,p)=    6.8977
--------------------------
Parameters for Element S :
--------------------------
 One-electron parameters (in eV)
  U(s)  =   -69.509597 Beta(s) =    15.000000 Neff(s) =     2.000000
  U(p)  =   -60.725746 Beta(p) =    15.000000 Neff(p) =     4.000000 
 One-center electron repulsion parameters (in eV)
  G(s,s)=    10.090000
  G(s,p)=    10.090000 G(p,p)  =    10.090000
 Slater-Condon parameters (in eV)
 F2(p,p)=     4.5377 G1(s,p)=    3.0756

 Number of atoms                    ....   27
 Number of basis functions          ....   60

 Overlap integrals                  .... done
 One electron matrix                .... done
 Nuclear repulsion                  .... done
 Integral list                      .... done
 Electron-electron repulsion        .... done
-------------------------------------------------------------------------------
                                 ORCA SCF
-------------------------------------------------------------------------------

------------
SCF SETTINGS
------------
Hamiltonian:
 ZDO-Hamiltonian        Method          .... INDO


General Settings:
 Integral files         IntName         .... /Users/mattyjones/GoogleDrive/Boise/Code/MorphCT/tests/output_EZ/donor_polymer/chromophores/input_orca/single/00002
 Hartree-Fock type      HFTyp           .... RHF
 Total Charge           Charge          ....    0
 Multiplicity           Mult            ....    1
 Number of Electrons    NEL             ....   62
 Basis Dimension        Dim             ....   60
 Nuclear Repulsion      ENuc            ....    304.6785623570 Eh

Convergence Acceleration:
 DIIS                   CNVDIIS         .... on
   Start iteration      DIISMaxIt       ....    12
   Startup error        DIISStart       ....  0.200000
   # of expansion vecs  DIISMaxEq       ....     5
   Bias factor          DIISBfac        ....   1.050
   Max. coefficient     DIISMaxC        ....  10.000
 Newton-Raphson         CNVNR           .... off
 SOSCF                  CNVSOSCF        .... on
   Start iteration      SOSCFMaxIt      ....   150
   Startup grad/error   SOSCFStart      ....  0.003300
 Level Shifting         CNVShift        .... on
   Level shift para.    LevelShift      ....    0.2500
   Turn off err/grad.   ShiftErr        ....    0.0010
 Zerner damping         CNVZerner       .... off
 Static damping         CNVDamp         .... on
   Fraction old density DampFac         ....    0.7000
   Max. Damping (<1)    DampMax         ....    0.9800
   Min. Damping (>=0)   DampMin         ....    0.0000
   Turn off err/grad.   DampErr         ....    0.1000
 Fernandez-Rico         CNVRico         .... off

SCF Procedure:
 Maximum # iterations   MaxIter         ....   125
 SCF integral mode      SCFMode         .... Conventional
 Integral Buffer length BufferLength    .... 1048576
 Integral index format  IndFormat       ....     0
 Integral value format  ValFormat       ....     0
 Integral Storage       Thresh          ....  1.000e-08 Eh

Convergence Tolerance:
 Convergence Check Mode ConvCheckMode   .... Total+1el-Energy
 Energy Change          TolE            ....  1.000e-06 Eh
 1-El. energy change                    ....  1.000e-03 Eh
 Orbital Gradient       TolG            ....  5.000e-05
 Orbital Rotation angle TolX            ....  5.000e-05
 DIIS Error             TolErr          ....  1.000e-06


Diagonalization of the overlap matrix:
Smallest eigenvalue                        ... 1.695e-01
Time for diagonalization                   ...    0.001 sec
Threshold for overlap eigenvalues          ... 1.000e-08
Number of eigenvalues below threshold      ... 0
Time for construction of square roots      ...    0.000 sec
Total time needed                          ...    0.002 sec

-------------------------------
INITIAL GUESS: EXTENDED HUECKEL
-------------------------------
EHT matrix was read from disk
EHT matrix was diagonalized
Initial density was built
                      ------------------
                      INITIAL GUESS DONE
                      ------------------

 InCore treatment chosen:
   Memory dedicated               ...    1024 MB
   Memory needed                  ...      0 MB
   Number of tiny    integrals    ...       0
   Number of small   integrals    ...       0
   Number of regular integrals    ...    1896

--------------
SCF ITERATIONS
--------------
ITER       Energy         Delta-E        Max-DP      RMS-DP      [F,P]     Damp
  0     -3.7735587046   0.000000000000 0.04201912  0.00204096  0.0850830 0.7000
  1     -3.7944632104  -0.020904505807 0.03976765  0.00192363  0.0589996 0.7000
                               ***Turning on DIIS***
  2     -3.8099394283  -0.015476217882 0.10109323  0.00494048  0.0382429 0.0000
  3     -3.8495268646  -0.039587436346 0.01597296  0.00102157  0.0197238 0.0000
  4     -3.8431435348   0.006383329788 0.01131644  0.00070440  0.0073727 0.0000
  5     -3.8515612499  -0.008417715040 0.00802508  0.00047778  0.0042522 0.0000
  6     -3.8531961169  -0.001634867010 0.00635135  0.00034055  0.0023019 0.0000
                      *** Initiating the SOSCF procedure ***
                           *** Shutting down DIIS ***
                      *** Re-Reading the Fockian *** 
                      *** Removing any level shift *** 
ITER      Energy       Delta-E        Grad      Rot      Max-DP    RMS-DP
  7     -3.85088828   0.0023078332  0.003054  0.003054  0.003785  0.000192
  8     -3.84970113   0.0011871583  0.000820  0.002266  0.001898  0.000090
  9     -3.84970883  -0.0000077018  0.000365  0.002243  0.002158  0.000096
 10     -3.84971169  -0.0000028609  0.000026  0.000063  0.000115  0.000005
                 **** Energy Check signals convergence ****
              ***Rediagonalizing the Fockian in SOSCF/NRSCF***

               *****************************************************
               *                     SUCCESS                       *
               *           SCF CONVERGED AFTER  11 CYCLES          *
               *****************************************************


----------------
TOTAL SCF ENERGY
----------------

Total Energy       :           -3.84971171 Eh            -104.75598 eV

Components:
Nuclear Repulsion  :          304.67856236 Eh            8290.72517 eV
Electronic Energy  :         -308.52827407 Eh           -8395.48116 eV

One Electron Energy:         -571.79791702 Eh          -15559.41235 eV
Two Electron Energy:          263.26964295 Eh            7163.93119 eV


---------------
SCF CONVERGENCE
---------------

  Last Energy change         ...   -2.4863e-08  Tolerance :   1.0000e-06
  Last MAX-Density change    ...    3.9912e-05  Tolerance :   1.0000e-05
  Last RMS-Density change    ...    1.8688e-06  Tolerance :   1.0000e-06
  Last Orbital Gradient      ...    7.2314e-06  Tolerance :   5.0000e-05
  Last Orbital Rotation      ...    2.1352e-05  Tolerance :   5.0000e-05

             **** THE GBW FILE WAS UPDATED (/Users/mattyjones/GoogleDrive/Boise/Code/MorphCT/tests/output_EZ/donor_polymer/chromophores/input_orca/single/00002.gbw) ****
             **** DENSITY FILE WAS UPDATED (/Users/mattyjones/GoogleDrive/Boise/Code/MorphCT/tests/output_EZ/donor_polymer/chromophores/input_orca/single/00002.scfp.tmp) ****
             **** ENERGY FILE WAS UPDATED (/Users/mattyjones/GoogleDrive/Boise/Code/MorphCT/tests/output_EZ/donor_polymer/chromophores/input_orca/single/00002.en.tmp) ****
----------------
ORBITAL ENERGIES
----------------

  NO   OCC          E(Eh)            E(eV) 
   0   2.0000      -1.563270       -42.5387 
   1   2.0000      -1.420685       -38.6588 
   2   2.0000      -1.296477       -35.2789 
   3   2.0000      -1.164336       -31.6832 
   4   2.0000      -1.108418       -30.1616 
   5   2.0000      -1.033466       -28.1220 
   6   2.0000      -0.987492       -26.8710 
   7   2.0000      -0.910810       -24.7844 
   8   2.0000      -0.846589       -23.0368 
   9   2.0000      -0.818687       -22.2776 
  10   2.0000      -0.782334       -21.2884 
  11   2.0000      -0.728737       -19.8299 
  12   2.0000      -0.708666       -19.2838 
  13   2.0000      -0.684512       -18.6265 
  14   2.0000      -0.622871       -16.9492 
  15   2.0000      -0.616081       -16.7644 
  16   2.0000      -0.592574       -16.1248 
  17   2.0000      -0.577063       -15.7027 
  18   2.0000      -0.568237       -15.4625 
  19   2.0000      -0.552737       -15.0408 
  20   2.0000      -0.537521       -14.6267 
  21   2.0000      -0.528858       -14.3910 
  22   2.0000      -0.506865       -13.7925 
  23   2.0000      -0.495619       -13.4865 
  24   2.0000      -0.489147       -13.3104 
  25   2.0000      -0.475642       -12.9429 
  26   2.0000      -0.468393       -12.7456 
  27   2.0000      -0.447557       -12.1787 
  28   2.0000      -0.436755       -11.8847 
  29   2.0000      -0.354537        -9.6475 
  30   2.0000      -0.304394        -8.2830 
  31   0.0000       0.007667         0.2086 
  32   0.0000       0.069179         1.8824 
  33   0.0000       0.082310         2.2398 
  34   0.0000       0.088973         2.4211 
  35   0.0000       0.105830         2.8798 
  36   0.0000       0.107216         2.9175 
  37   0.0000       0.120586         3.2813 
  38   0.0000       0.144300         3.9266 
  39   0.0000       0.154778         4.2117 
  40   0.0000       0.165527         4.5042 
  41   0.0000       0.172677         4.6988 
  42   0.0000       0.205960         5.6045 
  43   0.0000       0.230767         6.2795 
  44   0.0000       0.236582         6.4377 
  45   0.0000       0.239026         6.5042 
  46   0.0000       0.239898         6.5280 
  47   0.0000       0.243331         6.6214 
  48   0.0000       0.244440         6.6516 
  49   0.0000       0.246370         6.7041 
  50   0.0000       0.259815         7.0699 
  51   0.0000       0.266503         7.2519 
  52   0.0000       0.270269         7.3544 
  53   0.0000       0.283719         7.7204 
  54   0.0000       0.299306         8.1445 
  55   0.0000       0.310425         8.4471 
  56   0.0000       0.341848         9.3022 
  57   0.0000       0.346971         9.4416 
  58   0.0000       0.417086        11.3495 
  59   0.0000       0.427598        11.6355 
-------
TIMINGS
-------

Total SCF time: 0 days 0 hours 0 min 0 sec 

Total time                  ....       0.095 sec
Sum of individual times     ....       0.080 sec  ( 84.1%)

Fock matrix formation       ....       0.065 sec  ( 69.0%)
Diagonalization             ....       0.005 sec  (  5.5%)
Density matrix formation    ....       0.001 sec  (  0.8%)
Population analysis         ....       0.000 sec  (  0.0%)
Initial guess               ....       0.001 sec  (  0.9%)
Orbital Transformation      ....       0.000 sec  (  0.0%)
Orbital Orthonormalization  ....       0.000 sec  (  0.0%)
DIIS solution               ....       0.006 sec  (  5.9%)
SOSCF solution              ....       0.002 sec  (  1.9%)

-------------------------   --------------------
FINAL SINGLE POINT ENERGY        -3.849711712983
-------------------------   --------------------


                            ***************************************
                            *     ORCA property calculations      *
                            ***************************************

                                    ---------------------
                                    Active property flags
                                    ---------------------
   (+) Dipole Moment


------------------------------------------------------------------------------
                       ORCA ELECTRIC PROPERTIES CALCULATION
------------------------------------------------------------------------------

Dipole Moment Calculation                       ... on
Quadrupole Moment Calculation                   ... off
Polarizability Calculation                      ... off
GBWName                                         ... /Users/mattyjones/GoogleDrive/Boise/Code/MorphCT/tests/output_EZ/donor_polymer/chromophores/input_orca/single/00002.gbw
Electron density file                           ... /Users/mattyjones/GoogleDrive/Boise/Code/MorphCT/tests/output_EZ/donor_polymer/chromophores/input_orca/single/00002.scfp.tmp

-------------
DIPOLE MOMENT
-------------
                                X             Y             Z
Electronic contribution:     95.16841      71.47078      40.01779
Nuclear contribution   :    -50.94067     -38.20618     -21.79130
                        -----------------------------------------
Total Dipole Moment    :     44.22774      33.26460      18.22649
                        -----------------------------------------
Magnitude (a.u.)       :     58.26518
Magnitude (Debye)      :    148.09832


Timings for individual modules:

Sum of individual times         ...        0.185 sec (=   0.003 min)
STO integral calculation        ...        0.041 sec (=   0.001 min)  22.1 %
SCF iterations                  ...        0.144 sec (=   0.002 min)  77.9 %
                             ****ORCA TERMINATED NORMALLY****
TOTAL RUN TIME: 0 days 0 hours 0 minutes 0 seconds 493 msec

