
                                 *****************
                                 * O   R   C   A *
                                 *****************

           --- An Ab Initio, DFT and Semiempirical electronic structure package ---

                  #######################################################
                  #                        -***-                        #
                  #  Department of molecular theory and spectroscopy    #
                  #              Directorship: Frank Neese              #
                  # Max Planck Institute for Chemical Energy Conversion #
                  #                  D-45470 Muelheim/Ruhr              #
                  #                       Germany                       #
                  #                                                     #
                  #                  All rights reserved                #
                  #                        -***-                        #
                  #######################################################


                         Program Version 3.0.3 - RELEASE   -


 With contributions from (in alphabetic order):
   Ute Becker             : Parallelization
   Dmytro Bykov           : SCF Hessian
   Dmitry Ganyushin       : Spin-Orbit,Spin-Spin,Magnetic field MRCI
   Andreas Hansen         : Spin unrestricted coupled pair/coupled cluster methods
   Dimitrios Liakos       : Extrapolation schemes; parallel MDCI
   Robert Izsak           : Overlap fitted RIJCOSX, COSX-SCS-MP3
   Christian Kollmar      : KDIIS, OOCD, Brueckner-CCSD(T), CCSD density
   Simone Kossmann        : Meta GGA functionals, TD-DFT gradient, OOMP2, MP2 Hessian
   Taras Petrenko         : DFT Hessian,TD-DFT gradient, ASA and ECA modules, normal mode analysis, Resonance Raman, ABS, FL, XAS/XES, NRVS
   Christoph Reimann      : Effective Core Potentials
   Michael Roemelt        : Restricted open shell CIS
   Christoph Riplinger    : Improved optimizer, TS searches, QM/MM, DLPNO-CCSD
   Barbara Sandhoefer     : DKH picture change effects
   Igor Schapiro          : Molecular dynamics
   Kantharuban Sivalingam : CASSCF convergence, NEVPT2
   Boris Wezisla          : Elementary symmetry handling
   Frank Wennmohs         : Technical directorship


 We gratefully acknowledge several colleagues who have allowed us to
 interface, adapt or use parts of their codes:
   Stefan Grimme, W. Hujo, H. Kruse, T. Risthaus : VdW corrections, initial TS optimization,
                                                   DFT functionals, gCP
   Ed Valeev                                     : LibInt (2-el integral package), F12 methods
   Garnet Chan, S. Sharma, R. Olivares           : DMRG
   Ulf Ekstrom                                   : XCFun DFT Library
   Mihaly Kallay                                 : mrcc  (arbitrary order and MRCC methods)
   Andreas Klamt, Michael Diedenhofen            : otool_cosmo (COSMO solvation model)
   Frank Weinhold                                : gennbo (NPA and NBO analysis)
   Christopher J. Cramer and Donald G. Truhlar   : smd solvation model


 Your calculation uses the libint2 library for the computation of 2-el integrals
 For citations please refer to: http://libint.valeyev.net

 This ORCA versions uses:
   CBLAS   interface :  Fast vector & matrix operations
   LAPACKE interface :  Fast linear algebra routines
   SCALAPACK package :  Parallel linear algebra routines


leaving
================================================================================
                                        WARNINGS
                       Please study these warnings very carefully!
================================================================================
Now building the actual basis set

WARNING: Direct SCF is incompatible with Method<>HF and Method<>DFT
  ===> : conventional SCF is chosen

WARNING: The NDO methods need Guess=HUECKEL or Guess=HCORE or Guess=MOREAD
  ===> : Guess is set to Hueckel

WARNING: The NDO methods need %rel::SOCType==1
  ===> : %rel::SOCType is set to 1

WARNING: The NDO methods cannot have frozencore=1
  ===> : %method FrozenCore=0 end


INFO   : the flag for use of LIBINT has been found!

================================================================================
                                       INPUT FILE
================================================================================
NAME = /Users/mattyjones/GoogleDrive/Boise/Code/MorphCT/tests/output_EZ/donor_polymer/chromophores/input_orca/single/00004.inp
|  1> # ================================================================
|  2> # Orca input file made by Matty Jones
|  3> # ================================================================
|  4> ! ZINDO/S 
|  5> ! NOPOP
|  6> ! NOMOPRINT
|  7> * xyz 0   1
|  8>  C  2.59644  3.65357  0.98384
|  9>  C  1.99868  2.44594  0.62023
| 10>  C  2.50043  1.30963  1.32825
| 11>  C  3.49944  1.62157  2.25562
| 12>  S  3.70644  3.26379  2.15219
| 13>  H  1.17007  2.33946  -0.15789
| 14>  C  1.89975  -0.17024  1.04099
| 15>  C  0.21047  -0.46377  1.22459
| 16>  C  -1.21341  -0.35216  0.26542
| 17>  H  -1.90552  -1.17592  0.71135
| 18>  H  -1.66036  0.67671  0.57509
| 19>  H  0.19398  -1.58026  1.54389
| 20>  H  -0.05671  0.18207  2.15084
| 21>  H  2.43622  -0.98617  1.66583
| 22>  H  2.10249  -0.42257  -0.08560
| 23>  C  -1.36940  -0.44641  -1.35540
| 24>  C  -1.86455  -1.94826  -1.97877
| 25>  C  -3.53472  -2.16717  -2.11277
| 26>  H  -3.75857  -3.29339  -2.25993
| 27>  H  -3.92815  -1.57205  -3.02320
| 28>  H  -4.05078  -1.79157  -1.14801
| 29>  H  -1.41614  -2.05151  -3.03523
| 30>  H  -1.44799  -2.77688  -1.29735
| 31>  H  -2.15448  0.33096  -1.70264
| 32>  H  -0.35518  -0.19139  -1.84794
| 33>  H  2.38532  4.61683  0.59504
| 34>  H  4.01623  0.94918  2.89156
| 35> *
| 36> 
| 37>                          ****END OF INPUT****
================================================================================

                       ****************************
                       * Single Point Calculation *
                       ****************************

---------------------------------
CARTESIAN COORDINATES (ANGSTROEM)
---------------------------------
  C      2.596440    3.653570    0.983840
  C      1.998680    2.445940    0.620230
  C      2.500430    1.309630    1.328250
  C      3.499440    1.621570    2.255620
  S      3.706440    3.263790    2.152190
  H      1.170070    2.339460   -0.157890
  C      1.899750   -0.170240    1.040990
  C      0.210470   -0.463770    1.224590
  C     -1.213410   -0.352160    0.265420
  H     -1.905520   -1.175920    0.711350
  H     -1.660360    0.676710    0.575090
  H      0.193980   -1.580260    1.543890
  H     -0.056710    0.182070    2.150840
  H      2.436220   -0.986170    1.665830
  H      2.102490   -0.422570   -0.085600
  C     -1.369400   -0.446410   -1.355400
  C     -1.864550   -1.948260   -1.978770
  C     -3.534720   -2.167170   -2.112770
  H     -3.758570   -3.293390   -2.259930
  H     -3.928150   -1.572050   -3.023200
  H     -4.050780   -1.791570   -1.148010
  H     -1.416140   -2.051510   -3.035230
  H     -1.447990   -2.776880   -1.297350
  H     -2.154480    0.330960   -1.702640
  H     -0.355180   -0.191390   -1.847940
  H      2.385320    4.616830    0.595040
  H      4.016230    0.949180    2.891560

----------------------------
CARTESIAN COORDINATES (A.U.)
----------------------------
  NO LB      ZA    FRAG    MASS        X           Y           Z
   0 C     4.0000    0    12.011          4.906560523158494          6.904246711110668          1.859188159597084
   1 C     4.0000    0    12.011          3.776957829345727          4.622156740003346          1.172064840041978
   2 C     4.0000    0    12.011          4.725127917040716          2.474842036767289          2.510028737380902
   3 C     4.0000    0    12.011          6.612983222089385          3.064323206982684          4.262504062195454
   4 S     6.0000    0    32.060          7.004156531811084          6.167669258630842          4.067049688163979
   5 H     1.0000    0     1.008          2.211111857517239          4.420938701263411         -0.298368859284826
   6 C     4.0000    0    12.011          3.590007222916898         -0.321706977038754          1.967186008150684
   7 C     4.0000    0    12.011          0.397730659406406         -0.876398289128659          2.314139726338626
   8 C     4.0000    0    12.011         -2.293012588161386         -0.665485955321708          0.501571110465379
   9 H     1.0000    0     1.008         -3.600910942709624         -2.222166755400679          1.344256685364883
  10 H     1.0000    0     1.008         -3.137625683717490          1.278796572085850          1.086762602356773
  11 H     1.0000    0     1.008          0.366569075458044         -2.986258620390397          2.917529280899681
  12 H     1.0000    0     1.008         -0.107166369054674          0.344062437203042          4.064498557883185
  13 H     1.0000    0     1.008          4.603788601981631         -1.863591221489121          3.147962485670039
  14 H     1.0000    0     1.008          3.973130299308092         -0.798541572411103         -0.161760557063659
  15 C     4.0000    0    12.011         -2.587790967791762         -0.843592643443786         -2.561334801916864
  16 C     4.0000    0    12.011         -3.523488863002870         -3.681677837673418         -3.739333382019355
  17 C     4.0000    0    12.011         -6.679652760094127         -4.095357785650119         -3.992556683964803
  18 H     1.0000    0     1.008         -7.102667955172399         -6.223605152194911         -4.270648781832655
  19 H     1.0000    0     1.008         -7.423127712962764         -2.970743968830904         -5.713020048070728
  20 H     1.0000    0     1.008         -7.654864828765527         -3.385576649749297         -2.169424499002936
  21 H     1.0000    0     1.008         -2.676116767291241         -3.876792061000787         -5.735753453461800
  22 H     1.0000    0     1.008         -2.736304544656633         -5.247542706763245         -2.451636199842736
  23 H     1.0000    0     1.008         -4.071377161010658          0.625423761282577         -3.217523304659680
  24 H     1.0000    0     1.008         -0.671192928246150         -0.361674684771188         -3.492100511918438
  25 H     1.0000    0     1.008          4.507601541765040          8.724544306871653          1.124462638728502
  26 H     1.0000    0     1.008          7.589574790838549          1.793690251795374          5.464256499801334

--------------------------------
INTERNAL COORDINATES (ANGSTROEM)
--------------------------------
 C      0   0   0   0.000000     0.000     0.000
 C      1   0   0   1.395672     0.000     0.000
 C      2   1   0   1.429771   114.102     0.000
 C      3   2   1   1.398336   113.693     0.000
 S      1   2   3   1.658032   105.480     0.000
 H      2   1   3   1.141667   124.689   179.156
 C      3   2   1   1.622760   120.478   179.184
 C      7   3   2   1.724394   119.934   303.193
 C      8   7   3   1.720435   137.763    87.681
 H      9   8   7   1.164667   103.443   150.890
 H      9   8   7   1.163715   103.113   262.441
 H      8   7   3   1.161367   101.936   210.560
 H      8   7   3   1.160359   102.463   322.503
 H      7   3   2   1.159296   112.033   177.969
 H      7   3   2   1.172168   107.603    61.056
 C      9   8   7   1.631034   129.008    26.295
 C     16   9   8   1.699799   116.318    99.018
 C     17  16   9   1.689777   115.561    89.258
 H     18  17  16   1.157643   109.101   195.535
 H     18  17  16   1.156649   109.388    75.707
 H     18  17  16   1.156787   109.435   315.458
 H     17  16   9   1.152319   107.580   209.306
 H     17  16   9   1.150855   108.275   327.825
 H     16   9   8   1.158115   108.905   219.431
 H     16   9   8   1.155973   109.072   337.797
 H      1   2   3   1.060003   127.260   180.000
 H      4   3   2   1.060000   127.206   180.000

---------------------------
INTERNAL COORDINATES (A.U.)
---------------------------
 C      0   0   0   0.000000     0.000     0.000
 C      1   0   0   2.637437     0.000     0.000
 C      2   1   0   2.701876   114.102     0.000
 C      3   2   1   2.642471   113.693     0.000
 S      1   2   3   3.133226   105.480     0.000
 H      2   1   3   2.157438   124.689   179.156
 C      3   2   1   3.066572   120.478   179.184
 C      7   3   2   3.258633   119.934   303.193
 C      8   7   3   3.251152   137.763    87.681
 H      9   8   7   2.200903   103.443   150.890
 H      9   8   7   2.199103   103.113   262.441
 H      8   7   3   2.194666   101.936   210.560
 H      8   7   3   2.192761   102.463   322.503
 H      7   3   2   2.190752   112.033   177.969
 H      7   3   2   2.215077   107.603    61.056
 C      9   8   7   3.082208   129.008    26.295
 C     16   9   8   3.212155   116.318    99.018
 C     17  16   9   3.193215   115.561    89.258
 H     18  17  16   2.187627   109.101   195.535
 H     18  17  16   2.185751   109.388    75.707
 H     18  17  16   2.186010   109.435   315.458
 H     17  16   9   2.177568   107.580   209.306
 H     17  16   9   2.174800   108.275   327.825
 H     16   9   8   2.188520   108.905   219.431
 H     16   9   8   2.184472   109.072   337.797
 H      1   2   3   2.003116   127.260   180.000
 H      4   3   2   2.003110   127.206   180.000

----------------------------
SLATER BASIS SET DIM=  60
----------------------------
  0 C     2 shells
 l=0 nsto= 1
    2       1.625000000000        1.000000000000
 l=1 nsto= 1
    2       1.625000000000        1.000000000000
  1 C     2 shells
 l=0 nsto= 1
    2       1.625000000000        1.000000000000
 l=1 nsto= 1
    2       1.625000000000        1.000000000000
  2 C     2 shells
 l=0 nsto= 1
    2       1.625000000000        1.000000000000
 l=1 nsto= 1
    2       1.625000000000        1.000000000000
  3 C     2 shells
 l=0 nsto= 1
    2       1.625000000000        1.000000000000
 l=1 nsto= 1
    2       1.625000000000        1.000000000000
  4 S     2 shells
 l=0 nsto= 1
    3       1.925000000000        1.000000000000
 l=1 nsto= 1
    3       1.925000000000        1.000000000000
  5 H     1 shells
 l=0 nsto= 1
    1       1.200000000000        1.000000000000
  6 C     2 shells
 l=0 nsto= 1
    2       1.625000000000        1.000000000000
 l=1 nsto= 1
    2       1.625000000000        1.000000000000
  7 C     2 shells
 l=0 nsto= 1
    2       1.625000000000        1.000000000000
 l=1 nsto= 1
    2       1.625000000000        1.000000000000
  8 C     2 shells
 l=0 nsto= 1
    2       1.625000000000        1.000000000000
 l=1 nsto= 1
    2       1.625000000000        1.000000000000
  9 H     1 shells
 l=0 nsto= 1
    1       1.200000000000        1.000000000000
 10 H     1 shells
 l=0 nsto= 1
    1       1.200000000000        1.000000000000
 11 H     1 shells
 l=0 nsto= 1
    1       1.200000000000        1.000000000000
 12 H     1 shells
 l=0 nsto= 1
    1       1.200000000000        1.000000000000
 13 H     1 shells
 l=0 nsto= 1
    1       1.200000000000        1.000000000000
 14 H     1 shells
 l=0 nsto= 1
    1       1.200000000000        1.000000000000
 15 C     2 shells
 l=0 nsto= 1
    2       1.625000000000        1.000000000000
 l=1 nsto= 1
    2       1.625000000000        1.000000000000
 16 C     2 shells
 l=0 nsto= 1
    2       1.625000000000        1.000000000000
 l=1 nsto= 1
    2       1.625000000000        1.000000000000
 17 C     2 shells
 l=0 nsto= 1
    2       1.625000000000        1.000000000000
 l=1 nsto= 1
    2       1.625000000000        1.000000000000
 18 H     1 shells
 l=0 nsto= 1
    1       1.200000000000        1.000000000000
 19 H     1 shells
 l=0 nsto= 1
    1       1.200000000000        1.000000000000
 20 H     1 shells
 l=0 nsto= 1
    1       1.200000000000        1.000000000000
 21 H     1 shells
 l=0 nsto= 1
    1       1.200000000000        1.000000000000
 22 H     1 shells
 l=0 nsto= 1
    1       1.200000000000        1.000000000000
 23 H     1 shells
 l=0 nsto= 1
    1       1.200000000000        1.000000000000
 24 H     1 shells
 l=0 nsto= 1
    1       1.200000000000        1.000000000000
 25 H     1 shells
 l=0 nsto= 1
    1       1.200000000000        1.000000000000
 26 H     1 shells
 l=0 nsto= 1
    1       1.200000000000        1.000000000000
------------------------------------------------------------------------------
                           ORCA NDO INTEGRAL CALCULATION
------------------------------------------------------------------------------

--------------
NDO PARAMETERS
--------------

Gamma integral treatment              ... Mataga-Nishimoto
Nuclear repulsuion treatment          ... Direct (ZA*ZB/RAB)
Interaction factors:
s-s (sigma) =    1.0000
s-p (sigma) =    1.0000
s-d (sigma) =    1.0000
p-p (sigma) =    1.2670  p-p(pi) =    0.5850
p-d (sigma) =    1.0000  p-d(pi) =    1.0000
d-d (sigma) =    1.0000  d-d(pi) =    1.0000 d-d (delta) =    1.0000

fGamma parameter for Mataga-Nishimoto gamma integrals:    1.2000

--------------------------
Parameters for Element H :
--------------------------
 One-electron parameters (in eV)
  U(s)  =   -13.060000 Beta(s) =    12.000000 Neff(s) =     1.000000
 One-center electron repulsion parameters (in eV)
  G(s,s)=    12.850000
--------------------------
Parameters for Element C :
--------------------------
 One-electron parameters (in eV)
  U(s)  =   -50.870766 Beta(s) =    17.000000 Neff(s) =     2.000000
  U(p)  =   -41.599980 Beta(p) =    17.000000 Neff(p) =     2.000000 
 One-center electron repulsion parameters (in eV)
  G(s,s)=    11.110000
  G(s,p)=    11.110000 G(p,p)  =    11.110000
 Slater-Condon parameters (in eV)
 F2(p,p)=     4.5098 G1(s,p)=    6.8977
--------------------------
Parameters for Element S :
--------------------------
 One-electron parameters (in eV)
  U(s)  =   -69.509597 Beta(s) =    15.000000 Neff(s) =     2.000000
  U(p)  =   -60.725746 Beta(p) =    15.000000 Neff(p) =     4.000000 
 One-center electron repulsion parameters (in eV)
  G(s,s)=    10.090000
  G(s,p)=    10.090000 G(p,p)  =    10.090000
 Slater-Condon parameters (in eV)
 F2(p,p)=     4.5377 G1(s,p)=    3.0756

 Number of atoms                    ....   27
 Number of basis functions          ....   60

 Overlap integrals                  .... done
 One electron matrix                .... done
 Nuclear repulsion                  .... done
 Integral list                      .... done
 Electron-electron repulsion        .... done
-------------------------------------------------------------------------------
                                 ORCA SCF
-------------------------------------------------------------------------------

------------
SCF SETTINGS
------------
Hamiltonian:
 ZDO-Hamiltonian        Method          .... INDO


General Settings:
 Integral files         IntName         .... /Users/mattyjones/GoogleDrive/Boise/Code/MorphCT/tests/output_EZ/donor_polymer/chromophores/input_orca/single/00004
 Hartree-Fock type      HFTyp           .... RHF
 Total Charge           Charge          ....    0
 Multiplicity           Mult            ....    1
 Number of Electrons    NEL             ....   62
 Basis Dimension        Dim             ....   60
 Nuclear Repulsion      ENuc            ....    291.2111520264 Eh

Convergence Acceleration:
 DIIS                   CNVDIIS         .... on
   Start iteration      DIISMaxIt       ....    12
   Startup error        DIISStart       ....  0.200000
   # of expansion vecs  DIISMaxEq       ....     5
   Bias factor          DIISBfac        ....   1.050
   Max. coefficient     DIISMaxC        ....  10.000
 Newton-Raphson         CNVNR           .... off
 SOSCF                  CNVSOSCF        .... on
   Start iteration      SOSCFMaxIt      ....   150
   Startup grad/error   SOSCFStart      ....  0.003300
 Level Shifting         CNVShift        .... on
   Level shift para.    LevelShift      ....    0.2500
   Turn off err/grad.   ShiftErr        ....    0.0010
 Zerner damping         CNVZerner       .... off
 Static damping         CNVDamp         .... on
   Fraction old density DampFac         ....    0.7000
   Max. Damping (<1)    DampMax         ....    0.9800
   Min. Damping (>=0)   DampMin         ....    0.0000
   Turn off err/grad.   DampErr         ....    0.1000
 Fernandez-Rico         CNVRico         .... off

SCF Procedure:
 Maximum # iterations   MaxIter         ....   125
 SCF integral mode      SCFMode         .... Conventional
 Integral Buffer length BufferLength    .... 1048576
 Integral index format  IndFormat       ....     0
 Integral value format  ValFormat       ....     0
 Integral Storage       Thresh          ....  1.000e-08 Eh

Convergence Tolerance:
 Convergence Check Mode ConvCheckMode   .... Total+1el-Energy
 Energy Change          TolE            ....  1.000e-06 Eh
 1-El. energy change                    ....  1.000e-03 Eh
 Orbital Gradient       TolG            ....  5.000e-05
 Orbital Rotation angle TolX            ....  5.000e-05
 DIIS Error             TolErr          ....  1.000e-06


Diagonalization of the overlap matrix:
Smallest eigenvalue                        ... 1.698e-01
Time for diagonalization                   ...    0.001 sec
Threshold for overlap eigenvalues          ... 1.000e-08
Number of eigenvalues below threshold      ... 0
Time for construction of square roots      ...    0.000 sec
Total time needed                          ...    0.002 sec

-------------------------------
INITIAL GUESS: EXTENDED HUECKEL
-------------------------------
EHT matrix was read from disk
EHT matrix was diagonalized
Initial density was built
                      ------------------
                      INITIAL GUESS DONE
                      ------------------

 InCore treatment chosen:
   Memory dedicated               ...    1024 MB
   Memory needed                  ...      0 MB
   Number of tiny    integrals    ...       0
   Number of small   integrals    ...       0
   Number of regular integrals    ...    1896

--------------
SCF ITERATIONS
--------------
ITER       Energy         Delta-E        Max-DP      RMS-DP      [F,P]     Damp
  0     -7.7860794645   0.000000000000 0.03859200  0.00204150  0.1149883 0.7000
  1     -7.8069627891  -0.020883324564 0.03603774  0.00192148  0.0784688 0.7000
                               ***Turning on DIIS***
  2     -7.8224322556  -0.015469466569 0.08996941  0.00493014  0.0485601 0.0000
  3     -7.8629221047  -0.040489849078 0.02116050  0.00102495  0.0219601 0.0000
  4     -7.8554159279   0.007506176811 0.01079369  0.00069664  0.0067468 0.0000
  5     -7.8639616075  -0.008545679608 0.00721485  0.00046877  0.0038268 0.0000
  6     -7.8653403440  -0.001378736510 0.00485260  0.00033082  0.0019822 0.0000
                      *** Initiating the SOSCF procedure ***
                           *** Shutting down DIIS ***
                      *** Re-Reading the Fockian *** 
                      *** Removing any level shift *** 
ITER      Energy       Delta-E        Grad      Rot      Max-DP    RMS-DP
  7     -7.86318404   0.0021563024  0.002986  0.002986  0.004495  0.000311
  8     -7.86217714   0.0010069004  0.000284  0.000746  0.000499  0.000033
                 **** Energy Check signals convergence ****
              ***Rediagonalizing the Fockian in SOSCF/NRSCF***

               *****************************************************
               *                     SUCCESS                       *
               *           SCF CONVERGED AFTER   9 CYCLES          *
               *****************************************************


----------------
TOTAL SCF ENERGY
----------------

Total Energy       :           -7.86217797 Eh            -213.94074 eV

Components:
Nuclear Repulsion  :          291.21115203 Eh            7924.25831 eV
Electronic Energy  :         -299.07333000 Eh           -8138.19905 eV

One Electron Energy:         -553.01877558 Eh          -15048.40593 eV
Two Electron Energy:          253.94544559 Eh            6910.20688 eV


---------------
SCF CONVERGENCE
---------------

  Last Energy change         ...   -8.2865e-07  Tolerance :   1.0000e-06
  Last MAX-Density change    ...    4.5956e-04  Tolerance :   1.0000e-05
  Last RMS-Density change    ...    2.6673e-05  Tolerance :   1.0000e-06
  Last Orbital Gradient      ...    1.3754e-04  Tolerance :   5.0000e-05
  Last Orbital Rotation      ...    5.6656e-04  Tolerance :   5.0000e-05

             **** THE GBW FILE WAS UPDATED (/Users/mattyjones/GoogleDrive/Boise/Code/MorphCT/tests/output_EZ/donor_polymer/chromophores/input_orca/single/00004.gbw) ****
             **** DENSITY FILE WAS UPDATED (/Users/mattyjones/GoogleDrive/Boise/Code/MorphCT/tests/output_EZ/donor_polymer/chromophores/input_orca/single/00004.scfp.tmp) ****
             **** ENERGY FILE WAS UPDATED (/Users/mattyjones/GoogleDrive/Boise/Code/MorphCT/tests/output_EZ/donor_polymer/chromophores/input_orca/single/00004.en.tmp) ****
----------------
ORBITAL ENERGIES
----------------

  NO   OCC          E(Eh)            E(eV) 
   0   2.0000      -1.555510       -42.3276 
   1   2.0000      -1.382881       -37.6301 
   2   2.0000      -1.283273       -34.9196 
   3   2.0000      -1.182284       -32.1716 
   4   2.0000      -1.112388       -30.2696 
   5   2.0000      -1.054251       -28.6876 
   6   2.0000      -0.973689       -26.4954 
   7   2.0000      -0.908167       -24.7125 
   8   2.0000      -0.844438       -22.9783 
   9   2.0000      -0.820946       -22.3391 
  10   2.0000      -0.768759       -20.9190 
  11   2.0000      -0.733721       -19.9656 
  12   2.0000      -0.682774       -18.5792 
  13   2.0000      -0.676583       -18.4107 
  14   2.0000      -0.650367       -17.6974 
  15   2.0000      -0.603932       -16.4338 
  16   2.0000      -0.591181       -16.0869 
  17   2.0000      -0.582686       -15.8557 
  18   2.0000      -0.574745       -15.6396 
  19   2.0000      -0.548921       -14.9369 
  20   2.0000      -0.531365       -14.4592 
  21   2.0000      -0.514599       -14.0029 
  22   2.0000      -0.506856       -13.7923 
  23   2.0000      -0.496784       -13.5182 
  24   2.0000      -0.494437       -13.4543 
  25   2.0000      -0.475037       -12.9264 
  26   2.0000      -0.461718       -12.5640 
  27   2.0000      -0.452289       -12.3074 
  28   2.0000      -0.437181       -11.8963 
  29   2.0000      -0.356426        -9.6988 
  30   2.0000      -0.305586        -8.3154 
  31   0.0000       0.007350         0.2000 
  32   0.0000       0.055026         1.4973 
  33   0.0000       0.075208         2.0465 
  34   0.0000       0.083686         2.2772 
  35   0.0000       0.099815         2.7161 
  36   0.0000       0.106519         2.8985 
  37   0.0000       0.122343         3.3291 
  38   0.0000       0.142913         3.8888 
  39   0.0000       0.159664         4.3447 
  40   0.0000       0.166083         4.5193 
  41   0.0000       0.172605         4.6968 
  42   0.0000       0.203643         5.5414 
  43   0.0000       0.225764         6.1434 
  44   0.0000       0.232031         6.3139 
  45   0.0000       0.233360         6.3501 
  46   0.0000       0.236777         6.4430 
  47   0.0000       0.238566         6.4917 
  48   0.0000       0.240358         6.5405 
  49   0.0000       0.241174         6.5627 
  50   0.0000       0.244469         6.6523 
  51   0.0000       0.253987         6.9113 
  52   0.0000       0.266395         7.2490 
  53   0.0000       0.274132         7.4595 
  54   0.0000       0.306058         8.3283 
  55   0.0000       0.309694         8.4272 
  56   0.0000       0.341312         9.2876 
  57   0.0000       0.365044         9.9334 
  58   0.0000       0.414198        11.2709 
  59   0.0000       0.427900        11.6437 
-------
TIMINGS
-------

Total SCF time: 0 days 0 hours 0 min 0 sec 

Total time                  ....       0.064 sec
Sum of individual times     ....       0.053 sec  ( 82.8%)

Fock matrix formation       ....       0.037 sec  ( 58.3%)
Diagonalization             ....       0.005 sec  (  7.3%)
Density matrix formation    ....       0.001 sec  (  0.9%)
Population analysis         ....       0.000 sec  (  0.0%)
Initial guess               ....       0.001 sec  (  0.9%)
Orbital Transformation      ....       0.000 sec  (  0.0%)
Orbital Orthonormalization  ....       0.000 sec  (  0.0%)
DIIS solution               ....       0.009 sec  ( 14.0%)
SOSCF solution              ....       0.001 sec  (  1.5%)

-------------------------   --------------------
FINAL SINGLE POINT ENERGY        -7.862177969914
-------------------------   --------------------


                            ***************************************
                            *     ORCA property calculations      *
                            ***************************************

                                    ---------------------
                                    Active property flags
                                    ---------------------
   (+) Dipole Moment


------------------------------------------------------------------------------
                       ORCA ELECTRIC PROPERTIES CALCULATION
------------------------------------------------------------------------------

Dipole Moment Calculation                       ... on
Quadrupole Moment Calculation                   ... off
Polarizability Calculation                      ... off
GBWName                                         ... /Users/mattyjones/GoogleDrive/Boise/Code/MorphCT/tests/output_EZ/donor_polymer/chromophores/input_orca/single/00004.gbw
Electron density file                           ... /Users/mattyjones/GoogleDrive/Boise/Code/MorphCT/tests/output_EZ/donor_polymer/chromophores/input_orca/single/00004.scfp.tmp

-------------
DIPOLE MOMENT
-------------
                                X             Y             Z
Electronic contribution:    100.74802      86.39930      57.19954
Nuclear contribution   :    -54.50480     -46.64901     -30.71216
                        -----------------------------------------
Total Dipole Moment    :     46.24323      39.75029      26.48738
                        -----------------------------------------
Magnitude (a.u.)       :     66.48385
Magnitude (Debye)      :    168.98853


Timings for individual modules:

Sum of individual times         ...        0.145 sec (=   0.002 min)
STO integral calculation        ...        0.042 sec (=   0.001 min)  28.7 %
SCF iterations                  ...        0.103 sec (=   0.002 min)  71.3 %
                             ****ORCA TERMINATED NORMALLY****
TOTAL RUN TIME: 0 days 0 hours 0 minutes 0 seconds 434 msec

