
                                 *****************
                                 * O   R   C   A *
                                 *****************

           --- An Ab Initio, DFT and Semiempirical electronic structure package ---

                  #######################################################
                  #                        -***-                        #
                  #  Department of molecular theory and spectroscopy    #
                  #              Directorship: Frank Neese              #
                  # Max Planck Institute for Chemical Energy Conversion #
                  #                  D-45470 Muelheim/Ruhr              #
                  #                       Germany                       #
                  #                                                     #
                  #                  All rights reserved                #
                  #                        -***-                        #
                  #######################################################


                         Program Version 3.0.3 - RELEASE   -


 With contributions from (in alphabetic order):
   Ute Becker             : Parallelization
   Dmytro Bykov           : SCF Hessian
   Dmitry Ganyushin       : Spin-Orbit,Spin-Spin,Magnetic field MRCI
   Andreas Hansen         : Spin unrestricted coupled pair/coupled cluster methods
   Dimitrios Liakos       : Extrapolation schemes; parallel MDCI
   Robert Izsak           : Overlap fitted RIJCOSX, COSX-SCS-MP3
   Christian Kollmar      : KDIIS, OOCD, Brueckner-CCSD(T), CCSD density
   Simone Kossmann        : Meta GGA functionals, TD-DFT gradient, OOMP2, MP2 Hessian
   Taras Petrenko         : DFT Hessian,TD-DFT gradient, ASA and ECA modules, normal mode analysis, Resonance Raman, ABS, FL, XAS/XES, NRVS
   Christoph Reimann      : Effective Core Potentials
   Michael Roemelt        : Restricted open shell CIS
   Christoph Riplinger    : Improved optimizer, TS searches, QM/MM, DLPNO-CCSD
   Barbara Sandhoefer     : DKH picture change effects
   Igor Schapiro          : Molecular dynamics
   Kantharuban Sivalingam : CASSCF convergence, NEVPT2
   Boris Wezisla          : Elementary symmetry handling
   Frank Wennmohs         : Technical directorship


 We gratefully acknowledge several colleagues who have allowed us to
 interface, adapt or use parts of their codes:
   Stefan Grimme, W. Hujo, H. Kruse, T. Risthaus : VdW corrections, initial TS optimization,
                                                   DFT functionals, gCP
   Ed Valeev                                     : LibInt (2-el integral package), F12 methods
   Garnet Chan, S. Sharma, R. Olivares           : DMRG
   Ulf Ekstrom                                   : XCFun DFT Library
   Mihaly Kallay                                 : mrcc  (arbitrary order and MRCC methods)
   Andreas Klamt, Michael Diedenhofen            : otool_cosmo (COSMO solvation model)
   Frank Weinhold                                : gennbo (NPA and NBO analysis)
   Christopher J. Cramer and Donald G. Truhlar   : smd solvation model


 Your calculation uses the libint2 library for the computation of 2-el integrals
 For citations please refer to: http://libint.valeyev.net

 This ORCA versions uses:
   CBLAS   interface :  Fast vector & matrix operations
   LAPACKE interface :  Fast linear algebra routines
   SCALAPACK package :  Parallel linear algebra routines


leaving
================================================================================
                                        WARNINGS
                       Please study these warnings very carefully!
================================================================================
Now building the actual basis set

WARNING: Direct SCF is incompatible with Method<>HF and Method<>DFT
  ===> : conventional SCF is chosen

WARNING: The NDO methods need Guess=HUECKEL or Guess=HCORE or Guess=MOREAD
  ===> : Guess is set to Hueckel

WARNING: The NDO methods need %rel::SOCType==1
  ===> : %rel::SOCType is set to 1

WARNING: The NDO methods cannot have frozencore=1
  ===> : %method FrozenCore=0 end


INFO   : the flag for use of LIBINT has been found!

================================================================================
                                       INPUT FILE
================================================================================
NAME = /Users/mattyjones/GoogleDrive/Boise/Code/MorphCT/tests/output_EZ/donor_polymer/chromophores/input_orca/single/00003.inp
|  1> # ================================================================
|  2> # Orca input file made by Matty Jones
|  3> # ================================================================
|  4> ! ZINDO/S 
|  5> ! NOPOP
|  6> ! NOMOPRINT
|  7> * xyz 0   1
|  8>  C  -3.37060  -1.71040  -2.89992
|  9>  C  -2.46792  -0.95796  -2.14699
| 10>  C  -1.60766  -1.73989  -1.31464
| 11>  C  -1.83220  -3.11672  -1.41080
| 12>  S  -3.06592  -3.29169  -2.50522
| 13>  H  -1.87124  0.00901  -2.46398
| 14>  C  -0.40010  -1.36594  -0.27991
| 15>  C  1.03525  -0.52565  -0.67038
| 16>  C  1.28858  1.12096  -0.46289
| 17>  H  1.83124  1.52570  -1.40021
| 18>  H  0.26622  1.64557  -0.36072
| 19>  H  1.86896  -1.06746  -0.07538
| 20>  H  1.20833  -0.73603  -1.79612
| 21>  H  -0.86878  -0.70268  0.55948
| 22>  H  -0.01391  -2.33196  0.23717
| 23>  C  2.20538  1.40232  0.86167
| 24>  C  1.37372  1.23697  2.31892
| 25>  C  0.48057  2.59752  2.72800
| 26>  H  0.86653  3.51397  2.13604
| 27>  H  0.57915  2.79867  3.86300
| 28>  H  -0.63111  2.40806  2.46289
| 29>  H  0.66945  0.32911  2.24493
| 30>  H  2.14907  1.05133  3.15259
| 31>  H  3.09644  0.66395  0.88255
| 32>  H  2.62910  2.47796  0.81317
| 33>  H  -4.09765  -1.34747  -3.58056
| 34>  H  -1.32091  -3.88726  -0.89268
| 35> *
| 36> 
| 37>                          ****END OF INPUT****
================================================================================

                       ****************************
                       * Single Point Calculation *
                       ****************************

---------------------------------
CARTESIAN COORDINATES (ANGSTROEM)
---------------------------------
  C     -3.370600   -1.710400   -2.899920
  C     -2.467920   -0.957960   -2.146990
  C     -1.607660   -1.739890   -1.314640
  C     -1.832200   -3.116720   -1.410800
  S     -3.065920   -3.291690   -2.505220
  H     -1.871240    0.009010   -2.463980
  C     -0.400100   -1.365940   -0.279910
  C      1.035250   -0.525650   -0.670380
  C      1.288580    1.120960   -0.462890
  H      1.831240    1.525700   -1.400210
  H      0.266220    1.645570   -0.360720
  H      1.868960   -1.067460   -0.075380
  H      1.208330   -0.736030   -1.796120
  H     -0.868780   -0.702680    0.559480
  H     -0.013910   -2.331960    0.237170
  C      2.205380    1.402320    0.861670
  C      1.373720    1.236970    2.318920
  C      0.480570    2.597520    2.728000
  H      0.866530    3.513970    2.136040
  H      0.579150    2.798670    3.863000
  H     -0.631110    2.408060    2.462890
  H      0.669450    0.329110    2.244930
  H      2.149070    1.051330    3.152590
  H      3.096440    0.663950    0.882550
  H      2.629100    2.477960    0.813170
  H     -4.097650   -1.347470   -3.580560
  H     -1.320910   -3.887260   -0.892680

----------------------------
CARTESIAN COORDINATES (A.U.)
----------------------------
  NO LB      ZA    FRAG    MASS        X           Y           Z
   0 C     4.0000    0    12.011         -6.369510906994971         -3.232187579458909         -5.480054610280916
   1 C     4.0000    0    12.011         -4.663692920426935         -1.810282047251202         -4.057223112267589
   2 C     4.0000    0    12.011         -3.038037116459840         -3.287915603148246         -2.484309564698234
   3 C     4.0000    0    12.011         -3.462356222570517         -5.889747236115043         -2.666025629736102
   4 S     6.0000    0    32.060         -5.793749148511845         -6.220392617767245         -4.734179705222198
   5 H     1.0000    0     1.008         -3.536131130838803          0.017026432466630         -4.656247399459286
   6 C     4.0000    0    12.011         -0.756079426181893         -2.581252515368394         -0.528953242145898
   7 C     4.0000    0    12.011          1.956338980141976         -0.993334542295706         -1.266834605658129
   8 C     4.0000    0    12.011          2.435063301648246          2.118307407080366         -0.874735330130808
   9 H     1.0000    0     1.008          3.460542085481953          2.883155162523654         -2.646013429977876
  10 H     1.0000    0     1.008          0.503082891372516          3.109676634196794         -0.681662011028074
  11 H     1.0000    0     1.008          3.531822555253462         -2.017207058915579         -0.142447555974984
  12 H     1.0000    0     1.008          2.283412779401066         -1.390895126350059         -3.394174903658639
  13 H     1.0000    0     1.008         -1.641756270628105         -1.327872759783785          1.057263977406262
  14 H     1.0000    0     1.008         -0.026286090522845         -4.406765755259002          0.448186347182103
  15 C     4.0000    0    12.011          4.167564221227249          2.650000752120450          1.628320317815925
  16 C     4.0000    0    12.011          2.595954584690302          2.337534535876570          4.382123726472669
  17 C     4.0000    0    12.011          0.908145688178536          4.908601427383129          5.155172893337175
  18 H     1.0000    0     1.008          1.637504386826782          6.640440942815260          4.036530611101150
  19 H     1.0000    0     1.008          1.094434890460493          5.288719839221390          7.300012055337795
  20 H     1.0000    0     1.008         -1.192625060379041          4.550573914050409          4.654187597973311
  21 H     1.0000    0     1.008          1.265077160353582          0.621927767934823          4.242302889823836
  22 H     1.0000    0     1.008          4.061153742626145          1.986725776375430          5.957531712538799
  23 H     1.0000    0     1.008          5.851423590119120          1.254683666617015          1.667777799492201
  24 H     1.0000    0     1.008          4.968278978692363          4.682665770811504          1.536668600320744
  25 H     1.0000    0     1.008         -7.743436292662416         -2.546349273674869         -6.766277806073077
  26 H     1.0000    0     1.008         -2.496158147557920         -7.345856811346724         -1.686920725228823

--------------------------------
INTERNAL COORDINATES (ANGSTROEM)
--------------------------------
 C      0   0   0   0.000000     0.000     0.000
 C      1   0   0   1.395672     0.000     0.000
 C      2   1   0   1.429779   114.102     0.000
 C      3   2   1   1.398330   113.693     0.000
 S      1   2   3   1.658040   105.480     0.000
 H      2   1   3   1.179636   128.617   141.125
 C      3   2   1   1.633617   133.496   179.247
 C      7   3   2   1.708445   126.076   300.986
 C      8   7   3   1.678855   125.516    96.305
 H      9   8   7   1.156228   108.298   222.543
 H      9   8   7   1.153635   108.859   341.138
 H      8   7   3   1.158730   104.901   219.964
 H      8   7   3   1.158234   104.972   333.519
 H      7   3   2   1.167968   106.773    61.422
 H      7   3   2   1.161770   109.712   176.571
 C      9   8   7   1.635281   110.699   102.530
 C     16   9   8   1.685994   113.996   284.055
 C     17  16   9   1.678142   113.186   278.323
 H     18  17  16   1.157265   109.867   341.139
 H     18  17  16   1.156894   109.559   220.660
 H     18  17  16   1.158452   108.805   100.909
 H     17  16   9   1.151382   108.875    40.000
 H     17  16   9   1.153532   107.992   158.586
 H     16   9   8   1.157417   109.662    44.693
 H     16   9   8   1.157105   109.347   163.148
 H      1   2   3   1.059996   127.260   180.000
 H      4   3   2   1.059999   127.206   180.000

---------------------------
INTERNAL COORDINATES (A.U.)
---------------------------
 C      0   0   0   0.000000     0.000     0.000
 C      1   0   0   2.637438     0.000     0.000
 C      2   1   0   2.701891   114.102     0.000
 C      3   2   1   2.642460   113.693     0.000
 S      1   2   3   3.133241   105.480     0.000
 H      2   1   3   2.229189   128.617   141.125
 C      3   2   1   3.087090   133.496   179.247
 C      7   3   2   3.228493   126.076   300.986
 C      8   7   3   3.172575   125.516    96.305
 H      9   8   7   2.184954   108.298   222.543
 H      9   8   7   2.180055   108.859   341.138
 H      8   7   3   2.189683   104.901   219.964
 H      8   7   3   2.188746   104.972   333.519
 H      7   3   2   2.207141   106.773    61.422
 H      7   3   2   2.195427   109.712   176.571
 C      9   8   7   3.090234   110.699   102.530
 C     16   9   8   3.186067   113.996   284.055
 C     17  16   9   3.171228   113.186   278.323
 H     18  17  16   2.186914   109.867   341.139
 H     18  17  16   2.186213   109.559   220.660
 H     18  17  16   2.189157   108.805   100.909
 H     17  16   9   2.175797   108.875    40.000
 H     17  16   9   2.179859   107.992   158.586
 H     16   9   8   2.187201   109.662    44.693
 H     16   9   8   2.186612   109.347   163.148
 H      1   2   3   2.003101   127.260   180.000
 H      4   3   2   2.003108   127.206   180.000

----------------------------
SLATER BASIS SET DIM=  60
----------------------------
  0 C     2 shells
 l=0 nsto= 1
    2       1.625000000000        1.000000000000
 l=1 nsto= 1
    2       1.625000000000        1.000000000000
  1 C     2 shells
 l=0 nsto= 1
    2       1.625000000000        1.000000000000
 l=1 nsto= 1
    2       1.625000000000        1.000000000000
  2 C     2 shells
 l=0 nsto= 1
    2       1.625000000000        1.000000000000
 l=1 nsto= 1
    2       1.625000000000        1.000000000000
  3 C     2 shells
 l=0 nsto= 1
    2       1.625000000000        1.000000000000
 l=1 nsto= 1
    2       1.625000000000        1.000000000000
  4 S     2 shells
 l=0 nsto= 1
    3       1.925000000000        1.000000000000
 l=1 nsto= 1
    3       1.925000000000        1.000000000000
  5 H     1 shells
 l=0 nsto= 1
    1       1.200000000000        1.000000000000
  6 C     2 shells
 l=0 nsto= 1
    2       1.625000000000        1.000000000000
 l=1 nsto= 1
    2       1.625000000000        1.000000000000
  7 C     2 shells
 l=0 nsto= 1
    2       1.625000000000        1.000000000000
 l=1 nsto= 1
    2       1.625000000000        1.000000000000
  8 C     2 shells
 l=0 nsto= 1
    2       1.625000000000        1.000000000000
 l=1 nsto= 1
    2       1.625000000000        1.000000000000
  9 H     1 shells
 l=0 nsto= 1
    1       1.200000000000        1.000000000000
 10 H     1 shells
 l=0 nsto= 1
    1       1.200000000000        1.000000000000
 11 H     1 shells
 l=0 nsto= 1
    1       1.200000000000        1.000000000000
 12 H     1 shells
 l=0 nsto= 1
    1       1.200000000000        1.000000000000
 13 H     1 shells
 l=0 nsto= 1
    1       1.200000000000        1.000000000000
 14 H     1 shells
 l=0 nsto= 1
    1       1.200000000000        1.000000000000
 15 C     2 shells
 l=0 nsto= 1
    2       1.625000000000        1.000000000000
 l=1 nsto= 1
    2       1.625000000000        1.000000000000
 16 C     2 shells
 l=0 nsto= 1
    2       1.625000000000        1.000000000000
 l=1 nsto= 1
    2       1.625000000000        1.000000000000
 17 C     2 shells
 l=0 nsto= 1
    2       1.625000000000        1.000000000000
 l=1 nsto= 1
    2       1.625000000000        1.000000000000
 18 H     1 shells
 l=0 nsto= 1
    1       1.200000000000        1.000000000000
 19 H     1 shells
 l=0 nsto= 1
    1       1.200000000000        1.000000000000
 20 H     1 shells
 l=0 nsto= 1
    1       1.200000000000        1.000000000000
 21 H     1 shells
 l=0 nsto= 1
    1       1.200000000000        1.000000000000
 22 H     1 shells
 l=0 nsto= 1
    1       1.200000000000        1.000000000000
 23 H     1 shells
 l=0 nsto= 1
    1       1.200000000000        1.000000000000
 24 H     1 shells
 l=0 nsto= 1
    1       1.200000000000        1.000000000000
 25 H     1 shells
 l=0 nsto= 1
    1       1.200000000000        1.000000000000
 26 H     1 shells
 l=0 nsto= 1
    1       1.200000000000        1.000000000000
------------------------------------------------------------------------------
                           ORCA NDO INTEGRAL CALCULATION
------------------------------------------------------------------------------

--------------
NDO PARAMETERS
--------------

Gamma integral treatment              ... Mataga-Nishimoto
Nuclear repulsuion treatment          ... Direct (ZA*ZB/RAB)
Interaction factors:
s-s (sigma) =    1.0000
s-p (sigma) =    1.0000
s-d (sigma) =    1.0000
p-p (sigma) =    1.2670  p-p(pi) =    0.5850
p-d (sigma) =    1.0000  p-d(pi) =    1.0000
d-d (sigma) =    1.0000  d-d(pi) =    1.0000 d-d (delta) =    1.0000

fGamma parameter for Mataga-Nishimoto gamma integrals:    1.2000

--------------------------
Parameters for Element H :
--------------------------
 One-electron parameters (in eV)
  U(s)  =   -13.060000 Beta(s) =    12.000000 Neff(s) =     1.000000
 One-center electron repulsion parameters (in eV)
  G(s,s)=    12.850000
--------------------------
Parameters for Element C :
--------------------------
 One-electron parameters (in eV)
  U(s)  =   -50.870766 Beta(s) =    17.000000 Neff(s) =     2.000000
  U(p)  =   -41.599980 Beta(p) =    17.000000 Neff(p) =     2.000000 
 One-center electron repulsion parameters (in eV)
  G(s,s)=    11.110000
  G(s,p)=    11.110000 G(p,p)  =    11.110000
 Slater-Condon parameters (in eV)
 F2(p,p)=     4.5098 G1(s,p)=    6.8977
--------------------------
Parameters for Element S :
--------------------------
 One-electron parameters (in eV)
  U(s)  =   -69.509597 Beta(s) =    15.000000 Neff(s) =     2.000000
  U(p)  =   -60.725746 Beta(p) =    15.000000 Neff(p) =     4.000000 
 One-center electron repulsion parameters (in eV)
  G(s,s)=    10.090000
  G(s,p)=    10.090000 G(p,p)  =    10.090000
 Slater-Condon parameters (in eV)
 F2(p,p)=     4.5377 G1(s,p)=    3.0756

 Number of atoms                    ....   27
 Number of basis functions          ....   60

 Overlap integrals                  .... done
 One electron matrix                .... done
 Nuclear repulsion                  .... done
 Integral list                      .... done
 Electron-electron repulsion        .... done
-------------------------------------------------------------------------------
                                 ORCA SCF
-------------------------------------------------------------------------------

------------
SCF SETTINGS
------------
Hamiltonian:
 ZDO-Hamiltonian        Method          .... INDO


General Settings:
 Integral files         IntName         .... /Users/mattyjones/GoogleDrive/Boise/Code/MorphCT/tests/output_EZ/donor_polymer/chromophores/input_orca/single/00003
 Hartree-Fock type      HFTyp           .... RHF
 Total Charge           Charge          ....    0
 Multiplicity           Mult            ....    1
 Number of Electrons    NEL             ....   62
 Basis Dimension        Dim             ....   60
 Nuclear Repulsion      ENuc            ....    296.6642957280 Eh

Convergence Acceleration:
 DIIS                   CNVDIIS         .... on
   Start iteration      DIISMaxIt       ....    12
   Startup error        DIISStart       ....  0.200000
   # of expansion vecs  DIISMaxEq       ....     5
   Bias factor          DIISBfac        ....   1.050
   Max. coefficient     DIISMaxC        ....  10.000
 Newton-Raphson         CNVNR           .... off
 SOSCF                  CNVSOSCF        .... on
   Start iteration      SOSCFMaxIt      ....   150
   Startup grad/error   SOSCFStart      ....  0.003300
 Level Shifting         CNVShift        .... on
   Level shift para.    LevelShift      ....    0.2500
   Turn off err/grad.   ShiftErr        ....    0.0010
 Zerner damping         CNVZerner       .... off
 Static damping         CNVDamp         .... on
   Fraction old density DampFac         ....    0.7000
   Max. Damping (<1)    DampMax         ....    0.9800
   Min. Damping (>=0)   DampMin         ....    0.0000
   Turn off err/grad.   DampErr         ....    0.1000
 Fernandez-Rico         CNVRico         .... off

SCF Procedure:
 Maximum # iterations   MaxIter         ....   125
 SCF integral mode      SCFMode         .... Conventional
 Integral Buffer length BufferLength    .... 1048576
 Integral index format  IndFormat       ....     0
 Integral value format  ValFormat       ....     0
 Integral Storage       Thresh          ....  1.000e-08 Eh

Convergence Tolerance:
 Convergence Check Mode ConvCheckMode   .... Total+1el-Energy
 Energy Change          TolE            ....  1.000e-06 Eh
 1-El. energy change                    ....  1.000e-03 Eh
 Orbital Gradient       TolG            ....  5.000e-05
 Orbital Rotation angle TolX            ....  5.000e-05
 DIIS Error             TolErr          ....  1.000e-06


Diagonalization of the overlap matrix:
Smallest eigenvalue                        ... 1.692e-01
Time for diagonalization                   ...    0.001 sec
Threshold for overlap eigenvalues          ... 1.000e-08
Number of eigenvalues below threshold      ... 0
Time for construction of square roots      ...    0.000 sec
Total time needed                          ...    0.002 sec

-------------------------------
INITIAL GUESS: EXTENDED HUECKEL
-------------------------------
EHT matrix was read from disk
EHT matrix was diagonalized
Initial density was built
                      ------------------
                      INITIAL GUESS DONE
                      ------------------

 InCore treatment chosen:
   Memory dedicated               ...    1024 MB
   Memory needed                  ...      0 MB
   Number of tiny    integrals    ...       0
   Number of small   integrals    ...       0
   Number of regular integrals    ...    1896

--------------
SCF ITERATIONS
--------------
ITER       Energy         Delta-E        Max-DP      RMS-DP      [F,P]     Damp
  0     -6.1848640811   0.000000000000 0.04354374  0.00210424  0.1081737 0.7000
  1     -6.2068771812  -0.022013100052 0.04075108  0.00198632  0.0760076 0.7000
                               ***Turning on DIIS***
  2     -6.2231242613  -0.016247080138 0.10216061  0.00509593  0.0502002 0.0000
  3     -6.2654969224  -0.042372661037 0.01980158  0.00104893  0.0224201 0.0000
  4     -6.2573185762   0.008178346173 0.01169452  0.00073578  0.0064866 0.0000
  5     -6.2665432013  -0.009224625118 0.00765381  0.00050435  0.0036387 0.0000
  6     -6.2673374895  -0.000794288228 0.00499403  0.00036359  0.0019172 0.0000
                      *** Initiating the SOSCF procedure ***
                           *** Shutting down DIIS ***
                      *** Re-Reading the Fockian *** 
                      *** Removing any level shift *** 
ITER      Energy       Delta-E        Grad      Rot      Max-DP    RMS-DP
  7     -6.26570374   0.0016337533  0.003177  0.003177  0.003008  0.000211
  8     -6.26466783   0.0010359063  0.000884  0.002492  0.001509  0.000100
  9     -6.26467721  -0.0000093787  0.000395  0.002547  0.001792  0.000113
 10     -6.26468091  -0.0000037039  0.000033  0.000057  0.000095  0.000006
                 **** Energy Check signals convergence ****
              ***Rediagonalizing the Fockian in SOSCF/NRSCF***

               *****************************************************
               *                     SUCCESS                       *
               *           SCF CONVERGED AFTER  11 CYCLES          *
               *****************************************************


----------------
TOTAL SCF ENERGY
----------------

Total Energy       :           -6.26468095 Eh            -170.47064 eV

Components:
Nuclear Repulsion  :          296.66429573 Eh            8072.64589 eV
Electronic Energy  :         -302.92897667 Eh           -8243.11653 eV

One Electron Energy:         -560.70616456 Eh          -15257.59042 eV
Two Electron Energy:          257.77718788 Eh            7014.47389 eV


---------------
SCF CONVERGENCE
---------------

  Last Energy change         ...   -3.3582e-08  Tolerance :   1.0000e-06
  Last MAX-Density change    ...    5.8720e-05  Tolerance :   1.0000e-05
  Last RMS-Density change    ...    2.2825e-06  Tolerance :   1.0000e-06
  Last Orbital Gradient      ...    1.2502e-05  Tolerance :   5.0000e-05
  Last Orbital Rotation      ...    3.5427e-05  Tolerance :   5.0000e-05

             **** THE GBW FILE WAS UPDATED (/Users/mattyjones/GoogleDrive/Boise/Code/MorphCT/tests/output_EZ/donor_polymer/chromophores/input_orca/single/00003.gbw) ****
             **** DENSITY FILE WAS UPDATED (/Users/mattyjones/GoogleDrive/Boise/Code/MorphCT/tests/output_EZ/donor_polymer/chromophores/input_orca/single/00003.scfp.tmp) ****
             **** ENERGY FILE WAS UPDATED (/Users/mattyjones/GoogleDrive/Boise/Code/MorphCT/tests/output_EZ/donor_polymer/chromophores/input_orca/single/00003.en.tmp) ****
----------------
ORBITAL ENERGIES
----------------

  NO   OCC          E(Eh)            E(eV) 
   0   2.0000      -1.558338       -42.4045 
   1   2.0000      -1.412995       -38.4495 
   2   2.0000      -1.279242       -34.8099 
   3   2.0000      -1.191262       -32.4159 
   4   2.0000      -1.098550       -29.8931 
   5   2.0000      -1.029256       -28.0075 
   6   2.0000      -0.983676       -26.7672 
   7   2.0000      -0.912237       -24.8232 
   8   2.0000      -0.847802       -23.0699 
   9   2.0000      -0.821233       -22.3469 
  10   2.0000      -0.774442       -21.0736 
  11   2.0000      -0.729678       -19.8556 
  12   2.0000      -0.698246       -19.0002 
  13   2.0000      -0.680549       -18.5187 
  14   2.0000      -0.638790       -17.3824 
  15   2.0000      -0.608818       -16.5668 
  16   2.0000      -0.586849       -15.9690 
  17   2.0000      -0.586130       -15.9494 
  18   2.0000      -0.566106       -15.4045 
  19   2.0000      -0.547894       -14.9090 
  20   2.0000      -0.532567       -14.4919 
  21   2.0000      -0.522323       -14.2131 
  22   2.0000      -0.500030       -13.6065 
  23   2.0000      -0.496884       -13.5209 
  24   2.0000      -0.485219       -13.2035 
  25   2.0000      -0.473822       -12.8933 
  26   2.0000      -0.462877       -12.5955 
  27   2.0000      -0.459528       -12.5044 
  28   2.0000      -0.434304       -11.8180 
  29   2.0000      -0.351850        -9.5743 
  30   2.0000      -0.304435        -8.2841 
  31   0.0000       0.002861         0.0778 
  32   0.0000       0.056038         1.5249 
  33   0.0000       0.075883         2.0649 
  34   0.0000       0.091991         2.5032 
  35   0.0000       0.103051         2.8042 
  36   0.0000       0.109089         2.9685 
  37   0.0000       0.126980         3.4553 
  38   0.0000       0.141681         3.8553 
  39   0.0000       0.158291         4.3073 
  40   0.0000       0.164935         4.4881 
  41   0.0000       0.174862         4.7582 
  42   0.0000       0.199491         5.4284 
  43   0.0000       0.231828         6.3084 
  44   0.0000       0.234743         6.3877 
  45   0.0000       0.236465         6.4345 
  46   0.0000       0.239630         6.5207 
  47   0.0000       0.241426         6.5695 
  48   0.0000       0.244454         6.6519 
  49   0.0000       0.246142         6.6979 
  50   0.0000       0.247324         6.7300 
  51   0.0000       0.262656         7.1472 
  52   0.0000       0.265726         7.2308 
  53   0.0000       0.288554         7.8520 
  54   0.0000       0.307554         8.3690 
  55   0.0000       0.309312         8.4168 
  56   0.0000       0.334935         9.1140 
  57   0.0000       0.354402         9.6438 
  58   0.0000       0.400806        10.9065 
  59   0.0000       0.438349        11.9281 
-------
TIMINGS
-------

Total SCF time: 0 days 0 hours 0 min 0 sec 

Total time                  ....       0.067 sec
Sum of individual times     ....       0.059 sec  ( 87.3%)

Fock matrix formation       ....       0.044 sec  ( 65.2%)
Diagonalization             ....       0.005 sec  (  7.7%)
Density matrix formation    ....       0.001 sec  (  1.0%)
Population analysis         ....       0.000 sec  (  0.0%)
Initial guess               ....       0.001 sec  (  0.9%)
Orbital Transformation      ....       0.000 sec  (  0.0%)
Orbital Orthonormalization  ....       0.000 sec  (  0.0%)
DIIS solution               ....       0.005 sec  (  7.0%)
SOSCF solution              ....       0.004 sec  (  5.4%)

-------------------------   --------------------
FINAL SINGLE POINT ENERGY        -6.264680946118
-------------------------   --------------------


                            ***************************************
                            *     ORCA property calculations      *
                            ***************************************

                                    ---------------------
                                    Active property flags
                                    ---------------------
   (+) Dipole Moment


------------------------------------------------------------------------------
                       ORCA ELECTRIC PROPERTIES CALCULATION
------------------------------------------------------------------------------

Dipole Moment Calculation                       ... on
Quadrupole Moment Calculation                   ... off
Polarizability Calculation                      ... off
GBWName                                         ... /Users/mattyjones/GoogleDrive/Boise/Code/MorphCT/tests/output_EZ/donor_polymer/chromophores/input_orca/single/00003.gbw
Electron density file                           ... /Users/mattyjones/GoogleDrive/Boise/Code/MorphCT/tests/output_EZ/donor_polymer/chromophores/input_orca/single/00003.scfp.tmp

-------------
DIPOLE MOMENT
-------------
                                X             Y             Z
Electronic contribution:    -81.97944     -86.36626     -68.93930
Nuclear contribution   :     43.86748      46.14461      37.00863
                        -----------------------------------------
Total Dipole Moment    :    -38.11196     -40.22165     -31.93067
                        -----------------------------------------
Magnitude (a.u.)       :     63.95209
Magnitude (Debye)      :    162.55330


Timings for individual modules:

Sum of individual times         ...        0.163 sec (=   0.003 min)
STO integral calculation        ...        0.043 sec (=   0.001 min)  26.3 %
SCF iterations                  ...        0.120 sec (=   0.002 min)  73.7 %
                             ****ORCA TERMINATED NORMALLY****
TOTAL RUN TIME: 0 days 0 hours 0 minutes 0 seconds 474 msec

