
                                 *****************
                                 * O   R   C   A *
                                 *****************

           --- An Ab Initio, DFT and Semiempirical electronic structure package ---

                  #######################################################
                  #                        -***-                        #
                  #  Department of molecular theory and spectroscopy    #
                  #              Directorship: Frank Neese              #
                  # Max Planck Institute for Chemical Energy Conversion #
                  #                  D-45470 Muelheim/Ruhr              #
                  #                       Germany                       #
                  #                                                     #
                  #                  All rights reserved                #
                  #                        -***-                        #
                  #######################################################


                         Program Version 3.0.3 - RELEASE   -


 With contributions from (in alphabetic order):
   Ute Becker             : Parallelization
   Dmytro Bykov           : SCF Hessian
   Dmitry Ganyushin       : Spin-Orbit,Spin-Spin,Magnetic field MRCI
   Andreas Hansen         : Spin unrestricted coupled pair/coupled cluster methods
   Dimitrios Liakos       : Extrapolation schemes; parallel MDCI
   Robert Izsak           : Overlap fitted RIJCOSX, COSX-SCS-MP3
   Christian Kollmar      : KDIIS, OOCD, Brueckner-CCSD(T), CCSD density
   Simone Kossmann        : Meta GGA functionals, TD-DFT gradient, OOMP2, MP2 Hessian
   Taras Petrenko         : DFT Hessian,TD-DFT gradient, ASA and ECA modules, normal mode analysis, Resonance Raman, ABS, FL, XAS/XES, NRVS
   Christoph Reimann      : Effective Core Potentials
   Michael Roemelt        : Restricted open shell CIS
   Christoph Riplinger    : Improved optimizer, TS searches, QM/MM, DLPNO-CCSD
   Barbara Sandhoefer     : DKH picture change effects
   Igor Schapiro          : Molecular dynamics
   Kantharuban Sivalingam : CASSCF convergence, NEVPT2
   Boris Wezisla          : Elementary symmetry handling
   Frank Wennmohs         : Technical directorship


 We gratefully acknowledge several colleagues who have allowed us to
 interface, adapt or use parts of their codes:
   Stefan Grimme, W. Hujo, H. Kruse, T. Risthaus : VdW corrections, initial TS optimization,
                                                   DFT functionals, gCP
   Ed Valeev                                     : LibInt (2-el integral package), F12 methods
   Garnet Chan, S. Sharma, R. Olivares           : DMRG
   Ulf Ekstrom                                   : XCFun DFT Library
   Mihaly Kallay                                 : mrcc  (arbitrary order and MRCC methods)
   Andreas Klamt, Michael Diedenhofen            : otool_cosmo (COSMO solvation model)
   Frank Weinhold                                : gennbo (NPA and NBO analysis)
   Christopher J. Cramer and Donald G. Truhlar   : smd solvation model


 Your calculation uses the libint2 library for the computation of 2-el integrals
 For citations please refer to: http://libint.valeyev.net

 This ORCA versions uses:
   CBLAS   interface :  Fast vector & matrix operations
   LAPACKE interface :  Fast linear algebra routines
   SCALAPACK package :  Parallel linear algebra routines


leaving
================================================================================
                                        WARNINGS
                       Please study these warnings very carefully!
================================================================================
Now building the actual basis set

WARNING: Direct SCF is incompatible with Method<>HF and Method<>DFT
  ===> : conventional SCF is chosen

WARNING: The NDO methods need Guess=HUECKEL or Guess=HCORE or Guess=MOREAD
  ===> : Guess is set to Hueckel

WARNING: The NDO methods need %rel::SOCType==1
  ===> : %rel::SOCType is set to 1

WARNING: The NDO methods cannot have frozencore=1
  ===> : %method FrozenCore=0 end


INFO   : the flag for use of LIBINT has been found!

================================================================================
                                       INPUT FILE
================================================================================
NAME = /Users/mattyjones/GoogleDrive/Boise/Code/MorphCT/tests/output_EZ/donor_polymer/chromophores/input_orca/single/00016.inp
|  1> # ================================================================
|  2> # Orca input file made by Matty Jones
|  3> # ================================================================
|  4> ! ZINDO/S 
|  5> ! NOPOP
|  6> ! NOMOPRINT
|  7> * xyz 0   1
|  8>  C  -1.98733  -3.35684  -3.04280
|  9>  C  -0.86809  -2.89906  -2.34592
| 10>  C  -1.09216  -1.69548  -1.60738
| 11>  C  -2.39490  -1.20038  -1.72166
| 12>  S  -3.18978  -2.26290  -2.71647
| 13>  H  0.14508  -3.42411  -2.38649
| 14>  C  0.16663  -1.11442  -0.78007
| 15>  C  0.70903  0.48176  -1.00595
| 16>  C  0.03452  1.75589  -0.14552
| 17>  H  -0.92152  2.08153  -0.70039
| 18>  H  0.79431  2.63398  -0.23975
| 19>  H  1.83988  0.47645  -0.76517
| 20>  H  0.57125  0.71881  -2.12919
| 21>  H  -0.04660  -1.24243  0.35840
| 22>  H  1.10841  -1.76838  -1.01676
| 23>  C  -0.26330  1.52544  1.43705
| 24>  C  0.88069  2.14026  2.52081
| 25>  C  2.11844  1.10905  2.99827
| 26>  H  1.94306  0.05341  2.56061
| 27>  H  2.13731  1.05130  4.15508
| 28>  H  3.13004  1.52513  2.61872
| 29>  H  1.35925  3.07214  2.03893
| 30>  H  0.30684  2.46042  3.47086
| 31>  H  -0.36170  0.39752  1.66541
| 32>  H  -1.27350  2.03096  1.69909
| 33>  H  -2.05448  -4.22156  -3.65219
| 34>  H  -2.79138  -0.32850  -1.26753
| 35> *
| 36> 
| 37>                          ****END OF INPUT****
================================================================================

                       ****************************
                       * Single Point Calculation *
                       ****************************

---------------------------------
CARTESIAN COORDINATES (ANGSTROEM)
---------------------------------
  C     -1.987330   -3.356840   -3.042800
  C     -0.868090   -2.899060   -2.345920
  C     -1.092160   -1.695480   -1.607380
  C     -2.394900   -1.200380   -1.721660
  S     -3.189780   -2.262900   -2.716470
  H      0.145080   -3.424110   -2.386490
  C      0.166630   -1.114420   -0.780070
  C      0.709030    0.481760   -1.005950
  C      0.034520    1.755890   -0.145520
  H     -0.921520    2.081530   -0.700390
  H      0.794310    2.633980   -0.239750
  H      1.839880    0.476450   -0.765170
  H      0.571250    0.718810   -2.129190
  H     -0.046600   -1.242430    0.358400
  H      1.108410   -1.768380   -1.016760
  C     -0.263300    1.525440    1.437050
  C      0.880690    2.140260    2.520810
  C      2.118440    1.109050    2.998270
  H      1.943060    0.053410    2.560610
  H      2.137310    1.051300    4.155080
  H      3.130040    1.525130    2.618720
  H      1.359250    3.072140    2.038930
  H      0.306840    2.460420    3.470860
  H     -0.361700    0.397520    1.665410
  H     -1.273500    2.030960    1.699090
  H     -2.054480   -4.221560   -3.652190
  H     -2.791380   -0.328500   -1.267530

----------------------------
CARTESIAN COORDINATES (A.U.)
----------------------------
  NO LB      ZA    FRAG    MASS        X           Y           Z
   0 C     4.0000    0    12.011         -3.755509437725721         -6.343508275392215         -5.750058680295585
   1 C     4.0000    0    12.011         -1.640452359595699         -5.478429445805744         -4.433146332088543
   2 C     4.0000    0    12.011         -2.063883294423434         -3.203992865540804         -3.037507993142341
   3 C     4.0000    0    12.011         -4.525705118128005         -2.268389456636392         -3.253465895726862
   4 S     6.0000    0    32.060         -6.027810627459329         -4.276261268450400         -5.133384351013063
   5 H     1.0000    0     1.008          0.274161467509295         -6.470630152421098         -4.509812521341727
   6 C     4.0000    0    12.011          0.314885065695298         -2.105948598164521         -1.474118665287951
   7 C     4.0000    0    12.011          1.339872520734185          0.910394462277902         -1.900970004418083
   8 C     4.0000    0    12.011          0.065233346142962          3.318151221290986         -0.274992947008221
   9 H     1.0000    0     1.008         -1.741420426931112          3.933521639541103         -1.323545286937105
  10 H     1.0000    0     1.008          1.501028365434989          4.977500842225899         -0.453061840607620
  11 H     1.0000    0     1.008          3.476869319279032          0.900360016506780         -1.445961745892524
  12 H     1.0000    0     1.008          1.079506054002515          1.358354042323935         -4.023585987083790
  13 H     1.0000    0     1.008         -0.088061237840730         -2.347852440567781          0.677277846397377
  14 H     1.0000    0     1.008          2.094591344099654         -3.341753900703663         -1.921397943925772
  15 C     4.0000    0    12.011         -0.497564891061466          2.882663833728834          2.715630940751534
  16 C     4.0000    0    12.011          1.664262908883107          4.044505255386298          4.763640535650031
  17 C     4.0000    0    12.011          4.003271431144136          2.095800768825364          5.665909175552072
  18 H     1.0000    0     1.008          3.671851261777027          0.100930272812734          4.838851635780096
  19 H     1.0000    0     1.008          4.038930563291230          1.986669084591412          7.851963264533514
  20 H     1.0000    0     1.008          5.914918388218875          2.882078018627319          4.948663621422260
  21 H     1.0000    0     1.008          2.568610247532461          5.805503245064834          3.853019306236058
  22 H     1.0000    0     1.008          0.579843566932397          4.649519974422526          6.558974849181916
  23 H     1.0000    0     1.008         -0.683513942639317          0.751203932756376          3.147168800693792
  24 H     1.0000    0     1.008         -2.406566231548714          3.837958188948705          3.210814776884260
  25 H     1.0000    0     1.008         -3.882404547618533         -7.977592257916600         -6.901638889045856
  26 H     1.0000    0     1.008         -5.274943735705103         -0.620775034993131         -2.395284566529204

--------------------------------
INTERNAL COORDINATES (ANGSTROEM)
--------------------------------
 C      0   0   0   0.000000     0.000     0.000
 C      1   0   0   1.395673     0.000     0.000
 C      2   1   0   1.429774   114.101     0.000
 C      3   2   1   1.398326   113.693     0.000
 S      1   2   3   1.658036   105.480     0.000
 H      2   1   3   1.141857   122.888   181.643
 C      3   2   1   1.614505   116.453   180.042
 C      7   3   2   1.700885   121.220   125.124
 C      8   7   3   1.678902   121.065    86.481
 H      9   8   7   1.152360   107.518   276.378
 H      9   8   7   1.164990   105.577   162.628
 H      8   7   3   1.156211   106.256   208.348
 H      8   7   3   1.156220   106.464   324.041
 H      7   3   2   1.165319   108.567   249.371
 H      7   3   2   1.170741   108.818     4.855
 C      9   8   7   1.626755   117.686    42.384
 C     16   9   8   1.691524   116.615    99.036
 C     17  16   9   1.680294   117.205   268.292
 H     18  17  16   1.156149   109.941   355.039
 H     18  17  16   1.158404   109.048   234.890
 H     18  17  16   1.157806   109.263   115.441
 H     17  16   9   1.153095   107.859    30.341
 H     17  16   9   1.155163   106.960   147.484
 H     16   9   8   1.155004   110.260   337.312
 H     16   9   8   1.159620   108.516   219.374
 H      1   2   3   1.060003   127.260   180.000
 H      4   3   2   1.060002   127.206   180.000

---------------------------
INTERNAL COORDINATES (A.U.)
---------------------------
 C      0   0   0   0.000000     0.000     0.000
 C      1   0   0   2.637439     0.000     0.000
 C      2   1   0   2.701881   114.101     0.000
 C      3   2   1   2.642453   113.693     0.000
 S      1   2   3   3.133233   105.480     0.000
 H      2   1   3   2.157797   122.888   181.643
 C      3   2   1   3.050971   116.453   180.042
 C      7   3   2   3.214207   121.220   125.124
 C      8   7   3   3.172664   121.065    86.481
 H      9   8   7   2.177646   107.518   276.378
 H      9   8   7   2.201512   105.577   162.628
 H      8   7   3   2.184923   106.256   208.348
 H      8   7   3   2.184939   106.464   324.041
 H      7   3   2   2.202133   108.567   249.371
 H      7   3   2   2.212381   108.818     4.855
 C      9   8   7   3.074121   117.686    42.384
 C     16   9   8   3.196517   116.615    99.036
 C     17  16   9   3.175295   117.205   268.292
 H     18  17  16   2.184805   109.941   355.039
 H     18  17  16   2.189067   109.048   234.890
 H     18  17  16   2.187937   109.263   115.441
 H     17  16   9   2.179034   107.859    30.341
 H     17  16   9   2.182941   106.960   147.484
 H     16   9   8   2.182641   110.260   337.312
 H     16   9   8   2.191365   108.516   219.374
 H      1   2   3   2.003115   127.260   180.000
 H      4   3   2   2.003114   127.206   180.000

----------------------------
SLATER BASIS SET DIM=  60
----------------------------
  0 C     2 shells
 l=0 nsto= 1
    2       1.625000000000        1.000000000000
 l=1 nsto= 1
    2       1.625000000000        1.000000000000
  1 C     2 shells
 l=0 nsto= 1
    2       1.625000000000        1.000000000000
 l=1 nsto= 1
    2       1.625000000000        1.000000000000
  2 C     2 shells
 l=0 nsto= 1
    2       1.625000000000        1.000000000000
 l=1 nsto= 1
    2       1.625000000000        1.000000000000
  3 C     2 shells
 l=0 nsto= 1
    2       1.625000000000        1.000000000000
 l=1 nsto= 1
    2       1.625000000000        1.000000000000
  4 S     2 shells
 l=0 nsto= 1
    3       1.925000000000        1.000000000000
 l=1 nsto= 1
    3       1.925000000000        1.000000000000
  5 H     1 shells
 l=0 nsto= 1
    1       1.200000000000        1.000000000000
  6 C     2 shells
 l=0 nsto= 1
    2       1.625000000000        1.000000000000
 l=1 nsto= 1
    2       1.625000000000        1.000000000000
  7 C     2 shells
 l=0 nsto= 1
    2       1.625000000000        1.000000000000
 l=1 nsto= 1
    2       1.625000000000        1.000000000000
  8 C     2 shells
 l=0 nsto= 1
    2       1.625000000000        1.000000000000
 l=1 nsto= 1
    2       1.625000000000        1.000000000000
  9 H     1 shells
 l=0 nsto= 1
    1       1.200000000000        1.000000000000
 10 H     1 shells
 l=0 nsto= 1
    1       1.200000000000        1.000000000000
 11 H     1 shells
 l=0 nsto= 1
    1       1.200000000000        1.000000000000
 12 H     1 shells
 l=0 nsto= 1
    1       1.200000000000        1.000000000000
 13 H     1 shells
 l=0 nsto= 1
    1       1.200000000000        1.000000000000
 14 H     1 shells
 l=0 nsto= 1
    1       1.200000000000        1.000000000000
 15 C     2 shells
 l=0 nsto= 1
    2       1.625000000000        1.000000000000
 l=1 nsto= 1
    2       1.625000000000        1.000000000000
 16 C     2 shells
 l=0 nsto= 1
    2       1.625000000000        1.000000000000
 l=1 nsto= 1
    2       1.625000000000        1.000000000000
 17 C     2 shells
 l=0 nsto= 1
    2       1.625000000000        1.000000000000
 l=1 nsto= 1
    2       1.625000000000        1.000000000000
 18 H     1 shells
 l=0 nsto= 1
    1       1.200000000000        1.000000000000
 19 H     1 shells
 l=0 nsto= 1
    1       1.200000000000        1.000000000000
 20 H     1 shells
 l=0 nsto= 1
    1       1.200000000000        1.000000000000
 21 H     1 shells
 l=0 nsto= 1
    1       1.200000000000        1.000000000000
 22 H     1 shells
 l=0 nsto= 1
    1       1.200000000000        1.000000000000
 23 H     1 shells
 l=0 nsto= 1
    1       1.200000000000        1.000000000000
 24 H     1 shells
 l=0 nsto= 1
    1       1.200000000000        1.000000000000
 25 H     1 shells
 l=0 nsto= 1
    1       1.200000000000        1.000000000000
 26 H     1 shells
 l=0 nsto= 1
    1       1.200000000000        1.000000000000
------------------------------------------------------------------------------
                           ORCA NDO INTEGRAL CALCULATION
------------------------------------------------------------------------------

--------------
NDO PARAMETERS
--------------

Gamma integral treatment              ... Mataga-Nishimoto
Nuclear repulsuion treatment          ... Direct (ZA*ZB/RAB)
Interaction factors:
s-s (sigma) =    1.0000
s-p (sigma) =    1.0000
s-d (sigma) =    1.0000
p-p (sigma) =    1.2670  p-p(pi) =    0.5850
p-d (sigma) =    1.0000  p-d(pi) =    1.0000
d-d (sigma) =    1.0000  d-d(pi) =    1.0000 d-d (delta) =    1.0000

fGamma parameter for Mataga-Nishimoto gamma integrals:    1.2000

--------------------------
Parameters for Element H :
--------------------------
 One-electron parameters (in eV)
  U(s)  =   -13.060000 Beta(s) =    12.000000 Neff(s) =     1.000000
 One-center electron repulsion parameters (in eV)
  G(s,s)=    12.850000
--------------------------
Parameters for Element C :
--------------------------
 One-electron parameters (in eV)
  U(s)  =   -50.870766 Beta(s) =    17.000000 Neff(s) =     2.000000
  U(p)  =   -41.599980 Beta(p) =    17.000000 Neff(p) =     2.000000 
 One-center electron repulsion parameters (in eV)
  G(s,s)=    11.110000
  G(s,p)=    11.110000 G(p,p)  =    11.110000
 Slater-Condon parameters (in eV)
 F2(p,p)=     4.5098 G1(s,p)=    6.8977
--------------------------
Parameters for Element S :
--------------------------
 One-electron parameters (in eV)
  U(s)  =   -69.509597 Beta(s) =    15.000000 Neff(s) =     2.000000
  U(p)  =   -60.725746 Beta(p) =    15.000000 Neff(p) =     4.000000 
 One-center electron repulsion parameters (in eV)
  G(s,s)=    10.090000
  G(s,p)=    10.090000 G(p,p)  =    10.090000
 Slater-Condon parameters (in eV)
 F2(p,p)=     4.5377 G1(s,p)=    3.0756

 Number of atoms                    ....   27
 Number of basis functions          ....   60

 Overlap integrals                  .... done
 One electron matrix                .... done
 Nuclear repulsion                  .... done
 Integral list                      .... done
 Electron-electron repulsion        .... done
-------------------------------------------------------------------------------
                                 ORCA SCF
-------------------------------------------------------------------------------

------------
SCF SETTINGS
------------
Hamiltonian:
 ZDO-Hamiltonian        Method          .... INDO


General Settings:
 Integral files         IntName         .... /Users/mattyjones/GoogleDrive/Boise/Code/MorphCT/tests/output_EZ/donor_polymer/chromophores/input_orca/single/00016
 Hartree-Fock type      HFTyp           .... RHF
 Total Charge           Charge          ....    0
 Multiplicity           Mult            ....    1
 Number of Electrons    NEL             ....   62
 Basis Dimension        Dim             ....   60
 Nuclear Repulsion      ENuc            ....    298.5830417355 Eh

Convergence Acceleration:
 DIIS                   CNVDIIS         .... on
   Start iteration      DIISMaxIt       ....    12
   Startup error        DIISStart       ....  0.200000
   # of expansion vecs  DIISMaxEq       ....     5
   Bias factor          DIISBfac        ....   1.050
   Max. coefficient     DIISMaxC        ....  10.000
 Newton-Raphson         CNVNR           .... off
 SOSCF                  CNVSOSCF        .... on
   Start iteration      SOSCFMaxIt      ....   150
   Startup grad/error   SOSCFStart      ....  0.003300
 Level Shifting         CNVShift        .... on
   Level shift para.    LevelShift      ....    0.2500
   Turn off err/grad.   ShiftErr        ....    0.0010
 Zerner damping         CNVZerner       .... off
 Static damping         CNVDamp         .... on
   Fraction old density DampFac         ....    0.7000
   Max. Damping (<1)    DampMax         ....    0.9800
   Min. Damping (>=0)   DampMin         ....    0.0000
   Turn off err/grad.   DampErr         ....    0.1000
 Fernandez-Rico         CNVRico         .... off

SCF Procedure:
 Maximum # iterations   MaxIter         ....   125
 SCF integral mode      SCFMode         .... Conventional
 Integral Buffer length BufferLength    .... 1048576
 Integral index format  IndFormat       ....     0
 Integral value format  ValFormat       ....     0
 Integral Storage       Thresh          ....  1.000e-08 Eh

Convergence Tolerance:
 Convergence Check Mode ConvCheckMode   .... Total+1el-Energy
 Energy Change          TolE            ....  1.000e-06 Eh
 1-El. energy change                    ....  1.000e-03 Eh
 Orbital Gradient       TolG            ....  5.000e-05
 Orbital Rotation angle TolX            ....  5.000e-05
 DIIS Error             TolErr          ....  1.000e-06


Diagonalization of the overlap matrix:
Smallest eigenvalue                        ... 1.697e-01
Time for diagonalization                   ...    0.001 sec
Threshold for overlap eigenvalues          ... 1.000e-08
Number of eigenvalues below threshold      ... 0
Time for construction of square roots      ...    0.000 sec
Total time needed                          ...    0.002 sec

-------------------------------
INITIAL GUESS: EXTENDED HUECKEL
-------------------------------
EHT matrix was read from disk
EHT matrix was diagonalized
Initial density was built
                      ------------------
                      INITIAL GUESS DONE
                      ------------------

 InCore treatment chosen:
   Memory dedicated               ...    1024 MB
   Memory needed                  ...      0 MB
   Number of tiny    integrals    ...       0
   Number of small   integrals    ...       0
   Number of regular integrals    ...    1896

--------------
SCF ITERATIONS
--------------
ITER       Energy         Delta-E        Max-DP      RMS-DP      [F,P]     Damp
  0     -5.7085858859   0.000000000000 0.04125097  0.00202853  0.0809078 0.7000
  1     -5.7295083679  -0.020922482004 0.03907816  0.00191161  0.0582822 0.7000
                               ***Turning on DIIS***
  2     -5.7449777043  -0.015469336361 0.09949185  0.00490876  0.0386080 0.0000
  3     -5.7867830649  -0.041805360587 0.01634830  0.00100669  0.0140527 0.0000
  4     -5.7776577600   0.009125304854 0.01082557  0.00069857  0.0068065 0.0000
  5     -5.7864646191  -0.008806859055 0.00761928  0.00047178  0.0039021 0.0000
  6     -5.7872969420  -0.000832322874 0.00574766  0.00033490  0.0020837 0.0000
                      *** Initiating the SOSCF procedure ***
                           *** Shutting down DIIS ***
                      *** Re-Reading the Fockian *** 
                      *** Removing any level shift *** 
ITER      Energy       Delta-E        Grad      Rot      Max-DP    RMS-DP
  7     -5.78540515   0.0018917927  0.003018  0.003018  0.003427  0.000188
  8     -5.78461606   0.0007890847  0.000799  0.002191  0.001697  0.000087
  9     -5.78462323  -0.0000071636  0.000352  0.002138  0.001895  0.000091
 10     -5.78462584  -0.0000026086  0.000028  0.000077  0.000124  0.000006
                 **** Energy Check signals convergence ****
              ***Rediagonalizing the Fockian in SOSCF/NRSCF***

               *****************************************************
               *                     SUCCESS                       *
               *           SCF CONVERGED AFTER  11 CYCLES          *
               *****************************************************


----------------
TOTAL SCF ENERGY
----------------

Total Energy       :           -5.78462586 Eh            -157.40767 eV

Components:
Nuclear Repulsion  :          298.58304174 Eh            8124.85763 eV
Electronic Energy  :         -304.36766760 Eh           -8282.26530 eV

One Electron Energy:         -563.49864775 Eh          -15333.57775 eV
Two Electron Energy:          259.13098015 Eh            7051.31245 eV


---------------
SCF CONVERGENCE
---------------

  Last Energy change         ...   -2.4572e-08  Tolerance :   1.0000e-06
  Last MAX-Density change    ...    4.4158e-05  Tolerance :   1.0000e-05
  Last RMS-Density change    ...    1.9638e-06  Tolerance :   1.0000e-06
  Last Orbital Gradient      ...    1.0137e-05  Tolerance :   5.0000e-05
  Last Orbital Rotation      ...    2.0572e-05  Tolerance :   5.0000e-05

             **** THE GBW FILE WAS UPDATED (/Users/mattyjones/GoogleDrive/Boise/Code/MorphCT/tests/output_EZ/donor_polymer/chromophores/input_orca/single/00016.gbw) ****
             **** DENSITY FILE WAS UPDATED (/Users/mattyjones/GoogleDrive/Boise/Code/MorphCT/tests/output_EZ/donor_polymer/chromophores/input_orca/single/00016.scfp.tmp) ****
             **** ENERGY FILE WAS UPDATED (/Users/mattyjones/GoogleDrive/Boise/Code/MorphCT/tests/output_EZ/donor_polymer/chromophores/input_orca/single/00016.en.tmp) ****
----------------
ORBITAL ENERGIES
----------------

  NO   OCC          E(Eh)            E(eV) 
   0   2.0000      -1.557221       -42.3741 
   1   2.0000      -1.404359       -38.2146 
   2   2.0000      -1.283555       -34.9273 
   3   2.0000      -1.177758       -32.0484 
   4   2.0000      -1.114034       -30.3144 
   5   2.0000      -1.064517       -28.9670 
   6   2.0000      -0.962016       -26.1778 
   7   2.0000      -0.904035       -24.6000 
   8   2.0000      -0.846010       -23.0211 
   9   2.0000      -0.828427       -22.5426 
  10   2.0000      -0.783421       -21.3180 
  11   2.0000      -0.723807       -19.6958 
  12   2.0000      -0.697629       -18.9835 
  13   2.0000      -0.679069       -18.4784 
  14   2.0000      -0.641001       -17.4425 
  15   2.0000      -0.617640       -16.8068 
  16   2.0000      -0.590930       -16.0800 
  17   2.0000      -0.576780       -15.6950 
  18   2.0000      -0.575358       -15.6563 
  19   2.0000      -0.543715       -14.7952 
  20   2.0000      -0.534517       -14.5449 
  21   2.0000      -0.520464       -14.1625 
  22   2.0000      -0.505072       -13.7437 
  23   2.0000      -0.495219       -13.4756 
  24   2.0000      -0.483402       -13.1540 
  25   2.0000      -0.474736       -12.9182 
  26   2.0000      -0.469247       -12.7689 
  27   2.0000      -0.465708       -12.6726 
  28   2.0000      -0.437104       -11.8942 
  29   2.0000      -0.356955        -9.7132 
  30   2.0000      -0.304632        -8.2895 
  31   0.0000       0.007655         0.2083 
  32   0.0000       0.069265         1.8848 
  33   0.0000       0.078249         2.1293 
  34   0.0000       0.084028         2.2865 
  35   0.0000       0.104773         2.8510 
  36   0.0000       0.107641         2.9291 
  37   0.0000       0.122601         3.3362 
  38   0.0000       0.144358         3.9282 
  39   0.0000       0.159861         4.3500 
  40   0.0000       0.166387         4.5276 
  41   0.0000       0.167632         4.5615 
  42   0.0000       0.204232         5.5574 
  43   0.0000       0.229520         6.2456 
  44   0.0000       0.230469         6.2714 
  45   0.0000       0.237119         6.4523 
  46   0.0000       0.238195         6.4816 
  47   0.0000       0.240123         6.5341 
  48   0.0000       0.242745         6.6054 
  49   0.0000       0.244661         6.6576 
  50   0.0000       0.250446         6.8150 
  51   0.0000       0.257235         6.9997 
  52   0.0000       0.267069         7.2673 
  53   0.0000       0.282325         7.6825 
  54   0.0000       0.307970         8.3803 
  55   0.0000       0.311116         8.4659 
  56   0.0000       0.341482         9.2922 
  57   0.0000       0.354633         9.6500 
  58   0.0000       0.417362        11.3570 
  59   0.0000       0.428113        11.6495 
-------
TIMINGS
-------

Total SCF time: 0 days 0 hours 0 min 0 sec 

Total time                  ....       0.078 sec
Sum of individual times     ....       0.067 sec  ( 85.3%)

Fock matrix formation       ....       0.046 sec  ( 58.6%)
Diagonalization             ....       0.005 sec  (  6.2%)
Density matrix formation    ....       0.001 sec  (  0.9%)
Population analysis         ....       0.000 sec  (  0.0%)
Initial guess               ....       0.001 sec  (  0.8%)
Orbital Transformation      ....       0.000 sec  (  0.0%)
Orbital Orthonormalization  ....       0.000 sec  (  0.0%)
DIIS solution               ....       0.010 sec  ( 13.2%)
SOSCF solution              ....       0.004 sec  (  5.6%)

-------------------------   --------------------
FINAL SINGLE POINT ENERGY        -5.784625861341
-------------------------   --------------------


                            ***************************************
                            *     ORCA property calculations      *
                            ***************************************

                                    ---------------------
                                    Active property flags
                                    ---------------------
   (+) Dipole Moment


------------------------------------------------------------------------------
                       ORCA ELECTRIC PROPERTIES CALCULATION
------------------------------------------------------------------------------

Dipole Moment Calculation                       ... on
Quadrupole Moment Calculation                   ... off
Polarizability Calculation                      ... off
GBWName                                         ... /Users/mattyjones/GoogleDrive/Boise/Code/MorphCT/tests/output_EZ/donor_polymer/chromophores/input_orca/single/00016.gbw
Electron density file                           ... /Users/mattyjones/GoogleDrive/Boise/Code/MorphCT/tests/output_EZ/donor_polymer/chromophores/input_orca/single/00016.scfp.tmp

-------------
DIPOLE MOMENT
-------------
                                X             Y             Z
Electronic contribution:    -82.72294     -62.64042     -74.72999
Nuclear contribution   :     44.18324      34.01379      40.40783
                        -----------------------------------------
Total Dipole Moment    :    -38.53970     -28.62664     -34.32216
                        -----------------------------------------
Magnitude (a.u.)       :     59.01528
Magnitude (Debye)      :    150.00493


Timings for individual modules:

Sum of individual times         ...        0.206 sec (=   0.003 min)
STO integral calculation        ...        0.047 sec (=   0.001 min)  22.7 %
SCF iterations                  ...        0.159 sec (=   0.003 min)  77.3 %
                             ****ORCA TERMINATED NORMALLY****
TOTAL RUN TIME: 0 days 0 hours 0 minutes 0 seconds 485 msec

