
                                 *****************
                                 * O   R   C   A *
                                 *****************

           --- An Ab Initio, DFT and Semiempirical electronic structure package ---

                  #######################################################
                  #                        -***-                        #
                  #  Department of molecular theory and spectroscopy    #
                  #              Directorship: Frank Neese              #
                  # Max Planck Institute for Chemical Energy Conversion #
                  #                  D-45470 Muelheim/Ruhr              #
                  #                       Germany                       #
                  #                                                     #
                  #                  All rights reserved                #
                  #                        -***-                        #
                  #######################################################


                         Program Version 3.0.3 - RELEASE   -


 With contributions from (in alphabetic order):
   Ute Becker             : Parallelization
   Dmytro Bykov           : SCF Hessian
   Dmitry Ganyushin       : Spin-Orbit,Spin-Spin,Magnetic field MRCI
   Andreas Hansen         : Spin unrestricted coupled pair/coupled cluster methods
   Dimitrios Liakos       : Extrapolation schemes; parallel MDCI
   Robert Izsak           : Overlap fitted RIJCOSX, COSX-SCS-MP3
   Christian Kollmar      : KDIIS, OOCD, Brueckner-CCSD(T), CCSD density
   Simone Kossmann        : Meta GGA functionals, TD-DFT gradient, OOMP2, MP2 Hessian
   Taras Petrenko         : DFT Hessian,TD-DFT gradient, ASA and ECA modules, normal mode analysis, Resonance Raman, ABS, FL, XAS/XES, NRVS
   Christoph Reimann      : Effective Core Potentials
   Michael Roemelt        : Restricted open shell CIS
   Christoph Riplinger    : Improved optimizer, TS searches, QM/MM, DLPNO-CCSD
   Barbara Sandhoefer     : DKH picture change effects
   Igor Schapiro          : Molecular dynamics
   Kantharuban Sivalingam : CASSCF convergence, NEVPT2
   Boris Wezisla          : Elementary symmetry handling
   Frank Wennmohs         : Technical directorship


 We gratefully acknowledge several colleagues who have allowed us to
 interface, adapt or use parts of their codes:
   Stefan Grimme, W. Hujo, H. Kruse, T. Risthaus : VdW corrections, initial TS optimization,
                                                   DFT functionals, gCP
   Ed Valeev                                     : LibInt (2-el integral package), F12 methods
   Garnet Chan, S. Sharma, R. Olivares           : DMRG
   Ulf Ekstrom                                   : XCFun DFT Library
   Mihaly Kallay                                 : mrcc  (arbitrary order and MRCC methods)
   Andreas Klamt, Michael Diedenhofen            : otool_cosmo (COSMO solvation model)
   Frank Weinhold                                : gennbo (NPA and NBO analysis)
   Christopher J. Cramer and Donald G. Truhlar   : smd solvation model


 Your calculation uses the libint2 library for the computation of 2-el integrals
 For citations please refer to: http://libint.valeyev.net

 This ORCA versions uses:
   CBLAS   interface :  Fast vector & matrix operations
   LAPACKE interface :  Fast linear algebra routines
   SCALAPACK package :  Parallel linear algebra routines


leaving
================================================================================
                                        WARNINGS
                       Please study these warnings very carefully!
================================================================================
Now building the actual basis set

WARNING: Direct SCF is incompatible with Method<>HF and Method<>DFT
  ===> : conventional SCF is chosen

WARNING: The NDO methods need Guess=HUECKEL or Guess=HCORE or Guess=MOREAD
  ===> : Guess is set to Hueckel

WARNING: The NDO methods need %rel::SOCType==1
  ===> : %rel::SOCType is set to 1

WARNING: The NDO methods cannot have frozencore=1
  ===> : %method FrozenCore=0 end


INFO   : the flag for use of LIBINT has been found!

================================================================================
                                       INPUT FILE
================================================================================
NAME = /Users/mattyjones/GoogleDrive/Boise/Code/MorphCT/tests/output_EZ/donor_polymer/chromophores/input_orca/single/00012.inp
|  1> # ================================================================
|  2> # Orca input file made by Matty Jones
|  3> # ================================================================
|  4> ! ZINDO/S 
|  5> ! NOPOP
|  6> ! NOMOPRINT
|  7> * xyz 0   1
|  8>  C  1.07889  4.62392  -2.38516
|  9>  C  0.82850  3.25208  -2.44236
| 10>  C  1.11240  2.55556  -1.22642
| 11>  C  1.58938  3.38158  -0.20391
| 12>  S  1.63411  4.90875  -0.84903
| 13>  H  0.41749  2.72454  -3.36903
| 14>  C  0.87958  0.94695  -1.13839
| 15>  C  0.49526  -0.08222  0.20133
| 16>  C  -1.08358  -0.32802  0.77519
| 17>  H  -1.42998  0.68052  1.22617
| 18>  H  -1.74608  -0.57347  -0.13849
| 19>  H  1.19661  0.09981  1.07563
| 20>  H  0.78005  -1.13619  -0.21824
| 21>  H  1.85404  0.44820  -1.55399
| 22>  H  0.01841  0.68717  -1.88582
| 23>  C  -1.26555  -1.49167  1.90989
| 24>  C  -1.65819  -3.03216  1.31483
| 25>  C  -0.35346  -4.04067  0.98156
| 26>  H  0.58955  -3.40268  0.77836
| 27>  H  -0.59575  -4.68298  0.04947
| 28>  H  -0.16529  -4.73412  1.88952
| 29>  H  -2.25902  -2.89286  0.34115
| 30>  H  -2.32074  -3.55583  2.09990
| 31>  H  -0.28756  -1.59589  2.51758
| 32>  H  -2.11660  -1.18654  2.63264
| 33>  H  0.94280  5.33399  -3.16033
| 34>  H  1.86471  3.09222  0.77796
| 35> *
| 36> 
| 37>                          ****END OF INPUT****
================================================================================

                       ****************************
                       * Single Point Calculation *
                       ****************************

---------------------------------
CARTESIAN COORDINATES (ANGSTROEM)
---------------------------------
  C      1.078890    4.623920   -2.385160
  C      0.828500    3.252080   -2.442360
  C      1.112400    2.555560   -1.226420
  C      1.589380    3.381580   -0.203910
  S      1.634110    4.908750   -0.849030
  H      0.417490    2.724540   -3.369030
  C      0.879580    0.946950   -1.138390
  C      0.495260   -0.082220    0.201330
  C     -1.083580   -0.328020    0.775190
  H     -1.429980    0.680520    1.226170
  H     -1.746080   -0.573470   -0.138490
  H      1.196610    0.099810    1.075630
  H      0.780050   -1.136190   -0.218240
  H      1.854040    0.448200   -1.553990
  H      0.018410    0.687170   -1.885820
  C     -1.265550   -1.491670    1.909890
  C     -1.658190   -3.032160    1.314830
  C     -0.353460   -4.040670    0.981560
  H      0.589550   -3.402680    0.778360
  H     -0.595750   -4.682980    0.049470
  H     -0.165290   -4.734120    1.889520
  H     -2.259020   -2.892860    0.341150
  H     -2.320740   -3.555830    2.099900
  H     -0.287560   -1.595890    2.517580
  H     -2.116600   -1.186540    2.632640
  H      0.942800    5.333990   -3.160330
  H      1.864710    3.092220    0.777960

----------------------------
CARTESIAN COORDINATES (A.U.)
----------------------------
  NO LB      ZA    FRAG    MASS        X           Y           Z
   0 C     4.0000    0    12.011          2.038806628626299          8.737942465161154         -4.507299185583612
   1 C     4.0000    0    12.011          1.565638101953757          6.145540565602624         -4.615391520443908
   2 C     4.0000    0    12.011          2.102131351374001          4.829308518803794         -2.317597925163702
   3 C     4.0000    0    12.011          3.003492922731759          6.390260099945427         -0.385334055967882
   4 S     6.0000    0    32.060          3.088020372702057          9.276193159885946         -1.604434179483160
   5 H     1.0000    0     1.008          0.788941763650783          5.148634440913807         -6.366544036964714
   6 C     4.0000    0    12.011          1.662165312874455          1.789476162516729         -2.151245333594614
   7 C     4.0000    0    12.011          0.935905765085839         -0.155373282731005          0.380458562542366
   8 C     4.0000    0    12.011         -2.047669444194390         -0.619867966448849          1.464896801754415
   9 H     1.0000    0     1.008         -2.702270576984712          1.285996428656090          2.317125493630221
  10 H     1.0000    0     1.008         -3.299613007917219         -1.083701246019820         -0.261708172286754
  11 H     1.0000    0     1.008          2.261265189111509          0.188613565426680          2.032646121429716
  12 H     1.0000    0     1.008          1.474080870765272         -2.147087936099987         -0.412413831466974
  13 H     1.0000    0     1.008          3.503627841335357          0.846975253223505         -2.936615514852286
  14 H     1.0000    0     1.008          0.034789858125490          1.298563107446666         -3.563683337871375
  15 C     4.0000    0    12.011         -2.391542908784040         -2.818847782186313          3.609169045914860
  16 C     4.0000    0    12.011         -3.133524978006880         -5.729951994230663          2.484668612663679
  17 C     4.0000    0    12.011         -0.667942599295806         -7.635759697551585          1.854879584011744
  18 H     1.0000    0     1.008          1.114088042253274         -6.430133321371165          1.470887233598946
  19 H     1.0000    0     1.008         -1.125804344283586         -8.849549690630543          0.093484751845084
  20 H     1.0000    0     1.008         -0.312352832675844         -8.946190285119275          3.570675324566884
  21 H     1.0000    0     1.008         -4.268929131050786         -5.466713143775433          0.644680070587235
  22 H     1.0000    0     1.008         -4.385563028036406         -6.719544878781204          3.968235908621236
  23 H     1.0000    0     1.008         -0.543409647070395         -3.015795039863586          4.757536720237465
  24 H     1.0000    0     1.008         -3.999794335057721         -2.242235646942922          4.974968609206444
  25 H     1.0000    0     1.008          1.781633799060956         10.079780301074617         -5.972158192815350
  26 H     1.0000    0     1.008          3.523791219184297          5.843448945833973          1.470131343145377

--------------------------------
INTERNAL COORDINATES (ANGSTROEM)
--------------------------------
 C      0   0   0   0.000000     0.000     0.000
 C      1   0   0   1.395676     0.000     0.000
 C      2   1   0   1.429773   114.102     0.000
 C      3   2   1   1.398337   113.693     0.000
 S      1   2   3   1.658039   105.480     0.000
 H      2   1   3   1.142779   123.470   179.096
 C      3   2   1   1.627753   119.935   180.365
 C      7   3   2   1.732554   131.344   208.212
 C      8   7   3   1.697783   123.618    83.445
 H      9   8   7   1.157812   106.485   292.609
 H      9   8   7   1.154973   107.265    48.919
 H      8   7   3   1.135529   111.293   309.507
 H      8   7   3   1.169614   101.764   197.331
 H      7   3   2   1.170917   106.422    85.157
 H      7   3   2   1.169509   106.874   331.152
 C      9   8   7   1.635463   116.167   171.754
 C     16   9   8   1.697460   115.355   267.233
 C     17  16   9   1.682404   115.726    91.190
 H     18  17  16   1.156542   109.661   335.780
 H     18  17  16   1.157609   109.256   215.652
 H     18  17  16   1.157874   109.251    95.933
 H     17  16   9   1.152586   107.881   330.106
 H     17  16   9   1.153056   107.842   212.156
 H     16   9   8   1.156120   109.555    28.459
 H     16   9   8   1.157479   109.115   147.126
 H      1   2   3   1.060004   127.260   180.000
 H      4   3   2   1.060002   127.206   180.000

---------------------------
INTERNAL COORDINATES (A.U.)
---------------------------
 C      0   0   0   0.000000     0.000     0.000
 C      1   0   0   2.637446     0.000     0.000
 C      2   1   0   2.701878   114.102     0.000
 C      3   2   1   2.642473   113.693     0.000
 S      1   2   3   3.133239   105.480     0.000
 H      2   1   3   2.159540   123.470   179.096
 C      3   2   1   3.076008   119.935   180.365
 C      7   3   2   3.274052   131.344   208.212
 C      8   7   3   3.208346   123.618    83.445
 H      9   8   7   2.187948   106.485   292.609
 H      9   8   7   2.182583   107.265    48.919
 H      8   7   3   2.145840   111.293   309.507
 H      8   7   3   2.210250   101.764   197.331
 H      7   3   2   2.212713   106.422    85.157
 H      7   3   2   2.210051   106.874   331.152
 C      9   8   7   3.090577   116.167   171.754
 C     16   9   8   3.207735   115.355   267.233
 C     17  16   9   3.179282   115.726    91.190
 H     18  17  16   2.185548   109.661   335.780
 H     18  17  16   2.187564   109.256   215.652
 H     18  17  16   2.188065   109.251    95.933
 H     17  16   9   2.178071   107.881   330.106
 H     17  16   9   2.178960   107.842   212.156
 H     16   9   8   2.184750   109.555    28.459
 H     16   9   8   2.187319   109.115   147.126
 H      1   2   3   2.003117   127.260   180.000
 H      4   3   2   2.003114   127.206   180.000

----------------------------
SLATER BASIS SET DIM=  60
----------------------------
  0 C     2 shells
 l=0 nsto= 1
    2       1.625000000000        1.000000000000
 l=1 nsto= 1
    2       1.625000000000        1.000000000000
  1 C     2 shells
 l=0 nsto= 1
    2       1.625000000000        1.000000000000
 l=1 nsto= 1
    2       1.625000000000        1.000000000000
  2 C     2 shells
 l=0 nsto= 1
    2       1.625000000000        1.000000000000
 l=1 nsto= 1
    2       1.625000000000        1.000000000000
  3 C     2 shells
 l=0 nsto= 1
    2       1.625000000000        1.000000000000
 l=1 nsto= 1
    2       1.625000000000        1.000000000000
  4 S     2 shells
 l=0 nsto= 1
    3       1.925000000000        1.000000000000
 l=1 nsto= 1
    3       1.925000000000        1.000000000000
  5 H     1 shells
 l=0 nsto= 1
    1       1.200000000000        1.000000000000
  6 C     2 shells
 l=0 nsto= 1
    2       1.625000000000        1.000000000000
 l=1 nsto= 1
    2       1.625000000000        1.000000000000
  7 C     2 shells
 l=0 nsto= 1
    2       1.625000000000        1.000000000000
 l=1 nsto= 1
    2       1.625000000000        1.000000000000
  8 C     2 shells
 l=0 nsto= 1
    2       1.625000000000        1.000000000000
 l=1 nsto= 1
    2       1.625000000000        1.000000000000
  9 H     1 shells
 l=0 nsto= 1
    1       1.200000000000        1.000000000000
 10 H     1 shells
 l=0 nsto= 1
    1       1.200000000000        1.000000000000
 11 H     1 shells
 l=0 nsto= 1
    1       1.200000000000        1.000000000000
 12 H     1 shells
 l=0 nsto= 1
    1       1.200000000000        1.000000000000
 13 H     1 shells
 l=0 nsto= 1
    1       1.200000000000        1.000000000000
 14 H     1 shells
 l=0 nsto= 1
    1       1.200000000000        1.000000000000
 15 C     2 shells
 l=0 nsto= 1
    2       1.625000000000        1.000000000000
 l=1 nsto= 1
    2       1.625000000000        1.000000000000
 16 C     2 shells
 l=0 nsto= 1
    2       1.625000000000        1.000000000000
 l=1 nsto= 1
    2       1.625000000000        1.000000000000
 17 C     2 shells
 l=0 nsto= 1
    2       1.625000000000        1.000000000000
 l=1 nsto= 1
    2       1.625000000000        1.000000000000
 18 H     1 shells
 l=0 nsto= 1
    1       1.200000000000        1.000000000000
 19 H     1 shells
 l=0 nsto= 1
    1       1.200000000000        1.000000000000
 20 H     1 shells
 l=0 nsto= 1
    1       1.200000000000        1.000000000000
 21 H     1 shells
 l=0 nsto= 1
    1       1.200000000000        1.000000000000
 22 H     1 shells
 l=0 nsto= 1
    1       1.200000000000        1.000000000000
 23 H     1 shells
 l=0 nsto= 1
    1       1.200000000000        1.000000000000
 24 H     1 shells
 l=0 nsto= 1
    1       1.200000000000        1.000000000000
 25 H     1 shells
 l=0 nsto= 1
    1       1.200000000000        1.000000000000
 26 H     1 shells
 l=0 nsto= 1
    1       1.200000000000        1.000000000000
------------------------------------------------------------------------------
                           ORCA NDO INTEGRAL CALCULATION
------------------------------------------------------------------------------

--------------
NDO PARAMETERS
--------------

Gamma integral treatment              ... Mataga-Nishimoto
Nuclear repulsuion treatment          ... Direct (ZA*ZB/RAB)
Interaction factors:
s-s (sigma) =    1.0000
s-p (sigma) =    1.0000
s-d (sigma) =    1.0000
p-p (sigma) =    1.2670  p-p(pi) =    0.5850
p-d (sigma) =    1.0000  p-d(pi) =    1.0000
d-d (sigma) =    1.0000  d-d(pi) =    1.0000 d-d (delta) =    1.0000

fGamma parameter for Mataga-Nishimoto gamma integrals:    1.2000

--------------------------
Parameters for Element H :
--------------------------
 One-electron parameters (in eV)
  U(s)  =   -13.060000 Beta(s) =    12.000000 Neff(s) =     1.000000
 One-center electron repulsion parameters (in eV)
  G(s,s)=    12.850000
--------------------------
Parameters for Element C :
--------------------------
 One-electron parameters (in eV)
  U(s)  =   -50.870766 Beta(s) =    17.000000 Neff(s) =     2.000000
  U(p)  =   -41.599980 Beta(p) =    17.000000 Neff(p) =     2.000000 
 One-center electron repulsion parameters (in eV)
  G(s,s)=    11.110000
  G(s,p)=    11.110000 G(p,p)  =    11.110000
 Slater-Condon parameters (in eV)
 F2(p,p)=     4.5098 G1(s,p)=    6.8977
--------------------------
Parameters for Element S :
--------------------------
 One-electron parameters (in eV)
  U(s)  =   -69.509597 Beta(s) =    15.000000 Neff(s) =     2.000000
  U(p)  =   -60.725746 Beta(p) =    15.000000 Neff(p) =     4.000000 
 One-center electron repulsion parameters (in eV)
  G(s,s)=    10.090000
  G(s,p)=    10.090000 G(p,p)  =    10.090000
 Slater-Condon parameters (in eV)
 F2(p,p)=     4.5377 G1(s,p)=    3.0756

 Number of atoms                    ....   27
 Number of basis functions          ....   60

 Overlap integrals                  .... done
 One electron matrix                .... done
 Nuclear repulsion                  .... done
 Integral list                      .... done
 Electron-electron repulsion        .... done
-------------------------------------------------------------------------------
                                 ORCA SCF
-------------------------------------------------------------------------------

------------
SCF SETTINGS
------------
Hamiltonian:
 ZDO-Hamiltonian        Method          .... INDO


General Settings:
 Integral files         IntName         .... /Users/mattyjones/GoogleDrive/Boise/Code/MorphCT/tests/output_EZ/donor_polymer/chromophores/input_orca/single/00012
 Hartree-Fock type      HFTyp           .... RHF
 Total Charge           Charge          ....    0
 Multiplicity           Mult            ....    1
 Number of Electrons    NEL             ....   62
 Basis Dimension        Dim             ....   60
 Nuclear Repulsion      ENuc            ....    290.3164456413 Eh

Convergence Acceleration:
 DIIS                   CNVDIIS         .... on
   Start iteration      DIISMaxIt       ....    12
   Startup error        DIISStart       ....  0.200000
   # of expansion vecs  DIISMaxEq       ....     5
   Bias factor          DIISBfac        ....   1.050
   Max. coefficient     DIISMaxC        ....  10.000
 Newton-Raphson         CNVNR           .... off
 SOSCF                  CNVSOSCF        .... on
   Start iteration      SOSCFMaxIt      ....   150
   Startup grad/error   SOSCFStart      ....  0.003300
 Level Shifting         CNVShift        .... on
   Level shift para.    LevelShift      ....    0.2500
   Turn off err/grad.   ShiftErr        ....    0.0010
 Zerner damping         CNVZerner       .... off
 Static damping         CNVDamp         .... on
   Fraction old density DampFac         ....    0.7000
   Max. Damping (<1)    DampMax         ....    0.9800
   Min. Damping (>=0)   DampMin         ....    0.0000
   Turn off err/grad.   DampErr         ....    0.1000
 Fernandez-Rico         CNVRico         .... off

SCF Procedure:
 Maximum # iterations   MaxIter         ....   125
 SCF integral mode      SCFMode         .... Conventional
 Integral Buffer length BufferLength    .... 1048576
 Integral index format  IndFormat       ....     0
 Integral value format  ValFormat       ....     0
 Integral Storage       Thresh          ....  1.000e-08 Eh

Convergence Tolerance:
 Convergence Check Mode ConvCheckMode   .... Total+1el-Energy
 Energy Change          TolE            ....  1.000e-06 Eh
 1-El. energy change                    ....  1.000e-03 Eh
 Orbital Gradient       TolG            ....  5.000e-05
 Orbital Rotation angle TolX            ....  5.000e-05
 DIIS Error             TolErr          ....  1.000e-06


Diagonalization of the overlap matrix:
Smallest eigenvalue                        ... 1.698e-01
Time for diagonalization                   ...    0.001 sec
Threshold for overlap eigenvalues          ... 1.000e-08
Number of eigenvalues below threshold      ... 0
Time for construction of square roots      ...    0.000 sec
Total time needed                          ...    0.002 sec

-------------------------------
INITIAL GUESS: EXTENDED HUECKEL
-------------------------------
EHT matrix was read from disk
EHT matrix was diagonalized
Initial density was built
                      ------------------
                      INITIAL GUESS DONE
                      ------------------

 InCore treatment chosen:
   Memory dedicated               ...    1024 MB
   Memory needed                  ...      0 MB
   Number of tiny    integrals    ...       0
   Number of small   integrals    ...       0
   Number of regular integrals    ...    1896

--------------
SCF ITERATIONS
--------------
ITER       Energy         Delta-E        Max-DP      RMS-DP      [F,P]     Damp
  0     -7.8995391974   0.000000000000 0.04366876  0.00203837  0.1037672 0.7000
  1     -7.9203598791  -0.020820681711 0.04285834  0.00192084  0.0711572 0.7000
                               ***Turning on DIIS***
  2     -7.9357637904  -0.015403911304 0.11372803  0.00493450  0.0433146 0.0000
  3     -7.9772637386  -0.041499948189 0.02025507  0.00104442  0.0200793 0.0000
  4     -7.9682867551   0.008976983539 0.01503157  0.00071116  0.0083416 0.0000
  5     -7.9770497578  -0.008763002737 0.01060959  0.00048008  0.0049602 0.0000
  6     -7.9778560589  -0.000806301114 0.00774634  0.00033910  0.0028387 0.0000
                      *** Initiating the SOSCF procedure ***
                           *** Shutting down DIIS ***
                      *** Re-Reading the Fockian *** 
                      *** Removing any level shift *** 
ITER      Energy       Delta-E        Grad      Rot      Max-DP    RMS-DP
  7     -7.97601928   0.0018367742  0.002996  0.002996  0.004639  0.000190
  8     -7.97525605   0.0007632395  0.000793  0.002174  0.002303  0.000087
  9     -7.97526313  -0.0000070854  0.000351  0.002129  0.002564  0.000092
 10     -7.97526572  -0.0000025877  0.000027  0.000055  0.000132  0.000005
                 **** Energy Check signals convergence ****
              ***Rediagonalizing the Fockian in SOSCF/NRSCF***

               *****************************************************
               *                     SUCCESS                       *
               *           SCF CONVERGED AFTER  11 CYCLES          *
               *****************************************************


----------------
TOTAL SCF ENERGY
----------------

Total Energy       :           -7.97526574 Eh            -217.01801 eV

Components:
Nuclear Repulsion  :          290.31644564 Eh            7899.91211 eV
Electronic Energy  :         -298.29171138 Eh           -8116.93012 eV

One Electron Energy:         -551.41697929 Eh          -15004.81884 eV
Two Electron Energy:          253.12526790 Eh            6887.88871 eV


---------------
SCF CONVERGENCE
---------------

  Last Energy change         ...   -2.1475e-08  Tolerance :   1.0000e-06
  Last MAX-Density change    ...    4.3663e-05  Tolerance :   1.0000e-05
  Last RMS-Density change    ...    1.6978e-06  Tolerance :   1.0000e-06
  Last Orbital Gradient      ...    7.3700e-06  Tolerance :   5.0000e-05
  Last Orbital Rotation      ...    1.7039e-05  Tolerance :   5.0000e-05

             **** THE GBW FILE WAS UPDATED (/Users/mattyjones/GoogleDrive/Boise/Code/MorphCT/tests/output_EZ/donor_polymer/chromophores/input_orca/single/00012.gbw) ****
             **** DENSITY FILE WAS UPDATED (/Users/mattyjones/GoogleDrive/Boise/Code/MorphCT/tests/output_EZ/donor_polymer/chromophores/input_orca/single/00012.scfp.tmp) ****
             **** ENERGY FILE WAS UPDATED (/Users/mattyjones/GoogleDrive/Boise/Code/MorphCT/tests/output_EZ/donor_polymer/chromophores/input_orca/single/00012.en.tmp) ****
----------------
ORBITAL ENERGIES
----------------

  NO   OCC          E(Eh)            E(eV) 
   0   2.0000      -1.554635       -42.3038 
   1   2.0000      -1.397477       -38.0273 
   2   2.0000      -1.275796       -34.7162 
   3   2.0000      -1.179163       -32.0866 
   4   2.0000      -1.111828       -30.2544 
   5   2.0000      -1.061103       -28.8741 
   6   2.0000      -0.960857       -26.1463 
   7   2.0000      -0.877658       -23.8823 
   8   2.0000      -0.863871       -23.5071 
   9   2.0000      -0.839787       -22.8518 
  10   2.0000      -0.785617       -21.3777 
  11   2.0000      -0.713328       -19.4106 
  12   2.0000      -0.706431       -19.2230 
  13   2.0000      -0.667577       -18.1657 
  14   2.0000      -0.626232       -17.0406 
  15   2.0000      -0.613038       -16.6816 
  16   2.0000      -0.601584       -16.3699 
  17   2.0000      -0.575798       -15.6683 
  18   2.0000      -0.557409       -15.1679 
  19   2.0000      -0.553236       -15.0543 
  20   2.0000      -0.542964       -14.7748 
  21   2.0000      -0.524054       -14.2602 
  22   2.0000      -0.505011       -13.7421 
  23   2.0000      -0.496472       -13.5097 
  24   2.0000      -0.487241       -13.2585 
  25   2.0000      -0.478046       -13.0083 
  26   2.0000      -0.472068       -12.8456 
  27   2.0000      -0.456730       -12.4283 
  28   2.0000      -0.435199       -11.8424 
  29   2.0000      -0.357454        -9.7268 
  30   2.0000      -0.305554        -8.3145 
  31   0.0000       0.007261         0.1976 
  32   0.0000       0.059767         1.6263 
  33   0.0000       0.073859         2.0098 
  34   0.0000       0.086507         2.3540 
  35   0.0000       0.103340         2.8120 
  36   0.0000       0.106768         2.9053 
  37   0.0000       0.123489         3.3603 
  38   0.0000       0.141587         3.8528 
  39   0.0000       0.159757         4.3472 
  40   0.0000       0.165366         4.4998 
  41   0.0000       0.170623         4.6429 
  42   0.0000       0.203068         5.5258 
  43   0.0000       0.228506         6.2180 
  44   0.0000       0.233728         6.3601 
  45   0.0000       0.234366         6.3774 
  46   0.0000       0.237859         6.4725 
  47   0.0000       0.239749         6.5239 
  48   0.0000       0.241823         6.5803 
  49   0.0000       0.245948         6.6926 
  50   0.0000       0.254202         6.9172 
  51   0.0000       0.257313         7.0018 
  52   0.0000       0.266324         7.2471 
  53   0.0000       0.277650         7.5552 
  54   0.0000       0.304433         8.2841 
  55   0.0000       0.310084         8.4378 
  56   0.0000       0.338185         9.2025 
  57   0.0000       0.353274         9.6131 
  58   0.0000       0.413993        11.2653 
  59   0.0000       0.430197        11.7063 
-------
TIMINGS
-------

Total SCF time: 0 days 0 hours 0 min 0 sec 

Total time                  ....       0.067 sec
Sum of individual times     ....       0.052 sec  ( 77.6%)

Fock matrix formation       ....       0.040 sec  ( 59.7%)
Diagonalization             ....       0.005 sec  (  7.2%)
Density matrix formation    ....       0.001 sec  (  1.0%)
Population analysis         ....       0.000 sec  (  0.0%)
Initial guess               ....       0.001 sec  (  0.8%)
Orbital Transformation      ....       0.000 sec  (  0.0%)
Orbital Orthonormalization  ....       0.000 sec  (  0.0%)
DIIS solution               ....       0.004 sec  (  6.3%)
SOSCF solution              ....       0.002 sec  (  2.6%)

-------------------------   --------------------
FINAL SINGLE POINT ENERGY        -7.975265739797
-------------------------   --------------------


                            ***************************************
                            *     ORCA property calculations      *
                            ***************************************

                                    ---------------------
                                    Active property flags
                                    ---------------------
   (+) Dipole Moment


------------------------------------------------------------------------------
                       ORCA ELECTRIC PROPERTIES CALCULATION
------------------------------------------------------------------------------

Dipole Moment Calculation                       ... on
Quadrupole Moment Calculation                   ... off
Polarizability Calculation                      ... off
GBWName                                         ... /Users/mattyjones/GoogleDrive/Boise/Code/MorphCT/tests/output_EZ/donor_polymer/chromophores/input_orca/single/00012.gbw
Electron density file                           ... /Users/mattyjones/GoogleDrive/Boise/Code/MorphCT/tests/output_EZ/donor_polymer/chromophores/input_orca/single/00012.scfp.tmp

-------------
DIPOLE MOMENT
-------------
                                X             Y             Z
Electronic contribution:     43.07620     132.16555     -26.47166
Nuclear contribution   :    -23.11633     -71.24988      14.73789
                        -----------------------------------------
Total Dipole Moment    :     19.95986      60.91566     -11.73377
                        -----------------------------------------
Magnitude (a.u.)       :     65.16744
Magnitude (Debye)      :    165.64248


Timings for individual modules:

Sum of individual times         ...        0.156 sec (=   0.003 min)
STO integral calculation        ...        0.052 sec (=   0.001 min)  33.0 %
SCF iterations                  ...        0.105 sec (=   0.002 min)  67.0 %
                             ****ORCA TERMINATED NORMALLY****
TOTAL RUN TIME: 0 days 0 hours 0 minutes 0 seconds 457 msec

