
                                 *****************
                                 * O   R   C   A *
                                 *****************

           --- An Ab Initio, DFT and Semiempirical electronic structure package ---

                  #######################################################
                  #                        -***-                        #
                  #  Department of molecular theory and spectroscopy    #
                  #              Directorship: Frank Neese              #
                  # Max Planck Institute for Chemical Energy Conversion #
                  #                  D-45470 Muelheim/Ruhr              #
                  #                       Germany                       #
                  #                                                     #
                  #                  All rights reserved                #
                  #                        -***-                        #
                  #######################################################


                         Program Version 3.0.3 - RELEASE   -


 With contributions from (in alphabetic order):
   Ute Becker             : Parallelization
   Dmytro Bykov           : SCF Hessian
   Dmitry Ganyushin       : Spin-Orbit,Spin-Spin,Magnetic field MRCI
   Andreas Hansen         : Spin unrestricted coupled pair/coupled cluster methods
   Dimitrios Liakos       : Extrapolation schemes; parallel MDCI
   Robert Izsak           : Overlap fitted RIJCOSX, COSX-SCS-MP3
   Christian Kollmar      : KDIIS, OOCD, Brueckner-CCSD(T), CCSD density
   Simone Kossmann        : Meta GGA functionals, TD-DFT gradient, OOMP2, MP2 Hessian
   Taras Petrenko         : DFT Hessian,TD-DFT gradient, ASA and ECA modules, normal mode analysis, Resonance Raman, ABS, FL, XAS/XES, NRVS
   Christoph Reimann      : Effective Core Potentials
   Michael Roemelt        : Restricted open shell CIS
   Christoph Riplinger    : Improved optimizer, TS searches, QM/MM, DLPNO-CCSD
   Barbara Sandhoefer     : DKH picture change effects
   Igor Schapiro          : Molecular dynamics
   Kantharuban Sivalingam : CASSCF convergence, NEVPT2
   Boris Wezisla          : Elementary symmetry handling
   Frank Wennmohs         : Technical directorship


 We gratefully acknowledge several colleagues who have allowed us to
 interface, adapt or use parts of their codes:
   Stefan Grimme, W. Hujo, H. Kruse, T. Risthaus : VdW corrections, initial TS optimization,
                                                   DFT functionals, gCP
   Ed Valeev                                     : LibInt (2-el integral package), F12 methods
   Garnet Chan, S. Sharma, R. Olivares           : DMRG
   Ulf Ekstrom                                   : XCFun DFT Library
   Mihaly Kallay                                 : mrcc  (arbitrary order and MRCC methods)
   Andreas Klamt, Michael Diedenhofen            : otool_cosmo (COSMO solvation model)
   Frank Weinhold                                : gennbo (NPA and NBO analysis)
   Christopher J. Cramer and Donald G. Truhlar   : smd solvation model


 Your calculation uses the libint2 library for the computation of 2-el integrals
 For citations please refer to: http://libint.valeyev.net

 This ORCA versions uses:
   CBLAS   interface :  Fast vector & matrix operations
   LAPACKE interface :  Fast linear algebra routines
   SCALAPACK package :  Parallel linear algebra routines


leaving
================================================================================
                                        WARNINGS
                       Please study these warnings very carefully!
================================================================================
Now building the actual basis set

WARNING: Direct SCF is incompatible with Method<>HF and Method<>DFT
  ===> : conventional SCF is chosen

WARNING: The NDO methods need Guess=HUECKEL or Guess=HCORE or Guess=MOREAD
  ===> : Guess is set to Hueckel

WARNING: The NDO methods need %rel::SOCType==1
  ===> : %rel::SOCType is set to 1

WARNING: The NDO methods cannot have frozencore=1
  ===> : %method FrozenCore=0 end


INFO   : the flag for use of LIBINT has been found!

================================================================================
                                       INPUT FILE
================================================================================
NAME = /Users/mattyjones/GoogleDrive/Boise/Code/MorphCT/tests/output_EZ/donor_polymer/chromophores/input_orca/single/00017.inp
|  1> # ================================================================
|  2> # Orca input file made by Matty Jones
|  3> # ================================================================
|  4> ! ZINDO/S 
|  5> ! NOPOP
|  6> ! NOMOPRINT
|  7> * xyz 0   1
|  8>  C  4.88832  -0.27237  0.29302
|  9>  C  3.80476  -0.76383  -0.43654
| 10>  C  2.65577  0.08695  -0.42007
| 11>  C  2.83296  1.25610  0.32626
| 12>  S  4.38014  1.17678  0.91817
| 13>  H  3.37790  -1.84260  -0.12397
| 14>  C  1.36692  -0.40940  -1.25430
| 15>  C  -0.21767  -0.07816  -0.82199
| 16>  C  -0.84201  -1.13533  0.32926
| 17>  H  -0.54641  -2.21325  0.03506
| 18>  H  -0.35206  -0.87926  1.34521
| 19>  H  -0.28340  0.99648  -0.42529
| 20>  H  -0.86694  -0.17220  -1.77375
| 21>  H  1.41388  -1.57843  -1.34217
| 22>  H  1.47296  -0.00066  -2.34902
| 23>  C  -2.45950  -1.02023  0.44759
| 24>  C  -3.01074  0.41272  1.14606
| 25>  C  -3.34590  1.58155  -0.02203
| 26>  H  -2.62220  1.46526  -0.91694
| 27>  H  -3.22116  2.63393  0.44231
| 28>  H  -4.43466  1.44283  -0.38910
| 29>  H  -3.97144  0.19485  1.74075
| 30>  H  -2.19779  0.82163  1.85035
| 31>  H  -2.93359  -1.11330  -0.60367
| 32>  H  -2.85074  -1.89171  1.10301
| 33>  H  5.83627  -0.72924  0.42056
| 34>  H  2.12633  2.03086  0.48125
| 35> *
| 36> 
| 37>                          ****END OF INPUT****
================================================================================

                       ****************************
                       * Single Point Calculation *
                       ****************************

---------------------------------
CARTESIAN COORDINATES (ANGSTROEM)
---------------------------------
  C      4.888320   -0.272370    0.293020
  C      3.804760   -0.763830   -0.436540
  C      2.655770    0.086950   -0.420070
  C      2.832960    1.256100    0.326260
  S      4.380140    1.176780    0.918170
  H      3.377900   -1.842600   -0.123970
  C      1.366920   -0.409400   -1.254300
  C     -0.217670   -0.078160   -0.821990
  C     -0.842010   -1.135330    0.329260
  H     -0.546410   -2.213250    0.035060
  H     -0.352060   -0.879260    1.345210
  H     -0.283400    0.996480   -0.425290
  H     -0.866940   -0.172200   -1.773750
  H      1.413880   -1.578430   -1.342170
  H      1.472960   -0.000660   -2.349020
  C     -2.459500   -1.020230    0.447590
  C     -3.010740    0.412720    1.146060
  C     -3.345900    1.581550   -0.022030
  H     -2.622200    1.465260   -0.916940
  H     -3.221160    2.633930    0.442310
  H     -4.434660    1.442830   -0.389100
  H     -3.971440    0.194850    1.740750
  H     -2.197790    0.821630    1.850350
  H     -2.933590   -1.113300   -0.603670
  H     -2.850740   -1.891710    1.103010
  H      5.836270   -0.729240    0.420560
  H      2.126330    2.030860    0.481250

----------------------------
CARTESIAN COORDINATES (A.U.)
----------------------------
  NO LB      ZA    FRAG    MASS        X           Y           Z
   0 C     4.0000    0    12.011          9.237586054969933         -0.514704707096131          0.553727551761605
   1 C     4.0000    0    12.011          7.189954405298221         -1.443429512873070         -0.824941046501983
   2 C     4.0000    0    12.011          5.018677974684042          0.164311687344453         -0.793817257076300
   3 C     4.0000    0    12.011          5.353518548353549          2.373684996818484          0.616542048453148
   4 S     6.0000    0    32.060          8.277265028233831          2.223791919875850          1.735089844382476
   5 H     1.0000    0     1.008          6.383305907772596         -3.482009374363298         -0.234269348822218
   6 C     4.0000    0    12.011          2.583104446979637         -0.773653879227360         -2.370283489777426
   7 C     4.0000    0    12.011         -0.411336687570639         -0.147700994627285         -1.553335984821930
   8 C     4.0000    0    12.011         -1.591168302023033         -2.145462771624814          0.622211226854911
   9 H     1.0000    0     1.008         -1.032565256835911         -4.182436365901210          0.066253798255279
  10 H     1.0000    0     1.008         -0.665296982708316         -1.661560600511600          2.542078492612207
  11 H     1.0000    0     1.008         -0.535548386353283          1.883074297929849         -0.803681627495369
  12 H     1.0000    0     1.008         -1.638279174541690         -0.325410840261240         -3.351901730042820
  13 H     1.0000    0     1.008          2.671845986228579         -2.982800421565321         -2.536333725165087
  14 H     1.0000    0     1.008          2.783491006220647         -0.001247219248388         -4.439004483103698
  15 C     4.0000    0    12.011         -4.647781426379318         -1.927955293610478          0.845822520281813
  16 C     4.0000    0    12.011         -5.689474060442070          0.779927769991979          2.165739533041790
  17 C     4.0000    0    12.011         -6.322834671487116          2.988696367103155         -0.041630666730285
  18 H     1.0000    0     1.008         -4.955239868368306          2.768940114989453         -1.732765481237752
  19 H     1.0000    0     1.008         -6.087110233541779          4.977406355919202          0.835844766294709
  20 H     1.0000    0     1.008         -8.380292897055218          2.726553557805599         -0.735292438708759
  21 H     1.0000    0     1.008         -7.504933957300215          0.368213137194556          3.289540767623419
  22 H     1.0000    0     1.008         -4.153221199870788          1.552655683413718          3.496654751901188
  23 H     1.0000    0     1.008         -5.543681689210045         -2.103832104894529         -1.140770975264242
  24 H     1.0000    0     1.008         -5.387117879014669         -3.574813824800171          2.084386822976480
  25 H     1.0000    0     1.008         11.028951943620584         -1.378063885900733          0.794743222881922
  26 H     1.0000    0     1.008          4.018181370340775          3.837769216335313          0.909430701949602

--------------------------------
INTERNAL COORDINATES (ANGSTROEM)
--------------------------------
 C      0   0   0   0.000000     0.000     0.000
 C      1   0   0   1.395669     0.000     0.000
 C      2   1   0   1.429782   114.101     0.000
 C      3   2   1   1.398326   113.693     0.000
 S      1   2   3   1.658040   105.480     0.000
 H      2   1   3   1.201522   117.129   237.879
 C      3   2   1   1.613517   116.930   179.439
 C      7   3   2   1.675571   124.139   148.090
 C      8   7   3   1.683088   113.773   276.851
 H      9   8   7   1.155787   108.470   315.549
 H      9   8   7   1.156623   107.735    73.126
 H      8   7   3   1.147407   109.179    39.238
 H      8   7   3   1.155959   107.617   157.635
 H      7   3   2   1.173268   108.256    24.929
 H      7   3   2   1.173339   107.640   270.899
 C      9   8   7   1.625892   111.984   194.199
 C     16   9   8   1.686734   114.544   289.721
 C     17  16   9   1.686099   111.531    92.978
 H     18  17  16   1.156775   109.993   327.310
 H     18  17  16   1.157011   109.333   206.989
 H     18  17  16   1.157317   108.883    87.102
 H     17  16   9   1.150682   109.027   213.225
 H     17  16   9   1.150704   108.932   333.185
 H     16   9   8   1.156966   109.623    51.418
 H     16   9   8   1.158500   108.898   169.824
 H      1   2   3   1.060003   127.260   180.000
 H      4   3   2   1.060000   127.206   180.000

---------------------------
INTERNAL COORDINATES (A.U.)
---------------------------
 C      0   0   0   0.000000     0.000     0.000
 C      1   0   0   2.637433     0.000     0.000
 C      2   1   0   2.701896   114.101     0.000
 C      3   2   1   2.642454   113.693     0.000
 S      1   2   3   3.133241   105.480     0.000
 H      2   1   3   2.270547   117.129   237.879
 C      3   2   1   3.049105   116.930   179.439
 C      7   3   2   3.166370   124.139   148.090
 C      8   7   3   3.180575   113.773   276.851
 H      9   8   7   2.184122   108.470   315.549
 H      9   8   7   2.185701   107.735    73.126
 H      8   7   3   2.168285   109.179    39.238
 H      8   7   3   2.184447   107.617   157.635
 H      7   3   2   2.217155   108.256    24.929
 H      7   3   2   2.217290   107.640   270.899
 C      9   8   7   3.072490   111.984   194.199
 C     16   9   8   3.187465   114.544   289.721
 C     17  16   9   3.186265   111.531    92.978
 H     18  17  16   2.185988   109.993   327.310
 H     18  17  16   2.186435   109.333   206.989
 H     18  17  16   2.187012   108.883    87.102
 H     17  16   9   2.174473   109.027   213.225
 H     17  16   9   2.174515   108.932   333.185
 H     16   9   8   2.186349   109.623    51.418
 H     16   9   8   2.189247   108.898   169.824
 H      1   2   3   2.003115   127.260   180.000
 H      4   3   2   2.003111   127.206   180.000

----------------------------
SLATER BASIS SET DIM=  60
----------------------------
  0 C     2 shells
 l=0 nsto= 1
    2       1.625000000000        1.000000000000
 l=1 nsto= 1
    2       1.625000000000        1.000000000000
  1 C     2 shells
 l=0 nsto= 1
    2       1.625000000000        1.000000000000
 l=1 nsto= 1
    2       1.625000000000        1.000000000000
  2 C     2 shells
 l=0 nsto= 1
    2       1.625000000000        1.000000000000
 l=1 nsto= 1
    2       1.625000000000        1.000000000000
  3 C     2 shells
 l=0 nsto= 1
    2       1.625000000000        1.000000000000
 l=1 nsto= 1
    2       1.625000000000        1.000000000000
  4 S     2 shells
 l=0 nsto= 1
    3       1.925000000000        1.000000000000
 l=1 nsto= 1
    3       1.925000000000        1.000000000000
  5 H     1 shells
 l=0 nsto= 1
    1       1.200000000000        1.000000000000
  6 C     2 shells
 l=0 nsto= 1
    2       1.625000000000        1.000000000000
 l=1 nsto= 1
    2       1.625000000000        1.000000000000
  7 C     2 shells
 l=0 nsto= 1
    2       1.625000000000        1.000000000000
 l=1 nsto= 1
    2       1.625000000000        1.000000000000
  8 C     2 shells
 l=0 nsto= 1
    2       1.625000000000        1.000000000000
 l=1 nsto= 1
    2       1.625000000000        1.000000000000
  9 H     1 shells
 l=0 nsto= 1
    1       1.200000000000        1.000000000000
 10 H     1 shells
 l=0 nsto= 1
    1       1.200000000000        1.000000000000
 11 H     1 shells
 l=0 nsto= 1
    1       1.200000000000        1.000000000000
 12 H     1 shells
 l=0 nsto= 1
    1       1.200000000000        1.000000000000
 13 H     1 shells
 l=0 nsto= 1
    1       1.200000000000        1.000000000000
 14 H     1 shells
 l=0 nsto= 1
    1       1.200000000000        1.000000000000
 15 C     2 shells
 l=0 nsto= 1
    2       1.625000000000        1.000000000000
 l=1 nsto= 1
    2       1.625000000000        1.000000000000
 16 C     2 shells
 l=0 nsto= 1
    2       1.625000000000        1.000000000000
 l=1 nsto= 1
    2       1.625000000000        1.000000000000
 17 C     2 shells
 l=0 nsto= 1
    2       1.625000000000        1.000000000000
 l=1 nsto= 1
    2       1.625000000000        1.000000000000
 18 H     1 shells
 l=0 nsto= 1
    1       1.200000000000        1.000000000000
 19 H     1 shells
 l=0 nsto= 1
    1       1.200000000000        1.000000000000
 20 H     1 shells
 l=0 nsto= 1
    1       1.200000000000        1.000000000000
 21 H     1 shells
 l=0 nsto= 1
    1       1.200000000000        1.000000000000
 22 H     1 shells
 l=0 nsto= 1
    1       1.200000000000        1.000000000000
 23 H     1 shells
 l=0 nsto= 1
    1       1.200000000000        1.000000000000
 24 H     1 shells
 l=0 nsto= 1
    1       1.200000000000        1.000000000000
 25 H     1 shells
 l=0 nsto= 1
    1       1.200000000000        1.000000000000
 26 H     1 shells
 l=0 nsto= 1
    1       1.200000000000        1.000000000000
------------------------------------------------------------------------------
                           ORCA NDO INTEGRAL CALCULATION
------------------------------------------------------------------------------

--------------
NDO PARAMETERS
--------------

Gamma integral treatment              ... Mataga-Nishimoto
Nuclear repulsuion treatment          ... Direct (ZA*ZB/RAB)
Interaction factors:
s-s (sigma) =    1.0000
s-p (sigma) =    1.0000
s-d (sigma) =    1.0000
p-p (sigma) =    1.2670  p-p(pi) =    0.5850
p-d (sigma) =    1.0000  p-d(pi) =    1.0000
d-d (sigma) =    1.0000  d-d(pi) =    1.0000 d-d (delta) =    1.0000

fGamma parameter for Mataga-Nishimoto gamma integrals:    1.2000

--------------------------
Parameters for Element H :
--------------------------
 One-electron parameters (in eV)
  U(s)  =   -13.060000 Beta(s) =    12.000000 Neff(s) =     1.000000
 One-center electron repulsion parameters (in eV)
  G(s,s)=    12.850000
--------------------------
Parameters for Element C :
--------------------------
 One-electron parameters (in eV)
  U(s)  =   -50.870766 Beta(s) =    17.000000 Neff(s) =     2.000000
  U(p)  =   -41.599980 Beta(p) =    17.000000 Neff(p) =     2.000000 
 One-center electron repulsion parameters (in eV)
  G(s,s)=    11.110000
  G(s,p)=    11.110000 G(p,p)  =    11.110000
 Slater-Condon parameters (in eV)
 F2(p,p)=     4.5098 G1(s,p)=    6.8977
--------------------------
Parameters for Element S :
--------------------------
 One-electron parameters (in eV)
  U(s)  =   -69.509597 Beta(s) =    15.000000 Neff(s) =     2.000000
  U(p)  =   -60.725746 Beta(p) =    15.000000 Neff(p) =     4.000000 
 One-center electron repulsion parameters (in eV)
  G(s,s)=    10.090000
  G(s,p)=    10.090000 G(p,p)  =    10.090000
 Slater-Condon parameters (in eV)
 F2(p,p)=     4.5377 G1(s,p)=    3.0756

 Number of atoms                    ....   27
 Number of basis functions          ....   60

 Overlap integrals                  .... done
 One electron matrix                .... done
 Nuclear repulsion                  .... done
 Integral list                      .... done
 Electron-electron repulsion        .... done
-------------------------------------------------------------------------------
                                 ORCA SCF
-------------------------------------------------------------------------------

------------
SCF SETTINGS
------------
Hamiltonian:
 ZDO-Hamiltonian        Method          .... INDO


General Settings:
 Integral files         IntName         .... /Users/mattyjones/GoogleDrive/Boise/Code/MorphCT/tests/output_EZ/donor_polymer/chromophores/input_orca/single/00017
 Hartree-Fock type      HFTyp           .... RHF
 Total Charge           Charge          ....    0
 Multiplicity           Mult            ....    1
 Number of Electrons    NEL             ....   62
 Basis Dimension        Dim             ....   60
 Nuclear Repulsion      ENuc            ....    299.4596488235 Eh

Convergence Acceleration:
 DIIS                   CNVDIIS         .... on
   Start iteration      DIISMaxIt       ....    12
   Startup error        DIISStart       ....  0.200000
   # of expansion vecs  DIISMaxEq       ....     5
   Bias factor          DIISBfac        ....   1.050
   Max. coefficient     DIISMaxC        ....  10.000
 Newton-Raphson         CNVNR           .... off
 SOSCF                  CNVSOSCF        .... on
   Start iteration      SOSCFMaxIt      ....   150
   Startup grad/error   SOSCFStart      ....  0.003300
 Level Shifting         CNVShift        .... on
   Level shift para.    LevelShift      ....    0.2500
   Turn off err/grad.   ShiftErr        ....    0.0010
 Zerner damping         CNVZerner       .... off
 Static damping         CNVDamp         .... on
   Fraction old density DampFac         ....    0.7000
   Max. Damping (<1)    DampMax         ....    0.9800
   Min. Damping (>=0)   DampMin         ....    0.0000
   Turn off err/grad.   DampErr         ....    0.1000
 Fernandez-Rico         CNVRico         .... off

SCF Procedure:
 Maximum # iterations   MaxIter         ....   125
 SCF integral mode      SCFMode         .... Conventional
 Integral Buffer length BufferLength    .... 1048576
 Integral index format  IndFormat       ....     0
 Integral value format  ValFormat       ....     0
 Integral Storage       Thresh          ....  1.000e-08 Eh

Convergence Tolerance:
 Convergence Check Mode ConvCheckMode   .... Total+1el-Energy
 Energy Change          TolE            ....  1.000e-06 Eh
 1-El. energy change                    ....  1.000e-03 Eh
 Orbital Gradient       TolG            ....  5.000e-05
 Orbital Rotation angle TolX            ....  5.000e-05
 DIIS Error             TolErr          ....  1.000e-06


Diagonalization of the overlap matrix:
Smallest eigenvalue                        ... 1.676e-01
Time for diagonalization                   ...    0.001 sec
Threshold for overlap eigenvalues          ... 1.000e-08
Number of eigenvalues below threshold      ... 0
Time for construction of square roots      ...    0.000 sec
Total time needed                          ...    0.002 sec

-------------------------------
INITIAL GUESS: EXTENDED HUECKEL
-------------------------------
EHT matrix was read from disk
EHT matrix was diagonalized
Initial density was built
                      ------------------
                      INITIAL GUESS DONE
                      ------------------

 InCore treatment chosen:
   Memory dedicated               ...    1024 MB
   Memory needed                  ...      0 MB
   Number of tiny    integrals    ...       0
   Number of small   integrals    ...       0
   Number of regular integrals    ...    1896

--------------
SCF ITERATIONS
--------------
ITER       Energy         Delta-E        Max-DP      RMS-DP      [F,P]     Damp
  0     -5.2586436548   0.000000000000 0.04784998  0.00223916  0.1006256 0.7000
  1     -5.2831019093  -0.024458254505 0.04600559  0.00212330  0.0683604 0.7000
                               ***Turning on DIIS***
  2     -5.3010553253  -0.017953416019 0.11856376  0.00545310  0.0421070 0.0000
  3     -5.3490565873  -0.048001261951 0.01869211  0.00112785  0.0238421 0.0000
  4     -5.3384209809   0.010635606385 0.01178974  0.00082103  0.0085913 0.0000
  5     -5.3479536450  -0.009532664157 0.00870433  0.00056415  0.0050979 0.0000
  6     -5.3487880530  -0.000834407911 0.00705351  0.00041394  0.0027373 0.0000
  7     -5.3475355437   0.001252509205 0.00460035  0.00025134  0.0015904 0.0000
                      *** Initiating the SOSCF procedure ***
                           *** Shutting down DIIS ***
                      *** Re-Reading the Fockian *** 
                      *** Removing any level shift *** 
ITER      Energy       Delta-E        Grad      Rot      Max-DP    RMS-DP
  8     -5.34711827   0.0004172725  0.002013  0.002013  0.004559  0.000237
  9     -5.34667410   0.0004441725  0.000139  0.000388  0.000493  0.000024
                 **** Energy Check signals convergence ****
              ***Rediagonalizing the Fockian in SOSCF/NRSCF***

               *****************************************************
               *                     SUCCESS                       *
               *           SCF CONVERGED AFTER  10 CYCLES          *
               *****************************************************


----------------
TOTAL SCF ENERGY
----------------

Total Energy       :           -5.34667463 Eh            -145.49041 eV

Components:
Nuclear Repulsion  :          299.45964882 Eh            8148.71132 eV
Electronic Energy  :         -304.80632345 Eh           -8294.20173 eV

One Electron Energy:         -564.44320333 Eh          -15359.28041 eV
Two Electron Energy:          259.63687988 Eh            7065.07868 eV


---------------
SCF CONVERGENCE
---------------

  Last Energy change         ...   -5.2801e-07  Tolerance :   1.0000e-06
  Last MAX-Density change    ...    5.2230e-04  Tolerance :   1.0000e-05
  Last RMS-Density change    ...    2.5791e-05  Tolerance :   1.0000e-06
  Last Orbital Gradient      ...    9.2178e-05  Tolerance :   5.0000e-05
  Last Orbital Rotation      ...    5.4766e-04  Tolerance :   5.0000e-05

             **** THE GBW FILE WAS UPDATED (/Users/mattyjones/GoogleDrive/Boise/Code/MorphCT/tests/output_EZ/donor_polymer/chromophores/input_orca/single/00017.gbw) ****
             **** DENSITY FILE WAS UPDATED (/Users/mattyjones/GoogleDrive/Boise/Code/MorphCT/tests/output_EZ/donor_polymer/chromophores/input_orca/single/00017.scfp.tmp) ****
             **** ENERGY FILE WAS UPDATED (/Users/mattyjones/GoogleDrive/Boise/Code/MorphCT/tests/output_EZ/donor_polymer/chromophores/input_orca/single/00017.en.tmp) ****
----------------
ORBITAL ENERGIES
----------------

  NO   OCC          E(Eh)            E(eV) 
   0   2.0000      -1.564769       -42.5795 
   1   2.0000      -1.419180       -38.6178 
   2   2.0000      -1.285847       -34.9897 
   3   2.0000      -1.172032       -31.8926 
   4   2.0000      -1.105960       -30.0947 
   5   2.0000      -1.061707       -28.8905 
   6   2.0000      -0.956697       -26.0331 
   7   2.0000      -0.881572       -23.9888 
   8   2.0000      -0.862822       -23.4786 
   9   2.0000      -0.832936       -22.6653 
  10   2.0000      -0.779819       -21.2199 
  11   2.0000      -0.725648       -19.7459 
  12   2.0000      -0.690696       -18.7948 
  13   2.0000      -0.671318       -18.2675 
  14   2.0000      -0.648097       -17.6356 
  15   2.0000      -0.613988       -16.7075 
  16   2.0000      -0.586710       -15.9652 
  17   2.0000      -0.578493       -15.7416 
  18   2.0000      -0.572076       -15.5670 
  19   2.0000      -0.555075       -15.1044 
  20   2.0000      -0.532845       -14.4995 
  21   2.0000      -0.520177       -14.1547 
  22   2.0000      -0.512434       -13.9440 
  23   2.0000      -0.493209       -13.4209 
  24   2.0000      -0.477797       -13.0015 
  25   2.0000      -0.471286       -12.8243 
  26   2.0000      -0.467415       -12.7190 
  27   2.0000      -0.462584       -12.5875 
  28   2.0000      -0.436805       -11.8861 
  29   2.0000      -0.340519        -9.2660 
  30   2.0000      -0.304145        -8.2762 
  31   0.0000      -0.002812        -0.0765 
  32   0.0000       0.054480         1.4825 
  33   0.0000       0.079453         2.1620 
  34   0.0000       0.093229         2.5369 
  35   0.0000       0.103779         2.8240 
  36   0.0000       0.111152         3.0246 
  37   0.0000       0.126825         3.4511 
  38   0.0000       0.143376         3.9015 
  39   0.0000       0.159459         4.3391 
  40   0.0000       0.167886         4.5684 
  41   0.0000       0.186586         5.0773 
  42   0.0000       0.202524         5.5110 
  43   0.0000       0.232536         6.3276 
  44   0.0000       0.236674         6.4402 
  45   0.0000       0.236911         6.4467 
  46   0.0000       0.239316         6.5121 
  47   0.0000       0.241741         6.5781 
  48   0.0000       0.243619         6.6292 
  49   0.0000       0.247252         6.7281 
  50   0.0000       0.262567         7.1448 
  51   0.0000       0.263326         7.1655 
  52   0.0000       0.265612         7.2277 
  53   0.0000       0.281945         7.6721 
  54   0.0000       0.303809         8.2671 
  55   0.0000       0.308915         8.4060 
  56   0.0000       0.327591         8.9142 
  57   0.0000       0.344753         9.3812 
  58   0.0000       0.417778        11.3683 
  59   0.0000       0.431987        11.7550 
-------
TIMINGS
-------

Total SCF time: 0 days 0 hours 0 min 0 sec 

Total time                  ....       0.090 sec
Sum of individual times     ....       0.078 sec  ( 87.1%)

Fock matrix formation       ....       0.052 sec  ( 58.2%)
Diagonalization             ....       0.006 sec  (  7.2%)
Density matrix formation    ....       0.001 sec  (  1.4%)
Population analysis         ....       0.000 sec  (  0.0%)
Initial guess               ....       0.001 sec  (  0.8%)
Orbital Transformation      ....       0.000 sec  (  0.0%)
Orbital Orthonormalization  ....       0.000 sec  (  0.0%)
DIIS solution               ....       0.016 sec  ( 17.6%)
SOSCF solution              ....       0.002 sec  (  2.0%)

-------------------------   --------------------
FINAL SINGLE POINT ENERGY        -5.346674626757
-------------------------   --------------------


                            ***************************************
                            *     ORCA property calculations      *
                            ***************************************

                                    ---------------------
                                    Active property flags
                                    ---------------------
   (+) Dipole Moment


------------------------------------------------------------------------------
                       ORCA ELECTRIC PROPERTIES CALCULATION
------------------------------------------------------------------------------

Dipole Moment Calculation                       ... on
Quadrupole Moment Calculation                   ... off
Polarizability Calculation                      ... off
GBWName                                         ... /Users/mattyjones/GoogleDrive/Boise/Code/MorphCT/tests/output_EZ/donor_polymer/chromophores/input_orca/single/00017.gbw
Electron density file                           ... /Users/mattyjones/GoogleDrive/Boise/Code/MorphCT/tests/output_EZ/donor_polymer/chromophores/input_orca/single/00017.scfp.tmp

-------------
DIPOLE MOMENT
-------------
                                X             Y             Z
Electronic contribution:    120.97833      26.06689      20.01555
Nuclear contribution   :    -64.59356     -13.63904     -10.35122
                        -----------------------------------------
Total Dipole Moment    :     56.38477      12.42785       9.66433
                        -----------------------------------------
Magnitude (a.u.)       :     58.54137
Magnitude (Debye)      :    148.80034


Timings for individual modules:

Sum of individual times         ...        0.231 sec (=   0.004 min)
STO integral calculation        ...        0.084 sec (=   0.001 min)  36.3 %
SCF iterations                  ...        0.147 sec (=   0.002 min)  63.7 %
                             ****ORCA TERMINATED NORMALLY****
TOTAL RUN TIME: 0 days 0 hours 0 minutes 0 seconds 595 msec

