
                                 *****************
                                 * O   R   C   A *
                                 *****************

           --- An Ab Initio, DFT and Semiempirical electronic structure package ---

                  #######################################################
                  #                        -***-                        #
                  #  Department of molecular theory and spectroscopy    #
                  #              Directorship: Frank Neese              #
                  # Max Planck Institute for Chemical Energy Conversion #
                  #                  D-45470 Muelheim/Ruhr              #
                  #                       Germany                       #
                  #                                                     #
                  #                  All rights reserved                #
                  #                        -***-                        #
                  #######################################################


                         Program Version 3.0.3 - RELEASE   -


 With contributions from (in alphabetic order):
   Ute Becker             : Parallelization
   Dmytro Bykov           : SCF Hessian
   Dmitry Ganyushin       : Spin-Orbit,Spin-Spin,Magnetic field MRCI
   Andreas Hansen         : Spin unrestricted coupled pair/coupled cluster methods
   Dimitrios Liakos       : Extrapolation schemes; parallel MDCI
   Robert Izsak           : Overlap fitted RIJCOSX, COSX-SCS-MP3
   Christian Kollmar      : KDIIS, OOCD, Brueckner-CCSD(T), CCSD density
   Simone Kossmann        : Meta GGA functionals, TD-DFT gradient, OOMP2, MP2 Hessian
   Taras Petrenko         : DFT Hessian,TD-DFT gradient, ASA and ECA modules, normal mode analysis, Resonance Raman, ABS, FL, XAS/XES, NRVS
   Christoph Reimann      : Effective Core Potentials
   Michael Roemelt        : Restricted open shell CIS
   Christoph Riplinger    : Improved optimizer, TS searches, QM/MM, DLPNO-CCSD
   Barbara Sandhoefer     : DKH picture change effects
   Igor Schapiro          : Molecular dynamics
   Kantharuban Sivalingam : CASSCF convergence, NEVPT2
   Boris Wezisla          : Elementary symmetry handling
   Frank Wennmohs         : Technical directorship


 We gratefully acknowledge several colleagues who have allowed us to
 interface, adapt or use parts of their codes:
   Stefan Grimme, W. Hujo, H. Kruse, T. Risthaus : VdW corrections, initial TS optimization,
                                                   DFT functionals, gCP
   Ed Valeev                                     : LibInt (2-el integral package), F12 methods
   Garnet Chan, S. Sharma, R. Olivares           : DMRG
   Ulf Ekstrom                                   : XCFun DFT Library
   Mihaly Kallay                                 : mrcc  (arbitrary order and MRCC methods)
   Andreas Klamt, Michael Diedenhofen            : otool_cosmo (COSMO solvation model)
   Frank Weinhold                                : gennbo (NPA and NBO analysis)
   Christopher J. Cramer and Donald G. Truhlar   : smd solvation model


 Your calculation uses the libint2 library for the computation of 2-el integrals
 For citations please refer to: http://libint.valeyev.net

 This ORCA versions uses:
   CBLAS   interface :  Fast vector & matrix operations
   LAPACKE interface :  Fast linear algebra routines
   SCALAPACK package :  Parallel linear algebra routines


leaving
================================================================================
                                        WARNINGS
                       Please study these warnings very carefully!
================================================================================
Now building the actual basis set

WARNING: Direct SCF is incompatible with Method<>HF and Method<>DFT
  ===> : conventional SCF is chosen

WARNING: The NDO methods need Guess=HUECKEL or Guess=HCORE or Guess=MOREAD
  ===> : Guess is set to Hueckel

WARNING: The NDO methods need %rel::SOCType==1
  ===> : %rel::SOCType is set to 1

WARNING: The NDO methods cannot have frozencore=1
  ===> : %method FrozenCore=0 end


INFO   : the flag for use of LIBINT has been found!

================================================================================
                                       INPUT FILE
================================================================================
NAME = /Users/mattyjones/GoogleDrive/Boise/Code/MorphCT/tests/output_EZ/donor_polymer/chromophores/input_orca/single/00019.inp
|  1> # ================================================================
|  2> # Orca input file made by Matty Jones
|  3> # ================================================================
|  4> ! ZINDO/S 
|  5> ! NOPOP
|  6> ! NOMOPRINT
|  7> * xyz 0   1
|  8>  C  4.64406  1.12752  -1.73083
|  9>  C  3.61283  0.28990  -1.30321
| 10>  C  2.53658  0.97277  -0.65542
| 11>  C  2.71888  2.35659  -0.57110
| 12>  S  4.18152  2.65817  -1.29233
| 13>  H  3.62944  -0.84008  -1.46511
| 14>  C  1.36156  -0.02678  -0.17597
| 15>  C  -0.25881  0.15168  -0.60113
| 16>  C  -1.30941  0.99559  0.38773
| 17>  H  -0.73156  1.84982  0.90060
| 18>  H  -2.15289  1.44212  -0.26332
| 19>  H  -0.26698  0.68180  -1.63117
| 20>  H  -0.68595  -0.91356  -0.74066
| 21>  H  1.35808  -0.02587  0.99620
| 22>  H  1.62728  -1.12035  -0.49973
| 23>  C  -1.93837  0.00323  1.52216
| 24>  C  -3.27587  -0.93583  1.07664
| 25>  C  -2.92398  -2.50227  0.56112
| 26>  H  -2.18851  -2.99332  1.30765
| 27>  H  -2.45031  -2.47015  -0.49278
| 28>  H  -3.90461  -3.11661  0.52608
| 29>  H  -3.82247  -0.39603  0.21784
| 30>  H  -3.97397  -1.01176  1.99027
| 31>  H  -1.11435  -0.73064  1.87583
| 32>  H  -2.26745  0.64470  2.42827
| 33>  H  5.53508  0.84476  -2.23055
| 34>  H  2.06015  3.06461  -0.13708
| 35> *
| 36> 
| 37>                          ****END OF INPUT****
================================================================================

                       ****************************
                       * Single Point Calculation *
                       ****************************

---------------------------------
CARTESIAN COORDINATES (ANGSTROEM)
---------------------------------
  C      4.644060    1.127520   -1.730830
  C      3.612830    0.289900   -1.303210
  C      2.536580    0.972770   -0.655420
  C      2.718880    2.356590   -0.571100
  S      4.181520    2.658170   -1.292330
  H      3.629440   -0.840080   -1.465110
  C      1.361560   -0.026780   -0.175970
  C     -0.258810    0.151680   -0.601130
  C     -1.309410    0.995590    0.387730
  H     -0.731560    1.849820    0.900600
  H     -2.152890    1.442120   -0.263320
  H     -0.266980    0.681800   -1.631170
  H     -0.685950   -0.913560   -0.740660
  H      1.358080   -0.025870    0.996200
  H      1.627280   -1.120350   -0.499730
  C     -1.938370    0.003230    1.522160
  C     -3.275870   -0.935830    1.076640
  C     -2.923980   -2.502270    0.561120
  H     -2.188510   -2.993320    1.307650
  H     -2.450310   -2.470150   -0.492780
  H     -3.904610   -3.116610    0.526080
  H     -3.822470   -0.396030    0.217840
  H     -3.973970   -1.011760    1.990270
  H     -1.114350   -0.730640    1.875830
  H     -2.267450    0.644700    2.428270
  H      5.535080    0.844760   -2.230550
  H      2.060150    3.064610   -0.137080

----------------------------
CARTESIAN COORDINATES (A.U.)
----------------------------
  NO LB      ZA    FRAG    MASS        X           Y           Z
   0 C     4.0000    0    12.011          8.776001549498327          2.130704010518890         -3.270794684374920
   1 C     4.0000    0    12.011          6.827259268414716          0.547831606223771         -2.462709994987514
   2 C     4.0000    0    12.011          4.793441516781968          1.838268891294576         -1.238564302694667
   3 C     4.0000    0    12.011          5.137938590995812          4.453309709937483         -1.079222595082427
   4 S     6.0000    0    32.060          7.901927623514392          5.023213317405454         -2.442149774650451
   5 H     1.0000    0     1.008          6.858647619499148         -1.587521130584565         -2.768656656069365
   6 C     4.0000    0    12.011          2.572975514901819         -0.050606865866411         -0.332535107786123
   7 C     4.0000    0    12.011         -0.489080020720159          0.286633659993175         -1.135971070884082
   8 C     4.0000    0    12.011         -2.474426297017826          1.881392441670659          0.732703513905287
   9 H     1.0000    0     1.008         -1.382448050531431          3.495653197050210          1.701887356209479
  10 H     1.0000    0     1.008         -4.068372496457724          2.725211852250516         -0.497602685584144
  11 H     1.0000    0     1.008         -0.504519083234296          1.288415278107509         -3.082464577868328
  12 H     1.0000    0     1.008         -1.296257641563282         -1.726378206905099         -1.399644558350114
  13 H     1.0000    0     1.008          2.566399267955773         -0.048887215084543          1.882545174612351
  14 H     1.0000    0     1.008          3.075113543207375         -2.117154674138674         -0.944352840904467
  15 C     4.0000    0    12.011         -3.662988446208936          0.006103815412566          2.876465532009572
  16 C     4.0000    0    12.011         -6.190497150328611         -1.768462407907525          2.034554744824976
  17 C     4.0000    0    12.011         -5.525521421063061         -4.728605013127130          1.060363128265893
  18 H     1.0000    0     1.008         -4.135684541347999         -5.656555031189161          2.471100379022125
  19 H     1.0000    0     1.008         -4.630414843208582         -4.667907009705580         -0.931219244273714
  20 H     1.0000    0     1.008         -7.378643559770258         -5.889539366240312          0.994147124533292
  21 H     1.0000    0     1.008         -7.223421455129967         -0.748388240816833          0.411657941013405
  22 H     1.0000    0     1.008         -7.509714964419037         -1.911949313256166          3.761065232559449
  23 H     1.0000    0     1.008         -2.105816317335147         -1.380709502488223          3.544804973793502
  24 H     1.0000    0     1.008         -4.284859522359742          1.218306438539031          4.588765279216958
  25 H     1.0000    0     1.008         10.459785329344841          1.596365048891316         -4.215128628018048
  26 H     1.0000    0     1.008          3.893119294797867          5.791273607276407         -0.259043658437925

--------------------------------
INTERNAL COORDINATES (ANGSTROEM)
--------------------------------
 C      0   0   0   0.000000     0.000     0.000
 C      1   0   0   1.395672     0.000     0.000
 C      2   1   0   1.429775   114.102     0.000
 C      3   2   1   1.398321   113.693     0.000
 S      1   2   3   1.658046   105.479     0.000
 H      2   1   3   1.141640   122.672   179.630
 C      3   2   1   1.615439   112.735   179.934
 C      7   3   2   1.684698   123.997   234.489
 C      8   7   3   1.671463   120.579   267.116
 H      9   8   7   1.151805   108.817    33.387
 H      9   8   7   1.155298   108.702   152.337
 H      8   7   3   1.158480   106.239    28.691
 H      8   7   3   1.156137   106.750   143.950
 H      7   3   2   1.172176   107.366   112.744
 H      7   3   2   1.171035   109.312   358.030
 C      9   8   7   1.633187   110.256   273.221
 C     16   9   8   1.693880   117.274   276.739
 C     17  16   9   1.686215   115.508    95.321
 H     18  17  16   1.157304   109.243    47.273
 H     18  17  16   1.155898   109.783   286.761
 H     18  17  16   1.157703   108.993   166.797
 H     17  16   9   1.152256   108.113   334.445
 H     17  16   9   1.152315   107.840   216.093
 H     16   9   8   1.158731   108.843    38.173
 H     16   9   8   1.157935   108.445   155.799
 H      1   2   3   1.059995   127.260   179.999
 H      4   3   2   1.059996   127.207   180.000

---------------------------
INTERNAL COORDINATES (A.U.)
---------------------------
 C      0   0   0   0.000000     0.000     0.000
 C      1   0   0   2.637439     0.000     0.000
 C      2   1   0   2.701884   114.102     0.000
 C      3   2   1   2.642443   113.693     0.000
 S      1   2   3   3.133252   105.479     0.000
 H      2   1   3   2.157387   122.672   179.630
 C      3   2   1   3.052738   112.735   179.934
 C      7   3   2   3.183618   123.997   234.489
 C      8   7   3   3.158607   120.579   267.116
 H      9   8   7   2.176596   108.817    33.387
 H      9   8   7   2.183197   108.702   152.337
 H      8   7   3   2.189210   106.239    28.691
 H      8   7   3   2.184783   106.750   143.950
 H      7   3   2   2.215091   107.366   112.744
 H      7   3   2   2.212935   109.312   358.030
 C      9   8   7   3.086277   110.256   273.221
 C     16   9   8   3.200968   117.274   276.739
 C     17  16   9   3.186485   115.508    95.321
 H     18  17  16   2.186988   109.243    47.273
 H     18  17  16   2.184331   109.783   286.761
 H     18  17  16   2.187742   108.993   166.797
 H     17  16   9   2.177448   108.113   334.445
 H     17  16   9   2.177559   107.840   216.093
 H     16   9   8   2.189683   108.843    38.173
 H     16   9   8   2.188179   108.445   155.799
 H      1   2   3   2.003101   127.260   179.999
 H      4   3   2   2.003102   127.207   180.000

----------------------------
SLATER BASIS SET DIM=  60
----------------------------
  0 C     2 shells
 l=0 nsto= 1
    2       1.625000000000        1.000000000000
 l=1 nsto= 1
    2       1.625000000000        1.000000000000
  1 C     2 shells
 l=0 nsto= 1
    2       1.625000000000        1.000000000000
 l=1 nsto= 1
    2       1.625000000000        1.000000000000
  2 C     2 shells
 l=0 nsto= 1
    2       1.625000000000        1.000000000000
 l=1 nsto= 1
    2       1.625000000000        1.000000000000
  3 C     2 shells
 l=0 nsto= 1
    2       1.625000000000        1.000000000000
 l=1 nsto= 1
    2       1.625000000000        1.000000000000
  4 S     2 shells
 l=0 nsto= 1
    3       1.925000000000        1.000000000000
 l=1 nsto= 1
    3       1.925000000000        1.000000000000
  5 H     1 shells
 l=0 nsto= 1
    1       1.200000000000        1.000000000000
  6 C     2 shells
 l=0 nsto= 1
    2       1.625000000000        1.000000000000
 l=1 nsto= 1
    2       1.625000000000        1.000000000000
  7 C     2 shells
 l=0 nsto= 1
    2       1.625000000000        1.000000000000
 l=1 nsto= 1
    2       1.625000000000        1.000000000000
  8 C     2 shells
 l=0 nsto= 1
    2       1.625000000000        1.000000000000
 l=1 nsto= 1
    2       1.625000000000        1.000000000000
  9 H     1 shells
 l=0 nsto= 1
    1       1.200000000000        1.000000000000
 10 H     1 shells
 l=0 nsto= 1
    1       1.200000000000        1.000000000000
 11 H     1 shells
 l=0 nsto= 1
    1       1.200000000000        1.000000000000
 12 H     1 shells
 l=0 nsto= 1
    1       1.200000000000        1.000000000000
 13 H     1 shells
 l=0 nsto= 1
    1       1.200000000000        1.000000000000
 14 H     1 shells
 l=0 nsto= 1
    1       1.200000000000        1.000000000000
 15 C     2 shells
 l=0 nsto= 1
    2       1.625000000000        1.000000000000
 l=1 nsto= 1
    2       1.625000000000        1.000000000000
 16 C     2 shells
 l=0 nsto= 1
    2       1.625000000000        1.000000000000
 l=1 nsto= 1
    2       1.625000000000        1.000000000000
 17 C     2 shells
 l=0 nsto= 1
    2       1.625000000000        1.000000000000
 l=1 nsto= 1
    2       1.625000000000        1.000000000000
 18 H     1 shells
 l=0 nsto= 1
    1       1.200000000000        1.000000000000
 19 H     1 shells
 l=0 nsto= 1
    1       1.200000000000        1.000000000000
 20 H     1 shells
 l=0 nsto= 1
    1       1.200000000000        1.000000000000
 21 H     1 shells
 l=0 nsto= 1
    1       1.200000000000        1.000000000000
 22 H     1 shells
 l=0 nsto= 1
    1       1.200000000000        1.000000000000
 23 H     1 shells
 l=0 nsto= 1
    1       1.200000000000        1.000000000000
 24 H     1 shells
 l=0 nsto= 1
    1       1.200000000000        1.000000000000
 25 H     1 shells
 l=0 nsto= 1
    1       1.200000000000        1.000000000000
 26 H     1 shells
 l=0 nsto= 1
    1       1.200000000000        1.000000000000
------------------------------------------------------------------------------
                           ORCA NDO INTEGRAL CALCULATION
------------------------------------------------------------------------------

--------------
NDO PARAMETERS
--------------

Gamma integral treatment              ... Mataga-Nishimoto
Nuclear repulsuion treatment          ... Direct (ZA*ZB/RAB)
Interaction factors:
s-s (sigma) =    1.0000
s-p (sigma) =    1.0000
s-d (sigma) =    1.0000
p-p (sigma) =    1.2670  p-p(pi) =    0.5850
p-d (sigma) =    1.0000  p-d(pi) =    1.0000
d-d (sigma) =    1.0000  d-d(pi) =    1.0000 d-d (delta) =    1.0000

fGamma parameter for Mataga-Nishimoto gamma integrals:    1.2000

--------------------------
Parameters for Element H :
--------------------------
 One-electron parameters (in eV)
  U(s)  =   -13.060000 Beta(s) =    12.000000 Neff(s) =     1.000000
 One-center electron repulsion parameters (in eV)
  G(s,s)=    12.850000
--------------------------
Parameters for Element C :
--------------------------
 One-electron parameters (in eV)
  U(s)  =   -50.870766 Beta(s) =    17.000000 Neff(s) =     2.000000
  U(p)  =   -41.599980 Beta(p) =    17.000000 Neff(p) =     2.000000 
 One-center electron repulsion parameters (in eV)
  G(s,s)=    11.110000
  G(s,p)=    11.110000 G(p,p)  =    11.110000
 Slater-Condon parameters (in eV)
 F2(p,p)=     4.5098 G1(s,p)=    6.8977
--------------------------
Parameters for Element S :
--------------------------
 One-electron parameters (in eV)
  U(s)  =   -69.509597 Beta(s) =    15.000000 Neff(s) =     2.000000
  U(p)  =   -60.725746 Beta(p) =    15.000000 Neff(p) =     4.000000 
 One-center electron repulsion parameters (in eV)
  G(s,s)=    10.090000
  G(s,p)=    10.090000 G(p,p)  =    10.090000
 Slater-Condon parameters (in eV)
 F2(p,p)=     4.5377 G1(s,p)=    3.0756

 Number of atoms                    ....   27
 Number of basis functions          ....   60

 Overlap integrals                  .... done
 One electron matrix                .... done
 Nuclear repulsion                  .... done
 Integral list                      .... done
 Electron-electron repulsion        .... done
-------------------------------------------------------------------------------
                                 ORCA SCF
-------------------------------------------------------------------------------

------------
SCF SETTINGS
------------
Hamiltonian:
 ZDO-Hamiltonian        Method          .... INDO


General Settings:
 Integral files         IntName         .... /Users/mattyjones/GoogleDrive/Boise/Code/MorphCT/tests/output_EZ/donor_polymer/chromophores/input_orca/single/00019
 Hartree-Fock type      HFTyp           .... RHF
 Total Charge           Charge          ....    0
 Multiplicity           Mult            ....    1
 Number of Electrons    NEL             ....   62
 Basis Dimension        Dim             ....   60
 Nuclear Repulsion      ENuc            ....    296.0850455500 Eh

Convergence Acceleration:
 DIIS                   CNVDIIS         .... on
   Start iteration      DIISMaxIt       ....    12
   Startup error        DIISStart       ....  0.200000
   # of expansion vecs  DIISMaxEq       ....     5
   Bias factor          DIISBfac        ....   1.050
   Max. coefficient     DIISMaxC        ....  10.000
 Newton-Raphson         CNVNR           .... off
 SOSCF                  CNVSOSCF        .... on
   Start iteration      SOSCFMaxIt      ....   150
   Startup grad/error   SOSCFStart      ....  0.003300
 Level Shifting         CNVShift        .... on
   Level shift para.    LevelShift      ....    0.2500
   Turn off err/grad.   ShiftErr        ....    0.0010
 Zerner damping         CNVZerner       .... off
 Static damping         CNVDamp         .... on
   Fraction old density DampFac         ....    0.7000
   Max. Damping (<1)    DampMax         ....    0.9800
   Min. Damping (>=0)   DampMin         ....    0.0000
   Turn off err/grad.   DampErr         ....    0.1000
 Fernandez-Rico         CNVRico         .... off

SCF Procedure:
 Maximum # iterations   MaxIter         ....   125
 SCF integral mode      SCFMode         .... Conventional
 Integral Buffer length BufferLength    .... 1048576
 Integral index format  IndFormat       ....     0
 Integral value format  ValFormat       ....     0
 Integral Storage       Thresh          ....  1.000e-08 Eh

Convergence Tolerance:
 Convergence Check Mode ConvCheckMode   .... Total+1el-Energy
 Energy Change          TolE            ....  1.000e-06 Eh
 1-El. energy change                    ....  1.000e-03 Eh
 Orbital Gradient       TolG            ....  5.000e-05
 Orbital Rotation angle TolX            ....  5.000e-05
 DIIS Error             TolErr          ....  1.000e-06


Diagonalization of the overlap matrix:
Smallest eigenvalue                        ... 1.697e-01
Time for diagonalization                   ...    0.001 sec
Threshold for overlap eigenvalues          ... 1.000e-08
Number of eigenvalues below threshold      ... 0
Time for construction of square roots      ...    0.000 sec
Total time needed                          ...    0.002 sec

-------------------------------
INITIAL GUESS: EXTENDED HUECKEL
-------------------------------
EHT matrix was read from disk
EHT matrix was diagonalized
Initial density was built
                      ------------------
                      INITIAL GUESS DONE
                      ------------------

 InCore treatment chosen:
   Memory dedicated               ...    1024 MB
   Memory needed                  ...      0 MB
   Number of tiny    integrals    ...       0
   Number of small   integrals    ...       0
   Number of regular integrals    ...    1896

--------------
SCF ITERATIONS
--------------
ITER       Energy         Delta-E        Max-DP      RMS-DP      [F,P]     Damp
  0     -6.1752504101   0.000000000000 0.04318516  0.00204389  0.1047462 0.7000
  1     -6.1962032468  -0.020952836647 0.04163833  0.00192605  0.0716165 0.7000
                               ***Turning on DIIS***
  2     -6.2116990927  -0.015495845896 0.10833040  0.00494577  0.0433078 0.0000
  3     -6.2531730989  -0.041474006212 0.01759888  0.00103090  0.0200480 0.0000
  4     -6.2446900032   0.008483095643 0.01341694  0.00071098  0.0073303 0.0000
  5     -6.2533426200  -0.008652616757 0.00939941  0.00048012  0.0043500 0.0000
  6     -6.2542653522  -0.000922732216 0.00698019  0.00033960  0.0025317 0.0000
                      *** Initiating the SOSCF procedure ***
                           *** Shutting down DIIS ***
                      *** Re-Reading the Fockian *** 
                      *** Removing any level shift *** 
ITER      Energy       Delta-E        Grad      Rot      Max-DP    RMS-DP
  7     -6.25231994   0.0019454126  0.003014  0.003014  0.004163  0.000190
  8     -6.25141778   0.0009021566  0.000800  0.002198  0.002069  0.000087
  9     -6.25142495  -0.0000071638  0.000351  0.002139  0.002309  0.000092
 10     -6.25142755  -0.0000026024  0.000030  0.000086  0.000147  0.000006
                 **** Energy Check signals convergence ****
              ***Rediagonalizing the Fockian in SOSCF/NRSCF***

               *****************************************************
               *                     SUCCESS                       *
               *           SCF CONVERGED AFTER  11 CYCLES          *
               *****************************************************


----------------
TOTAL SCF ENERGY
----------------

Total Energy       :           -6.25142758 Eh            -170.10999 eV

Components:
Nuclear Repulsion  :          296.08504555 Eh            8056.88369 eV
Electronic Energy  :         -302.33647313 Eh           -8226.99369 eV

One Electron Energy:         -559.42838766 Eh          -15222.82034 eV
Two Electron Energy:          257.09191453 Eh            6995.82666 eV


---------------
SCF CONVERGENCE
---------------

  Last Energy change         ...   -2.6344e-08  Tolerance :   1.0000e-06
  Last MAX-Density change    ...    5.5047e-05  Tolerance :   1.0000e-05
  Last RMS-Density change    ...    2.1558e-06  Tolerance :   1.0000e-06
  Last Orbital Gradient      ...    1.1745e-05  Tolerance :   5.0000e-05
  Last Orbital Rotation      ...    2.2925e-05  Tolerance :   5.0000e-05

             **** THE GBW FILE WAS UPDATED (/Users/mattyjones/GoogleDrive/Boise/Code/MorphCT/tests/output_EZ/donor_polymer/chromophores/input_orca/single/00019.gbw) ****
             **** DENSITY FILE WAS UPDATED (/Users/mattyjones/GoogleDrive/Boise/Code/MorphCT/tests/output_EZ/donor_polymer/chromophores/input_orca/single/00019.scfp.tmp) ****
             **** ENERGY FILE WAS UPDATED (/Users/mattyjones/GoogleDrive/Boise/Code/MorphCT/tests/output_EZ/donor_polymer/chromophores/input_orca/single/00019.en.tmp) ****
----------------
ORBITAL ENERGIES
----------------

  NO   OCC          E(Eh)            E(eV) 
   0   2.0000      -1.558121       -42.3986 
   1   2.0000      -1.412938       -38.4480 
   2   2.0000      -1.281376       -34.8680 
   3   2.0000      -1.179164       -32.0867 
   4   2.0000      -1.115569       -30.3562 
   5   2.0000      -1.060312       -28.8526 
   6   2.0000      -0.956271       -26.0215 
   7   2.0000      -0.894846       -24.3500 
   8   2.0000      -0.855078       -23.2679 
   9   2.0000      -0.833087       -22.6695 
  10   2.0000      -0.783878       -21.3304 
  11   2.0000      -0.724578       -19.7168 
  12   2.0000      -0.709621       -19.3098 
  13   2.0000      -0.674079       -18.3426 
  14   2.0000      -0.634479       -17.2651 
  15   2.0000      -0.612537       -16.6680 
  16   2.0000      -0.593401       -16.1473 
  17   2.0000      -0.576078       -15.6759 
  18   2.0000      -0.561850       -15.2887 
  19   2.0000      -0.557417       -15.1681 
  20   2.0000      -0.534125       -14.5343 
  21   2.0000      -0.522504       -14.2181 
  22   2.0000      -0.505696       -13.7607 
  23   2.0000      -0.495009       -13.4699 
  24   2.0000      -0.487190       -13.2571 
  25   2.0000      -0.479021       -13.0348 
  26   2.0000      -0.468544       -12.7497 
  27   2.0000      -0.456871       -12.4321 
  28   2.0000      -0.436893       -11.8885 
  29   2.0000      -0.356705        -9.7064 
  30   2.0000      -0.305039        -8.3005 
  31   0.0000       0.007539         0.2051 
  32   0.0000       0.069405         1.8886 
  33   0.0000       0.077767         2.1161 
  34   0.0000       0.085996         2.3401 
  35   0.0000       0.104892         2.8543 
  36   0.0000       0.108547         2.9537 
  37   0.0000       0.123330         3.3560 
  38   0.0000       0.141676         3.8552 
  39   0.0000       0.160493         4.3672 
  40   0.0000       0.165870         4.5135 
  41   0.0000       0.166676         4.5355 
  42   0.0000       0.203855         5.5472 
  43   0.0000       0.230785         6.2800 
  44   0.0000       0.233684         6.3589 
  45   0.0000       0.236476         6.4348 
  46   0.0000       0.238276         6.4838 
  47   0.0000       0.241029         6.5587 
  48   0.0000       0.245030         6.6676 
  49   0.0000       0.245575         6.6824 
  50   0.0000       0.250950         6.8287 
  51   0.0000       0.259743         7.0680 
  52   0.0000       0.267084         7.2677 
  53   0.0000       0.284998         7.7552 
  54   0.0000       0.307013         8.3542 
  55   0.0000       0.311160         8.4671 
  56   0.0000       0.337498         9.1838 
  57   0.0000       0.349876         9.5206 
  58   0.0000       0.420668        11.4470 
  59   0.0000       0.428748        11.6668 
-------
TIMINGS
-------

Total SCF time: 0 days 0 hours 0 min 0 sec 

Total time                  ....       0.078 sec
Sum of individual times     ....       0.064 sec  ( 82.2%)

Fock matrix formation       ....       0.045 sec  ( 57.2%)
Diagonalization             ....       0.005 sec  (  6.6%)
Density matrix formation    ....       0.001 sec  (  0.9%)
Population analysis         ....       0.000 sec  (  0.0%)
Initial guess               ....       0.001 sec  (  0.8%)
Orbital Transformation      ....       0.000 sec  (  0.0%)
Orbital Orthonormalization  ....       0.000 sec  (  0.0%)
DIIS solution               ....       0.006 sec  (  7.3%)
SOSCF solution              ....       0.007 sec  (  9.4%)

-------------------------   --------------------
FINAL SINGLE POINT ENERGY        -6.251427575524
-------------------------   --------------------


                            ***************************************
                            *     ORCA property calculations      *
                            ***************************************

                                    ---------------------
                                    Active property flags
                                    ---------------------
   (+) Dipole Moment


------------------------------------------------------------------------------
                       ORCA ELECTRIC PROPERTIES CALCULATION
------------------------------------------------------------------------------

Dipole Moment Calculation                       ... on
Quadrupole Moment Calculation                   ... off
Polarizability Calculation                      ... off
GBWName                                         ... /Users/mattyjones/GoogleDrive/Boise/Code/MorphCT/tests/output_EZ/donor_polymer/chromophores/input_orca/single/00019.gbw
Electron density file                           ... /Users/mattyjones/GoogleDrive/Boise/Code/MorphCT/tests/output_EZ/donor_polymer/chromophores/input_orca/single/00019.scfp.tmp

-------------
DIPOLE MOMENT
-------------
                                X             Y             Z
Electronic contribution:    113.39120      69.62491     -34.68213
Nuclear contribution   :    -61.17047     -37.18856      18.69210
                        -----------------------------------------
Total Dipole Moment    :     52.22072      32.43635     -15.99002
                        -----------------------------------------
Magnitude (a.u.)       :     63.52009
Magnitude (Debye)      :    161.45523


Timings for individual modules:

Sum of individual times         ...        0.173 sec (=   0.003 min)
STO integral calculation        ...        0.042 sec (=   0.001 min)  24.5 %
SCF iterations                  ...        0.131 sec (=   0.002 min)  75.5 %
                             ****ORCA TERMINATED NORMALLY****
TOTAL RUN TIME: 0 days 0 hours 0 minutes 0 seconds 524 msec

