
                                 *****************
                                 * O   R   C   A *
                                 *****************

           --- An Ab Initio, DFT and Semiempirical electronic structure package ---

                  #######################################################
                  #                        -***-                        #
                  #  Department of molecular theory and spectroscopy    #
                  #              Directorship: Frank Neese              #
                  # Max Planck Institute for Chemical Energy Conversion #
                  #                  D-45470 Muelheim/Ruhr              #
                  #                       Germany                       #
                  #                                                     #
                  #                  All rights reserved                #
                  #                        -***-                        #
                  #######################################################


                         Program Version 3.0.3 - RELEASE   -


 With contributions from (in alphabetic order):
   Ute Becker             : Parallelization
   Dmytro Bykov           : SCF Hessian
   Dmitry Ganyushin       : Spin-Orbit,Spin-Spin,Magnetic field MRCI
   Andreas Hansen         : Spin unrestricted coupled pair/coupled cluster methods
   Dimitrios Liakos       : Extrapolation schemes; parallel MDCI
   Robert Izsak           : Overlap fitted RIJCOSX, COSX-SCS-MP3
   Christian Kollmar      : KDIIS, OOCD, Brueckner-CCSD(T), CCSD density
   Simone Kossmann        : Meta GGA functionals, TD-DFT gradient, OOMP2, MP2 Hessian
   Taras Petrenko         : DFT Hessian,TD-DFT gradient, ASA and ECA modules, normal mode analysis, Resonance Raman, ABS, FL, XAS/XES, NRVS
   Christoph Reimann      : Effective Core Potentials
   Michael Roemelt        : Restricted open shell CIS
   Christoph Riplinger    : Improved optimizer, TS searches, QM/MM, DLPNO-CCSD
   Barbara Sandhoefer     : DKH picture change effects
   Igor Schapiro          : Molecular dynamics
   Kantharuban Sivalingam : CASSCF convergence, NEVPT2
   Boris Wezisla          : Elementary symmetry handling
   Frank Wennmohs         : Technical directorship


 We gratefully acknowledge several colleagues who have allowed us to
 interface, adapt or use parts of their codes:
   Stefan Grimme, W. Hujo, H. Kruse, T. Risthaus : VdW corrections, initial TS optimization,
                                                   DFT functionals, gCP
   Ed Valeev                                     : LibInt (2-el integral package), F12 methods
   Garnet Chan, S. Sharma, R. Olivares           : DMRG
   Ulf Ekstrom                                   : XCFun DFT Library
   Mihaly Kallay                                 : mrcc  (arbitrary order and MRCC methods)
   Andreas Klamt, Michael Diedenhofen            : otool_cosmo (COSMO solvation model)
   Frank Weinhold                                : gennbo (NPA and NBO analysis)
   Christopher J. Cramer and Donald G. Truhlar   : smd solvation model


 Your calculation uses the libint2 library for the computation of 2-el integrals
 For citations please refer to: http://libint.valeyev.net

 This ORCA versions uses:
   CBLAS   interface :  Fast vector & matrix operations
   LAPACKE interface :  Fast linear algebra routines
   SCALAPACK package :  Parallel linear algebra routines


leaving
================================================================================
                                        WARNINGS
                       Please study these warnings very carefully!
================================================================================
Now building the actual basis set

WARNING: Direct SCF is incompatible with Method<>HF and Method<>DFT
  ===> : conventional SCF is chosen

WARNING: The NDO methods need Guess=HUECKEL or Guess=HCORE or Guess=MOREAD
  ===> : Guess is set to Hueckel

WARNING: The NDO methods need %rel::SOCType==1
  ===> : %rel::SOCType is set to 1

WARNING: The NDO methods cannot have frozencore=1
  ===> : %method FrozenCore=0 end


INFO   : the flag for use of LIBINT has been found!

================================================================================
                                       INPUT FILE
================================================================================
NAME = /Users/mattyjones/GoogleDrive/Boise/Code/MorphCT/tests/output_EZ/donor_polymer/chromophores/input_orca/single/00018.inp
|  1> # ================================================================
|  2> # Orca input file made by Matty Jones
|  3> # ================================================================
|  4> ! ZINDO/S 
|  5> ! NOPOP
|  6> ! NOMOPRINT
|  7> * xyz 0   1
|  8>  C  -1.22377  -2.09406  -3.79940
|  9>  C  -0.63422  -1.64442  -2.61697
| 10>  C  -1.44023  -0.72532  -1.87545
| 11>  C  -2.67246  -0.44781  -2.47538
| 12>  S  -2.69947  -1.34165  -3.87207
| 13>  H  0.18988  -2.22047  -2.06499
| 14>  C  -0.77392  -0.18064  -0.51793
| 15>  C  0.83122  0.30201  -0.87215
| 16>  C  1.95881  0.85278  0.24979
| 17>  H  1.89144  2.00951  0.25484
| 18>  H  3.00242  0.55918  -0.16737
| 19>  H  1.35530  -0.59594  -1.37492
| 20>  H  0.71880  1.14742  -1.65456
| 21>  H  -1.35144  0.74117  -0.12206
| 22>  H  -0.74280  -1.00951  0.28896
| 23>  C  1.85312  0.30488  1.77553
| 24>  C  0.94469  1.24988  2.83342
| 25>  C  -0.64198  0.74364  3.04411
| 26>  H  -1.19128  0.70792  2.03175
| 27>  H  -1.18301  1.48762  3.74825
| 28>  H  -0.64016  -0.30958  3.52607
| 29>  H  1.46758  1.24110  3.86124
| 30>  H  0.92300  2.32981  2.42775
| 31>  H  2.92006  0.22160  2.22083
| 32>  H  1.38338  -0.75432  1.76666
| 33>  H  -0.81442  -2.77334  -4.50269
| 34>  H  -3.43056  0.19854  -2.11327
| 35> *
| 36> 
| 37>                          ****END OF INPUT****
================================================================================

                       ****************************
                       * Single Point Calculation *
                       ****************************

---------------------------------
CARTESIAN COORDINATES (ANGSTROEM)
---------------------------------
  C     -1.223770   -2.094060   -3.799400
  C     -0.634220   -1.644420   -2.616970
  C     -1.440230   -0.725320   -1.875450
  C     -2.672460   -0.447810   -2.475380
  S     -2.699470   -1.341650   -3.872070
  H      0.189880   -2.220470   -2.064990
  C     -0.773920   -0.180640   -0.517930
  C      0.831220    0.302010   -0.872150
  C      1.958810    0.852780    0.249790
  H      1.891440    2.009510    0.254840
  H      3.002420    0.559180   -0.167370
  H      1.355300   -0.595940   -1.374920
  H      0.718800    1.147420   -1.654560
  H     -1.351440    0.741170   -0.122060
  H     -0.742800   -1.009510    0.288960
  C      1.853120    0.304880    1.775530
  C      0.944690    1.249880    2.833420
  C     -0.641980    0.743640    3.044110
  H     -1.191280    0.707920    2.031750
  H     -1.183010    1.487620    3.748250
  H     -0.640160   -0.309580    3.526070
  H      1.467580    1.241100    3.861240
  H      0.923000    2.329810    2.427750
  H      2.920060    0.221600    2.220830
  H      1.383380   -0.754320    1.766660
  H     -0.814420   -2.773340   -4.502690
  H     -3.430560    0.198540   -2.113270

----------------------------
CARTESIAN COORDINATES (A.U.)
----------------------------
  NO LB      ZA    FRAG    MASS        X           Y           Z
   0 C     4.0000    0    12.011         -2.312590150908810         -3.957199907999136         -7.179825473220403
   1 C     4.0000    0    12.011         -1.198502108655536         -3.107503449142785         -4.945356600687898
   2 C     4.0000    0    12.011         -2.721640269857404         -1.370656159455762         -3.544086877862612
   3 C     4.0000    0    12.011         -5.050217503859188         -0.846238260031276         -4.677790277385988
   4 S     6.0000    0    32.060         -5.101259006736401         -2.535351067575447         -7.317151871372460
   5 H     1.0000    0     1.008          0.358821198308967         -4.196080188588122         -3.902265569286045
   6 C     4.0000    0    12.011         -1.462496849564335         -0.341360128831535         -0.978745856541834
   7 C     4.0000    0    12.011          1.570778157038023          0.570716189705557         -1.648124647699420
   8 C     4.0000    0    12.011          3.701614448386287          1.611520652485365          0.472034690992189
   9 H     1.0000    0     1.008          3.574303598744012          3.797423563376095          0.481577807968492
  10 H     1.0000    0     1.008          5.673751539007844          1.056697059566086         -0.316283463034400
  11 H     1.0000    0     1.008          2.561145829303472         -1.126163392249031         -2.598222256051007
  12 H     1.0000    0     1.008          1.358335145062596          2.168309560583923         -3.126665272140746
  13 H     1.0000    0     1.008         -2.553851486426536          1.400608318678414         -0.230659971906428
  14 H     1.0000    0     1.008         -1.403688572276706         -1.907697429454843          0.546055263657885
  15 C     4.0000    0    12.011          3.501889293292150          0.576139703709911          3.355265442561200
  16 C     4.0000    0    12.011          1.785205381454067          2.361930900265494          5.354387822375153
  17 C     4.0000    0    12.011         -1.213166383454765          1.405275942229200          5.752534221531021
  18 H     1.0000    0     1.008         -2.251192948817708          1.337774924725532          3.839451072594503
  19 H     1.0000    0     1.008         -2.235564913690180          2.811194391343932          7.083165981470332
  20 H     1.0000    0     1.008         -1.209727081891028         -0.585021416539341          6.663306629035707
  21 H     1.0000    0     1.008          2.773324279620151          2.345339104809665          7.296686137342093
  22 H     1.0000    0     1.008          1.744217221609315          4.402702844071071          4.587782621627319
  23 H     1.0000    0     1.008          5.518113694618090          0.418763311276949          4.196760489996333
  24 H     1.0000    0     1.008          2.614209339143981         -1.425458217339479          3.338503571753318
  25 H     1.0000    0     1.008         -1.539030757988146         -5.240853076249165         -8.508850965945880
  26 H     1.0000    0     1.008         -6.482818885984889          0.375186226628725         -3.993501547031764

--------------------------------
INTERNAL COORDINATES (ANGSTROEM)
--------------------------------
 C      0   0   0   0.000000     0.000     0.000
 C      1   0   0   1.395667     0.000     0.000
 C      2   1   0   1.429772   114.102     0.000
 C      3   2   1   1.398327   113.693     0.000
 S      1   2   3   1.658039   105.480     0.000
 H      2   1   3   1.147021   123.326   157.107
 C      3   2   1   1.607329   114.972   180.683
 C      7   3   2   1.713154   108.014    47.278
 C      8   7   3   1.683317   125.591   183.940
 H      9   8   7   1.158701   106.894   265.818
 H      9   8   7   1.161613   106.246   150.874
 H      8   7   3   1.154882   107.226   306.057
 H      8   7   3   1.157377   104.748    61.245
 H      7   3   2   1.157573   110.602   165.622
 H      7   3   2   1.157180   110.937   288.228
 C      9   8   7   1.624576   118.166    29.350
 C     16   9   8   1.684459   115.830   267.456
 C     17  16   9   1.678747   114.794    96.912
 H     18  17  16   1.152336   110.464   302.635
 H     18  17  16   1.158461   108.907   182.531
 H     18  17  16   1.158258   108.963    63.288
 H     17  16   9   1.153215   108.116   217.944
 H     17  16   9   1.153814   108.326   336.175
 H     16   9   8   1.159133   108.974   146.556
 H     16   9   8   1.158723   109.116    28.744
 H      1   2   3   1.060003   127.260   180.000
 H      4   3   2   1.060004   127.206   180.000

---------------------------
INTERNAL COORDINATES (A.U.)
---------------------------
 C      0   0   0   0.000000     0.000     0.000
 C      1   0   0   2.637428     0.000     0.000
 C      2   1   0   2.701878   114.102     0.000
 C      3   2   1   2.642455   113.693     0.000
 S      1   2   3   3.133239   105.480     0.000
 H      2   1   3   2.167555   123.326   157.107
 C      3   2   1   3.037411   114.972   180.683
 C      7   3   2   3.237392   108.014    47.278
 C      8   7   3   3.181008   125.591   183.940
 H      9   8   7   2.189628   106.894   265.818
 H      9   8   7   2.195131   106.246   150.874
 H      8   7   3   2.182410   107.226   306.057
 H      8   7   3   2.187126   104.748    61.245
 H      7   3   2   2.187497   110.602   165.622
 H      7   3   2   2.186753   110.937   288.228
 C      9   8   7   3.070004   118.166    29.350
 C     16   9   8   3.183166   115.830   267.456
 C     17  16   9   3.172372   114.794    96.912
 H     18  17  16   2.177600   110.464   302.635
 H     18  17  16   2.189175   108.907   182.531
 H     18  17  16   2.188790   108.963    63.288
 H     17  16   9   2.179261   108.116   217.944
 H     17  16   9   2.180393   108.326   336.175
 H     16   9   8   2.190443   108.974   146.556
 H     16   9   8   2.189669   109.116    28.744
 H      1   2   3   2.003115   127.260   180.000
 H      4   3   2   2.003116   127.206   180.000

----------------------------
SLATER BASIS SET DIM=  60
----------------------------
  0 C     2 shells
 l=0 nsto= 1
    2       1.625000000000        1.000000000000
 l=1 nsto= 1
    2       1.625000000000        1.000000000000
  1 C     2 shells
 l=0 nsto= 1
    2       1.625000000000        1.000000000000
 l=1 nsto= 1
    2       1.625000000000        1.000000000000
  2 C     2 shells
 l=0 nsto= 1
    2       1.625000000000        1.000000000000
 l=1 nsto= 1
    2       1.625000000000        1.000000000000
  3 C     2 shells
 l=0 nsto= 1
    2       1.625000000000        1.000000000000
 l=1 nsto= 1
    2       1.625000000000        1.000000000000
  4 S     2 shells
 l=0 nsto= 1
    3       1.925000000000        1.000000000000
 l=1 nsto= 1
    3       1.925000000000        1.000000000000
  5 H     1 shells
 l=0 nsto= 1
    1       1.200000000000        1.000000000000
  6 C     2 shells
 l=0 nsto= 1
    2       1.625000000000        1.000000000000
 l=1 nsto= 1
    2       1.625000000000        1.000000000000
  7 C     2 shells
 l=0 nsto= 1
    2       1.625000000000        1.000000000000
 l=1 nsto= 1
    2       1.625000000000        1.000000000000
  8 C     2 shells
 l=0 nsto= 1
    2       1.625000000000        1.000000000000
 l=1 nsto= 1
    2       1.625000000000        1.000000000000
  9 H     1 shells
 l=0 nsto= 1
    1       1.200000000000        1.000000000000
 10 H     1 shells
 l=0 nsto= 1
    1       1.200000000000        1.000000000000
 11 H     1 shells
 l=0 nsto= 1
    1       1.200000000000        1.000000000000
 12 H     1 shells
 l=0 nsto= 1
    1       1.200000000000        1.000000000000
 13 H     1 shells
 l=0 nsto= 1
    1       1.200000000000        1.000000000000
 14 H     1 shells
 l=0 nsto= 1
    1       1.200000000000        1.000000000000
 15 C     2 shells
 l=0 nsto= 1
    2       1.625000000000        1.000000000000
 l=1 nsto= 1
    2       1.625000000000        1.000000000000
 16 C     2 shells
 l=0 nsto= 1
    2       1.625000000000        1.000000000000
 l=1 nsto= 1
    2       1.625000000000        1.000000000000
 17 C     2 shells
 l=0 nsto= 1
    2       1.625000000000        1.000000000000
 l=1 nsto= 1
    2       1.625000000000        1.000000000000
 18 H     1 shells
 l=0 nsto= 1
    1       1.200000000000        1.000000000000
 19 H     1 shells
 l=0 nsto= 1
    1       1.200000000000        1.000000000000
 20 H     1 shells
 l=0 nsto= 1
    1       1.200000000000        1.000000000000
 21 H     1 shells
 l=0 nsto= 1
    1       1.200000000000        1.000000000000
 22 H     1 shells
 l=0 nsto= 1
    1       1.200000000000        1.000000000000
 23 H     1 shells
 l=0 nsto= 1
    1       1.200000000000        1.000000000000
 24 H     1 shells
 l=0 nsto= 1
    1       1.200000000000        1.000000000000
 25 H     1 shells
 l=0 nsto= 1
    1       1.200000000000        1.000000000000
 26 H     1 shells
 l=0 nsto= 1
    1       1.200000000000        1.000000000000
------------------------------------------------------------------------------
                           ORCA NDO INTEGRAL CALCULATION
------------------------------------------------------------------------------

--------------
NDO PARAMETERS
--------------

Gamma integral treatment              ... Mataga-Nishimoto
Nuclear repulsuion treatment          ... Direct (ZA*ZB/RAB)
Interaction factors:
s-s (sigma) =    1.0000
s-p (sigma) =    1.0000
s-d (sigma) =    1.0000
p-p (sigma) =    1.2670  p-p(pi) =    0.5850
p-d (sigma) =    1.0000  p-d(pi) =    1.0000
d-d (sigma) =    1.0000  d-d(pi) =    1.0000 d-d (delta) =    1.0000

fGamma parameter for Mataga-Nishimoto gamma integrals:    1.2000

--------------------------
Parameters for Element H :
--------------------------
 One-electron parameters (in eV)
  U(s)  =   -13.060000 Beta(s) =    12.000000 Neff(s) =     1.000000
 One-center electron repulsion parameters (in eV)
  G(s,s)=    12.850000
--------------------------
Parameters for Element C :
--------------------------
 One-electron parameters (in eV)
  U(s)  =   -50.870766 Beta(s) =    17.000000 Neff(s) =     2.000000
  U(p)  =   -41.599980 Beta(p) =    17.000000 Neff(p) =     2.000000 
 One-center electron repulsion parameters (in eV)
  G(s,s)=    11.110000
  G(s,p)=    11.110000 G(p,p)  =    11.110000
 Slater-Condon parameters (in eV)
 F2(p,p)=     4.5098 G1(s,p)=    6.8977
--------------------------
Parameters for Element S :
--------------------------
 One-electron parameters (in eV)
  U(s)  =   -69.509597 Beta(s) =    15.000000 Neff(s) =     2.000000
  U(p)  =   -60.725746 Beta(p) =    15.000000 Neff(p) =     4.000000 
 One-center electron repulsion parameters (in eV)
  G(s,s)=    10.090000
  G(s,p)=    10.090000 G(p,p)  =    10.090000
 Slater-Condon parameters (in eV)
 F2(p,p)=     4.5377 G1(s,p)=    3.0756

 Number of atoms                    ....   27
 Number of basis functions          ....   60

 Overlap integrals                  .... done
 One electron matrix                .... done
 Nuclear repulsion                  .... done
 Integral list                      .... done
 Electron-electron repulsion        .... done
-------------------------------------------------------------------------------
                                 ORCA SCF
-------------------------------------------------------------------------------

------------
SCF SETTINGS
------------
Hamiltonian:
 ZDO-Hamiltonian        Method          .... INDO


General Settings:
 Integral files         IntName         .... /Users/mattyjones/GoogleDrive/Boise/Code/MorphCT/tests/output_EZ/donor_polymer/chromophores/input_orca/single/00018
 Hartree-Fock type      HFTyp           .... RHF
 Total Charge           Charge          ....    0
 Multiplicity           Mult            ....    1
 Number of Electrons    NEL             ....   62
 Basis Dimension        Dim             ....   60
 Nuclear Repulsion      ENuc            ....    302.9445952726 Eh

Convergence Acceleration:
 DIIS                   CNVDIIS         .... on
   Start iteration      DIISMaxIt       ....    12
   Startup error        DIISStart       ....  0.200000
   # of expansion vecs  DIISMaxEq       ....     5
   Bias factor          DIISBfac        ....   1.050
   Max. coefficient     DIISMaxC        ....  10.000
 Newton-Raphson         CNVNR           .... off
 SOSCF                  CNVSOSCF        .... on
   Start iteration      SOSCFMaxIt      ....   150
   Startup grad/error   SOSCFStart      ....  0.003300
 Level Shifting         CNVShift        .... on
   Level shift para.    LevelShift      ....    0.2500
   Turn off err/grad.   ShiftErr        ....    0.0010
 Zerner damping         CNVZerner       .... off
 Static damping         CNVDamp         .... on
   Fraction old density DampFac         ....    0.7000
   Max. Damping (<1)    DampMax         ....    0.9800
   Min. Damping (>=0)   DampMin         ....    0.0000
   Turn off err/grad.   DampErr         ....    0.1000
 Fernandez-Rico         CNVRico         .... off

SCF Procedure:
 Maximum # iterations   MaxIter         ....   125
 SCF integral mode      SCFMode         .... Conventional
 Integral Buffer length BufferLength    .... 1048576
 Integral index format  IndFormat       ....     0
 Integral value format  ValFormat       ....     0
 Integral Storage       Thresh          ....  1.000e-08 Eh

Convergence Tolerance:
 Convergence Check Mode ConvCheckMode   .... Total+1el-Energy
 Energy Change          TolE            ....  1.000e-06 Eh
 1-El. energy change                    ....  1.000e-03 Eh
 Orbital Gradient       TolG            ....  5.000e-05
 Orbital Rotation angle TolX            ....  5.000e-05
 DIIS Error             TolErr          ....  1.000e-06


Diagonalization of the overlap matrix:
Smallest eigenvalue                        ... 1.694e-01
Time for diagonalization                   ...    0.001 sec
Threshold for overlap eigenvalues          ... 1.000e-08
Number of eigenvalues below threshold      ... 0
Time for construction of square roots      ...    0.000 sec
Total time needed                          ...    0.002 sec

-------------------------------
INITIAL GUESS: EXTENDED HUECKEL
-------------------------------
EHT matrix was read from disk
EHT matrix was diagonalized
Initial density was built
                      ------------------
                      INITIAL GUESS DONE
                      ------------------

 InCore treatment chosen:
   Memory dedicated               ...    1024 MB
   Memory needed                  ...      0 MB
   Number of tiny    integrals    ...       0
   Number of small   integrals    ...       0
   Number of regular integrals    ...    1896

--------------
SCF ITERATIONS
--------------
ITER       Energy         Delta-E        Max-DP      RMS-DP      [F,P]     Damp
  0     -4.3124365547   0.000000000000 0.04173204  0.00204757  0.0875052 0.7000
  1     -4.3335079360  -0.021071381323 0.03902722  0.00192879  0.0623228 0.7000
                               ***Turning on DIIS***
  2     -4.3490984426  -0.015590506571 0.09796594  0.00494924  0.0405623 0.0000
  3     -4.3895680349  -0.040469592301 0.01464248  0.00101865  0.0199591 0.0000
  4     -4.3825870505   0.006980984421 0.01043812  0.00070681  0.0065673 0.0000
  5     -4.3911165482  -0.008529497701 0.00724151  0.00047882  0.0038002 0.0000
  6     -4.3923447381  -0.001228189875 0.00497585  0.00034196  0.0020393 0.0000
                      *** Initiating the SOSCF procedure ***
                           *** Shutting down DIIS ***
                      *** Re-Reading the Fockian *** 
                      *** Removing any level shift *** 
ITER      Energy       Delta-E        Grad      Rot      Max-DP    RMS-DP
  7     -4.39028486   0.0020598739  0.003056  0.003056  0.002786  0.000194
  8     -4.38912988   0.0011549883  0.000835  0.002331  0.001396  0.000092
  9     -4.38913786  -0.0000079805  0.000369  0.002311  0.001596  0.000099
 10     -4.38914085  -0.0000029906  0.000032  0.000075  0.000104  0.000006
                 **** Energy Check signals convergence ****
              ***Rediagonalizing the Fockian in SOSCF/NRSCF***

               *****************************************************
               *                     SUCCESS                       *
               *           SCF CONVERGED AFTER  11 CYCLES          *
               *****************************************************


----------------
TOTAL SCF ENERGY
----------------

Total Energy       :           -4.38914088 Eh            -119.43460 eV

Components:
Nuclear Repulsion  :          302.94459527 Eh            8243.54153 eV
Electronic Energy  :         -307.33373615 Eh           -8362.97613 eV

One Electron Energy:         -569.42527484 Eh          -15494.84947 eV
Two Electron Energy:          262.09153869 Eh            7131.87335 eV


---------------
SCF CONVERGENCE
---------------

  Last Energy change         ...   -2.9302e-08  Tolerance :   1.0000e-06
  Last MAX-Density change    ...    5.1239e-05  Tolerance :   1.0000e-05
  Last RMS-Density change    ...    2.2415e-06  Tolerance :   1.0000e-06
  Last Orbital Gradient      ...    1.0014e-05  Tolerance :   5.0000e-05
  Last Orbital Rotation      ...    2.8952e-05  Tolerance :   5.0000e-05

             **** THE GBW FILE WAS UPDATED (/Users/mattyjones/GoogleDrive/Boise/Code/MorphCT/tests/output_EZ/donor_polymer/chromophores/input_orca/single/00018.gbw) ****
             **** DENSITY FILE WAS UPDATED (/Users/mattyjones/GoogleDrive/Boise/Code/MorphCT/tests/output_EZ/donor_polymer/chromophores/input_orca/single/00018.scfp.tmp) ****
             **** ENERGY FILE WAS UPDATED (/Users/mattyjones/GoogleDrive/Boise/Code/MorphCT/tests/output_EZ/donor_polymer/chromophores/input_orca/single/00018.en.tmp) ****
----------------
ORBITAL ENERGIES
----------------

  NO   OCC          E(Eh)            E(eV) 
   0   2.0000      -1.564579       -42.5744 
   1   2.0000      -1.407150       -38.2905 
   2   2.0000      -1.284222       -34.9455 
   3   2.0000      -1.196115       -32.5479 
   4   2.0000      -1.119755       -30.4701 
   5   2.0000      -1.039142       -28.2765 
   6   2.0000      -0.949887       -25.8477 
   7   2.0000      -0.913394       -24.8547 
   8   2.0000      -0.851086       -23.1592 
   9   2.0000      -0.831161       -22.6170 
  10   2.0000      -0.769559       -20.9408 
  11   2.0000      -0.741997       -20.1908 
  12   2.0000      -0.687156       -18.6985 
  13   2.0000      -0.677085       -18.4244 
  14   2.0000      -0.650341       -17.6967 
  15   2.0000      -0.608634       -16.5618 
  16   2.0000      -0.599365       -16.3096 
  17   2.0000      -0.576838       -15.6965 
  18   2.0000      -0.574277       -15.6269 
  19   2.0000      -0.555108       -15.1053 
  20   2.0000      -0.526883       -14.3372 
  21   2.0000      -0.516639       -14.0584 
  22   2.0000      -0.508048       -13.8247 
  23   2.0000      -0.490261       -13.3407 
  24   2.0000      -0.482449       -13.1281 
  25   2.0000      -0.477741       -13.0000 
  26   2.0000      -0.470964       -12.8156 
  27   2.0000      -0.459608       -12.5066 
  28   2.0000      -0.435637       -11.8543 
  29   2.0000      -0.351022        -9.5518 
  30   2.0000      -0.305021        -8.3000 
  31   0.0000       0.007138         0.1942 
  32   0.0000       0.066633         1.8132 
  33   0.0000       0.076418         2.0794 
  34   0.0000       0.087394         2.3781 
  35   0.0000       0.106918         2.9094 
  36   0.0000       0.107685         2.9303 
  37   0.0000       0.125502         3.4151 
  38   0.0000       0.141606         3.8533 
  39   0.0000       0.160237         4.3603 
  40   0.0000       0.166295         4.5251 
  41   0.0000       0.173178         4.7124 
  42   0.0000       0.201425         5.4811 
  43   0.0000       0.232873         6.3368 
  44   0.0000       0.235707         6.4139 
  45   0.0000       0.236724         6.4416 
  46   0.0000       0.240034         6.5317 
  47   0.0000       0.242345         6.5945 
  48   0.0000       0.243987         6.6392 
  49   0.0000       0.244537         6.6542 
  50   0.0000       0.247179         6.7261 
  51   0.0000       0.260123         7.0783 
  52   0.0000       0.267071         7.2674 
  53   0.0000       0.283490         7.7142 
  54   0.0000       0.309962         8.4345 
  55   0.0000       0.312269         8.4973 
  56   0.0000       0.337694         9.1891 
  57   0.0000       0.352703         9.5975 
  58   0.0000       0.420411        11.4400 
  59   0.0000       0.425210        11.5706 
-------
TIMINGS
-------

Total SCF time: 0 days 0 hours 0 min 0 sec 

Total time                  ....       0.064 sec
Sum of individual times     ....       0.053 sec  ( 82.7%)

Fock matrix formation       ....       0.041 sec  ( 63.8%)
Diagonalization             ....       0.005 sec  (  7.6%)
Density matrix formation    ....       0.001 sec  (  1.1%)
Population analysis         ....       0.000 sec  (  0.0%)
Initial guess               ....       0.001 sec  (  0.8%)
Orbital Transformation      ....       0.000 sec  (  0.0%)
Orbital Orthonormalization  ....       0.000 sec  (  0.0%)
DIIS solution               ....       0.004 sec  (  6.5%)
SOSCF solution              ....       0.002 sec  (  2.9%)

-------------------------   --------------------
FINAL SINGLE POINT ENERGY        -4.389140876237
-------------------------   --------------------


                            ***************************************
                            *     ORCA property calculations      *
                            ***************************************

                                    ---------------------
                                    Active property flags
                                    ---------------------
   (+) Dipole Moment


------------------------------------------------------------------------------
                       ORCA ELECTRIC PROPERTIES CALCULATION
------------------------------------------------------------------------------

Dipole Moment Calculation                       ... on
Quadrupole Moment Calculation                   ... off
Polarizability Calculation                      ... off
GBWName                                         ... /Users/mattyjones/GoogleDrive/Boise/Code/MorphCT/tests/output_EZ/donor_polymer/chromophores/input_orca/single/00018.gbw
Electron density file                           ... /Users/mattyjones/GoogleDrive/Boise/Code/MorphCT/tests/output_EZ/donor_polymer/chromophores/input_orca/single/00018.scfp.tmp

-------------
DIPOLE MOMENT
-------------
                                X             Y             Z
Electronic contribution:    -68.39433     -36.32374    -103.61261
Nuclear contribution   :     36.42968      19.58898      55.58723
                        -----------------------------------------
Total Dipole Moment    :    -31.96465     -16.73476     -48.02537
                        -----------------------------------------
Magnitude (a.u.)       :     60.06853
Magnitude (Debye)      :    152.68206


Timings for individual modules:

Sum of individual times         ...        0.147 sec (=   0.002 min)
STO integral calculation        ...        0.046 sec (=   0.001 min)  31.0 %
SCF iterations                  ...        0.102 sec (=   0.002 min)  69.0 %
                             ****ORCA TERMINATED NORMALLY****
TOTAL RUN TIME: 0 days 0 hours 0 minutes 0 seconds 474 msec

