
                                 *****************
                                 * O   R   C   A *
                                 *****************

           --- An Ab Initio, DFT and Semiempirical electronic structure package ---

                  #######################################################
                  #                        -***-                        #
                  #  Department of molecular theory and spectroscopy    #
                  #              Directorship: Frank Neese              #
                  # Max Planck Institute for Chemical Energy Conversion #
                  #                  D-45470 Muelheim/Ruhr              #
                  #                       Germany                       #
                  #                                                     #
                  #                  All rights reserved                #
                  #                        -***-                        #
                  #######################################################


                         Program Version 3.0.3 - RELEASE   -


 With contributions from (in alphabetic order):
   Ute Becker             : Parallelization
   Dmytro Bykov           : SCF Hessian
   Dmitry Ganyushin       : Spin-Orbit,Spin-Spin,Magnetic field MRCI
   Andreas Hansen         : Spin unrestricted coupled pair/coupled cluster methods
   Dimitrios Liakos       : Extrapolation schemes; parallel MDCI
   Robert Izsak           : Overlap fitted RIJCOSX, COSX-SCS-MP3
   Christian Kollmar      : KDIIS, OOCD, Brueckner-CCSD(T), CCSD density
   Simone Kossmann        : Meta GGA functionals, TD-DFT gradient, OOMP2, MP2 Hessian
   Taras Petrenko         : DFT Hessian,TD-DFT gradient, ASA and ECA modules, normal mode analysis, Resonance Raman, ABS, FL, XAS/XES, NRVS
   Christoph Reimann      : Effective Core Potentials
   Michael Roemelt        : Restricted open shell CIS
   Christoph Riplinger    : Improved optimizer, TS searches, QM/MM, DLPNO-CCSD
   Barbara Sandhoefer     : DKH picture change effects
   Igor Schapiro          : Molecular dynamics
   Kantharuban Sivalingam : CASSCF convergence, NEVPT2
   Boris Wezisla          : Elementary symmetry handling
   Frank Wennmohs         : Technical directorship


 We gratefully acknowledge several colleagues who have allowed us to
 interface, adapt or use parts of their codes:
   Stefan Grimme, W. Hujo, H. Kruse, T. Risthaus : VdW corrections, initial TS optimization,
                                                   DFT functionals, gCP
   Ed Valeev                                     : LibInt (2-el integral package), F12 methods
   Garnet Chan, S. Sharma, R. Olivares           : DMRG
   Ulf Ekstrom                                   : XCFun DFT Library
   Mihaly Kallay                                 : mrcc  (arbitrary order and MRCC methods)
   Andreas Klamt, Michael Diedenhofen            : otool_cosmo (COSMO solvation model)
   Frank Weinhold                                : gennbo (NPA and NBO analysis)
   Christopher J. Cramer and Donald G. Truhlar   : smd solvation model


 Your calculation uses the libint2 library for the computation of 2-el integrals
 For citations please refer to: http://libint.valeyev.net

 This ORCA versions uses:
   CBLAS   interface :  Fast vector & matrix operations
   LAPACKE interface :  Fast linear algebra routines
   SCALAPACK package :  Parallel linear algebra routines


leaving
================================================================================
                                        WARNINGS
                       Please study these warnings very carefully!
================================================================================
Now building the actual basis set

WARNING: Direct SCF is incompatible with Method<>HF and Method<>DFT
  ===> : conventional SCF is chosen

WARNING: The NDO methods need Guess=HUECKEL or Guess=HCORE or Guess=MOREAD
  ===> : Guess is set to Hueckel

WARNING: The NDO methods need %rel::SOCType==1
  ===> : %rel::SOCType is set to 1

WARNING: The NDO methods cannot have frozencore=1
  ===> : %method FrozenCore=0 end


INFO   : the flag for use of LIBINT has been found!

================================================================================
                                       INPUT FILE
================================================================================
NAME = /Users/mattyjones/GoogleDrive/Boise/Code/MorphCT/tests/output_EZ/donor_polymer/chromophores/input_orca/single/00013.inp
|  1> # ================================================================
|  2> # Orca input file made by Matty Jones
|  3> # ================================================================
|  4> ! ZINDO/S 
|  5> ! NOPOP
|  6> ! NOMOPRINT
|  7> * xyz 0   1
|  8>  C  -4.51057  -0.89562  0.75961
|  9>  C  -3.18392  -0.69590  0.37489
| 10>  C  -2.22419  -1.24657  1.28040
| 11>  C  -2.79590  -1.88433  2.38572
| 12>  S  -4.43568  -1.73543  2.18727
| 13>  H  -2.71118  0.29967  -0.05490
| 14>  C  -0.63055  -1.12159  1.05233
| 15>  C  -0.12456  0.48226  0.78959
| 16>  C  1.49734  0.90778  0.53844
| 17>  H  2.10456  -0.06953  0.44893
| 18>  H  1.85841  1.47940  1.47733
| 19>  H  -0.68904  0.84694  -0.14683
| 20>  H  -0.48198  1.08691  1.70699
| 21>  H  -0.04461  -1.47986  1.98783
| 22>  H  -0.30277  -1.75710  0.14038
| 23>  C  1.71354  1.84331  -0.77966
| 24>  C  2.26419  1.15944  -2.22318
| 25>  C  3.07029  -0.30608  -2.07079
| 26>  H  3.84479  -0.22963  -1.21335
| 27>  H  3.62049  -0.53953  -3.06264
| 28>  H  2.31055  -1.14664  -1.83990
| 29>  H  1.34941  0.99049  -2.90554
| 30>  H  2.97865  1.91336  -2.72414
| 31>  H  0.71107  2.36840  -1.03414
| 32>  H  2.48153  2.67013  -0.50519
| 33>  H  -5.38223  -0.57750  0.24714
| 34>  H  -2.28763  -2.36278  3.18343
| 35> *
| 36> 
| 37>                          ****END OF INPUT****
================================================================================

                       ****************************
                       * Single Point Calculation *
                       ****************************

---------------------------------
CARTESIAN COORDINATES (ANGSTROEM)
---------------------------------
  C     -4.510570   -0.895620    0.759610
  C     -3.183920   -0.695900    0.374890
  C     -2.224190   -1.246570    1.280400
  C     -2.795900   -1.884330    2.385720
  S     -4.435680   -1.735430    2.187270
  H     -2.711180    0.299670   -0.054900
  C     -0.630550   -1.121590    1.052330
  C     -0.124560    0.482260    0.789590
  C      1.497340    0.907780    0.538440
  H      2.104560   -0.069530    0.448930
  H      1.858410    1.479400    1.477330
  H     -0.689040    0.846940   -0.146830
  H     -0.481980    1.086910    1.706990
  H     -0.044610   -1.479860    1.987830
  H     -0.302770   -1.757100    0.140380
  C      1.713540    1.843310   -0.779660
  C      2.264190    1.159440   -2.223180
  C      3.070290   -0.306080   -2.070790
  H      3.844790   -0.229630   -1.213350
  H      3.620490   -0.539530   -3.062640
  H      2.310550   -1.146640   -1.839900
  H      1.349410    0.990490   -2.905540
  H      2.978650    1.913360   -2.724140
  H      0.711070    2.368400   -1.034140
  H      2.481530    2.670130   -0.505190
  H     -5.382230   -0.577500    0.247140
  H     -2.287630   -2.362780    3.183430

----------------------------
CARTESIAN COORDINATES (A.U.)
----------------------------
  NO LB      ZA    FRAG    MASS        X           Y           Z
   0 C     4.0000    0    12.011         -8.523742007881181         -1.692476520062551          1.435454868587922
   1 C     4.0000    0    12.011         -6.016736832314551         -1.315060416595799          0.708439430345738
   2 C     4.0000    0    12.011         -4.203109969806309         -2.355675906762214          2.419605341872771
   3 C     4.0000    0    12.011         -5.283485297830428         -3.560867645931832          4.508357432218609
   4 S     6.0000    0    32.060         -8.382220417711817         -3.279487424590958          4.133341280941936
   5 H     1.0000    0     1.008         -5.123387699764620          0.566294230552181         -0.103745964752277
   6 C     4.0000    0    12.011         -1.191566813744045         -2.119497934544737          1.988615502509351
   7 C     4.0000    0    12.011         -0.235384287241231          0.911339325344863          1.492108858082881
   8 C     4.0000    0    12.011          2.829562529365647          1.715455589851034          1.017504139548559
   9 H     1.0000    0     1.008          3.977042032405310         -0.131392658091545          0.848354753301268
  10 H     1.0000    0     1.008          3.511885944540593          2.795660842523100          2.791749109425883
  11 H     1.0000    0     1.008         -1.302096895317099          1.600484651863265         -0.277468488243657
  12 H     1.0000    0     1.008         -0.910810202027365          2.053962232220348          3.225743613342237
  13 H     1.0000    0     1.008         -0.084300682834227         -2.796530116544703          3.756454300792682
  14 H     1.0000    0     1.008         -0.572152381567337         -3.320437789913032          0.265279754679865
  15 C     4.0000    0    12.011          3.238121319519422          3.483351079918382         -1.473343877573043
  16 C     4.0000    0    12.011          4.278699015163159          2.191024068713656         -4.201201346411048
  17 C     4.0000    0    12.011          5.802007251717080         -0.578407375070617         -3.913225980862789
  18 H     1.0000    0     1.008          7.265600142439089         -0.433937812132337         -2.292899204593351
  19 H     1.0000    0     1.008          6.841734570600553         -1.019563941034533         -5.787550846792582
  20 H     1.0000    0     1.008          4.366306718731749         -2.166835574199464         -3.476907113801711
  21 H     1.0000    0     1.008          2.550015342374676          1.871754838387661         -5.490674871153553
  22 H     1.0000    0     1.008          5.628832748804537          3.615726395599566         -5.147878550460238
  23 H     1.0000    0     1.008          1.343727562047384          4.475627375579093         -1.954241384133323
  24 H     1.0000    0     1.008          4.689412093109603          5.045814441967152         -0.954670745595677
  25 H     1.0000    0     1.008        -10.170940689774978         -1.091316842339523          0.467026916737298
  26 H     1.0000    0     1.008         -4.322994195742273         -4.465007114706455          6.015810866508930

--------------------------------
INTERNAL COORDINATES (ANGSTROEM)
--------------------------------
 C      0   0   0   0.000000     0.000     0.000
 C      1   0   0   1.395671     0.000     0.000
 C      2   1   0   1.429779   114.102     0.000
 C      3   2   1   1.398328   113.693     0.000
 S      1   2   3   1.658042   105.480     0.000
 H      2   1   3   1.182946   126.902   223.306
 C      3   2   1   1.614721   122.903   180.821
 C      7   3   2   1.702173   112.837    52.416
 C      8   7   3   1.695495   122.936   179.316
 H      9   8   7   1.154064   107.594     7.095
 H      9   8   7   1.156994   107.597   250.378
 H      8   7   3   1.152611   106.137   300.700
 H      8   7   3   1.155411   106.175    56.769
 H      7   3   2   1.160536   111.134   170.535
 H      7   3   2   1.158864   110.356   291.327
 C      9   8   7   1.630750   112.987   129.589
 C     16   9   8   1.689569   120.104   259.813
 C     17  16   9   1.679514   115.600   338.726
 H     18  17  16   1.157972   109.305   313.347
 H     18  17  16   1.158009   109.040   193.973
 H     18  17  16   1.156311   109.699    73.851
 H     17  16   9   1.153682   107.829    99.460
 H     17  16   9   1.153174   107.966   217.415
 H     16   9   8   1.159925   108.811    22.246
 H     16   9   8   1.161367   107.762   138.549
 H      1   2   3   1.060008   127.260   180.001
 H      4   3   2   1.059997   127.206   180.000

---------------------------
INTERNAL COORDINATES (A.U.)
---------------------------
 C      0   0   0   0.000000     0.000     0.000
 C      1   0   0   2.637436     0.000     0.000
 C      2   1   0   2.701890   114.102     0.000
 C      3   2   1   2.642458   113.693     0.000
 S      1   2   3   3.133245   105.480     0.000
 H      2   1   3   2.235445   126.902   223.306
 C      3   2   1   3.051381   122.903   180.821
 C      7   3   2   3.216641   112.837    52.416
 C      8   7   3   3.204021   122.936   179.316
 H      9   8   7   2.180864   107.594     7.095
 H      9   8   7   2.186402   107.597   250.378
 H      8   7   3   2.178119   106.137   300.700
 H      8   7   3   2.183409   106.175    56.769
 H      7   3   2   2.193095   111.134   170.535
 H      7   3   2   2.189935   110.356   291.327
 C      9   8   7   3.081671   112.987   129.589
 C     16   9   8   3.192823   120.104   259.813
 C     17  16   9   3.173822   115.600   338.726
 H     18  17  16   2.188249   109.305   313.347
 H     18  17  16   2.188320   109.040   193.973
 H     18  17  16   2.185112   109.699    73.851
 H     17  16   9   2.180143   107.829    99.460
 H     17  16   9   2.179182   107.966   217.415
 H     16   9   8   2.191940   108.811    22.246
 H     16   9   8   2.194666   107.762   138.549
 H      1   2   3   2.003125   127.260   180.001
 H      4   3   2   2.003104   127.206   180.000

----------------------------
SLATER BASIS SET DIM=  60
----------------------------
  0 C     2 shells
 l=0 nsto= 1
    2       1.625000000000        1.000000000000
 l=1 nsto= 1
    2       1.625000000000        1.000000000000
  1 C     2 shells
 l=0 nsto= 1
    2       1.625000000000        1.000000000000
 l=1 nsto= 1
    2       1.625000000000        1.000000000000
  2 C     2 shells
 l=0 nsto= 1
    2       1.625000000000        1.000000000000
 l=1 nsto= 1
    2       1.625000000000        1.000000000000
  3 C     2 shells
 l=0 nsto= 1
    2       1.625000000000        1.000000000000
 l=1 nsto= 1
    2       1.625000000000        1.000000000000
  4 S     2 shells
 l=0 nsto= 1
    3       1.925000000000        1.000000000000
 l=1 nsto= 1
    3       1.925000000000        1.000000000000
  5 H     1 shells
 l=0 nsto= 1
    1       1.200000000000        1.000000000000
  6 C     2 shells
 l=0 nsto= 1
    2       1.625000000000        1.000000000000
 l=1 nsto= 1
    2       1.625000000000        1.000000000000
  7 C     2 shells
 l=0 nsto= 1
    2       1.625000000000        1.000000000000
 l=1 nsto= 1
    2       1.625000000000        1.000000000000
  8 C     2 shells
 l=0 nsto= 1
    2       1.625000000000        1.000000000000
 l=1 nsto= 1
    2       1.625000000000        1.000000000000
  9 H     1 shells
 l=0 nsto= 1
    1       1.200000000000        1.000000000000
 10 H     1 shells
 l=0 nsto= 1
    1       1.200000000000        1.000000000000
 11 H     1 shells
 l=0 nsto= 1
    1       1.200000000000        1.000000000000
 12 H     1 shells
 l=0 nsto= 1
    1       1.200000000000        1.000000000000
 13 H     1 shells
 l=0 nsto= 1
    1       1.200000000000        1.000000000000
 14 H     1 shells
 l=0 nsto= 1
    1       1.200000000000        1.000000000000
 15 C     2 shells
 l=0 nsto= 1
    2       1.625000000000        1.000000000000
 l=1 nsto= 1
    2       1.625000000000        1.000000000000
 16 C     2 shells
 l=0 nsto= 1
    2       1.625000000000        1.000000000000
 l=1 nsto= 1
    2       1.625000000000        1.000000000000
 17 C     2 shells
 l=0 nsto= 1
    2       1.625000000000        1.000000000000
 l=1 nsto= 1
    2       1.625000000000        1.000000000000
 18 H     1 shells
 l=0 nsto= 1
    1       1.200000000000        1.000000000000
 19 H     1 shells
 l=0 nsto= 1
    1       1.200000000000        1.000000000000
 20 H     1 shells
 l=0 nsto= 1
    1       1.200000000000        1.000000000000
 21 H     1 shells
 l=0 nsto= 1
    1       1.200000000000        1.000000000000
 22 H     1 shells
 l=0 nsto= 1
    1       1.200000000000        1.000000000000
 23 H     1 shells
 l=0 nsto= 1
    1       1.200000000000        1.000000000000
 24 H     1 shells
 l=0 nsto= 1
    1       1.200000000000        1.000000000000
 25 H     1 shells
 l=0 nsto= 1
    1       1.200000000000        1.000000000000
 26 H     1 shells
 l=0 nsto= 1
    1       1.200000000000        1.000000000000
------------------------------------------------------------------------------
                           ORCA NDO INTEGRAL CALCULATION
------------------------------------------------------------------------------

--------------
NDO PARAMETERS
--------------

Gamma integral treatment              ... Mataga-Nishimoto
Nuclear repulsuion treatment          ... Direct (ZA*ZB/RAB)
Interaction factors:
s-s (sigma) =    1.0000
s-p (sigma) =    1.0000
s-d (sigma) =    1.0000
p-p (sigma) =    1.2670  p-p(pi) =    0.5850
p-d (sigma) =    1.0000  p-d(pi) =    1.0000
d-d (sigma) =    1.0000  d-d(pi) =    1.0000 d-d (delta) =    1.0000

fGamma parameter for Mataga-Nishimoto gamma integrals:    1.2000

--------------------------
Parameters for Element H :
--------------------------
 One-electron parameters (in eV)
  U(s)  =   -13.060000 Beta(s) =    12.000000 Neff(s) =     1.000000
 One-center electron repulsion parameters (in eV)
  G(s,s)=    12.850000
--------------------------
Parameters for Element C :
--------------------------
 One-electron parameters (in eV)
  U(s)  =   -50.870766 Beta(s) =    17.000000 Neff(s) =     2.000000
  U(p)  =   -41.599980 Beta(p) =    17.000000 Neff(p) =     2.000000 
 One-center electron repulsion parameters (in eV)
  G(s,s)=    11.110000
  G(s,p)=    11.110000 G(p,p)  =    11.110000
 Slater-Condon parameters (in eV)
 F2(p,p)=     4.5098 G1(s,p)=    6.8977
--------------------------
Parameters for Element S :
--------------------------
 One-electron parameters (in eV)
  U(s)  =   -69.509597 Beta(s) =    15.000000 Neff(s) =     2.000000
  U(p)  =   -60.725746 Beta(p) =    15.000000 Neff(p) =     4.000000 
 One-center electron repulsion parameters (in eV)
  G(s,s)=    10.090000
  G(s,p)=    10.090000 G(p,p)  =    10.090000
 Slater-Condon parameters (in eV)
 F2(p,p)=     4.5377 G1(s,p)=    3.0756

 Number of atoms                    ....   27
 Number of basis functions          ....   60

 Overlap integrals                  .... done
 One electron matrix                .... done
 Nuclear repulsion                  .... done
 Integral list                      .... done
 Electron-electron repulsion        .... done
-------------------------------------------------------------------------------
                                 ORCA SCF
-------------------------------------------------------------------------------

------------
SCF SETTINGS
------------
Hamiltonian:
 ZDO-Hamiltonian        Method          .... INDO


General Settings:
 Integral files         IntName         .... /Users/mattyjones/GoogleDrive/Boise/Code/MorphCT/tests/output_EZ/donor_polymer/chromophores/input_orca/single/00013
 Hartree-Fock type      HFTyp           .... RHF
 Total Charge           Charge          ....    0
 Multiplicity           Mult            ....    1
 Number of Electrons    NEL             ....   62
 Basis Dimension        Dim             ....   60
 Nuclear Repulsion      ENuc            ....    296.2855128439 Eh

Convergence Acceleration:
 DIIS                   CNVDIIS         .... on
   Start iteration      DIISMaxIt       ....    12
   Startup error        DIISStart       ....  0.200000
   # of expansion vecs  DIISMaxEq       ....     5
   Bias factor          DIISBfac        ....   1.050
   Max. coefficient     DIISMaxC        ....  10.000
 Newton-Raphson         CNVNR           .... off
 SOSCF                  CNVSOSCF        .... on
   Start iteration      SOSCFMaxIt      ....   150
   Startup grad/error   SOSCFStart      ....  0.003300
 Level Shifting         CNVShift        .... on
   Level shift para.    LevelShift      ....    0.2500
   Turn off err/grad.   ShiftErr        ....    0.0010
 Zerner damping         CNVZerner       .... off
 Static damping         CNVDamp         .... on
   Fraction old density DampFac         ....    0.7000
   Max. Damping (<1)    DampMax         ....    0.9800
   Min. Damping (>=0)   DampMin         ....    0.0000
   Turn off err/grad.   DampErr         ....    0.1000
 Fernandez-Rico         CNVRico         .... off

SCF Procedure:
 Maximum # iterations   MaxIter         ....   125
 SCF integral mode      SCFMode         .... Conventional
 Integral Buffer length BufferLength    .... 1048576
 Integral index format  IndFormat       ....     0
 Integral value format  ValFormat       ....     0
 Integral Storage       Thresh          ....  1.000e-08 Eh

Convergence Tolerance:
 Convergence Check Mode ConvCheckMode   .... Total+1el-Energy
 Energy Change          TolE            ....  1.000e-06 Eh
 1-El. energy change                    ....  1.000e-03 Eh
 Orbital Gradient       TolG            ....  5.000e-05
 Orbital Rotation angle TolX            ....  5.000e-05
 DIIS Error             TolErr          ....  1.000e-06


Diagonalization of the overlap matrix:
Smallest eigenvalue                        ... 1.688e-01
Time for diagonalization                   ...    0.001 sec
Threshold for overlap eigenvalues          ... 1.000e-08
Number of eigenvalues below threshold      ... 0
Time for construction of square roots      ...    0.000 sec
Total time needed                          ...    0.002 sec

-------------------------------
INITIAL GUESS: EXTENDED HUECKEL
-------------------------------
EHT matrix was read from disk
EHT matrix was diagonalized
Initial density was built
                      ------------------
                      INITIAL GUESS DONE
                      ------------------

 InCore treatment chosen:
   Memory dedicated               ...    1024 MB
   Memory needed                  ...      0 MB
   Number of tiny    integrals    ...       0
   Number of small   integrals    ...       0
   Number of regular integrals    ...    1896

--------------
SCF ITERATIONS
--------------
ITER       Energy         Delta-E        Max-DP      RMS-DP      [F,P]     Damp
  0     -6.1738373242   0.000000000000 0.04489980  0.00213112  0.1252968 0.7000
  1     -6.1962501952  -0.022412871007 0.04331868  0.00201248  0.0859308 0.7000
                               ***Turning on DIIS***
  2     -6.2127769456  -0.016526750451 0.11279891  0.00516550  0.0523631 0.0000
  3     -6.2551281340  -0.042351188363 0.01984238  0.00107554  0.0225572 0.0000
  4     -6.2477439639   0.007384170068 0.01444954  0.00075650  0.0087568 0.0000
  5     -6.2569767627  -0.009232798768 0.01022311  0.00051668  0.0051531 0.0000
  6     -6.2578906125  -0.000913849819 0.00723390  0.00037193  0.0028261 0.0000
                      *** Initiating the SOSCF procedure ***
                           *** Shutting down DIIS ***
                      *** Re-Reading the Fockian *** 
                      *** Removing any level shift *** 
ITER      Energy       Delta-E        Grad      Rot      Max-DP    RMS-DP
  7     -6.25624678   0.0016438309  0.003256  0.003256  0.004037  0.000217
  8     -6.25500761   0.0012391736  0.000931  0.002648  0.002068  0.000105
  9     -6.25501772  -0.0000101149  0.000410  0.002700  0.002441  0.000119
 10     -6.25502176  -0.0000040395  0.000040  0.000090  0.000133  0.000007
                 **** Energy Check signals convergence ****
              ***Rediagonalizing the Fockian in SOSCF/NRSCF***

               *****************************************************
               *                     SUCCESS                       *
               *           SCF CONVERGED AFTER  11 CYCLES          *
               *****************************************************


----------------
TOTAL SCF ENERGY
----------------

Total Energy       :           -6.25502181 Eh            -170.20780 eV

Components:
Nuclear Repulsion  :          296.28551284 Eh            8062.33869 eV
Electronic Energy  :         -302.54053465 Eh           -8232.54648 eV

One Electron Energy:         -559.91275522 Eh          -15236.00065 eV
Two Electron Energy:          257.37222057 Eh            7003.45417 eV


---------------
SCF CONVERGENCE
---------------

  Last Energy change         ...   -4.3897e-08  Tolerance :   1.0000e-06
  Last MAX-Density change    ...    6.7111e-05  Tolerance :   1.0000e-05
  Last RMS-Density change    ...    2.9197e-06  Tolerance :   1.0000e-06
  Last Orbital Gradient      ...    1.8228e-05  Tolerance :   5.0000e-05
  Last Orbital Rotation      ...    4.7667e-05  Tolerance :   5.0000e-05

             **** THE GBW FILE WAS UPDATED (/Users/mattyjones/GoogleDrive/Boise/Code/MorphCT/tests/output_EZ/donor_polymer/chromophores/input_orca/single/00013.gbw) ****
             **** DENSITY FILE WAS UPDATED (/Users/mattyjones/GoogleDrive/Boise/Code/MorphCT/tests/output_EZ/donor_polymer/chromophores/input_orca/single/00013.scfp.tmp) ****
             **** ENERGY FILE WAS UPDATED (/Users/mattyjones/GoogleDrive/Boise/Code/MorphCT/tests/output_EZ/donor_polymer/chromophores/input_orca/single/00013.en.tmp) ****
----------------
ORBITAL ENERGIES
----------------

  NO   OCC          E(Eh)            E(eV) 
   0   2.0000      -1.562102       -42.5070 
   1   2.0000      -1.404491       -38.2181 
   2   2.0000      -1.289066       -35.0773 
   3   2.0000      -1.181130       -32.1402 
   4   2.0000      -1.110305       -30.2129 
   5   2.0000      -1.041742       -28.3473 
   6   2.0000      -0.965699       -26.2780 
   7   2.0000      -0.916981       -24.9523 
   8   2.0000      -0.829820       -22.5806 
   9   2.0000      -0.824218       -22.4281 
  10   2.0000      -0.768543       -20.9131 
  11   2.0000      -0.725075       -19.7303 
  12   2.0000      -0.718043       -19.5390 
  13   2.0000      -0.679519       -18.4907 
  14   2.0000      -0.647118       -17.6090 
  15   2.0000      -0.606027       -16.4908 
  16   2.0000      -0.593746       -16.1566 
  17   2.0000      -0.578208       -15.7338 
  18   2.0000      -0.572985       -15.5917 
  19   2.0000      -0.537342       -14.6218 
  20   2.0000      -0.535433       -14.5699 
  21   2.0000      -0.524574       -14.2744 
  22   2.0000      -0.503710       -13.7066 
  23   2.0000      -0.498096       -13.5539 
  24   2.0000      -0.487427       -13.2636 
  25   2.0000      -0.470541       -12.8041 
  26   2.0000      -0.468364       -12.7448 
  27   2.0000      -0.455978       -12.4078 
  28   2.0000      -0.434576       -11.8254 
  29   2.0000      -0.348928        -9.4948 
  30   2.0000      -0.304422        -8.2837 
  31   0.0000       0.002782         0.0757 
  32   0.0000       0.058460         1.5908 
  33   0.0000       0.076912         2.0929 
  34   0.0000       0.092356         2.5131 
  35   0.0000       0.104594         2.8461 
  36   0.0000       0.108003         2.9389 
  37   0.0000       0.125323         3.4102 
  38   0.0000       0.144674         3.9368 
  39   0.0000       0.158386         4.3099 
  40   0.0000       0.166390         4.5277 
  41   0.0000       0.179423         4.8823 
  42   0.0000       0.199707         5.4343 
  43   0.0000       0.233209         6.3459 
  44   0.0000       0.237578         6.4648 
  45   0.0000       0.238198         6.4817 
  46   0.0000       0.239608         6.5201 
  47   0.0000       0.241119         6.5612 
  48   0.0000       0.243082         6.6146 
  49   0.0000       0.245202         6.6723 
  50   0.0000       0.250747         6.8232 
  51   0.0000       0.257276         7.0008 
  52   0.0000       0.265810         7.2331 
  53   0.0000       0.285615         7.7720 
  54   0.0000       0.306947         8.3525 
  55   0.0000       0.309413         8.4196 
  56   0.0000       0.336377         9.1533 
  57   0.0000       0.352115         9.5815 
  58   0.0000       0.411941        11.2095 
  59   0.0000       0.430802        11.7227 
-------
TIMINGS
-------

Total SCF time: 0 days 0 hours 0 min 0 sec 

Total time                  ....       0.067 sec
Sum of individual times     ....       0.059 sec  ( 87.0%)

Fock matrix formation       ....       0.045 sec  ( 66.7%)
Diagonalization             ....       0.006 sec  (  8.7%)
Density matrix formation    ....       0.001 sec  (  1.0%)
Population analysis         ....       0.000 sec  (  0.0%)
Initial guess               ....       0.001 sec  (  0.9%)
Orbital Transformation      ....       0.000 sec  (  0.0%)
Orbital Orthonormalization  ....       0.000 sec  (  0.0%)
DIIS solution               ....       0.005 sec  (  6.8%)
SOSCF solution              ....       0.002 sec  (  2.8%)

-------------------------   --------------------
FINAL SINGLE POINT ENERGY        -6.255021806284
-------------------------   --------------------


                            ***************************************
                            *     ORCA property calculations      *
                            ***************************************

                                    ---------------------
                                    Active property flags
                                    ---------------------
   (+) Dipole Moment


------------------------------------------------------------------------------
                       ORCA ELECTRIC PROPERTIES CALCULATION
------------------------------------------------------------------------------

Dipole Moment Calculation                       ... on
Quadrupole Moment Calculation                   ... off
Polarizability Calculation                      ... off
GBWName                                         ... /Users/mattyjones/GoogleDrive/Boise/Code/MorphCT/tests/output_EZ/donor_polymer/chromophores/input_orca/single/00013.gbw
Electron density file                           ... /Users/mattyjones/GoogleDrive/Boise/Code/MorphCT/tests/output_EZ/donor_polymer/chromophores/input_orca/single/00013.scfp.tmp

-------------
DIPOLE MOMENT
-------------
                                X             Y             Z
Electronic contribution:   -119.04540     -45.88360      57.50334
Nuclear contribution   :     63.77921      24.61613     -30.81125
                        -----------------------------------------
Total Dipole Moment    :    -55.26619     -21.26747      26.69210
                        -----------------------------------------
Magnitude (a.u.)       :     64.95479
Magnitude (Debye)      :    165.10195


Timings for individual modules:

Sum of individual times         ...        0.147 sec (=   0.002 min)
STO integral calculation        ...        0.038 sec (=   0.001 min)  25.9 %
SCF iterations                  ...        0.109 sec (=   0.002 min)  74.1 %
                             ****ORCA TERMINATED NORMALLY****
TOTAL RUN TIME: 0 days 0 hours 0 minutes 0 seconds 441 msec

