
                                 *****************
                                 * O   R   C   A *
                                 *****************

           --- An Ab Initio, DFT and Semiempirical electronic structure package ---

                  #######################################################
                  #                        -***-                        #
                  #  Department of molecular theory and spectroscopy    #
                  #              Directorship: Frank Neese              #
                  # Max Planck Institute for Chemical Energy Conversion #
                  #                  D-45470 Muelheim/Ruhr              #
                  #                       Germany                       #
                  #                                                     #
                  #                  All rights reserved                #
                  #                        -***-                        #
                  #######################################################


                         Program Version 3.0.3 - RELEASE   -


 With contributions from (in alphabetic order):
   Ute Becker             : Parallelization
   Dmytro Bykov           : SCF Hessian
   Dmitry Ganyushin       : Spin-Orbit,Spin-Spin,Magnetic field MRCI
   Andreas Hansen         : Spin unrestricted coupled pair/coupled cluster methods
   Dimitrios Liakos       : Extrapolation schemes; parallel MDCI
   Robert Izsak           : Overlap fitted RIJCOSX, COSX-SCS-MP3
   Christian Kollmar      : KDIIS, OOCD, Brueckner-CCSD(T), CCSD density
   Simone Kossmann        : Meta GGA functionals, TD-DFT gradient, OOMP2, MP2 Hessian
   Taras Petrenko         : DFT Hessian,TD-DFT gradient, ASA and ECA modules, normal mode analysis, Resonance Raman, ABS, FL, XAS/XES, NRVS
   Christoph Reimann      : Effective Core Potentials
   Michael Roemelt        : Restricted open shell CIS
   Christoph Riplinger    : Improved optimizer, TS searches, QM/MM, DLPNO-CCSD
   Barbara Sandhoefer     : DKH picture change effects
   Igor Schapiro          : Molecular dynamics
   Kantharuban Sivalingam : CASSCF convergence, NEVPT2
   Boris Wezisla          : Elementary symmetry handling
   Frank Wennmohs         : Technical directorship


 We gratefully acknowledge several colleagues who have allowed us to
 interface, adapt or use parts of their codes:
   Stefan Grimme, W. Hujo, H. Kruse, T. Risthaus : VdW corrections, initial TS optimization,
                                                   DFT functionals, gCP
   Ed Valeev                                     : LibInt (2-el integral package), F12 methods
   Garnet Chan, S. Sharma, R. Olivares           : DMRG
   Ulf Ekstrom                                   : XCFun DFT Library
   Mihaly Kallay                                 : mrcc  (arbitrary order and MRCC methods)
   Andreas Klamt, Michael Diedenhofen            : otool_cosmo (COSMO solvation model)
   Frank Weinhold                                : gennbo (NPA and NBO analysis)
   Christopher J. Cramer and Donald G. Truhlar   : smd solvation model


 Your calculation uses the libint2 library for the computation of 2-el integrals
 For citations please refer to: http://libint.valeyev.net

 This ORCA versions uses:
   CBLAS   interface :  Fast vector & matrix operations
   LAPACKE interface :  Fast linear algebra routines
   SCALAPACK package :  Parallel linear algebra routines


leaving
================================================================================
                                        WARNINGS
                       Please study these warnings very carefully!
================================================================================
Now building the actual basis set

WARNING: Direct SCF is incompatible with Method<>HF and Method<>DFT
  ===> : conventional SCF is chosen

WARNING: The NDO methods need Guess=HUECKEL or Guess=HCORE or Guess=MOREAD
  ===> : Guess is set to Hueckel

WARNING: The NDO methods need %rel::SOCType==1
  ===> : %rel::SOCType is set to 1

WARNING: The NDO methods cannot have frozencore=1
  ===> : %method FrozenCore=0 end


INFO   : the flag for use of LIBINT has been found!

================================================================================
                                       INPUT FILE
================================================================================
NAME = /Users/mattyjones/GoogleDrive/Boise/Code/MorphCT/tests/output_EZ/donor_polymer/chromophores/input_orca/single/00011.inp
|  1> # ================================================================
|  2> # Orca input file made by Matty Jones
|  3> # ================================================================
|  4> ! ZINDO/S 
|  5> ! NOPOP
|  6> ! NOMOPRINT
|  7> * xyz 0   1
|  8>  C  -3.06406  -2.89800  -1.27434
|  9>  C  -2.24205  -2.01156  -0.57691
| 10>  C  -1.66042  -2.56315  0.60703
| 11>  C  -2.02499  -3.89186  0.84567
| 12>  S  -3.03360  -4.30841  -0.40318
| 13>  H  -2.02247  -0.94688  -0.92713
| 14>  C  -0.65035  -1.77338  1.59974
| 15>  C  0.68050  -0.69637  1.32610
| 16>  C  1.38844  0.11131  -0.00494
| 17>  H  2.53217  -0.02711  0.06262
| 18>  H  0.99912  -0.38434  -0.96992
| 19>  H  1.57470  -1.32678  1.72410
| 20>  H  0.48097  0.15487  2.08692
| 21>  H  -0.13216  -2.58256  2.26570
| 22>  H  -1.33718  -1.14337  2.32009
| 23>  C  1.03737  1.71001  -0.01445
| 24>  C  1.79168  2.65863  -1.20000
| 25>  C  1.40116  4.29854  -1.13743
| 26>  H  1.06072  4.57667  -0.06728
| 27>  H  0.54563  4.51627  -1.88598
| 28>  H  2.33232  4.92473  -1.42180
| 29>  H  2.93138  2.55759  -1.06613
| 30>  H  1.48353  2.25338  -2.23223
| 31>  H  -0.10355  1.84418  -0.14606
| 32>  H  1.34731  2.16149  1.00630
| 33>  H  -3.59572  -2.70934  -2.17175
| 34>  H  -1.72045  -4.50456  1.65527
| 35> *
| 36> 
| 37>                          ****END OF INPUT****
================================================================================

                       ****************************
                       * Single Point Calculation *
                       ****************************

---------------------------------
CARTESIAN COORDINATES (ANGSTROEM)
---------------------------------
  C     -3.064060   -2.898000   -1.274340
  C     -2.242050   -2.011560   -0.576910
  C     -1.660420   -2.563150    0.607030
  C     -2.024990   -3.891860    0.845670
  S     -3.033600   -4.308410   -0.403180
  H     -2.022470   -0.946880   -0.927130
  C     -0.650350   -1.773380    1.599740
  C      0.680500   -0.696370    1.326100
  C      1.388440    0.111310   -0.004940
  H      2.532170   -0.027110    0.062620
  H      0.999120   -0.384340   -0.969920
  H      1.574700   -1.326780    1.724100
  H      0.480970    0.154870    2.086920
  H     -0.132160   -2.582560    2.265700
  H     -1.337180   -1.143370    2.320090
  C      1.037370    1.710010   -0.014450
  C      1.791680    2.658630   -1.200000
  C      1.401160    4.298540   -1.137430
  H      1.060720    4.576670   -0.067280
  H      0.545630    4.516270   -1.885980
  H      2.332320    4.924730   -1.421800
  H      2.931380    2.557590   -1.066130
  H      1.483530    2.253380   -2.232230
  H     -0.103550    1.844180   -0.146060
  H      1.347310    2.161490    1.006300
  H     -3.595720   -2.709340   -2.171750
  H     -1.720450   -4.504560    1.655270

----------------------------
CARTESIAN COORDINATES (A.U.)
----------------------------
  NO LB      ZA    FRAG    MASS        X           Y           Z
   0 C     4.0000    0    12.011         -5.790234257902751         -5.476426336103787         -2.408153601501208
   1 C     4.0000    0    12.011         -4.236860478558142         -3.801297501950633         -1.090201903920509
   2 C     4.0000    0    12.011         -3.137739067285525         -4.843651540160256          1.147120455074217
   3 C     4.0000    0    12.011         -3.826676523929195         -7.354549551562762          1.598084699673185
   4 S     6.0000    0    32.060         -5.732673199863509         -8.141714972647661         -0.761899782674370
   5 H     1.0000    0     1.008         -3.821914414071714         -1.789343881687355         -1.752021790542410
   6 C     4.0000    0    12.011         -1.228983391195686         -3.351202531373269          3.023070485479183
   7 C     4.0000    0    12.011          1.285958634133412         -1.315948587878742          2.505965826192972
   8 C     4.0000    0    12.011          2.623771353381622          0.210345415966775         -0.009335247101571
   9 H     1.0000    0     1.008          4.785107824531376         -0.051230475490605          0.118334650506149
  10 H     1.0000    0     1.008          1.888063174923401         -0.726297342311294         -1.832883171812900
  11 H     1.0000    0     1.008          2.975751743085795         -2.507250839964038          3.258076827493630
  12 H     1.0000    0     1.008          0.908901578632104          0.292661886360384          3.943707263402939
  13 H     1.0000    0     1.008         -0.249746205859033         -4.880331124419667          4.281552501625380
  14 H     1.0000    0     1.008         -2.526903991756819         -2.160656169741542          4.384334706049357
  15 C     4.0000    0    12.011          1.960345199545889          3.231450586266680         -0.027306542635162
  16 C     4.0000    0    12.011          3.385784519624028          5.024082591427057         -2.267671360705502
  17 C     4.0000    0    12.011          2.647808669805101          8.123063375705858         -2.149431196506049
  18 H     1.0000    0     1.008          2.004470304772950          8.648652905333375         -0.127140774290222
  19 H     1.0000    0     1.008          1.031091270451453          8.534513446844530         -3.563985694052802
  20 H     1.0000    0     1.008          4.407446056667214          9.306390983506006         -2.686812617209235
  21 H     1.0000    0     1.008          5.539505394454078          4.833144662855654         -2.014693723157464
  22 H     1.0000    0     1.008          2.803465411456195          4.258271075655470         -4.218303367923036
  23 H     1.0000    0     1.008         -0.195681141167546          3.484995141654894         -0.276013399120538
  24 H     1.0000    0     1.008          2.546046917493442          4.084624141209447          1.901631408564955
  25 H     1.0000    0     1.008         -6.794926054263323         -5.119910603678204         -4.104012731343478
  26 H     1.0000    0     1.008         -3.251179327104817         -8.512384753816313          3.128006977695830

--------------------------------
INTERNAL COORDINATES (ANGSTROEM)
--------------------------------
 C      0   0   0   0.000000     0.000     0.000
 C      1   0   0   1.395666     0.000     0.000
 C      2   1   0   1.429776   114.102     0.000
 C      3   2   1   1.398331   113.693     0.000
 S      1   2   3   1.658042   105.480     0.000
 H      2   1   3   1.142109   123.510   178.348
 C      3   2   1   1.621558   124.920   179.090
 C      7   3   2   1.733779   133.162   318.749
 C      8   7   3   1.710320   137.215     7.997
 H      9   8   7   1.154055   107.940   225.750
 H      9   8   7   1.152573   107.980   343.925
 H      8   7   3   1.164223   101.493   246.267
 H      8   7   3   1.158995   102.738   134.823
 H      7   3   2   1.169100   106.721   196.142
 H      7   3   2   1.177944   105.764    83.257
 C      9   8   7   1.636821   112.147   105.330
 C     16   9   8   1.695403   117.073   174.561
 C     17  16   9   1.686928   114.519   180.815
 H     18  17  16   1.156926   109.642    24.012
 H     18  17  16   1.157439   109.269   263.872
 H     18  17  16   1.157601   109.301   144.053
 H     17  16   9   1.151975   108.049   301.278
 H     17  16   9   1.150949   108.120    60.025
 H     16   9   8   1.156296   109.003   296.284
 H     16   9   8   1.158373   108.552    54.419
 H      1   2   3   1.060000   127.260   180.000
 H      4   3   2   1.059999   127.206   180.000

---------------------------
INTERNAL COORDINATES (A.U.)
---------------------------
 C      0   0   0   0.000000     0.000     0.000
 C      1   0   0   2.637427     0.000     0.000
 C      2   1   0   2.701885   114.102     0.000
 C      3   2   1   2.642463   113.693     0.000
 S      1   2   3   3.133246   105.480     0.000
 H      2   1   3   2.158273   123.510   178.348
 C      3   2   1   3.064301   124.920   179.090
 C      7   3   2   3.276368   133.162   318.749
 C      8   7   3   3.232036   137.215     7.997
 H      9   8   7   2.180848   107.940   225.750
 H      9   8   7   2.178048   107.980   343.925
 H      8   7   3   2.200062   101.493   246.267
 H      8   7   3   2.190183   102.738   134.823
 H      7   3   2   2.209280   106.721   196.142
 H      7   3   2   2.225992   105.764    83.257
 C      9   8   7   3.093143   112.147   105.330
 C     16   9   8   3.203848   117.073   174.561
 C     17  16   9   3.187832   114.519   180.815
 H     18  17  16   2.186272   109.642    24.012
 H     18  17  16   2.187243   109.269   263.872
 H     18  17  16   2.187548   109.301   144.053
 H     17  16   9   2.176917   108.049   301.278
 H     17  16   9   2.174978   108.120    60.025
 H     16   9   8   2.185083   109.003   296.284
 H     16   9   8   2.189007   108.552    54.419
 H      1   2   3   2.003109   127.260   180.000
 H      4   3   2   2.003108   127.206   180.000

----------------------------
SLATER BASIS SET DIM=  60
----------------------------
  0 C     2 shells
 l=0 nsto= 1
    2       1.625000000000        1.000000000000
 l=1 nsto= 1
    2       1.625000000000        1.000000000000
  1 C     2 shells
 l=0 nsto= 1
    2       1.625000000000        1.000000000000
 l=1 nsto= 1
    2       1.625000000000        1.000000000000
  2 C     2 shells
 l=0 nsto= 1
    2       1.625000000000        1.000000000000
 l=1 nsto= 1
    2       1.625000000000        1.000000000000
  3 C     2 shells
 l=0 nsto= 1
    2       1.625000000000        1.000000000000
 l=1 nsto= 1
    2       1.625000000000        1.000000000000
  4 S     2 shells
 l=0 nsto= 1
    3       1.925000000000        1.000000000000
 l=1 nsto= 1
    3       1.925000000000        1.000000000000
  5 H     1 shells
 l=0 nsto= 1
    1       1.200000000000        1.000000000000
  6 C     2 shells
 l=0 nsto= 1
    2       1.625000000000        1.000000000000
 l=1 nsto= 1
    2       1.625000000000        1.000000000000
  7 C     2 shells
 l=0 nsto= 1
    2       1.625000000000        1.000000000000
 l=1 nsto= 1
    2       1.625000000000        1.000000000000
  8 C     2 shells
 l=0 nsto= 1
    2       1.625000000000        1.000000000000
 l=1 nsto= 1
    2       1.625000000000        1.000000000000
  9 H     1 shells
 l=0 nsto= 1
    1       1.200000000000        1.000000000000
 10 H     1 shells
 l=0 nsto= 1
    1       1.200000000000        1.000000000000
 11 H     1 shells
 l=0 nsto= 1
    1       1.200000000000        1.000000000000
 12 H     1 shells
 l=0 nsto= 1
    1       1.200000000000        1.000000000000
 13 H     1 shells
 l=0 nsto= 1
    1       1.200000000000        1.000000000000
 14 H     1 shells
 l=0 nsto= 1
    1       1.200000000000        1.000000000000
 15 C     2 shells
 l=0 nsto= 1
    2       1.625000000000        1.000000000000
 l=1 nsto= 1
    2       1.625000000000        1.000000000000
 16 C     2 shells
 l=0 nsto= 1
    2       1.625000000000        1.000000000000
 l=1 nsto= 1
    2       1.625000000000        1.000000000000
 17 C     2 shells
 l=0 nsto= 1
    2       1.625000000000        1.000000000000
 l=1 nsto= 1
    2       1.625000000000        1.000000000000
 18 H     1 shells
 l=0 nsto= 1
    1       1.200000000000        1.000000000000
 19 H     1 shells
 l=0 nsto= 1
    1       1.200000000000        1.000000000000
 20 H     1 shells
 l=0 nsto= 1
    1       1.200000000000        1.000000000000
 21 H     1 shells
 l=0 nsto= 1
    1       1.200000000000        1.000000000000
 22 H     1 shells
 l=0 nsto= 1
    1       1.200000000000        1.000000000000
 23 H     1 shells
 l=0 nsto= 1
    1       1.200000000000        1.000000000000
 24 H     1 shells
 l=0 nsto= 1
    1       1.200000000000        1.000000000000
 25 H     1 shells
 l=0 nsto= 1
    1       1.200000000000        1.000000000000
 26 H     1 shells
 l=0 nsto= 1
    1       1.200000000000        1.000000000000
------------------------------------------------------------------------------
                           ORCA NDO INTEGRAL CALCULATION
------------------------------------------------------------------------------

--------------
NDO PARAMETERS
--------------

Gamma integral treatment              ... Mataga-Nishimoto
Nuclear repulsuion treatment          ... Direct (ZA*ZB/RAB)
Interaction factors:
s-s (sigma) =    1.0000
s-p (sigma) =    1.0000
s-d (sigma) =    1.0000
p-p (sigma) =    1.2670  p-p(pi) =    0.5850
p-d (sigma) =    1.0000  p-d(pi) =    1.0000
d-d (sigma) =    1.0000  d-d(pi) =    1.0000 d-d (delta) =    1.0000

fGamma parameter for Mataga-Nishimoto gamma integrals:    1.2000

--------------------------
Parameters for Element H :
--------------------------
 One-electron parameters (in eV)
  U(s)  =   -13.060000 Beta(s) =    12.000000 Neff(s) =     1.000000
 One-center electron repulsion parameters (in eV)
  G(s,s)=    12.850000
--------------------------
Parameters for Element C :
--------------------------
 One-electron parameters (in eV)
  U(s)  =   -50.870766 Beta(s) =    17.000000 Neff(s) =     2.000000
  U(p)  =   -41.599980 Beta(p) =    17.000000 Neff(p) =     2.000000 
 One-center electron repulsion parameters (in eV)
  G(s,s)=    11.110000
  G(s,p)=    11.110000 G(p,p)  =    11.110000
 Slater-Condon parameters (in eV)
 F2(p,p)=     4.5098 G1(s,p)=    6.8977
--------------------------
Parameters for Element S :
--------------------------
 One-electron parameters (in eV)
  U(s)  =   -69.509597 Beta(s) =    15.000000 Neff(s) =     2.000000
  U(p)  =   -60.725746 Beta(p) =    15.000000 Neff(p) =     4.000000 
 One-center electron repulsion parameters (in eV)
  G(s,s)=    10.090000
  G(s,p)=    10.090000 G(p,p)  =    10.090000
 Slater-Condon parameters (in eV)
 F2(p,p)=     4.5377 G1(s,p)=    3.0756

 Number of atoms                    ....   27
 Number of basis functions          ....   60

 Overlap integrals                  .... done
 One electron matrix                .... done
 Nuclear repulsion                  .... done
 Integral list                      .... done
 Electron-electron repulsion        .... done
-------------------------------------------------------------------------------
                                 ORCA SCF
-------------------------------------------------------------------------------

------------
SCF SETTINGS
------------
Hamiltonian:
 ZDO-Hamiltonian        Method          .... INDO


General Settings:
 Integral files         IntName         .... /Users/mattyjones/GoogleDrive/Boise/Code/MorphCT/tests/output_EZ/donor_polymer/chromophores/input_orca/single/00011
 Hartree-Fock type      HFTyp           .... RHF
 Total Charge           Charge          ....    0
 Multiplicity           Mult            ....    1
 Number of Electrons    NEL             ....   62
 Basis Dimension        Dim             ....   60
 Nuclear Repulsion      ENuc            ....    289.4353227418 Eh

Convergence Acceleration:
 DIIS                   CNVDIIS         .... on
   Start iteration      DIISMaxIt       ....    12
   Startup error        DIISStart       ....  0.200000
   # of expansion vecs  DIISMaxEq       ....     5
   Bias factor          DIISBfac        ....   1.050
   Max. coefficient     DIISMaxC        ....  10.000
 Newton-Raphson         CNVNR           .... off
 SOSCF                  CNVSOSCF        .... on
   Start iteration      SOSCFMaxIt      ....   150
   Startup grad/error   SOSCFStart      ....  0.003300
 Level Shifting         CNVShift        .... on
   Level shift para.    LevelShift      ....    0.2500
   Turn off err/grad.   ShiftErr        ....    0.0010
 Zerner damping         CNVZerner       .... off
 Static damping         CNVDamp         .... on
   Fraction old density DampFac         ....    0.7000
   Max. Damping (<1)    DampMax         ....    0.9800
   Min. Damping (>=0)   DampMin         ....    0.0000
   Turn off err/grad.   DampErr         ....    0.1000
 Fernandez-Rico         CNVRico         .... off

SCF Procedure:
 Maximum # iterations   MaxIter         ....   125
 SCF integral mode      SCFMode         .... Conventional
 Integral Buffer length BufferLength    .... 1048576
 Integral index format  IndFormat       ....     0
 Integral value format  ValFormat       ....     0
 Integral Storage       Thresh          ....  1.000e-08 Eh

Convergence Tolerance:
 Convergence Check Mode ConvCheckMode   .... Total+1el-Energy
 Energy Change          TolE            ....  1.000e-06 Eh
 1-El. energy change                    ....  1.000e-03 Eh
 Orbital Gradient       TolG            ....  5.000e-05
 Orbital Rotation angle TolX            ....  5.000e-05
 DIIS Error             TolErr          ....  1.000e-06


Diagonalization of the overlap matrix:
Smallest eigenvalue                        ... 1.698e-01
Time for diagonalization                   ...    0.001 sec
Threshold for overlap eigenvalues          ... 1.000e-08
Number of eigenvalues below threshold      ... 0
Time for construction of square roots      ...    0.000 sec
Total time needed                          ...    0.002 sec

-------------------------------
INITIAL GUESS: EXTENDED HUECKEL
-------------------------------
EHT matrix was read from disk
EHT matrix was diagonalized
Initial density was built
                      ------------------
                      INITIAL GUESS DONE
                      ------------------

 InCore treatment chosen:
   Memory dedicated               ...    1024 MB
   Memory needed                  ...      0 MB
   Number of tiny    integrals    ...       0
   Number of small   integrals    ...       0
   Number of regular integrals    ...    1896

--------------
SCF ITERATIONS
--------------
ITER       Energy         Delta-E        Max-DP      RMS-DP      [F,P]     Damp
  0     -8.3382996743   0.000000000000 0.04042900  0.00202738  0.0922413 0.7000
  1     -8.3591096373  -0.020809963001 0.03843377  0.00190981  0.0658111 0.7000
                               ***Turning on DIIS***
  2     -8.3745238278  -0.015414190480 0.09820275  0.00490480  0.0429463 0.0000
  3     -8.4149192004  -0.040395372560 0.01523067  0.00101532  0.0173353 0.0000
  4     -8.4073172430   0.007601957350 0.01050006  0.00069634  0.0066401 0.0000
  5     -8.4157549956  -0.008437752551 0.00748524  0.00047069  0.0038747 0.0000
  6     -8.4172916566  -0.001536661052 0.00534729  0.00033390  0.0020426 0.0000
                      *** Initiating the SOSCF procedure ***
                           *** Shutting down DIIS ***
                      *** Re-Reading the Fockian *** 
                      *** Removing any level shift *** 
ITER      Energy       Delta-E        Grad      Rot      Max-DP    RMS-DP
  7     -8.41508880   0.0022028607  0.003013  0.003013  0.003194  0.000189
  8     -8.41415000   0.0009387963  0.000807  0.002217  0.001594  0.000088
  9     -8.41415739  -0.0000073939  0.000359  0.002176  0.001783  0.000093
 10     -8.41416010  -0.0000027085  0.000029  0.000049  0.000096  0.000005
                 **** Energy Check signals convergence ****
              ***Rediagonalizing the Fockian in SOSCF/NRSCF***

               *****************************************************
               *                     SUCCESS                       *
               *           SCF CONVERGED AFTER  11 CYCLES          *
               *****************************************************


----------------
TOTAL SCF ENERGY
----------------

Total Energy       :           -8.41416012 Eh            -228.96094 eV

Components:
Nuclear Repulsion  :          289.43532274 Eh            7875.93554 eV
Electronic Energy  :         -297.84948287 Eh           -8104.89647 eV

One Electron Energy:         -550.55936247 Eh          -14981.48190 eV
Two Electron Energy:          252.70987961 Eh            6876.58542 eV


---------------
SCF CONVERGENCE
---------------

  Last Energy change         ...   -2.2226e-08  Tolerance :   1.0000e-06
  Last MAX-Density change    ...    2.8374e-05  Tolerance :   1.0000e-05
  Last RMS-Density change    ...    1.5473e-06  Tolerance :   1.0000e-06
  Last Orbital Gradient      ...    6.3483e-06  Tolerance :   5.0000e-05
  Last Orbital Rotation      ...    1.7711e-05  Tolerance :   5.0000e-05

             **** THE GBW FILE WAS UPDATED (/Users/mattyjones/GoogleDrive/Boise/Code/MorphCT/tests/output_EZ/donor_polymer/chromophores/input_orca/single/00011.gbw) ****
             **** DENSITY FILE WAS UPDATED (/Users/mattyjones/GoogleDrive/Boise/Code/MorphCT/tests/output_EZ/donor_polymer/chromophores/input_orca/single/00011.scfp.tmp) ****
             **** ENERGY FILE WAS UPDATED (/Users/mattyjones/GoogleDrive/Boise/Code/MorphCT/tests/output_EZ/donor_polymer/chromophores/input_orca/single/00011.en.tmp) ****
----------------
ORBITAL ENERGIES
----------------

  NO   OCC          E(Eh)            E(eV) 
   0   2.0000      -1.554948       -42.3123 
   1   2.0000      -1.388896       -37.7938 
   2   2.0000      -1.283716       -34.9317 
   3   2.0000      -1.195656       -32.5355 
   4   2.0000      -1.108939       -30.1758 
   5   2.0000      -1.039336       -28.2818 
   6   2.0000      -0.969290       -26.3757 
   7   2.0000      -0.886322       -24.1181 
   8   2.0000      -0.877906       -23.8890 
   9   2.0000      -0.828474       -22.5439 
  10   2.0000      -0.763449       -20.7745 
  11   2.0000      -0.711681       -19.3658 
  12   2.0000      -0.707959       -19.2645 
  13   2.0000      -0.680665       -18.5218 
  14   2.0000      -0.629524       -17.1302 
  15   2.0000      -0.617195       -16.7947 
  16   2.0000      -0.600240       -16.3334 
  17   2.0000      -0.577380       -15.7113 
  18   2.0000      -0.557193       -15.1620 
  19   2.0000      -0.549786       -14.9604 
  20   2.0000      -0.531106       -14.4521 
  21   2.0000      -0.521418       -14.1885 
  22   2.0000      -0.507092       -13.7987 
  23   2.0000      -0.492741       -13.4082 
  24   2.0000      -0.488381       -13.2895 
  25   2.0000      -0.473313       -12.8795 
  26   2.0000      -0.470776       -12.8105 
  27   2.0000      -0.456251       -12.4152 
  28   2.0000      -0.437471       -11.9042 
  29   2.0000      -0.357465        -9.7271 
  30   2.0000      -0.305240        -8.3060 
  31   0.0000       0.006742         0.1835 
  32   0.0000       0.054231         1.4757 
  33   0.0000       0.074302         2.0219 
  34   0.0000       0.084513         2.2997 
  35   0.0000       0.102798         2.7973 
  36   0.0000       0.107094         2.9142 
  37   0.0000       0.123772         3.3680 
  38   0.0000       0.139861         3.8058 
  39   0.0000       0.156868         4.2686 
  40   0.0000       0.165187         4.4950 
  41   0.0000       0.173884         4.7316 
  42   0.0000       0.202707         5.5159 
  43   0.0000       0.227687         6.1957 
  44   0.0000       0.230168         6.2632 
  45   0.0000       0.235826         6.4172 
  46   0.0000       0.238122         6.4796 
  47   0.0000       0.238887         6.5005 
  48   0.0000       0.239223         6.5096 
  49   0.0000       0.242070         6.5871 
  50   0.0000       0.244674         6.6579 
  51   0.0000       0.260402         7.0859 
  52   0.0000       0.265953         7.2369 
  53   0.0000       0.281832         7.6690 
  54   0.0000       0.297733         8.1017 
  55   0.0000       0.309366         8.4183 
  56   0.0000       0.339799         9.2464 
  57   0.0000       0.360331         9.8051 
  58   0.0000       0.410819        11.1790 
  59   0.0000       0.433456        11.7949 
-------
TIMINGS
-------

Total SCF time: 0 days 0 hours 0 min 0 sec 

Total time                  ....       0.130 sec
Sum of individual times     ....       0.108 sec  ( 83.8%)

Fock matrix formation       ....       0.054 sec  ( 41.6%)
Diagonalization             ....       0.007 sec  (  5.0%)
Density matrix formation    ....       0.001 sec  (  0.5%)
Population analysis         ....       0.000 sec  (  0.0%)
Initial guess               ....       0.001 sec  (  0.5%)
Orbital Transformation      ....       0.000 sec  (  0.0%)
Orbital Orthonormalization  ....       0.000 sec  (  0.0%)
DIIS solution               ....       0.035 sec  ( 27.2%)
SOSCF solution              ....       0.011 sec  (  8.9%)

-------------------------   --------------------
FINAL SINGLE POINT ENERGY        -8.414160124261
-------------------------   --------------------


                            ***************************************
                            *     ORCA property calculations      *
                            ***************************************

                                    ---------------------
                                    Active property flags
                                    ---------------------
   (+) Dipole Moment


------------------------------------------------------------------------------
                       ORCA ELECTRIC PROPERTIES CALCULATION
------------------------------------------------------------------------------

Dipole Moment Calculation                       ... on
Quadrupole Moment Calculation                   ... off
Polarizability Calculation                      ... off
GBWName                                         ... /Users/mattyjones/GoogleDrive/Boise/Code/MorphCT/tests/output_EZ/donor_polymer/chromophores/input_orca/single/00011.gbw
Electron density file                           ... /Users/mattyjones/GoogleDrive/Boise/Code/MorphCT/tests/output_EZ/donor_polymer/chromophores/input_orca/single/00011.scfp.tmp

-------------
DIPOLE MOMENT
-------------
                                X             Y             Z
Electronic contribution:    -80.70773    -116.09210      -8.50203
Nuclear contribution   :     43.56924      62.49227       4.56681
                        -----------------------------------------
Total Dipole Moment    :    -37.13850     -53.59983      -3.93522
                        -----------------------------------------
Magnitude (a.u.)       :     65.32760
Magnitude (Debye)      :    166.04956


Timings for individual modules:

Sum of individual times         ...        0.217 sec (=   0.004 min)
STO integral calculation        ...        0.045 sec (=   0.001 min)  21.0 %
SCF iterations                  ...        0.171 sec (=   0.003 min)  79.0 %
                             ****ORCA TERMINATED NORMALLY****
TOTAL RUN TIME: 0 days 0 hours 0 minutes 0 seconds 524 msec

