
                                 *****************
                                 * O   R   C   A *
                                 *****************

           --- An Ab Initio, DFT and Semiempirical electronic structure package ---

                  #######################################################
                  #                        -***-                        #
                  #  Department of molecular theory and spectroscopy    #
                  #              Directorship: Frank Neese              #
                  # Max Planck Institute for Chemical Energy Conversion #
                  #                  D-45470 Muelheim/Ruhr              #
                  #                       Germany                       #
                  #                                                     #
                  #                  All rights reserved                #
                  #                        -***-                        #
                  #######################################################


                         Program Version 3.0.3 - RELEASE   -


 With contributions from (in alphabetic order):
   Ute Becker             : Parallelization
   Dmytro Bykov           : SCF Hessian
   Dmitry Ganyushin       : Spin-Orbit,Spin-Spin,Magnetic field MRCI
   Andreas Hansen         : Spin unrestricted coupled pair/coupled cluster methods
   Dimitrios Liakos       : Extrapolation schemes; parallel MDCI
   Robert Izsak           : Overlap fitted RIJCOSX, COSX-SCS-MP3
   Christian Kollmar      : KDIIS, OOCD, Brueckner-CCSD(T), CCSD density
   Simone Kossmann        : Meta GGA functionals, TD-DFT gradient, OOMP2, MP2 Hessian
   Taras Petrenko         : DFT Hessian,TD-DFT gradient, ASA and ECA modules, normal mode analysis, Resonance Raman, ABS, FL, XAS/XES, NRVS
   Christoph Reimann      : Effective Core Potentials
   Michael Roemelt        : Restricted open shell CIS
   Christoph Riplinger    : Improved optimizer, TS searches, QM/MM, DLPNO-CCSD
   Barbara Sandhoefer     : DKH picture change effects
   Igor Schapiro          : Molecular dynamics
   Kantharuban Sivalingam : CASSCF convergence, NEVPT2
   Boris Wezisla          : Elementary symmetry handling
   Frank Wennmohs         : Technical directorship


 We gratefully acknowledge several colleagues who have allowed us to
 interface, adapt or use parts of their codes:
   Stefan Grimme, W. Hujo, H. Kruse, T. Risthaus : VdW corrections, initial TS optimization,
                                                   DFT functionals, gCP
   Ed Valeev                                     : LibInt (2-el integral package), F12 methods
   Garnet Chan, S. Sharma, R. Olivares           : DMRG
   Ulf Ekstrom                                   : XCFun DFT Library
   Mihaly Kallay                                 : mrcc  (arbitrary order and MRCC methods)
   Andreas Klamt, Michael Diedenhofen            : otool_cosmo (COSMO solvation model)
   Frank Weinhold                                : gennbo (NPA and NBO analysis)
   Christopher J. Cramer and Donald G. Truhlar   : smd solvation model


 Your calculation uses the libint2 library for the computation of 2-el integrals
 For citations please refer to: http://libint.valeyev.net

 This ORCA versions uses:
   CBLAS   interface :  Fast vector & matrix operations
   LAPACKE interface :  Fast linear algebra routines
   SCALAPACK package :  Parallel linear algebra routines


leaving
================================================================================
                                        WARNINGS
                       Please study these warnings very carefully!
================================================================================
Now building the actual basis set

WARNING: Direct SCF is incompatible with Method<>HF and Method<>DFT
  ===> : conventional SCF is chosen

WARNING: The NDO methods need Guess=HUECKEL or Guess=HCORE or Guess=MOREAD
  ===> : Guess is set to Hueckel

WARNING: The NDO methods need %rel::SOCType==1
  ===> : %rel::SOCType is set to 1

WARNING: The NDO methods cannot have frozencore=1
  ===> : %method FrozenCore=0 end


INFO   : the flag for use of LIBINT has been found!

================================================================================
                                       INPUT FILE
================================================================================
NAME = /Users/mattyjones/GoogleDrive/Boise/Code/MorphCT/tests/output_EZ/donor_polymer/chromophores/input_orca/single/00014.inp
|  1> # ================================================================
|  2> # Orca input file made by Matty Jones
|  3> # ================================================================
|  4> ! ZINDO/S 
|  5> ! NOPOP
|  6> ! NOMOPRINT
|  7> * xyz 0   1
|  8>  C  1.70520  4.22653  -2.83555
|  9>  C  0.98141  3.21504  -2.20237
| 10>  C  1.79113  2.27405  -1.49304
| 11>  C  3.16121  2.54386  -1.56649
| 12>  S  3.29675  3.91322  -2.49218
| 13>  H  -0.15681  3.13454  -2.23383
| 14>  C  1.22046  0.99357  -0.67511
| 15>  C  -0.11305  1.10241  0.39424
| 16>  C  -0.49516  -0.34903  1.22852
| 17>  H  -0.80364  0.02746  2.28672
| 18>  H  0.52688  -0.88956  1.33137
| 19>  H  -1.03255  1.39222  -0.23316
| 20>  H  0.11371  1.91519  1.17165
| 21>  H  2.08435  0.56583  -0.01148
| 22>  H  0.92944  0.16587  -1.43713
| 23>  C  -1.59463  -1.49874  0.83460
| 24>  C  -1.26292  -2.95068  1.66925
| 25>  C  -2.31180  -4.25684  1.49053
| 26>  H  -2.34691  -4.58065  0.38132
| 27>  H  -3.36908  -3.94897  1.84431
| 28>  H  -1.92840  -5.13778  2.13863
| 29>  H  -0.23004  -3.30506  1.29130
| 30>  H  -1.19266  -2.70435  2.79223
| 31>  H  -1.58998  -1.70681  -0.29640
| 32>  H  -2.65015  -1.15698  1.15937
| 33>  H  1.31888  5.02639  -3.41400
| 34>  H  3.94837  1.98927  -1.12331
| 35> *
| 36> 
| 37>                          ****END OF INPUT****
================================================================================

                       ****************************
                       * Single Point Calculation *
                       ****************************

---------------------------------
CARTESIAN COORDINATES (ANGSTROEM)
---------------------------------
  C      1.705200    4.226530   -2.835550
  C      0.981410    3.215040   -2.202370
  C      1.791130    2.274050   -1.493040
  C      3.161210    2.543860   -1.566490
  S      3.296750    3.913220   -2.492180
  H     -0.156810    3.134540   -2.233830
  C      1.220460    0.993570   -0.675110
  C     -0.113050    1.102410    0.394240
  C     -0.495160   -0.349030    1.228520
  H     -0.803640    0.027460    2.286720
  H      0.526880   -0.889560    1.331370
  H     -1.032550    1.392220   -0.233160
  H      0.113710    1.915190    1.171650
  H      2.084350    0.565830   -0.011480
  H      0.929440    0.165870   -1.437130
  C     -1.594630   -1.498740    0.834600
  C     -1.262920   -2.950680    1.669250
  C     -2.311800   -4.256840    1.490530
  H     -2.346910   -4.580650    0.381320
  H     -3.369080   -3.948970    1.844310
  H     -1.928400   -5.137780    2.138630
  H     -0.230040   -3.305060    1.291300
  H     -1.192660   -2.704350    2.792230
  H     -1.589980   -1.706810   -0.296400
  H     -2.650150   -1.156980    1.159370
  H      1.318880    5.026390   -3.414000
  H      3.948370    1.989270   -1.123310

----------------------------
CARTESIAN COORDINATES (A.U.)
----------------------------
  NO LB      ZA    FRAG    MASS        X           Y           Z
   0 C     4.0000    0    12.011          3.222361003562519          7.986984196802188         -5.358412939040405
   1 C     4.0000    0    12.011          1.854596125091656          6.075545109602182         -4.161876145564148
   2 C     4.0000    0    12.011          3.384745170250372          4.297331714843622         -2.821436706989785
   3 C     4.0000    0    12.011          5.973821151813200          4.807198723036915         -2.960237091526301
   4 S     6.0000    0    32.060          6.229954632004886          7.394914101783320         -4.709537676435865
   5 H     1.0000    0     1.008         -0.296327955060191          5.923422155821520         -4.221326929737310
   6 C     4.0000    0    12.011          2.306335157405531          1.877575194880138         -1.275773010271576
   7 C     4.0000    0    12.011         -0.213633539439797          2.083252987296127          0.745005631037114
   8 C     4.0000    0    12.011         -0.935716792472447         -0.659571112522535          2.321566350044936
   9 H     1.0000    0     1.008         -1.518659510264475          0.051891879637478          4.321274544960405
  10 H     1.0000    0     1.008          0.995658905440429         -1.681024779690989          2.515924682918737
  11 H     1.0000    0     1.008         -1.951236719580389          2.630914518167845         -0.440608545385079
  12 H     1.0000    0     1.008          0.214880758688186          3.619184594424642          2.214097624808835
  13 H     1.0000    0     1.008          3.938850667238761          1.069263738356662         -0.021694056017416
  14 H     1.0000    0     1.008          1.756387057911768          0.313448873833518         -2.715782118842248
  15 C     4.0000    0    12.011         -3.013413984934846         -2.832208145953137          1.577165431370677
  16 C     4.0000    0    12.011         -2.386572929051827         -5.575977108838759          3.154425349048049
  17 C     4.0000    0    12.011         -4.368668876399149         -8.044261795921342          2.816693494393643
  18 H     1.0000    0     1.008         -4.435017160961125         -8.656174015346382          0.720590369386852
  19 H     1.0000    0     1.008         -6.366638523271410         -7.462471811071006          3.485240806052303
  20 H     1.0000    0     1.008         -3.644147876653741         -9.708997136337929          4.041425001788006
  21 H     1.0000    0     1.008         -0.434712599847245         -6.245658256177772          2.440203356732512
  22 H     1.0000    0     1.008         -2.253800770882520         -5.110480870269937          5.276550002918936
  23 H     1.0000    0     1.008         -3.004626758412112         -3.225403462638131         -0.560114826094259
  24 H     1.0000    0     1.008         -5.008057713811406         -2.186375342424209          2.190891787884282
  25 H     1.0000    0     1.008          2.492322003506060          9.498500542280441         -6.451525021207154
  26 H     1.0000    0     1.008          7.461337975390653          3.759175506425529         -2.122748263495081

--------------------------------
INTERNAL COORDINATES (ANGSTROEM)
--------------------------------
 C      0   0   0   0.000000     0.000     0.000
 C      1   0   0   1.395672     0.000     0.000
 C      2   1   0   1.429775   114.101     0.000
 C      3   2   1   1.398325   113.693     0.000
 S      1   2   3   1.658040   105.480     0.000
 H      2   1   3   1.141497   123.760   179.712
 C      3   2   1   1.623054   124.758   180.413
 C      7   3   2   1.712777   122.564   313.872
 C      8   7   3   1.717181   115.016   183.487
 H      9   8   7   1.164771   103.127   142.263
 H      9   8   7   1.160740   103.930    30.014
 H      8   7   3   1.150261   107.328    63.984
 H      8   7   3   1.147344   108.311   304.746
 H      7   3   2   1.170330   108.335   192.773
 H      7   3   2   1.162091   108.634    76.590
 C      9   8   7   1.638853   128.717   264.873
 C     16   9   8   1.707279   110.411   161.876
 C     17  16   9   1.684679   119.113   176.658
 H     18  17  16   1.156042   109.747    60.801
 H     18  17  16   1.156627   109.287   300.227
 H     18  17  16   1.158915   108.908   180.652
 H     17  16   9   1.155540   105.937   296.468
 H     17  16   9   1.151824   107.855    53.372
 H     16   9   8   1.149989   111.138    40.747
 H     16   9   8   1.156027   109.732   279.514
 H      1   2   3   1.060011   127.260   180.000
 H      4   3   2   1.060000   127.207   180.001

---------------------------
INTERNAL COORDINATES (A.U.)
---------------------------
 C      0   0   0   0.000000     0.000     0.000
 C      1   0   0   2.637438     0.000     0.000
 C      2   1   0   2.701884   114.101     0.000
 C      3   2   1   2.642450   113.693     0.000
 S      1   2   3   3.133242   105.480     0.000
 H      2   1   3   2.157116   123.760   179.712
 C      3   2   1   3.067127   124.758   180.413
 C      7   3   2   3.236679   122.564   313.872
 C      8   7   3   3.245001   115.016   183.487
 H      9   8   7   2.201099   103.127   142.263
 H      9   8   7   2.193480   103.930    30.014
 H      8   7   3   2.173679   107.328    63.984
 H      8   7   3   2.168166   108.311   304.746
 H      7   3   2   2.211603   108.335   192.773
 H      7   3   2   2.196033   108.634    76.590
 C      9   8   7   3.096984   128.717   264.873
 C     16   9   8   3.226290   110.411   161.876
 C     17  16   9   3.183582   119.113   176.658
 H     18  17  16   2.184602   109.747    60.801
 H     18  17  16   2.185708   109.287   300.227
 H     18  17  16   2.190032   108.908   180.652
 H     17  16   9   2.183654   105.937   296.468
 H     17  16   9   2.176632   107.855    53.372
 H     16   9   8   2.173165   111.138    40.747
 H     16   9   8   2.184574   109.732   279.514
 H      1   2   3   2.003131   127.260   180.000
 H      4   3   2   2.003109   127.207   180.001

----------------------------
SLATER BASIS SET DIM=  60
----------------------------
  0 C     2 shells
 l=0 nsto= 1
    2       1.625000000000        1.000000000000
 l=1 nsto= 1
    2       1.625000000000        1.000000000000
  1 C     2 shells
 l=0 nsto= 1
    2       1.625000000000        1.000000000000
 l=1 nsto= 1
    2       1.625000000000        1.000000000000
  2 C     2 shells
 l=0 nsto= 1
    2       1.625000000000        1.000000000000
 l=1 nsto= 1
    2       1.625000000000        1.000000000000
  3 C     2 shells
 l=0 nsto= 1
    2       1.625000000000        1.000000000000
 l=1 nsto= 1
    2       1.625000000000        1.000000000000
  4 S     2 shells
 l=0 nsto= 1
    3       1.925000000000        1.000000000000
 l=1 nsto= 1
    3       1.925000000000        1.000000000000
  5 H     1 shells
 l=0 nsto= 1
    1       1.200000000000        1.000000000000
  6 C     2 shells
 l=0 nsto= 1
    2       1.625000000000        1.000000000000
 l=1 nsto= 1
    2       1.625000000000        1.000000000000
  7 C     2 shells
 l=0 nsto= 1
    2       1.625000000000        1.000000000000
 l=1 nsto= 1
    2       1.625000000000        1.000000000000
  8 C     2 shells
 l=0 nsto= 1
    2       1.625000000000        1.000000000000
 l=1 nsto= 1
    2       1.625000000000        1.000000000000
  9 H     1 shells
 l=0 nsto= 1
    1       1.200000000000        1.000000000000
 10 H     1 shells
 l=0 nsto= 1
    1       1.200000000000        1.000000000000
 11 H     1 shells
 l=0 nsto= 1
    1       1.200000000000        1.000000000000
 12 H     1 shells
 l=0 nsto= 1
    1       1.200000000000        1.000000000000
 13 H     1 shells
 l=0 nsto= 1
    1       1.200000000000        1.000000000000
 14 H     1 shells
 l=0 nsto= 1
    1       1.200000000000        1.000000000000
 15 C     2 shells
 l=0 nsto= 1
    2       1.625000000000        1.000000000000
 l=1 nsto= 1
    2       1.625000000000        1.000000000000
 16 C     2 shells
 l=0 nsto= 1
    2       1.625000000000        1.000000000000
 l=1 nsto= 1
    2       1.625000000000        1.000000000000
 17 C     2 shells
 l=0 nsto= 1
    2       1.625000000000        1.000000000000
 l=1 nsto= 1
    2       1.625000000000        1.000000000000
 18 H     1 shells
 l=0 nsto= 1
    1       1.200000000000        1.000000000000
 19 H     1 shells
 l=0 nsto= 1
    1       1.200000000000        1.000000000000
 20 H     1 shells
 l=0 nsto= 1
    1       1.200000000000        1.000000000000
 21 H     1 shells
 l=0 nsto= 1
    1       1.200000000000        1.000000000000
 22 H     1 shells
 l=0 nsto= 1
    1       1.200000000000        1.000000000000
 23 H     1 shells
 l=0 nsto= 1
    1       1.200000000000        1.000000000000
 24 H     1 shells
 l=0 nsto= 1
    1       1.200000000000        1.000000000000
 25 H     1 shells
 l=0 nsto= 1
    1       1.200000000000        1.000000000000
 26 H     1 shells
 l=0 nsto= 1
    1       1.200000000000        1.000000000000
------------------------------------------------------------------------------
                           ORCA NDO INTEGRAL CALCULATION
------------------------------------------------------------------------------

--------------
NDO PARAMETERS
--------------

Gamma integral treatment              ... Mataga-Nishimoto
Nuclear repulsuion treatment          ... Direct (ZA*ZB/RAB)
Interaction factors:
s-s (sigma) =    1.0000
s-p (sigma) =    1.0000
s-d (sigma) =    1.0000
p-p (sigma) =    1.2670  p-p(pi) =    0.5850
p-d (sigma) =    1.0000  p-d(pi) =    1.0000
d-d (sigma) =    1.0000  d-d(pi) =    1.0000 d-d (delta) =    1.0000

fGamma parameter for Mataga-Nishimoto gamma integrals:    1.2000

--------------------------
Parameters for Element H :
--------------------------
 One-electron parameters (in eV)
  U(s)  =   -13.060000 Beta(s) =    12.000000 Neff(s) =     1.000000
 One-center electron repulsion parameters (in eV)
  G(s,s)=    12.850000
--------------------------
Parameters for Element C :
--------------------------
 One-electron parameters (in eV)
  U(s)  =   -50.870766 Beta(s) =    17.000000 Neff(s) =     2.000000
  U(p)  =   -41.599980 Beta(p) =    17.000000 Neff(p) =     2.000000 
 One-center electron repulsion parameters (in eV)
  G(s,s)=    11.110000
  G(s,p)=    11.110000 G(p,p)  =    11.110000
 Slater-Condon parameters (in eV)
 F2(p,p)=     4.5098 G1(s,p)=    6.8977
--------------------------
Parameters for Element S :
--------------------------
 One-electron parameters (in eV)
  U(s)  =   -69.509597 Beta(s) =    15.000000 Neff(s) =     2.000000
  U(p)  =   -60.725746 Beta(p) =    15.000000 Neff(p) =     4.000000 
 One-center electron repulsion parameters (in eV)
  G(s,s)=    10.090000
  G(s,p)=    10.090000 G(p,p)  =    10.090000
 Slater-Condon parameters (in eV)
 F2(p,p)=     4.5377 G1(s,p)=    3.0756

 Number of atoms                    ....   27
 Number of basis functions          ....   60

 Overlap integrals                  .... done
 One electron matrix                .... done
 Nuclear repulsion                  .... done
 Integral list                      .... done
 Electron-electron repulsion        .... done
-------------------------------------------------------------------------------
                                 ORCA SCF
-------------------------------------------------------------------------------

------------
SCF SETTINGS
------------
Hamiltonian:
 ZDO-Hamiltonian        Method          .... INDO


General Settings:
 Integral files         IntName         .... /Users/mattyjones/GoogleDrive/Boise/Code/MorphCT/tests/output_EZ/donor_polymer/chromophores/input_orca/single/00014
 Hartree-Fock type      HFTyp           .... RHF
 Total Charge           Charge          ....    0
 Multiplicity           Mult            ....    1
 Number of Electrons    NEL             ....   62
 Basis Dimension        Dim             ....   60
 Nuclear Repulsion      ENuc            ....    285.8340686327 Eh

Convergence Acceleration:
 DIIS                   CNVDIIS         .... on
   Start iteration      DIISMaxIt       ....    12
   Startup error        DIISStart       ....  0.200000
   # of expansion vecs  DIISMaxEq       ....     5
   Bias factor          DIISBfac        ....   1.050
   Max. coefficient     DIISMaxC        ....  10.000
 Newton-Raphson         CNVNR           .... off
 SOSCF                  CNVSOSCF        .... on
   Start iteration      SOSCFMaxIt      ....   150
   Startup grad/error   SOSCFStart      ....  0.003300
 Level Shifting         CNVShift        .... on
   Level shift para.    LevelShift      ....    0.2500
   Turn off err/grad.   ShiftErr        ....    0.0010
 Zerner damping         CNVZerner       .... off
 Static damping         CNVDamp         .... on
   Fraction old density DampFac         ....    0.7000
   Max. Damping (<1)    DampMax         ....    0.9800
   Min. Damping (>=0)   DampMin         ....    0.0000
   Turn off err/grad.   DampErr         ....    0.1000
 Fernandez-Rico         CNVRico         .... off

SCF Procedure:
 Maximum # iterations   MaxIter         ....   125
 SCF integral mode      SCFMode         .... Conventional
 Integral Buffer length BufferLength    .... 1048576
 Integral index format  IndFormat       ....     0
 Integral value format  ValFormat       ....     0
 Integral Storage       Thresh          ....  1.000e-08 Eh

Convergence Tolerance:
 Convergence Check Mode ConvCheckMode   .... Total+1el-Energy
 Energy Change          TolE            ....  1.000e-06 Eh
 1-El. energy change                    ....  1.000e-03 Eh
 Orbital Gradient       TolG            ....  5.000e-05
 Orbital Rotation angle TolX            ....  5.000e-05
 DIIS Error             TolErr          ....  1.000e-06


Diagonalization of the overlap matrix:
Smallest eigenvalue                        ... 1.698e-01
Time for diagonalization                   ...    0.001 sec
Threshold for overlap eigenvalues          ... 1.000e-08
Number of eigenvalues below threshold      ... 0
Time for construction of square roots      ...    0.000 sec
Total time needed                          ...    0.002 sec

-------------------------------
INITIAL GUESS: EXTENDED HUECKEL
-------------------------------
EHT matrix was read from disk
EHT matrix was diagonalized
Initial density was built
                      ------------------
                      INITIAL GUESS DONE
                      ------------------

 InCore treatment chosen:
   Memory dedicated               ...    1024 MB
   Memory needed                  ...      0 MB
   Number of tiny    integrals    ...       0
   Number of small   integrals    ...       0
   Number of regular integrals    ...    1896

--------------
SCF ITERATIONS
--------------
ITER       Energy         Delta-E        Max-DP      RMS-DP      [F,P]     Damp
  0     -8.9140474681   0.000000000000 0.04185141  0.00203671  0.1110103 0.7000
  1     -8.9348628882  -0.020815420062 0.03986289  0.00191756  0.0758898 0.7000
                               ***Turning on DIIS***
  2     -8.9502683097  -0.015405421504 0.10218118  0.00491983  0.0458917 0.0000
  3     -8.9907871098  -0.040518800181 0.01858436  0.00102247  0.0212224 0.0000
  4     -8.9828836432   0.007903466658 0.01156058  0.00069815  0.0070032 0.0000
  5     -8.9914276704  -0.008544027194 0.00819105  0.00047313  0.0040606 0.0000
  6     -8.9927131523  -0.001285481881 0.00599355  0.00033613  0.0022097 0.0000
                      *** Initiating the SOSCF procedure ***
                           *** Shutting down DIIS ***
                      *** Re-Reading the Fockian *** 
                      *** Removing any level shift *** 
ITER      Energy       Delta-E        Grad      Rot      Max-DP    RMS-DP
  7     -8.99070129   0.0020118578  0.003006  0.003006  0.003564  0.000189
  8     -8.98979389   0.0009074015  0.000796  0.002179  0.001768  0.000087
  9     -8.98980101  -0.0000071197  0.000352  0.002132  0.001973  0.000092
 10     -8.98980361  -0.0000026000  0.000026  0.000059  0.000115  0.000005
                 **** Energy Check signals convergence ****
              ***Rediagonalizing the Fockian in SOSCF/NRSCF***

               *****************************************************
               *                     SUCCESS                       *
               *           SCF CONVERGED AFTER  11 CYCLES          *
               *****************************************************


----------------
TOTAL SCF ENERGY
----------------

Total Energy       :           -8.98980363 Eh            -244.62499 eV

Components:
Nuclear Repulsion  :          285.83406863 Eh            7777.94043 eV
Electronic Energy  :         -294.82387227 Eh           -8022.56542 eV

One Electron Energy:         -544.47853090 Eh          -14816.01406 eV
Two Electron Energy:          249.65465863 Eh            6793.44863 eV


---------------
SCF CONVERGENCE
---------------

  Last Energy change         ...   -2.1892e-08  Tolerance :   1.0000e-06
  Last MAX-Density change    ...    3.5843e-05  Tolerance :   1.0000e-05
  Last RMS-Density change    ...    1.6962e-06  Tolerance :   1.0000e-06
  Last Orbital Gradient      ...    7.2344e-06  Tolerance :   5.0000e-05
  Last Orbital Rotation      ...    1.7690e-05  Tolerance :   5.0000e-05

             **** THE GBW FILE WAS UPDATED (/Users/mattyjones/GoogleDrive/Boise/Code/MorphCT/tests/output_EZ/donor_polymer/chromophores/input_orca/single/00014.gbw) ****
             **** DENSITY FILE WAS UPDATED (/Users/mattyjones/GoogleDrive/Boise/Code/MorphCT/tests/output_EZ/donor_polymer/chromophores/input_orca/single/00014.scfp.tmp) ****
             **** ENERGY FILE WAS UPDATED (/Users/mattyjones/GoogleDrive/Boise/Code/MorphCT/tests/output_EZ/donor_polymer/chromophores/input_orca/single/00014.en.tmp) ****
----------------
ORBITAL ENERGIES
----------------

  NO   OCC          E(Eh)            E(eV) 
   0   2.0000      -1.555258       -42.3207 
   1   2.0000      -1.387208       -37.7479 
   2   2.0000      -1.289411       -35.0867 
   3   2.0000      -1.181964       -32.1629 
   4   2.0000      -1.115685       -30.3593 
   5   2.0000      -1.042091       -28.3567 
   6   2.0000      -0.947239       -25.7757 
   7   2.0000      -0.890123       -24.2215 
   8   2.0000      -0.871548       -23.7160 
   9   2.0000      -0.832315       -22.6484 
  10   2.0000      -0.775463       -21.1014 
  11   2.0000      -0.727099       -19.7854 
  12   2.0000      -0.699484       -19.0339 
  13   2.0000      -0.668927       -18.2024 
  14   2.0000      -0.629684       -17.1346 
  15   2.0000      -0.618591       -16.8327 
  16   2.0000      -0.610498       -16.6125 
  17   2.0000      -0.578234       -15.7345 
  18   2.0000      -0.561998       -15.2928 
  19   2.0000      -0.549684       -14.9577 
  20   2.0000      -0.531861       -14.4727 
  21   2.0000      -0.512667       -13.9504 
  22   2.0000      -0.504388       -13.7251 
  23   2.0000      -0.499920       -13.6035 
  24   2.0000      -0.487507       -13.2657 
  25   2.0000      -0.483231       -13.1494 
  26   2.0000      -0.469738       -12.7822 
  27   2.0000      -0.460514       -12.5312 
  28   2.0000      -0.439568       -11.9612 
  29   2.0000      -0.357684        -9.7331 
  30   2.0000      -0.305025        -8.3002 
  31   0.0000       0.007463         0.2031 
  32   0.0000       0.062764         1.7079 
  33   0.0000       0.074714         2.0331 
  34   0.0000       0.084516         2.2998 
  35   0.0000       0.104031         2.8308 
  36   0.0000       0.108260         2.9459 
  37   0.0000       0.123907         3.3717 
  38   0.0000       0.141179         3.8417 
  39   0.0000       0.155546         4.2326 
  40   0.0000       0.166205         4.5227 
  41   0.0000       0.172196         4.6857 
  42   0.0000       0.204979         5.5778 
  43   0.0000       0.234418         6.3789 
  44   0.0000       0.237029         6.4499 
  45   0.0000       0.237877         6.4730 
  46   0.0000       0.239088         6.5059 
  47   0.0000       0.240629         6.5478 
  48   0.0000       0.241754         6.5785 
  49   0.0000       0.242817         6.6074 
  50   0.0000       0.245616         6.6836 
  51   0.0000       0.258020         7.0211 
  52   0.0000       0.265282         7.2187 
  53   0.0000       0.270642         7.3646 
  54   0.0000       0.302200         8.2233 
  55   0.0000       0.309962         8.4345 
  56   0.0000       0.343923         9.3586 
  57   0.0000       0.356919         9.7122 
  58   0.0000       0.409678        11.1479 
  59   0.0000       0.431066        11.7299 
-------
TIMINGS
-------

Total SCF time: 0 days 0 hours 0 min 0 sec 

Total time                  ....       0.066 sec
Sum of individual times     ....       0.056 sec  ( 85.4%)

Fock matrix formation       ....       0.044 sec  ( 66.9%)
Diagonalization             ....       0.005 sec  (  8.0%)
Density matrix formation    ....       0.001 sec  (  1.0%)
Population analysis         ....       0.000 sec  (  0.0%)
Initial guess               ....       0.001 sec  (  0.8%)
Orbital Transformation      ....       0.000 sec  (  0.0%)
Orbital Orthonormalization  ....       0.000 sec  (  0.0%)
DIIS solution               ....       0.004 sec  (  6.0%)
SOSCF solution              ....       0.002 sec  (  2.6%)

-------------------------   --------------------
FINAL SINGLE POINT ENERGY        -8.989803634628
-------------------------   --------------------


                            ***************************************
                            *     ORCA property calculations      *
                            ***************************************

                                    ---------------------
                                    Active property flags
                                    ---------------------
   (+) Dipole Moment


------------------------------------------------------------------------------
                       ORCA ELECTRIC PROPERTIES CALCULATION
------------------------------------------------------------------------------

Dipole Moment Calculation                       ... on
Quadrupole Moment Calculation                   ... off
Polarizability Calculation                      ... off
GBWName                                         ... /Users/mattyjones/GoogleDrive/Boise/Code/MorphCT/tests/output_EZ/donor_polymer/chromophores/input_orca/single/00014.gbw
Electron density file                           ... /Users/mattyjones/GoogleDrive/Boise/Code/MorphCT/tests/output_EZ/donor_polymer/chromophores/input_orca/single/00014.scfp.tmp

-------------
DIPOLE MOMENT
-------------
                                X             Y             Z
Electronic contribution:     86.18746     107.41528     -67.56509
Nuclear contribution   :    -46.25209     -58.16975      36.60801
                        -----------------------------------------
Total Dipole Moment    :     39.93538      49.24553     -30.95708
                        -----------------------------------------
Magnitude (a.u.)       :     70.55705
Magnitude (Debye)      :    179.34176


Timings for individual modules:

Sum of individual times         ...        0.151 sec (=   0.003 min)
STO integral calculation        ...        0.056 sec (=   0.001 min)  37.2 %
SCF iterations                  ...        0.095 sec (=   0.002 min)  62.8 %
                             ****ORCA TERMINATED NORMALLY****
TOTAL RUN TIME: 0 days 0 hours 0 minutes 0 seconds 425 msec

