
                                 *****************
                                 * O   R   C   A *
                                 *****************

           --- An Ab Initio, DFT and Semiempirical electronic structure package ---

                  #######################################################
                  #                        -***-                        #
                  #  Department of molecular theory and spectroscopy    #
                  #              Directorship: Frank Neese              #
                  # Max Planck Institute for Chemical Energy Conversion #
                  #                  D-45470 Muelheim/Ruhr              #
                  #                       Germany                       #
                  #                                                     #
                  #                  All rights reserved                #
                  #                        -***-                        #
                  #######################################################


                         Program Version 3.0.3 - RELEASE   -


 With contributions from (in alphabetic order):
   Ute Becker             : Parallelization
   Dmytro Bykov           : SCF Hessian
   Dmitry Ganyushin       : Spin-Orbit,Spin-Spin,Magnetic field MRCI
   Andreas Hansen         : Spin unrestricted coupled pair/coupled cluster methods
   Dimitrios Liakos       : Extrapolation schemes; parallel MDCI
   Robert Izsak           : Overlap fitted RIJCOSX, COSX-SCS-MP3
   Christian Kollmar      : KDIIS, OOCD, Brueckner-CCSD(T), CCSD density
   Simone Kossmann        : Meta GGA functionals, TD-DFT gradient, OOMP2, MP2 Hessian
   Taras Petrenko         : DFT Hessian,TD-DFT gradient, ASA and ECA modules, normal mode analysis, Resonance Raman, ABS, FL, XAS/XES, NRVS
   Christoph Reimann      : Effective Core Potentials
   Michael Roemelt        : Restricted open shell CIS
   Christoph Riplinger    : Improved optimizer, TS searches, QM/MM, DLPNO-CCSD
   Barbara Sandhoefer     : DKH picture change effects
   Igor Schapiro          : Molecular dynamics
   Kantharuban Sivalingam : CASSCF convergence, NEVPT2
   Boris Wezisla          : Elementary symmetry handling
   Frank Wennmohs         : Technical directorship


 We gratefully acknowledge several colleagues who have allowed us to
 interface, adapt or use parts of their codes:
   Stefan Grimme, W. Hujo, H. Kruse, T. Risthaus : VdW corrections, initial TS optimization,
                                                   DFT functionals, gCP
   Ed Valeev                                     : LibInt (2-el integral package), F12 methods
   Garnet Chan, S. Sharma, R. Olivares           : DMRG
   Ulf Ekstrom                                   : XCFun DFT Library
   Mihaly Kallay                                 : mrcc  (arbitrary order and MRCC methods)
   Andreas Klamt, Michael Diedenhofen            : otool_cosmo (COSMO solvation model)
   Frank Weinhold                                : gennbo (NPA and NBO analysis)
   Christopher J. Cramer and Donald G. Truhlar   : smd solvation model


 Your calculation uses the libint2 library for the computation of 2-el integrals
 For citations please refer to: http://libint.valeyev.net

 This ORCA versions uses:
   CBLAS   interface :  Fast vector & matrix operations
   LAPACKE interface :  Fast linear algebra routines
   SCALAPACK package :  Parallel linear algebra routines


leaving
================================================================================
                                        WARNINGS
                       Please study these warnings very carefully!
================================================================================
Now building the actual basis set

WARNING: Direct SCF is incompatible with Method<>HF and Method<>DFT
  ===> : conventional SCF is chosen

WARNING: The NDO methods need Guess=HUECKEL or Guess=HCORE or Guess=MOREAD
  ===> : Guess is set to Hueckel

WARNING: The NDO methods need %rel::SOCType==1
  ===> : %rel::SOCType is set to 1

WARNING: The NDO methods cannot have frozencore=1
  ===> : %method FrozenCore=0 end


INFO   : the flag for use of LIBINT has been found!

================================================================================
                                       INPUT FILE
================================================================================
NAME = /Users/mattyjones/GoogleDrive/Boise/Code/MorphCT/tests/output_EZ/donor_polymer/chromophores/input_orca/single/00015.inp
|  1> # ================================================================
|  2> # Orca input file made by Matty Jones
|  3> # ================================================================
|  4> ! ZINDO/S 
|  5> ! NOPOP
|  6> ! NOMOPRINT
|  7> * xyz 0   1
|  8>  C  0.97921  3.86207  -1.83876
|  9>  C  1.07996  2.73135  -1.02685
| 10>  C  1.23301  3.02330  0.36441
| 11>  C  1.25322  4.39147  0.65253
| 12>  S  1.08305  5.15717  -0.80870
| 13>  H  1.48142  1.75667  -1.48862
| 14>  C  1.31177  1.65895  1.24351
| 15>  C  -0.02418  0.67713  0.64173
| 16>  C  -0.77713  -0.86188  0.79168
| 17>  H  -1.91357  -0.67711  0.87300
| 18>  H  -0.39243  -1.34036  1.76637
| 19>  H  0.20791  0.61066  -0.48599
| 20>  H  -0.91316  1.40060  0.81200
| 21>  H  1.14190  1.86127  2.36385
| 22>  H  2.29863  1.09094  1.06793
| 23>  C  -0.48068  -1.85865  -0.47250
| 24>  C  -1.54001  -3.17302  -0.63364
| 25>  C  -1.09755  -4.56691  0.18886
| 26>  H  -0.02903  -4.87829  -0.12749
| 27>  H  -1.84176  -5.41552  -0.06937
| 28>  H  -1.12372  -4.36140  1.32746
| 29>  H  -1.60832  -3.43181  -1.75640
| 30>  H  -2.57844  -2.84467  -0.25639
| 31>  H  0.59052  -2.28293  -0.38112
| 32>  H  -0.55764  -1.26097  -1.46101
| 33>  H  0.86120  3.88752  -2.89187
| 34>  H  1.35581  4.84439  1.60539
| 35> *
| 36> 
| 37>                          ****END OF INPUT****
================================================================================

                       ****************************
                       * Single Point Calculation *
                       ****************************

---------------------------------
CARTESIAN COORDINATES (ANGSTROEM)
---------------------------------
  C      0.979210    3.862070   -1.838760
  C      1.079960    2.731350   -1.026850
  C      1.233010    3.023300    0.364410
  C      1.253220    4.391470    0.652530
  S      1.083050    5.157170   -0.808700
  H      1.481420    1.756670   -1.488620
  C      1.311770    1.658950    1.243510
  C     -0.024180    0.677130    0.641730
  C     -0.777130   -0.861880    0.791680
  H     -1.913570   -0.677110    0.873000
  H     -0.392430   -1.340360    1.766370
  H      0.207910    0.610660   -0.485990
  H     -0.913160    1.400600    0.812000
  H      1.141900    1.861270    2.363850
  H      2.298630    1.090940    1.067930
  C     -0.480680   -1.858650   -0.472500
  C     -1.540010   -3.173020   -0.633640
  C     -1.097550   -4.566910    0.188860
  H     -0.029030   -4.878290   -0.127490
  H     -1.841760   -5.415520   -0.069370
  H     -1.123720   -4.361400    1.327460
  H     -1.608320   -3.431810   -1.756400
  H     -2.578440   -2.844670   -0.256390
  H      0.590520   -2.282930   -0.381120
  H     -0.557640   -1.260970   -1.461010
  H      0.861200    3.887520   -2.891870
  H      1.355810    4.844390    1.605390

----------------------------
CARTESIAN COORDINATES (A.U.)
----------------------------
  NO LB      ZA    FRAG    MASS        X           Y           Z
   0 C     4.0000    0    12.011          1.850438727597029          7.298254610033249         -3.474752826009041
   1 C     4.0000    0    12.011          2.040828635589595          5.161503475885810         -1.940465280617037
   2 C     4.0000    0    12.011          2.330051220386242          5.713209020684120          0.688635100462243
   3 C     4.0000    0    12.011          2.368242585552791          8.298675625331159          1.233102994167634
   4 S     6.0000    0    32.060          2.046667889343412          9.745638926074662         -1.528221524502116
   5 H     1.0000    0     1.008          2.799478089313621          3.319625207675445         -2.813084117477854
   6 C     4.0000    0    12.011          2.478886050693880          3.134961169868660          2.349893344792415
   7 C     4.0000    0    12.011         -0.045693577918216          1.279590257062097          1.212693951921285
   8 C     4.0000    0    12.011         -1.468562870454222         -1.628717160304048          1.496058385702777
   9 H     1.0000    0     1.008         -3.616123238087690         -1.279552462539419          1.649730914913253
  10 H     1.0000    0     1.008         -0.741585226734717         -2.532913320862689          3.337955551174481
  11 H     1.0000    0     1.008          0.392892960503567          1.153980160940351         -0.918388003824389
  12 H     1.0000    0     1.008         -1.725622316451530          2.646750423170105          1.534457620744057
  13 H     1.0000    0     1.008          2.157878272324677          3.517290561283608          4.467029121669750
  14 H     1.0000    0     1.008          4.343781183215407          2.061577828540050          2.018095230198522
  15 C     4.0000    0    12.011         -0.908353558053267         -3.512339478812734         -0.892895598277791
  16 C     4.0000    0    12.011         -2.910197143500067         -5.996138817454811         -1.197406067497862
  17 C     4.0000    0    12.011         -2.074068918285270         -8.630209178266304          0.356893677652368
  18 H     1.0000    0     1.008         -0.054858749667734         -9.218632101846703         -0.240921184813620
  19 H     1.0000    0     1.008         -3.480422004410805        -10.233849672773216         -0.131090301910117
  20 H     1.0000    0     1.008         -2.123523051209989         -8.241851560484147          2.508535853735105
  21 H     1.0000    0     1.008         -3.039284335708227         -6.485181043652291         -3.319114981619286
  22 H     1.0000    0     1.008         -4.872545452747913         -5.375647241381767         -0.484506883476070
  23 H     1.0000    0     1.008          1.115921076603178         -4.314112482912843         -0.720212424160067
  24 H     1.0000    0     1.008         -1.053786881319847         -2.382887963090681         -2.760908778920288
  25 H     1.0000    0     1.008          1.627432146532982          7.346348140141544         -5.464842314902850
  26 H     1.0000    0     1.008          2.562109589631772          9.154570385906771          3.033747438135838

--------------------------------
INTERNAL COORDINATES (ANGSTROEM)
--------------------------------
 C      0   0   0   0.000000     0.000     0.000
 C      1   0   0   1.395663     0.000     0.000
 C      2   1   0   1.429777   114.102     0.000
 C      3   2   1   1.398324   113.693     0.000
 S      1   2   3   1.658038   105.480     0.000
 H      2   1   3   1.150827   118.550   205.914
 C      3   2   1   1.624953   111.111   178.815
 C      7   3   2   1.763766   104.246   312.889
 C      8   7   3   1.719875   143.128   176.369
 H      9   8   7   1.154231   107.094   133.871
 H      9   8   7   1.151937   107.413    16.191
 H      8   7   3   1.153272   102.315    56.449
 H      8   7   3   1.158743   100.569   303.584
 H      7   3   2   1.151065   111.828   195.805
 H      7   3   2   1.152110   111.902    70.311
 C      9   8   7   1.636944   113.470   254.544
 C     16   9   8   1.695793   115.608   198.012
 C     17  16   9   1.677858   115.632   270.841
 H     18  17  16   1.157052   109.455   304.901
 H     18  17  16   1.157873   109.271   184.883
 H     18  17  16   1.157294   109.196    65.045
 H     17  16   9   1.154222   107.649   150.241
 H     17  16   9   1.152592   108.114    32.385
 H     16   9   8   1.155783   109.288    76.513
 H     16   9   8   1.157712   109.452   317.722
 H      1   2   3   1.060007   127.261   180.000
 H      4   3   2   1.060002   127.206   179.999

---------------------------
INTERNAL COORDINATES (A.U.)
---------------------------
 C      0   0   0   0.000000     0.000     0.000
 C      1   0   0   2.637421     0.000     0.000
 C      2   1   0   2.701888   114.102     0.000
 C      3   2   1   2.642450   113.693     0.000
 S      1   2   3   3.133238   105.480     0.000
 H      2   1   3   2.174748   118.550   205.914
 C      3   2   1   3.070715   111.111   178.815
 C      7   3   2   3.333036   104.246   312.889
 C      8   7   3   3.250093   143.128   176.369
 H      9   8   7   2.181180   107.094   133.871
 H      9   8   7   2.176845   107.413    16.191
 H      8   7   3   2.179368   102.315    56.449
 H      8   7   3   2.189708   100.569   303.584
 H      7   3   2   2.175198   111.828   195.805
 H      7   3   2   2.177171   111.902    70.311
 C      9   8   7   3.093375   113.470   254.544
 C     16   9   8   3.204585   115.608   198.012
 C     17  16   9   3.170692   115.632   270.841
 H     18  17  16   2.186512   109.455   304.901
 H     18  17  16   2.188063   109.271   184.883
 H     18  17  16   2.186969   109.196    65.045
 H     17  16   9   2.181164   107.649   150.241
 H     17  16   9   2.178083   108.114    32.385
 H     16   9   8   2.184112   109.288    76.513
 H     16   9   8   2.187758   109.452   317.722
 H      1   2   3   2.003123   127.261   180.000
 H      4   3   2   2.003113   127.206   179.999

----------------------------
SLATER BASIS SET DIM=  60
----------------------------
  0 C     2 shells
 l=0 nsto= 1
    2       1.625000000000        1.000000000000
 l=1 nsto= 1
    2       1.625000000000        1.000000000000
  1 C     2 shells
 l=0 nsto= 1
    2       1.625000000000        1.000000000000
 l=1 nsto= 1
    2       1.625000000000        1.000000000000
  2 C     2 shells
 l=0 nsto= 1
    2       1.625000000000        1.000000000000
 l=1 nsto= 1
    2       1.625000000000        1.000000000000
  3 C     2 shells
 l=0 nsto= 1
    2       1.625000000000        1.000000000000
 l=1 nsto= 1
    2       1.625000000000        1.000000000000
  4 S     2 shells
 l=0 nsto= 1
    3       1.925000000000        1.000000000000
 l=1 nsto= 1
    3       1.925000000000        1.000000000000
  5 H     1 shells
 l=0 nsto= 1
    1       1.200000000000        1.000000000000
  6 C     2 shells
 l=0 nsto= 1
    2       1.625000000000        1.000000000000
 l=1 nsto= 1
    2       1.625000000000        1.000000000000
  7 C     2 shells
 l=0 nsto= 1
    2       1.625000000000        1.000000000000
 l=1 nsto= 1
    2       1.625000000000        1.000000000000
  8 C     2 shells
 l=0 nsto= 1
    2       1.625000000000        1.000000000000
 l=1 nsto= 1
    2       1.625000000000        1.000000000000
  9 H     1 shells
 l=0 nsto= 1
    1       1.200000000000        1.000000000000
 10 H     1 shells
 l=0 nsto= 1
    1       1.200000000000        1.000000000000
 11 H     1 shells
 l=0 nsto= 1
    1       1.200000000000        1.000000000000
 12 H     1 shells
 l=0 nsto= 1
    1       1.200000000000        1.000000000000
 13 H     1 shells
 l=0 nsto= 1
    1       1.200000000000        1.000000000000
 14 H     1 shells
 l=0 nsto= 1
    1       1.200000000000        1.000000000000
 15 C     2 shells
 l=0 nsto= 1
    2       1.625000000000        1.000000000000
 l=1 nsto= 1
    2       1.625000000000        1.000000000000
 16 C     2 shells
 l=0 nsto= 1
    2       1.625000000000        1.000000000000
 l=1 nsto= 1
    2       1.625000000000        1.000000000000
 17 C     2 shells
 l=0 nsto= 1
    2       1.625000000000        1.000000000000
 l=1 nsto= 1
    2       1.625000000000        1.000000000000
 18 H     1 shells
 l=0 nsto= 1
    1       1.200000000000        1.000000000000
 19 H     1 shells
 l=0 nsto= 1
    1       1.200000000000        1.000000000000
 20 H     1 shells
 l=0 nsto= 1
    1       1.200000000000        1.000000000000
 21 H     1 shells
 l=0 nsto= 1
    1       1.200000000000        1.000000000000
 22 H     1 shells
 l=0 nsto= 1
    1       1.200000000000        1.000000000000
 23 H     1 shells
 l=0 nsto= 1
    1       1.200000000000        1.000000000000
 24 H     1 shells
 l=0 nsto= 1
    1       1.200000000000        1.000000000000
 25 H     1 shells
 l=0 nsto= 1
    1       1.200000000000        1.000000000000
 26 H     1 shells
 l=0 nsto= 1
    1       1.200000000000        1.000000000000
------------------------------------------------------------------------------
                           ORCA NDO INTEGRAL CALCULATION
------------------------------------------------------------------------------

--------------
NDO PARAMETERS
--------------

Gamma integral treatment              ... Mataga-Nishimoto
Nuclear repulsuion treatment          ... Direct (ZA*ZB/RAB)
Interaction factors:
s-s (sigma) =    1.0000
s-p (sigma) =    1.0000
s-d (sigma) =    1.0000
p-p (sigma) =    1.2670  p-p(pi) =    0.5850
p-d (sigma) =    1.0000  p-d(pi) =    1.0000
d-d (sigma) =    1.0000  d-d(pi) =    1.0000 d-d (delta) =    1.0000

fGamma parameter for Mataga-Nishimoto gamma integrals:    1.2000

--------------------------
Parameters for Element H :
--------------------------
 One-electron parameters (in eV)
  U(s)  =   -13.060000 Beta(s) =    12.000000 Neff(s) =     1.000000
 One-center electron repulsion parameters (in eV)
  G(s,s)=    12.850000
--------------------------
Parameters for Element C :
--------------------------
 One-electron parameters (in eV)
  U(s)  =   -50.870766 Beta(s) =    17.000000 Neff(s) =     2.000000
  U(p)  =   -41.599980 Beta(p) =    17.000000 Neff(p) =     2.000000 
 One-center electron repulsion parameters (in eV)
  G(s,s)=    11.110000
  G(s,p)=    11.110000 G(p,p)  =    11.110000
 Slater-Condon parameters (in eV)
 F2(p,p)=     4.5098 G1(s,p)=    6.8977
--------------------------
Parameters for Element S :
--------------------------
 One-electron parameters (in eV)
  U(s)  =   -69.509597 Beta(s) =    15.000000 Neff(s) =     2.000000
  U(p)  =   -60.725746 Beta(p) =    15.000000 Neff(p) =     4.000000 
 One-center electron repulsion parameters (in eV)
  G(s,s)=    10.090000
  G(s,p)=    10.090000 G(p,p)  =    10.090000
 Slater-Condon parameters (in eV)
 F2(p,p)=     4.5377 G1(s,p)=    3.0756

 Number of atoms                    ....   27
 Number of basis functions          ....   60

 Overlap integrals                  .... done
 One electron matrix                .... done
 Nuclear repulsion                  .... done
 Integral list                      .... done
 Electron-electron repulsion        .... done
-------------------------------------------------------------------------------
                                 ORCA SCF
-------------------------------------------------------------------------------

------------
SCF SETTINGS
------------
Hamiltonian:
 ZDO-Hamiltonian        Method          .... INDO


General Settings:
 Integral files         IntName         .... /Users/mattyjones/GoogleDrive/Boise/Code/MorphCT/tests/output_EZ/donor_polymer/chromophores/input_orca/single/00015
 Hartree-Fock type      HFTyp           .... RHF
 Total Charge           Charge          ....    0
 Multiplicity           Mult            ....    1
 Number of Electrons    NEL             ....   62
 Basis Dimension        Dim             ....   60
 Nuclear Repulsion      ENuc            ....    292.4966096426 Eh

Convergence Acceleration:
 DIIS                   CNVDIIS         .... on
   Start iteration      DIISMaxIt       ....    12
   Startup error        DIISStart       ....  0.200000
   # of expansion vecs  DIISMaxEq       ....     5
   Bias factor          DIISBfac        ....   1.050
   Max. coefficient     DIISMaxC        ....  10.000
 Newton-Raphson         CNVNR           .... off
 SOSCF                  CNVSOSCF        .... on
   Start iteration      SOSCFMaxIt      ....   150
   Startup grad/error   SOSCFStart      ....  0.003300
 Level Shifting         CNVShift        .... on
   Level shift para.    LevelShift      ....    0.2500
   Turn off err/grad.   ShiftErr        ....    0.0010
 Zerner damping         CNVZerner       .... off
 Static damping         CNVDamp         .... on
   Fraction old density DampFac         ....    0.7000
   Max. Damping (<1)    DampMax         ....    0.9800
   Min. Damping (>=0)   DampMin         ....    0.0000
   Turn off err/grad.   DampErr         ....    0.1000
 Fernandez-Rico         CNVRico         .... off

SCF Procedure:
 Maximum # iterations   MaxIter         ....   125
 SCF integral mode      SCFMode         .... Conventional
 Integral Buffer length BufferLength    .... 1048576
 Integral index format  IndFormat       ....     0
 Integral value format  ValFormat       ....     0
 Integral Storage       Thresh          ....  1.000e-08 Eh

Convergence Tolerance:
 Convergence Check Mode ConvCheckMode   .... Total+1el-Energy
 Energy Change          TolE            ....  1.000e-06 Eh
 1-El. energy change                    ....  1.000e-03 Eh
 Orbital Gradient       TolG            ....  5.000e-05
 Orbital Rotation angle TolX            ....  5.000e-05
 DIIS Error             TolErr          ....  1.000e-06


Diagonalization of the overlap matrix:
Smallest eigenvalue                        ... 1.693e-01
Time for diagonalization                   ...    0.001 sec
Threshold for overlap eigenvalues          ... 1.000e-08
Number of eigenvalues below threshold      ... 0
Time for construction of square roots      ...    0.000 sec
Total time needed                          ...    0.002 sec

-------------------------------
INITIAL GUESS: EXTENDED HUECKEL
-------------------------------
EHT matrix was read from disk
EHT matrix was diagonalized
Initial density was built
                      ------------------
                      INITIAL GUESS DONE
                      ------------------

 InCore treatment chosen:
   Memory dedicated               ...    1024 MB
   Memory needed                  ...      0 MB
   Number of tiny    integrals    ...       0
   Number of small   integrals    ...       0
   Number of regular integrals    ...    1896

--------------
SCF ITERATIONS
--------------
ITER       Energy         Delta-E        Max-DP      RMS-DP      [F,P]     Damp
  0     -7.0023569601   0.000000000000 0.04589659  0.00204303  0.0924140 0.7000
  1     -7.0235317806  -0.021174820532 0.04550322  0.00193240  0.0708959 0.7000
                               ***Turning on DIIS***
  2     -7.0392095389  -0.015677758298 0.12219795  0.00498574  0.0516034 0.0000
  3     -7.0792018372  -0.039992298257 0.02431228  0.00107366  0.0172463 0.0000
  4     -7.0721785054   0.007023331804 0.01717348  0.00074018  0.0091493 0.0000
  5     -7.0812862655  -0.009107760084 0.01206904  0.00049900  0.0054811 0.0000
  6     -7.0826630634  -0.001376797894 0.00850751  0.00035551  0.0032091 0.0000
                      *** Initiating the SOSCF procedure ***
                           *** Shutting down DIIS ***
                      *** Re-Reading the Fockian *** 
                      *** Removing any level shift *** 
ITER      Energy       Delta-E        Grad      Rot      Max-DP    RMS-DP
  7     -7.08073189   0.0019311700  0.003057  0.003057  0.005215  0.000204
  8     -7.07953163   0.0012002674  0.000860  0.002437  0.002624  0.000096
  9     -7.07954007  -0.0000084428  0.000377  0.002430  0.003058  0.000106
 10     -7.07954325  -0.0000031835  0.000042  0.000110  0.000242  0.000009
                 **** Energy Check signals convergence ****
              ***Rediagonalizing the Fockian in SOSCF/NRSCF***

               *****************************************************
               *                     SUCCESS                       *
               *           SCF CONVERGED AFTER  11 CYCLES          *
               *****************************************************


----------------
TOTAL SCF ENERGY
----------------

Total Energy       :           -7.07954330 Eh            -192.64417 eV

Components:
Nuclear Repulsion  :          292.49660964 Eh            7959.23739 eV
Electronic Energy  :         -299.57615294 Eh           -8151.88156 eV

One Electron Energy:         -554.04729025 Eh          -15076.39324 eV
Two Electron Energy:          254.47113731 Eh            6924.51168 eV


---------------
SCF CONVERGENCE
---------------

  Last Energy change         ...   -4.6937e-08  Tolerance :   1.0000e-06
  Last MAX-Density change    ...    1.0772e-04  Tolerance :   1.0000e-05
  Last RMS-Density change    ...    3.3208e-06  Tolerance :   1.0000e-06
  Last Orbital Gradient      ...    1.6993e-05  Tolerance :   5.0000e-05
  Last Orbital Rotation      ...    4.3572e-05  Tolerance :   5.0000e-05

             **** THE GBW FILE WAS UPDATED (/Users/mattyjones/GoogleDrive/Boise/Code/MorphCT/tests/output_EZ/donor_polymer/chromophores/input_orca/single/00015.gbw) ****
             **** DENSITY FILE WAS UPDATED (/Users/mattyjones/GoogleDrive/Boise/Code/MorphCT/tests/output_EZ/donor_polymer/chromophores/input_orca/single/00015.scfp.tmp) ****
             **** ENERGY FILE WAS UPDATED (/Users/mattyjones/GoogleDrive/Boise/Code/MorphCT/tests/output_EZ/donor_polymer/chromophores/input_orca/single/00015.en.tmp) ****
----------------
ORBITAL ENERGIES
----------------

  NO   OCC          E(Eh)            E(eV) 
   0   2.0000      -1.566271       -42.6204 
   1   2.0000      -1.393011       -37.9058 
   2   2.0000      -1.292154       -35.1613 
   3   2.0000      -1.189144       -32.3582 
   4   2.0000      -1.121126       -30.5074 
   5   2.0000      -1.025603       -27.9081 
   6   2.0000      -0.946847       -25.7650 
   7   2.0000      -0.893694       -24.3186 
   8   2.0000      -0.865084       -23.5401 
   9   2.0000      -0.837970       -22.8023 
  10   2.0000      -0.772732       -21.0271 
  11   2.0000      -0.728597       -19.8261 
  12   2.0000      -0.688892       -18.7457 
  13   2.0000      -0.675045       -18.3689 
  14   2.0000      -0.658192       -17.9103 
  15   2.0000      -0.611531       -16.6406 
  16   2.0000      -0.589732       -16.0474 
  17   2.0000      -0.575746       -15.6669 
  18   2.0000      -0.574662       -15.6374 
  19   2.0000      -0.555713       -15.1217 
  20   2.0000      -0.529473       -14.4077 
  21   2.0000      -0.513732       -13.9794 
  22   2.0000      -0.499131       -13.5820 
  23   2.0000      -0.488110       -13.2822 
  24   2.0000      -0.483305       -13.1514 
  25   2.0000      -0.481560       -13.1039 
  26   2.0000      -0.467623       -12.7247 
  27   2.0000      -0.449420       -12.2293 
  28   2.0000      -0.426830       -11.6146 
  29   2.0000      -0.346540        -9.4298 
  30   2.0000      -0.305071        -8.3014 
  31   0.0000       0.006547         0.1781 
  32   0.0000       0.055863         1.5201 
  33   0.0000       0.066139         1.7997 
  34   0.0000       0.089528         2.4362 
  35   0.0000       0.104230         2.8362 
  36   0.0000       0.108575         2.9545 
  37   0.0000       0.123774         3.3681 
  38   0.0000       0.143292         3.8992 
  39   0.0000       0.156857         4.2683 
  40   0.0000       0.168235         4.5779 
  41   0.0000       0.175265         4.7692 
  42   0.0000       0.200340         5.4515 
  43   0.0000       0.224495         6.1088 
  44   0.0000       0.235293         6.4027 
  45   0.0000       0.238986         6.5031 
  46   0.0000       0.239422         6.5150 
  47   0.0000       0.240235         6.5371 
  48   0.0000       0.241934         6.5833 
  49   0.0000       0.243784         6.6337 
  50   0.0000       0.250184         6.8079 
  51   0.0000       0.258512         7.0345 
  52   0.0000       0.267183         7.2704 
  53   0.0000       0.286775         7.8036 
  54   0.0000       0.309681         8.4268 
  55   0.0000       0.312275         8.4974 
  56   0.0000       0.332472         9.0470 
  57   0.0000       0.351986         9.5780 
  58   0.0000       0.421589        11.4720 
  59   0.0000       0.422851        11.5064 
-------
TIMINGS
-------

Total SCF time: 0 days 0 hours 0 min 0 sec 

Total time                  ....       0.077 sec
Sum of individual times     ....       0.067 sec  ( 88.2%)

Fock matrix formation       ....       0.047 sec  ( 61.8%)
Diagonalization             ....       0.005 sec  (  6.3%)
Density matrix formation    ....       0.001 sec  (  0.9%)
Population analysis         ....       0.000 sec  (  0.0%)
Initial guess               ....       0.001 sec  (  1.1%)
Orbital Transformation      ....       0.000 sec  (  0.0%)
Orbital Orthonormalization  ....       0.000 sec  (  0.0%)
DIIS solution               ....       0.012 sec  ( 15.4%)
SOSCF solution              ....       0.002 sec  (  2.6%)

-------------------------   --------------------
FINAL SINGLE POINT ENERGY        -7.079543299169
-------------------------   --------------------


                            ***************************************
                            *     ORCA property calculations      *
                            ***************************************

                                    ---------------------
                                    Active property flags
                                    ---------------------
   (+) Dipole Moment


------------------------------------------------------------------------------
                       ORCA ELECTRIC PROPERTIES CALCULATION
------------------------------------------------------------------------------

Dipole Moment Calculation                       ... on
Quadrupole Moment Calculation                   ... off
Polarizability Calculation                      ... off
GBWName                                         ... /Users/mattyjones/GoogleDrive/Boise/Code/MorphCT/tests/output_EZ/donor_polymer/chromophores/input_orca/single/00015.gbw
Electron density file                           ... /Users/mattyjones/GoogleDrive/Boise/Code/MorphCT/tests/output_EZ/donor_polymer/chromophores/input_orca/single/00015.scfp.tmp

-------------
DIPOLE MOMENT
-------------
                                X             Y             Z
Electronic contribution:     31.26000     138.38390     -18.74777
Nuclear contribution   :    -17.03652     -74.46885      10.01804
                        -----------------------------------------
Total Dipole Moment    :     14.22347      63.91505      -8.72973
                        -----------------------------------------
Magnitude (a.u.)       :     66.05792
Magnitude (Debye)      :    167.90588


Timings for individual modules:

Sum of individual times         ...        0.159 sec (=   0.003 min)
STO integral calculation        ...        0.048 sec (=   0.001 min)  30.3 %
SCF iterations                  ...        0.111 sec (=   0.002 min)  69.7 %
                             ****ORCA TERMINATED NORMALLY****
TOTAL RUN TIME: 0 days 0 hours 0 minutes 0 seconds 462 msec

