
                                 *****************
                                 * O   R   C   A *
                                 *****************

           --- An Ab Initio, DFT and Semiempirical electronic structure package ---

                  #######################################################
                  #                        -***-                        #
                  #  Department of molecular theory and spectroscopy    #
                  #              Directorship: Frank Neese              #
                  # Max Planck Institute for Chemical Energy Conversion #
                  #                  D-45470 Muelheim/Ruhr              #
                  #                       Germany                       #
                  #                                                     #
                  #                  All rights reserved                #
                  #                        -***-                        #
                  #######################################################


                         Program Version 3.0.3 - RELEASE   -


 With contributions from (in alphabetic order):
   Ute Becker             : Parallelization
   Dmytro Bykov           : SCF Hessian
   Dmitry Ganyushin       : Spin-Orbit,Spin-Spin,Magnetic field MRCI
   Andreas Hansen         : Spin unrestricted coupled pair/coupled cluster methods
   Dimitrios Liakos       : Extrapolation schemes; parallel MDCI
   Robert Izsak           : Overlap fitted RIJCOSX, COSX-SCS-MP3
   Christian Kollmar      : KDIIS, OOCD, Brueckner-CCSD(T), CCSD density
   Simone Kossmann        : Meta GGA functionals, TD-DFT gradient, OOMP2, MP2 Hessian
   Taras Petrenko         : DFT Hessian,TD-DFT gradient, ASA and ECA modules, normal mode analysis, Resonance Raman, ABS, FL, XAS/XES, NRVS
   Christoph Reimann      : Effective Core Potentials
   Michael Roemelt        : Restricted open shell CIS
   Christoph Riplinger    : Improved optimizer, TS searches, QM/MM, DLPNO-CCSD
   Barbara Sandhoefer     : DKH picture change effects
   Igor Schapiro          : Molecular dynamics
   Kantharuban Sivalingam : CASSCF convergence, NEVPT2
   Boris Wezisla          : Elementary symmetry handling
   Frank Wennmohs         : Technical directorship


 We gratefully acknowledge several colleagues who have allowed us to
 interface, adapt or use parts of their codes:
   Stefan Grimme, W. Hujo, H. Kruse, T. Risthaus : VdW corrections, initial TS optimization,
                                                   DFT functionals, gCP
   Ed Valeev                                     : LibInt (2-el integral package), F12 methods
   Garnet Chan, S. Sharma, R. Olivares           : DMRG
   Ulf Ekstrom                                   : XCFun DFT Library
   Mihaly Kallay                                 : mrcc  (arbitrary order and MRCC methods)
   Andreas Klamt, Michael Diedenhofen            : otool_cosmo (COSMO solvation model)
   Frank Weinhold                                : gennbo (NPA and NBO analysis)
   Christopher J. Cramer and Donald G. Truhlar   : smd solvation model


 Your calculation uses the libint2 library for the computation of 2-el integrals
 For citations please refer to: http://libint.valeyev.net

 This ORCA versions uses:
   CBLAS   interface :  Fast vector & matrix operations
   LAPACKE interface :  Fast linear algebra routines
   SCALAPACK package :  Parallel linear algebra routines


leaving
================================================================================
                                        WARNINGS
                       Please study these warnings very carefully!
================================================================================
Now building the actual basis set

WARNING: Direct SCF is incompatible with Method<>HF and Method<>DFT
  ===> : conventional SCF is chosen

WARNING: The NDO methods need Guess=HUECKEL or Guess=HCORE or Guess=MOREAD
  ===> : Guess is set to Hueckel

WARNING: The NDO methods need %rel::SOCType==1
  ===> : %rel::SOCType is set to 1

WARNING: The NDO methods cannot have frozencore=1
  ===> : %method FrozenCore=0 end


INFO   : the flag for use of LIBINT has been found!

================================================================================
                                       INPUT FILE
================================================================================
NAME = /Users/mattyjones/GoogleDrive/Boise/Code/MorphCT/tests/output_EZ/donor_polymer/chromophores/input_orca/single/00027.inp
|  1> # ================================================================
|  2> # Orca input file made by Matty Jones
|  3> # ================================================================
|  4> ! ZINDO/S 
|  5> ! NOPOP
|  6> ! NOMOPRINT
|  7> * xyz 0   1
|  8>  C  5.04134  -0.24687  -0.21697
|  9>  C  3.95601  -0.94267  0.31767
| 10>  C  2.91451  -0.10239  0.82114
| 11>  C  3.17877  1.26381  0.68335
| 12>  S  4.66621  1.35888  -0.04392
| 13>  H  3.45418  -1.96911  0.03007
| 14>  C  1.50840  -0.55161  1.48384
| 15>  C  0.32199  -0.95296  0.33081
| 16>  C  -0.54852  0.41481  -0.22133
| 17>  H  0.03038  1.34702  0.12292
| 18>  H  -0.45887  0.36981  -1.37978
| 19>  H  0.82735  -1.45457  -0.56828
| 20>  H  -0.42802  -1.67199  0.82184
| 21>  H  1.07593  0.24754  2.19833
| 22>  H  1.67727  -1.51713  2.11995
| 23>  C  -2.12471  0.61947  0.15237
| 24>  C  -3.08278  0.19895  -1.18727
| 25>  C  -4.74391  0.09956  -0.95839
| 26>  H  -4.97669  -0.82506  -0.30143
| 27>  H  -5.25975  -0.02165  -1.98845
| 28>  H  -5.12958  1.05724  -0.43919
| 29>  H  -2.71079  -0.81647  -1.58373
| 30>  H  -2.90207  1.01195  -1.98887
| 31>  H  -2.42632  -0.05060  1.04048
| 32>  H  -2.33876  1.72237  0.41717
| 33>  H  5.92014  -0.65824  -0.64368
| 34>  H  2.55830  2.06992  0.98135
| 35> *
| 36> 
| 37>                          ****END OF INPUT****
================================================================================

                       ****************************
                       * Single Point Calculation *
                       ****************************

---------------------------------
CARTESIAN COORDINATES (ANGSTROEM)
---------------------------------
  C      5.041340   -0.246870   -0.216970
  C      3.956010   -0.942670    0.317670
  C      2.914510   -0.102390    0.821140
  C      3.178770    1.263810    0.683350
  S      4.666210    1.358880   -0.043920
  H      3.454180   -1.969110    0.030070
  C      1.508400   -0.551610    1.483840
  C      0.321990   -0.952960    0.330810
  C     -0.548520    0.414810   -0.221330
  H      0.030380    1.347020    0.122920
  H     -0.458870    0.369810   -1.379780
  H      0.827350   -1.454570   -0.568280
  H     -0.428020   -1.671990    0.821840
  H      1.075930    0.247540    2.198330
  H      1.677270   -1.517130    2.119950
  C     -2.124710    0.619470    0.152370
  C     -3.082780    0.198950   -1.187270
  C     -4.743910    0.099560   -0.958390
  H     -4.976690   -0.825060   -0.301430
  H     -5.259750   -0.021650   -1.988450
  H     -5.129580    1.057240   -0.439190
  H     -2.710790   -0.816470   -1.583730
  H     -2.902070    1.011950   -1.988870
  H     -2.426320   -0.050600    1.040480
  H     -2.338760    1.722370    0.417170
  H      5.920140   -0.658240   -0.643680
  H      2.558300    2.069920    0.981350

----------------------------
CARTESIAN COORDINATES (A.U.)
----------------------------
  NO LB      ZA    FRAG    MASS        X           Y           Z
   0 C     4.0000    0    12.011          9.526751947982563         -0.466516690681139         -0.410013879276894
   1 C     4.0000    0    12.011          7.475775483053811         -1.781388134663546          0.600309300962764
   2 C     4.0000    0    12.011          5.507625714574827         -0.193489058852197          1.551729717608097
   3 C     4.0000    0    12.011          6.007004742724857          2.388254785311017          1.291344353615087
   4 S     6.0000    0    32.060          8.817858983364685          2.567911048862911         -0.082996771801821
   5 H     1.0000    0     1.008          6.527454217268109         -3.721078627565676          0.056824064847012
   6 C     4.0000    0    12.011          2.850462900406816         -1.042391832732302          2.804051226557710
   7 C     4.0000    0    12.011          0.608472917861304         -1.800833416581596          0.625140302362489
   8 C     4.0000    0    12.011         -1.036552578978485          0.783877297611874         -0.418253085220791
   9 H     1.0000    0     1.008          0.057409879948528          2.545498896914605          0.232285136381600
  10 H     1.0000    0     1.008         -0.867138631072445          0.698839621585418         -2.607406325061865
  11 H     1.0000    0     1.008          1.563464916899748         -2.748738942617835         -1.073893567384769
  12 H     1.0000    0     1.008         -0.808840579840974         -3.159603198654994          1.553052525901842
  13 H     1.0000    0     1.008          2.033213039269893          0.467782807190867          4.154241651983105
  14 H     1.0000    0     1.008          3.169580952642098         -2.866960209555949          4.006124917606357
  15 C     4.0000    0    12.011         -4.015120014003823          1.170628648180198          0.287937571025581
  16 C     4.0000    0    12.011         -5.825609931129756          0.375961014343633         -2.243615147020685
  17 C     4.0000    0    12.011         -8.964690703970364          0.188141133893200         -1.811094629488788
  18 H     1.0000    0     1.008         -9.404581153424553         -1.559137444053068         -0.569620148547883
  19 H     1.0000    0     1.008         -9.939487032892304         -0.040912570799395         -3.757625930995713
  20 H     1.0000    0     1.008         -9.693501382039774          1.997894057826904         -0.829948820756875
  21 H     1.0000    0     1.008         -5.122650706572389         -1.542904696562684         -2.992815970075104
  22 H     1.0000    0     1.008         -5.484117521468847          1.912308361221611         -3.758419615971960
  23 H     1.0000    0     1.008         -4.585080313255811         -0.095620142376415          1.966222247822384
  24 H     1.0000    0     1.008         -4.419615892969667          3.254807601281946          0.788337051287929
  25 H     1.0000    0     1.008         11.187443274472558         -1.243893330392325         -1.216378917882431
  26 H     1.0000    0     1.008          4.834486368410738          3.911581919126278          1.854482741523620

--------------------------------
INTERNAL COORDINATES (ANGSTROEM)
--------------------------------
 C      0   0   0   0.000000     0.000     0.000
 C      1   0   0   1.395679     0.000     0.000
 C      2   1   0   1.429781   114.102     0.000
 C      3   2   1   1.398328   113.693     0.000
 S      1   2   3   1.658042   105.480     0.000
 H      2   1   3   1.178188   132.225   146.264
 C      3   2   1   1.618059   127.885   178.908
 C      7   3   2   1.702389   113.183   278.812
 C      8   7   3   1.712729   112.599   274.281
 H      9   8   7   1.150065   107.156    13.437
 H      9   8   7   1.162785   104.541   126.670
 H      8   7   3   1.146893   109.086    35.037
 H      8   7   3   1.149186   108.237   155.217
 H      7   3   2   1.155927   112.727   154.904
 H      7   3   2   1.168496   109.073    36.469
 C      9   8   7   1.632762   121.129   248.508
 C     16   9   8   1.699815   109.434   257.772
 C     17  16   9   1.679767   117.686   170.591
 H     18  17  16   1.157888   108.867   289.996
 H     18  17  16   1.158364   108.990   170.785
 H     18  17  16   1.155621   110.012    50.432
 H     17  16   9   1.151796   107.899    47.755
 H     17  16   9   1.155936   106.524   290.465
 H     16   9   8   1.152693   110.859    17.306
 H     16   9   8   1.154264   110.566   138.662
 H      1   2   3   1.059998   127.260   180.000
 H      4   3   2   1.060000   127.206   180.000

---------------------------
INTERNAL COORDINATES (A.U.)
---------------------------
 C      0   0   0   0.000000     0.000     0.000
 C      1   0   0   2.637450     0.000     0.000
 C      2   1   0   2.701895   114.102     0.000
 C      3   2   1   2.642457   113.693     0.000
 S      1   2   3   3.133245   105.480     0.000
 H      2   1   3   2.226452   132.225   146.264
 C      3   2   1   3.057689   127.885   178.908
 C      7   3   2   3.217049   113.183   278.812
 C      8   7   3   3.236589   112.599   274.281
 H      9   8   7   2.173307   107.156    13.437
 H      9   8   7   2.197345   104.541   126.670
 H      8   7   3   2.167314   109.086    35.037
 H      8   7   3   2.171648   108.237   155.217
 H      7   3   2   2.184385   112.727   154.904
 H      7   3   2   2.208137   109.073    36.469
 C      9   8   7   3.085473   121.129   248.508
 C     16   9   8   3.212185   109.434   257.772
 C     17  16   9   3.174300   117.686   170.591
 H     18  17  16   2.188092   108.867   289.996
 H     18  17  16   2.188990   108.990   170.785
 H     18  17  16   2.183808   110.012    50.432
 H     17  16   9   2.176580   107.899    47.755
 H     17  16   9   2.184402   106.524   290.465
 H     16   9   8   2.178275   110.859    17.306
 H     16   9   8   2.181242   110.566   138.662
 H      1   2   3   2.003106   127.260   180.000
 H      4   3   2   2.003110   127.206   180.000

----------------------------
SLATER BASIS SET DIM=  60
----------------------------
  0 C     2 shells
 l=0 nsto= 1
    2       1.625000000000        1.000000000000
 l=1 nsto= 1
    2       1.625000000000        1.000000000000
  1 C     2 shells
 l=0 nsto= 1
    2       1.625000000000        1.000000000000
 l=1 nsto= 1
    2       1.625000000000        1.000000000000
  2 C     2 shells
 l=0 nsto= 1
    2       1.625000000000        1.000000000000
 l=1 nsto= 1
    2       1.625000000000        1.000000000000
  3 C     2 shells
 l=0 nsto= 1
    2       1.625000000000        1.000000000000
 l=1 nsto= 1
    2       1.625000000000        1.000000000000
  4 S     2 shells
 l=0 nsto= 1
    3       1.925000000000        1.000000000000
 l=1 nsto= 1
    3       1.925000000000        1.000000000000
  5 H     1 shells
 l=0 nsto= 1
    1       1.200000000000        1.000000000000
  6 C     2 shells
 l=0 nsto= 1
    2       1.625000000000        1.000000000000
 l=1 nsto= 1
    2       1.625000000000        1.000000000000
  7 C     2 shells
 l=0 nsto= 1
    2       1.625000000000        1.000000000000
 l=1 nsto= 1
    2       1.625000000000        1.000000000000
  8 C     2 shells
 l=0 nsto= 1
    2       1.625000000000        1.000000000000
 l=1 nsto= 1
    2       1.625000000000        1.000000000000
  9 H     1 shells
 l=0 nsto= 1
    1       1.200000000000        1.000000000000
 10 H     1 shells
 l=0 nsto= 1
    1       1.200000000000        1.000000000000
 11 H     1 shells
 l=0 nsto= 1
    1       1.200000000000        1.000000000000
 12 H     1 shells
 l=0 nsto= 1
    1       1.200000000000        1.000000000000
 13 H     1 shells
 l=0 nsto= 1
    1       1.200000000000        1.000000000000
 14 H     1 shells
 l=0 nsto= 1
    1       1.200000000000        1.000000000000
 15 C     2 shells
 l=0 nsto= 1
    2       1.625000000000        1.000000000000
 l=1 nsto= 1
    2       1.625000000000        1.000000000000
 16 C     2 shells
 l=0 nsto= 1
    2       1.625000000000        1.000000000000
 l=1 nsto= 1
    2       1.625000000000        1.000000000000
 17 C     2 shells
 l=0 nsto= 1
    2       1.625000000000        1.000000000000
 l=1 nsto= 1
    2       1.625000000000        1.000000000000
 18 H     1 shells
 l=0 nsto= 1
    1       1.200000000000        1.000000000000
 19 H     1 shells
 l=0 nsto= 1
    1       1.200000000000        1.000000000000
 20 H     1 shells
 l=0 nsto= 1
    1       1.200000000000        1.000000000000
 21 H     1 shells
 l=0 nsto= 1
    1       1.200000000000        1.000000000000
 22 H     1 shells
 l=0 nsto= 1
    1       1.200000000000        1.000000000000
 23 H     1 shells
 l=0 nsto= 1
    1       1.200000000000        1.000000000000
 24 H     1 shells
 l=0 nsto= 1
    1       1.200000000000        1.000000000000
 25 H     1 shells
 l=0 nsto= 1
    1       1.200000000000        1.000000000000
 26 H     1 shells
 l=0 nsto= 1
    1       1.200000000000        1.000000000000
------------------------------------------------------------------------------
                           ORCA NDO INTEGRAL CALCULATION
------------------------------------------------------------------------------

--------------
NDO PARAMETERS
--------------

Gamma integral treatment              ... Mataga-Nishimoto
Nuclear repulsuion treatment          ... Direct (ZA*ZB/RAB)
Interaction factors:
s-s (sigma) =    1.0000
s-p (sigma) =    1.0000
s-d (sigma) =    1.0000
p-p (sigma) =    1.2670  p-p(pi) =    0.5850
p-d (sigma) =    1.0000  p-d(pi) =    1.0000
d-d (sigma) =    1.0000  d-d(pi) =    1.0000 d-d (delta) =    1.0000

fGamma parameter for Mataga-Nishimoto gamma integrals:    1.2000

--------------------------
Parameters for Element H :
--------------------------
 One-electron parameters (in eV)
  U(s)  =   -13.060000 Beta(s) =    12.000000 Neff(s) =     1.000000
 One-center electron repulsion parameters (in eV)
  G(s,s)=    12.850000
--------------------------
Parameters for Element C :
--------------------------
 One-electron parameters (in eV)
  U(s)  =   -50.870766 Beta(s) =    17.000000 Neff(s) =     2.000000
  U(p)  =   -41.599980 Beta(p) =    17.000000 Neff(p) =     2.000000 
 One-center electron repulsion parameters (in eV)
  G(s,s)=    11.110000
  G(s,p)=    11.110000 G(p,p)  =    11.110000
 Slater-Condon parameters (in eV)
 F2(p,p)=     4.5098 G1(s,p)=    6.8977
--------------------------
Parameters for Element S :
--------------------------
 One-electron parameters (in eV)
  U(s)  =   -69.509597 Beta(s) =    15.000000 Neff(s) =     2.000000
  U(p)  =   -60.725746 Beta(p) =    15.000000 Neff(p) =     4.000000 
 One-center electron repulsion parameters (in eV)
  G(s,s)=    10.090000
  G(s,p)=    10.090000 G(p,p)  =    10.090000
 Slater-Condon parameters (in eV)
 F2(p,p)=     4.5377 G1(s,p)=    3.0756

 Number of atoms                    ....   27
 Number of basis functions          ....   60

 Overlap integrals                  .... done
 One electron matrix                .... done
 Nuclear repulsion                  .... done
 Integral list                      .... done
 Electron-electron repulsion        .... done
-------------------------------------------------------------------------------
                                 ORCA SCF
-------------------------------------------------------------------------------

------------
SCF SETTINGS
------------
Hamiltonian:
 ZDO-Hamiltonian        Method          .... INDO


General Settings:
 Integral files         IntName         .... /Users/mattyjones/GoogleDrive/Boise/Code/MorphCT/tests/output_EZ/donor_polymer/chromophores/input_orca/single/00027
 Hartree-Fock type      HFTyp           .... RHF
 Total Charge           Charge          ....    0
 Multiplicity           Mult            ....    1
 Number of Electrons    NEL             ....   62
 Basis Dimension        Dim             ....   60
 Nuclear Repulsion      ENuc            ....    293.9932959271 Eh

Convergence Acceleration:
 DIIS                   CNVDIIS         .... on
   Start iteration      DIISMaxIt       ....    12
   Startup error        DIISStart       ....  0.200000
   # of expansion vecs  DIISMaxEq       ....     5
   Bias factor          DIISBfac        ....   1.050
   Max. coefficient     DIISMaxC        ....  10.000
 Newton-Raphson         CNVNR           .... off
 SOSCF                  CNVSOSCF        .... on
   Start iteration      SOSCFMaxIt      ....   150
   Startup grad/error   SOSCFStart      ....  0.003300
 Level Shifting         CNVShift        .... on
   Level shift para.    LevelShift      ....    0.2500
   Turn off err/grad.   ShiftErr        ....    0.0010
 Zerner damping         CNVZerner       .... off
 Static damping         CNVDamp         .... on
   Fraction old density DampFac         ....    0.7000
   Max. Damping (<1)    DampMax         ....    0.9800
   Min. Damping (>=0)   DampMin         ....    0.0000
   Turn off err/grad.   DampErr         ....    0.1000
 Fernandez-Rico         CNVRico         .... off

SCF Procedure:
 Maximum # iterations   MaxIter         ....   125
 SCF integral mode      SCFMode         .... Conventional
 Integral Buffer length BufferLength    .... 1048576
 Integral index format  IndFormat       ....     0
 Integral value format  ValFormat       ....     0
 Integral Storage       Thresh          ....  1.000e-08 Eh

Convergence Tolerance:
 Convergence Check Mode ConvCheckMode   .... Total+1el-Energy
 Energy Change          TolE            ....  1.000e-06 Eh
 1-El. energy change                    ....  1.000e-03 Eh
 Orbital Gradient       TolG            ....  5.000e-05
 Orbital Rotation angle TolX            ....  5.000e-05
 DIIS Error             TolErr          ....  1.000e-06


Diagonalization of the overlap matrix:
Smallest eigenvalue                        ... 1.694e-01
Time for diagonalization                   ...    0.001 sec
Threshold for overlap eigenvalues          ... 1.000e-08
Number of eigenvalues below threshold      ... 0
Time for construction of square roots      ...    0.000 sec
Total time needed                          ...    0.002 sec

-------------------------------
INITIAL GUESS: EXTENDED HUECKEL
-------------------------------
EHT matrix was read from disk
EHT matrix was diagonalized
Initial density was built
                      ------------------
                      INITIAL GUESS DONE
                      ------------------

 InCore treatment chosen:
   Memory dedicated               ...    1024 MB
   Memory needed                  ...      0 MB
   Number of tiny    integrals    ...       0
   Number of small   integrals    ...       0
   Number of regular integrals    ...    1896

--------------
SCF ITERATIONS
--------------
ITER       Energy         Delta-E        Max-DP      RMS-DP      [F,P]     Damp
  0     -6.6942261714   0.000000000000 0.04576972  0.00209212  0.1116744 0.7000
  1     -6.7158919041  -0.021665732699 0.04441329  0.00197508  0.0759312 0.7000
                               ***Turning on DIIS***
  2     -6.7318956323  -0.016003728116 0.11632075  0.00507292  0.0454635 0.0000
  3     -6.7747465680  -0.042850935746 0.01989891  0.00106025  0.0225107 0.0000
  4     -6.7650063488   0.009740219179 0.01428399  0.00073752  0.0077419 0.0000
  5     -6.7745467148  -0.009540365922 0.00999687  0.00050303  0.0046819 0.0000
  6     -6.7752819679  -0.000735253141 0.00712483  0.00036010  0.0026873 0.0000
                      *** Initiating the SOSCF procedure ***
                           *** Shutting down DIIS ***
                      *** Re-Reading the Fockian *** 
                      *** Removing any level shift *** 
ITER      Energy       Delta-E        Grad      Rot      Max-DP    RMS-DP
  7     -6.77367093   0.0016110424  0.003127  0.003127  0.004366  0.000207
  8     -6.77284677   0.0008241532  0.000861  0.002411  0.002190  0.000097
  9     -6.77285547  -0.0000087014  0.000378  0.002409  0.002553  0.000108
 10     -6.77285884  -0.0000033653  0.000032  0.000053  0.000093  0.000005
                 **** Energy Check signals convergence ****
              ***Rediagonalizing the Fockian in SOSCF/NRSCF***

               *****************************************************
               *                     SUCCESS                       *
               *           SCF CONVERGED AFTER  11 CYCLES          *
               *****************************************************


----------------
TOTAL SCF ENERGY
----------------

Total Energy       :           -6.77285887 Eh            -184.29886 eV

Components:
Nuclear Repulsion  :          293.99329593 Eh            7999.96429 eV
Electronic Energy  :         -300.76615480 Eh           -8184.26315 eV

One Electron Energy:         -556.36137386 Eh          -15139.36265 eV
Two Electron Energy:          255.59521907 Eh            6955.09950 eV


---------------
SCF CONVERGENCE
---------------

  Last Energy change         ...   -3.0032e-08  Tolerance :   1.0000e-06
  Last MAX-Density change    ...    8.1248e-05  Tolerance :   1.0000e-05
  Last RMS-Density change    ...    2.3180e-06  Tolerance :   1.0000e-06
  Last Orbital Gradient      ...    1.2800e-05  Tolerance :   5.0000e-05
  Last Orbital Rotation      ...    3.5418e-05  Tolerance :   5.0000e-05

             **** THE GBW FILE WAS UPDATED (/Users/mattyjones/GoogleDrive/Boise/Code/MorphCT/tests/output_EZ/donor_polymer/chromophores/input_orca/single/00027.gbw) ****
             **** DENSITY FILE WAS UPDATED (/Users/mattyjones/GoogleDrive/Boise/Code/MorphCT/tests/output_EZ/donor_polymer/chromophores/input_orca/single/00027.scfp.tmp) ****
             **** ENERGY FILE WAS UPDATED (/Users/mattyjones/GoogleDrive/Boise/Code/MorphCT/tests/output_EZ/donor_polymer/chromophores/input_orca/single/00027.en.tmp) ****
----------------
ORBITAL ENERGIES
----------------

  NO   OCC          E(Eh)            E(eV) 
   0   2.0000      -1.559908       -42.4472 
   1   2.0000      -1.397919       -38.0393 
   2   2.0000      -1.294760       -35.2322 
   3   2.0000      -1.177696       -32.0467 
   4   2.0000      -1.107673       -30.1413 
   5   2.0000      -1.036344       -28.2003 
   6   2.0000      -0.951762       -25.8988 
   7   2.0000      -0.907119       -24.6840 
   8   2.0000      -0.874794       -23.8044 
   9   2.0000      -0.815630       -22.1944 
  10   2.0000      -0.769896       -20.9499 
  11   2.0000      -0.734840       -19.9960 
  12   2.0000      -0.701011       -19.0755 
  13   2.0000      -0.664977       -18.0950 
  14   2.0000      -0.644011       -17.5244 
  15   2.0000      -0.618015       -16.8170 
  16   2.0000      -0.583488       -15.8775 
  17   2.0000      -0.581337       -15.8190 
  18   2.0000      -0.575181       -15.6515 
  19   2.0000      -0.554074       -15.0771 
  20   2.0000      -0.528286       -14.3754 
  21   2.0000      -0.519524       -14.1370 
  22   2.0000      -0.505618       -13.7586 
  23   2.0000      -0.497726       -13.5438 
  24   2.0000      -0.488658       -13.2971 
  25   2.0000      -0.476032       -12.9535 
  26   2.0000      -0.467182       -12.7127 
  27   2.0000      -0.461310       -12.5529 
  28   2.0000      -0.434852       -11.8329 
  29   2.0000      -0.352319        -9.5871 
  30   2.0000      -0.303550        -8.2600 
  31   0.0000       0.004899         0.1333 
  32   0.0000       0.062456         1.6995 
  33   0.0000       0.078328         2.1314 
  34   0.0000       0.090764         2.4698 
  35   0.0000       0.103694         2.8217 
  36   0.0000       0.109113         2.9691 
  37   0.0000       0.126090         3.4311 
  38   0.0000       0.139635         3.7996 
  39   0.0000       0.156247         4.2517 
  40   0.0000       0.168903         4.5961 
  41   0.0000       0.172320         4.6891 
  42   0.0000       0.196962         5.3596 
  43   0.0000       0.234681         6.3860 
  44   0.0000       0.237598         6.4654 
  45   0.0000       0.238647         6.4939 
  46   0.0000       0.239475         6.5164 
  47   0.0000       0.240861         6.5542 
  48   0.0000       0.242193         6.5904 
  49   0.0000       0.245556         6.6819 
  50   0.0000       0.254922         6.9368 
  51   0.0000       0.261862         7.1256 
  52   0.0000       0.266728         7.2580 
  53   0.0000       0.278693         7.5836 
  54   0.0000       0.305444         8.3116 
  55   0.0000       0.310320         8.4442 
  56   0.0000       0.340561         9.2671 
  57   0.0000       0.350397         9.5348 
  58   0.0000       0.404843        11.0163 
  59   0.0000       0.433491        11.7959 
-------
TIMINGS
-------

Total SCF time: 0 days 0 hours 0 min 0 sec 

Total time                  ....       0.091 sec
Sum of individual times     ....       0.078 sec  ( 85.7%)

Fock matrix formation       ....       0.046 sec  ( 50.3%)
Diagonalization             ....       0.005 sec  (  5.4%)
Density matrix formation    ....       0.001 sec  (  0.8%)
Population analysis         ....       0.000 sec  (  0.0%)
Initial guess               ....       0.001 sec  (  0.6%)
Orbital Transformation      ....       0.000 sec  (  0.0%)
Orbital Orthonormalization  ....       0.000 sec  (  0.0%)
DIIS solution               ....       0.024 sec  ( 26.2%)
SOSCF solution              ....       0.002 sec  (  2.4%)

-------------------------   --------------------
FINAL SINGLE POINT ENERGY        -6.772858868971
-------------------------   --------------------


                            ***************************************
                            *     ORCA property calculations      *
                            ***************************************

                                    ---------------------
                                    Active property flags
                                    ---------------------
   (+) Dipole Moment


------------------------------------------------------------------------------
                       ORCA ELECTRIC PROPERTIES CALCULATION
------------------------------------------------------------------------------

Dipole Moment Calculation                       ... on
Quadrupole Moment Calculation                   ... off
Polarizability Calculation                      ... off
GBWName                                         ... /Users/mattyjones/GoogleDrive/Boise/Code/MorphCT/tests/output_EZ/donor_polymer/chromophores/input_orca/single/00027.gbw
Electron density file                           ... /Users/mattyjones/GoogleDrive/Boise/Code/MorphCT/tests/output_EZ/donor_polymer/chromophores/input_orca/single/00027.scfp.tmp

-------------
DIPOLE MOMENT
-------------
                                X             Y             Z
Electronic contribution:    129.00971      30.82446       2.79236
Nuclear contribution   :    -69.56407     -16.13779      -1.86480
                        -----------------------------------------
Total Dipole Moment    :     59.44564      14.68668       0.92755
                        -----------------------------------------
Magnitude (a.u.)       :     61.24004
Magnitude (Debye)      :    155.65982


Timings for individual modules:

Sum of individual times         ...        0.161 sec (=   0.003 min)
STO integral calculation        ...        0.037 sec (=   0.001 min)  23.0 %
SCF iterations                  ...        0.124 sec (=   0.002 min)  77.0 %
                             ****ORCA TERMINATED NORMALLY****
TOTAL RUN TIME: 0 days 0 hours 0 minutes 0 seconds 439 msec

