
                                 *****************
                                 * O   R   C   A *
                                 *****************

           --- An Ab Initio, DFT and Semiempirical electronic structure package ---

                  #######################################################
                  #                        -***-                        #
                  #  Department of molecular theory and spectroscopy    #
                  #              Directorship: Frank Neese              #
                  # Max Planck Institute for Chemical Energy Conversion #
                  #                  D-45470 Muelheim/Ruhr              #
                  #                       Germany                       #
                  #                                                     #
                  #                  All rights reserved                #
                  #                        -***-                        #
                  #######################################################


                         Program Version 3.0.3 - RELEASE   -


 With contributions from (in alphabetic order):
   Ute Becker             : Parallelization
   Dmytro Bykov           : SCF Hessian
   Dmitry Ganyushin       : Spin-Orbit,Spin-Spin,Magnetic field MRCI
   Andreas Hansen         : Spin unrestricted coupled pair/coupled cluster methods
   Dimitrios Liakos       : Extrapolation schemes; parallel MDCI
   Robert Izsak           : Overlap fitted RIJCOSX, COSX-SCS-MP3
   Christian Kollmar      : KDIIS, OOCD, Brueckner-CCSD(T), CCSD density
   Simone Kossmann        : Meta GGA functionals, TD-DFT gradient, OOMP2, MP2 Hessian
   Taras Petrenko         : DFT Hessian,TD-DFT gradient, ASA and ECA modules, normal mode analysis, Resonance Raman, ABS, FL, XAS/XES, NRVS
   Christoph Reimann      : Effective Core Potentials
   Michael Roemelt        : Restricted open shell CIS
   Christoph Riplinger    : Improved optimizer, TS searches, QM/MM, DLPNO-CCSD
   Barbara Sandhoefer     : DKH picture change effects
   Igor Schapiro          : Molecular dynamics
   Kantharuban Sivalingam : CASSCF convergence, NEVPT2
   Boris Wezisla          : Elementary symmetry handling
   Frank Wennmohs         : Technical directorship


 We gratefully acknowledge several colleagues who have allowed us to
 interface, adapt or use parts of their codes:
   Stefan Grimme, W. Hujo, H. Kruse, T. Risthaus : VdW corrections, initial TS optimization,
                                                   DFT functionals, gCP
   Ed Valeev                                     : LibInt (2-el integral package), F12 methods
   Garnet Chan, S. Sharma, R. Olivares           : DMRG
   Ulf Ekstrom                                   : XCFun DFT Library
   Mihaly Kallay                                 : mrcc  (arbitrary order and MRCC methods)
   Andreas Klamt, Michael Diedenhofen            : otool_cosmo (COSMO solvation model)
   Frank Weinhold                                : gennbo (NPA and NBO analysis)
   Christopher J. Cramer and Donald G. Truhlar   : smd solvation model


 Your calculation uses the libint2 library for the computation of 2-el integrals
 For citations please refer to: http://libint.valeyev.net

 This ORCA versions uses:
   CBLAS   interface :  Fast vector & matrix operations
   LAPACKE interface :  Fast linear algebra routines
   SCALAPACK package :  Parallel linear algebra routines


leaving
================================================================================
                                        WARNINGS
                       Please study these warnings very carefully!
================================================================================
Now building the actual basis set

WARNING: Direct SCF is incompatible with Method<>HF and Method<>DFT
  ===> : conventional SCF is chosen

WARNING: The NDO methods need Guess=HUECKEL or Guess=HCORE or Guess=MOREAD
  ===> : Guess is set to Hueckel

WARNING: The NDO methods need %rel::SOCType==1
  ===> : %rel::SOCType is set to 1

WARNING: The NDO methods cannot have frozencore=1
  ===> : %method FrozenCore=0 end


INFO   : the flag for use of LIBINT has been found!

================================================================================
                                       INPUT FILE
================================================================================
NAME = /Users/mattyjones/GoogleDrive/Boise/Code/MorphCT/tests/output_EZ/donor_polymer/chromophores/input_orca/single/00025.inp
|  1> # ================================================================
|  2> # Orca input file made by Matty Jones
|  3> # ================================================================
|  4> ! ZINDO/S 
|  5> ! NOPOP
|  6> ! NOMOPRINT
|  7> * xyz 0   1
|  8>  C  3.71308  2.16909  -1.65671
|  9>  C  2.79096  1.50204  -0.84884
| 10>  C  2.04085  2.36139  0.01321
| 11>  C  2.37234  3.71383  -0.11461
| 12>  S  3.55937  3.77435  -1.27121
| 13>  H  2.85207  0.38139  -0.65284
| 14>  C  0.91650  1.77398  1.02712
| 15>  C  -0.24681  0.75185  0.28384
| 16>  C  -1.57382  -0.15749  0.87756
| 17>  H  -1.88012  0.33061  1.87981
| 18>  H  -2.43529  -0.01957  0.11836
| 19>  H  0.38708  -0.02810  -0.23231
| 20>  H  -0.73272  1.44430  -0.51170
| 21>  H  0.32313  2.64029  1.52416
| 22>  H  1.42761  1.15308  1.86405
| 23>  C  -1.34842  -1.75803  1.12520
| 24>  C  -1.44812  -2.74076  -0.26193
| 25>  C  -2.94331  -3.32242  -0.77547
| 26>  H  -2.77844  -4.26202  -1.43282
| 27>  H  -3.47276  -2.50531  -1.40166
| 28>  H  -3.59257  -3.59727  0.14007
| 29>  H  -0.78345  -3.66331  -0.05955
| 30>  H  -1.01455  -2.13661  -1.13429
| 31>  H  -2.15311  -2.14356  1.86125
| 32>  H  -0.30488  -1.93127  1.58971
| 33>  H  4.37261  1.73994  -2.36695
| 34>  H  1.95277  4.52958  0.41654
| 35> *
| 36> 
| 37>                          ****END OF INPUT****
================================================================================

                       ****************************
                       * Single Point Calculation *
                       ****************************

---------------------------------
CARTESIAN COORDINATES (ANGSTROEM)
---------------------------------
  C      3.713080    2.169090   -1.656710
  C      2.790960    1.502040   -0.848840
  C      2.040850    2.361390    0.013210
  C      2.372340    3.713830   -0.114610
  S      3.559370    3.774350   -1.271210
  H      2.852070    0.381390   -0.652840
  C      0.916500    1.773980    1.027120
  C     -0.246810    0.751850    0.283840
  C     -1.573820   -0.157490    0.877560
  H     -1.880120    0.330610    1.879810
  H     -2.435290   -0.019570    0.118360
  H      0.387080   -0.028100   -0.232310
  H     -0.732720    1.444300   -0.511700
  H      0.323130    2.640290    1.524160
  H      1.427610    1.153080    1.864050
  C     -1.348420   -1.758030    1.125200
  C     -1.448120   -2.740760   -0.261930
  C     -2.943310   -3.322420   -0.775470
  H     -2.778440   -4.262020   -1.432820
  H     -3.472760   -2.505310   -1.401660
  H     -3.592570   -3.597270    0.140070
  H     -0.783450   -3.663310   -0.059550
  H     -1.014550   -2.136610   -1.134290
  H     -2.153110   -2.143560    1.861250
  H     -0.304880   -1.931270    1.589710
  H      4.372610    1.739940   -2.366950
  H      1.952770    4.529580    0.416540

----------------------------
CARTESIAN COORDINATES (A.U.)
----------------------------
  NO LB      ZA    FRAG    MASS        X           Y           Z
   0 C     4.0000    0    12.011          7.016704313340322          4.098986059827248         -3.130728183328677
   1 C     4.0000    0    12.011          5.274150050728856          2.838444242195077         -1.604075131517715
   2 C     4.0000    0    12.011          3.856647580413186          4.462380395380305          0.024963282229100
   3 C     4.0000    0    12.011          4.483072896546742          7.018121607940762         -0.216581512208715
   4 S     6.0000    0    32.060          6.726234509295286          7.132487833565676         -2.402238758702034
   5 H     1.0000    0     1.008          5.389631214772784          0.720722650216226         -1.233688809269150
   6 C     4.0000    0    12.011          1.731934001738827          3.352336367053622          1.940975506673196
   7 C     4.0000    0    12.011         -0.466403307113104          1.420790593788693          0.536379865852208
   8 C     4.0000    0    12.011         -2.974088784087944         -0.297612968831258          1.658348066083934
   9 H     1.0000    0     1.008         -3.552911898908024          0.624762357135705          3.552326083806508
  10 H     1.0000    0     1.008         -4.602031156677086         -0.036981940440839          0.223667985210919
  11 H     1.0000    0     1.008          0.731475191918238         -0.053101304363187         -0.439002278171246
  12 H     1.0000    0     1.008         -1.384640132846780          2.729331455222463         -0.966972862727505
  13 H     1.0000    0     1.008          0.610627205653974          4.989425014130942          2.880244984277415
  14 H     1.0000    0     1.008          2.697791926047318          2.179005410501917          3.522543999935909
  15 C     4.0000    0    12.011         -2.548144513502094         -3.322195235217578          2.126319845888192
  16 C     4.0000    0    12.011         -2.736550209054043         -5.179285798806009         -0.494975966257993
  17 C     4.0000    0    12.011         -5.562049827231759         -6.278463901862645         -1.465425925071913
  18 H     1.0000    0     1.008         -5.250490679532162         -8.054050577295053         -2.707637399205048
  19 H     1.0000    0     1.008         -6.562565328836366         -4.734349780574251         -2.648753532872061
  20 H     1.0000    0     1.008         -6.788973416941471         -6.797855129770901          0.264693939578350
  21 H     1.0000    0     1.008         -1.480505939620605         -6.922652643655060         -0.112533191275011
  22 H     1.0000    0     1.008         -1.917221649169806         -4.037607754997485         -2.143497456445536
  23 H     1.0000    0     1.008         -4.068788236207186         -4.050741351628238          3.517252766760930
  24 H     1.0000    0     1.008         -0.576139703709911         -3.649571390658096          3.004116532355953
  25 H     1.0000    0     1.008          8.263035390445404          3.288010089454943         -4.472887272684907
  26 H     1.0000    0     1.008          3.690200502537402          8.559665701687024          0.787146523823558

--------------------------------
INTERNAL COORDINATES (ANGSTROEM)
--------------------------------
 C      0   0   0   0.000000     0.000     0.000
 C      1   0   0   1.395677     0.000     0.000
 C      2   1   0   1.429782   114.102     0.000
 C      3   2   1   1.398327   113.693     0.000
 S      1   2   3   1.658040   105.480     0.000
 H      2   1   3   1.139301   122.294   198.019
 C      3   2   1   1.623954   121.484   179.878
 C      7   3   2   1.717703   114.454   308.142
 C      8   7   3   1.714747   133.618   177.191
 H      9   8   7   1.156100   106.338    22.682
 H      9   8   7   1.156519   106.614   138.594
 H      8   7   3   1.129845   103.208    54.188
 H      8   7   3   1.161240   103.003   300.252
 H      7   3   2   1.161736   110.550   187.980
 H      7   3   2   1.160690   109.804    68.448
 C      9   8   7   1.635194   117.699   260.762
 C     16   9   8   1.702888   115.686   279.535
 C     17  16   9   1.684531   119.971   273.457
 H     18  17  16   1.158507   109.069   202.078
 H     18  17  16   1.157627   109.095    82.746
 H     18  17  16   1.155549   109.834   322.297
 H     17  16   9   1.154921   106.532   152.227
 H     17  16   9   1.146295   107.074    34.933
 H     16   9   8   1.156689   109.070   159.456
 H     16   9   8   1.155317   109.400    40.538
 H      1   2   3   1.059995   127.260   180.000
 H      4   3   2   1.060003   127.206   180.000

---------------------------
INTERNAL COORDINATES (A.U.)
---------------------------
 C      0   0   0   0.000000     0.000     0.000
 C      1   0   0   2.637448     0.000     0.000
 C      2   1   0   2.701897   114.102     0.000
 C      3   2   1   2.642454   113.693     0.000
 S      1   2   3   3.133242   105.480     0.000
 H      2   1   3   2.152967   122.294   198.019
 C      3   2   1   3.068829   121.484   179.878
 C      7   3   2   3.245989   114.454   308.142
 C      8   7   3   3.240403   133.618   177.191
 H      9   8   7   2.184712   106.338    22.682
 H      9   8   7   2.185505   106.614   138.594
 H      8   7   3   2.135097   103.208    54.188
 H      8   7   3   2.194426   103.003   300.252
 H      7   3   2   2.195362   110.550   187.980
 H      7   3   2   2.193387   109.804    68.448
 C      9   8   7   3.090069   117.699   260.762
 C     16   9   8   3.217992   115.686   279.535
 C     17  16   9   3.183302   119.971   273.457
 H     18  17  16   2.189262   109.069   202.078
 H     18  17  16   2.187598   109.095    82.746
 H     18  17  16   2.183672   109.834   322.297
 H     17  16   9   2.182484   106.532   152.227
 H     17  16   9   2.166184   107.074    34.933
 H     16   9   8   2.185825   109.070   159.456
 H     16   9   8   2.183233   109.400    40.538
 H      1   2   3   2.003101   127.260   180.000
 H      4   3   2   2.003116   127.206   180.000

----------------------------
SLATER BASIS SET DIM=  60
----------------------------
  0 C     2 shells
 l=0 nsto= 1
    2       1.625000000000        1.000000000000
 l=1 nsto= 1
    2       1.625000000000        1.000000000000
  1 C     2 shells
 l=0 nsto= 1
    2       1.625000000000        1.000000000000
 l=1 nsto= 1
    2       1.625000000000        1.000000000000
  2 C     2 shells
 l=0 nsto= 1
    2       1.625000000000        1.000000000000
 l=1 nsto= 1
    2       1.625000000000        1.000000000000
  3 C     2 shells
 l=0 nsto= 1
    2       1.625000000000        1.000000000000
 l=1 nsto= 1
    2       1.625000000000        1.000000000000
  4 S     2 shells
 l=0 nsto= 1
    3       1.925000000000        1.000000000000
 l=1 nsto= 1
    3       1.925000000000        1.000000000000
  5 H     1 shells
 l=0 nsto= 1
    1       1.200000000000        1.000000000000
  6 C     2 shells
 l=0 nsto= 1
    2       1.625000000000        1.000000000000
 l=1 nsto= 1
    2       1.625000000000        1.000000000000
  7 C     2 shells
 l=0 nsto= 1
    2       1.625000000000        1.000000000000
 l=1 nsto= 1
    2       1.625000000000        1.000000000000
  8 C     2 shells
 l=0 nsto= 1
    2       1.625000000000        1.000000000000
 l=1 nsto= 1
    2       1.625000000000        1.000000000000
  9 H     1 shells
 l=0 nsto= 1
    1       1.200000000000        1.000000000000
 10 H     1 shells
 l=0 nsto= 1
    1       1.200000000000        1.000000000000
 11 H     1 shells
 l=0 nsto= 1
    1       1.200000000000        1.000000000000
 12 H     1 shells
 l=0 nsto= 1
    1       1.200000000000        1.000000000000
 13 H     1 shells
 l=0 nsto= 1
    1       1.200000000000        1.000000000000
 14 H     1 shells
 l=0 nsto= 1
    1       1.200000000000        1.000000000000
 15 C     2 shells
 l=0 nsto= 1
    2       1.625000000000        1.000000000000
 l=1 nsto= 1
    2       1.625000000000        1.000000000000
 16 C     2 shells
 l=0 nsto= 1
    2       1.625000000000        1.000000000000
 l=1 nsto= 1
    2       1.625000000000        1.000000000000
 17 C     2 shells
 l=0 nsto= 1
    2       1.625000000000        1.000000000000
 l=1 nsto= 1
    2       1.625000000000        1.000000000000
 18 H     1 shells
 l=0 nsto= 1
    1       1.200000000000        1.000000000000
 19 H     1 shells
 l=0 nsto= 1
    1       1.200000000000        1.000000000000
 20 H     1 shells
 l=0 nsto= 1
    1       1.200000000000        1.000000000000
 21 H     1 shells
 l=0 nsto= 1
    1       1.200000000000        1.000000000000
 22 H     1 shells
 l=0 nsto= 1
    1       1.200000000000        1.000000000000
 23 H     1 shells
 l=0 nsto= 1
    1       1.200000000000        1.000000000000
 24 H     1 shells
 l=0 nsto= 1
    1       1.200000000000        1.000000000000
 25 H     1 shells
 l=0 nsto= 1
    1       1.200000000000        1.000000000000
 26 H     1 shells
 l=0 nsto= 1
    1       1.200000000000        1.000000000000
------------------------------------------------------------------------------
                           ORCA NDO INTEGRAL CALCULATION
------------------------------------------------------------------------------

--------------
NDO PARAMETERS
--------------

Gamma integral treatment              ... Mataga-Nishimoto
Nuclear repulsuion treatment          ... Direct (ZA*ZB/RAB)
Interaction factors:
s-s (sigma) =    1.0000
s-p (sigma) =    1.0000
s-d (sigma) =    1.0000
p-p (sigma) =    1.2670  p-p(pi) =    0.5850
p-d (sigma) =    1.0000  p-d(pi) =    1.0000
d-d (sigma) =    1.0000  d-d(pi) =    1.0000 d-d (delta) =    1.0000

fGamma parameter for Mataga-Nishimoto gamma integrals:    1.2000

--------------------------
Parameters for Element H :
--------------------------
 One-electron parameters (in eV)
  U(s)  =   -13.060000 Beta(s) =    12.000000 Neff(s) =     1.000000
 One-center electron repulsion parameters (in eV)
  G(s,s)=    12.850000
--------------------------
Parameters for Element C :
--------------------------
 One-electron parameters (in eV)
  U(s)  =   -50.870766 Beta(s) =    17.000000 Neff(s) =     2.000000
  U(p)  =   -41.599980 Beta(p) =    17.000000 Neff(p) =     2.000000 
 One-center electron repulsion parameters (in eV)
  G(s,s)=    11.110000
  G(s,p)=    11.110000 G(p,p)  =    11.110000
 Slater-Condon parameters (in eV)
 F2(p,p)=     4.5098 G1(s,p)=    6.8977
--------------------------
Parameters for Element S :
--------------------------
 One-electron parameters (in eV)
  U(s)  =   -69.509597 Beta(s) =    15.000000 Neff(s) =     2.000000
  U(p)  =   -60.725746 Beta(p) =    15.000000 Neff(p) =     4.000000 
 One-center electron repulsion parameters (in eV)
  G(s,s)=    10.090000
  G(s,p)=    10.090000 G(p,p)  =    10.090000
 Slater-Condon parameters (in eV)
 F2(p,p)=     4.5377 G1(s,p)=    3.0756

 Number of atoms                    ....   27
 Number of basis functions          ....   60

 Overlap integrals                  .... done
 One electron matrix                .... done
 Nuclear repulsion                  .... done
 Integral list                      .... done
 Electron-electron repulsion        .... done
-------------------------------------------------------------------------------
                                 ORCA SCF
-------------------------------------------------------------------------------

------------
SCF SETTINGS
------------
Hamiltonian:
 ZDO-Hamiltonian        Method          .... INDO


General Settings:
 Integral files         IntName         .... /Users/mattyjones/GoogleDrive/Boise/Code/MorphCT/tests/output_EZ/donor_polymer/chromophores/input_orca/single/00025
 Hartree-Fock type      HFTyp           .... RHF
 Total Charge           Charge          ....    0
 Multiplicity           Mult            ....    1
 Number of Electrons    NEL             ....   62
 Basis Dimension        Dim             ....   60
 Nuclear Repulsion      ENuc            ....    291.2083280941 Eh

Convergence Acceleration:
 DIIS                   CNVDIIS         .... on
   Start iteration      DIISMaxIt       ....    12
   Startup error        DIISStart       ....  0.200000
   # of expansion vecs  DIISMaxEq       ....     5
   Bias factor          DIISBfac        ....   1.050
   Max. coefficient     DIISMaxC        ....  10.000
 Newton-Raphson         CNVNR           .... off
 SOSCF                  CNVSOSCF        .... on
   Start iteration      SOSCFMaxIt      ....   150
   Startup grad/error   SOSCFStart      ....  0.003300
 Level Shifting         CNVShift        .... on
   Level shift para.    LevelShift      ....    0.2500
   Turn off err/grad.   ShiftErr        ....    0.0010
 Zerner damping         CNVZerner       .... off
 Static damping         CNVDamp         .... on
   Fraction old density DampFac         ....    0.7000
   Max. Damping (<1)    DampMax         ....    0.9800
   Min. Damping (>=0)   DampMin         ....    0.0000
   Turn off err/grad.   DampErr         ....    0.1000
 Fernandez-Rico         CNVRico         .... off

SCF Procedure:
 Maximum # iterations   MaxIter         ....   125
 SCF integral mode      SCFMode         .... Conventional
 Integral Buffer length BufferLength    .... 1048576
 Integral index format  IndFormat       ....     0
 Integral value format  ValFormat       ....     0
 Integral Storage       Thresh          ....  1.000e-08 Eh

Convergence Tolerance:
 Convergence Check Mode ConvCheckMode   .... Total+1el-Energy
 Energy Change          TolE            ....  1.000e-06 Eh
 1-El. energy change                    ....  1.000e-03 Eh
 Orbital Gradient       TolG            ....  5.000e-05
 Orbital Rotation angle TolX            ....  5.000e-05
 DIIS Error             TolErr          ....  1.000e-06


Diagonalization of the overlap matrix:
Smallest eigenvalue                        ... 1.696e-01
Time for diagonalization                   ...    0.001 sec
Threshold for overlap eigenvalues          ... 1.000e-08
Number of eigenvalues below threshold      ... 0
Time for construction of square roots      ...    0.000 sec
Total time needed                          ...    0.002 sec

-------------------------------
INITIAL GUESS: EXTENDED HUECKEL
-------------------------------
EHT matrix was read from disk
EHT matrix was diagonalized
Initial density was built
                      ------------------
                      INITIAL GUESS DONE
                      ------------------

 InCore treatment chosen:
   Memory dedicated               ...    1024 MB
   Memory needed                  ...      0 MB
   Number of tiny    integrals    ...       0
   Number of small   integrals    ...       0
   Number of regular integrals    ...    1896

--------------
SCF ITERATIONS
--------------
ITER       Energy         Delta-E        Max-DP      RMS-DP      [F,P]     Damp
  0     -7.6835316854   0.000000000000 0.03972103  0.00205075  0.1131291 0.7000
  1     -7.7046073574  -0.021075672064 0.03696923  0.00193167  0.0772101 0.7000
                               ***Turning on DIIS***
  2     -7.7201969470  -0.015589589572 0.09197940  0.00495494  0.0490028 0.0000
  3     -7.7607379854  -0.040541038386 0.01903813  0.00102546  0.0220403 0.0000
  4     -7.7529893616   0.007748623815 0.01108388  0.00070489  0.0061895 0.0000
  5     -7.7619793811  -0.008990019574 0.00728131  0.00047772  0.0034890 0.0000
  6     -7.7631901405  -0.001210759319 0.00474382  0.00034053  0.0017554 0.0000
                      *** Initiating the SOSCF procedure ***
                           *** Shutting down DIIS ***
                      *** Re-Reading the Fockian *** 
                      *** Removing any level shift *** 
ITER      Energy       Delta-E        Grad      Rot      Max-DP    RMS-DP
  7     -7.76120499   0.0019851549  0.003042  0.003042  0.004595  0.000322
  8     -7.76017884   0.0010261506  0.000240  0.000640  0.000493  0.000033
                 **** Energy Check signals convergence ****
              ***Rediagonalizing the Fockian in SOSCF/NRSCF***

               *****************************************************
               *                     SUCCESS                       *
               *           SCF CONVERGED AFTER   9 CYCLES          *
               *****************************************************


----------------
TOTAL SCF ENERGY
----------------

Total Energy       :           -7.76017969 Eh            -211.16522 eV

Components:
Nuclear Repulsion  :          291.20832809 Eh            7924.18147 eV
Electronic Energy  :         -298.96850778 Eh           -8135.34669 eV

One Electron Energy:         -552.76646902 Eh          -15041.54032 eV
Two Electron Energy:          253.79796124 Eh            6906.19363 eV


---------------
SCF CONVERGENCE
---------------

  Last Energy change         ...   -8.5300e-07  Tolerance :   1.0000e-06
  Last MAX-Density change    ...    4.9672e-04  Tolerance :   1.0000e-05
  Last RMS-Density change    ...    2.8990e-05  Tolerance :   1.0000e-06
  Last Orbital Gradient      ...    1.3514e-04  Tolerance :   5.0000e-05
  Last Orbital Rotation      ...    6.0578e-04  Tolerance :   5.0000e-05

             **** THE GBW FILE WAS UPDATED (/Users/mattyjones/GoogleDrive/Boise/Code/MorphCT/tests/output_EZ/donor_polymer/chromophores/input_orca/single/00025.gbw) ****
             **** DENSITY FILE WAS UPDATED (/Users/mattyjones/GoogleDrive/Boise/Code/MorphCT/tests/output_EZ/donor_polymer/chromophores/input_orca/single/00025.scfp.tmp) ****
             **** ENERGY FILE WAS UPDATED (/Users/mattyjones/GoogleDrive/Boise/Code/MorphCT/tests/output_EZ/donor_polymer/chromophores/input_orca/single/00025.en.tmp) ****
----------------
ORBITAL ENERGIES
----------------

  NO   OCC          E(Eh)            E(eV) 
   0   2.0000      -1.557981       -42.3948 
   1   2.0000      -1.390158       -37.8281 
   2   2.0000      -1.283178       -34.9171 
   3   2.0000      -1.186348       -32.2822 
   4   2.0000      -1.116148       -30.3719 
   5   2.0000      -1.036811       -28.2131 
   6   2.0000      -0.959926       -26.1209 
   7   2.0000      -0.919251       -25.0141 
   8   2.0000      -0.844565       -22.9818 
   9   2.0000      -0.825429       -22.4611 
  10   2.0000      -0.770701       -20.9718 
  11   2.0000      -0.727522       -19.7969 
  12   2.0000      -0.696841       -18.9620 
  13   2.0000      -0.684025       -18.6133 
  14   2.0000      -0.633841       -17.2477 
  15   2.0000      -0.623555       -16.9678 
  16   2.0000      -0.586827       -15.9684 
  17   2.0000      -0.578634       -15.7454 
  18   2.0000      -0.567524       -15.4431 
  19   2.0000      -0.563409       -15.3311 
  20   2.0000      -0.524530       -14.2732 
  21   2.0000      -0.519879       -14.1466 
  22   2.0000      -0.506745       -13.7892 
  23   2.0000      -0.494294       -13.4504 
  24   2.0000      -0.488348       -13.2886 
  25   2.0000      -0.483194       -13.1484 
  26   2.0000      -0.468751       -12.7554 
  27   2.0000      -0.449847       -12.2409 
  28   2.0000      -0.435205       -11.8425 
  29   2.0000      -0.355996        -9.6872 
  30   2.0000      -0.305650        -8.3172 
  31   0.0000       0.006436         0.1751 
  32   0.0000       0.061932         1.6853 
  33   0.0000       0.070206         1.9104 
  34   0.0000       0.086513         2.3541 
  35   0.0000       0.103462         2.8154 
  36   0.0000       0.106930         2.9097 
  37   0.0000       0.125316         3.4100 
  38   0.0000       0.143112         3.8943 
  39   0.0000       0.160859         4.3772 
  40   0.0000       0.166645         4.5346 
  41   0.0000       0.173037         4.7086 
  42   0.0000       0.204373         5.5613 
  43   0.0000       0.233349         6.3497 
  44   0.0000       0.235543         6.4094 
  45   0.0000       0.236340         6.4311 
  46   0.0000       0.238437         6.4882 
  47   0.0000       0.240053         6.5322 
  48   0.0000       0.242237         6.5916 
  49   0.0000       0.244801         6.6614 
  50   0.0000       0.250844         6.8258 
  51   0.0000       0.253241         6.8910 
  52   0.0000       0.266184         7.2432 
  53   0.0000       0.282710         7.6929 
  54   0.0000       0.309432         8.4201 
  55   0.0000       0.312191         8.4952 
  56   0.0000       0.339910         9.2494 
  57   0.0000       0.354871         9.6565 
  58   0.0000       0.412331        11.2201 
  59   0.0000       0.427639        11.6367 
-------
TIMINGS
-------

Total SCF time: 0 days 0 hours 0 min 0 sec 

Total time                  ....       0.066 sec
Sum of individual times     ....       0.058 sec  ( 87.7%)

Fock matrix formation       ....       0.040 sec  ( 60.8%)
Diagonalization             ....       0.005 sec  (  8.2%)
Density matrix formation    ....       0.001 sec  (  0.9%)
Population analysis         ....       0.000 sec  (  0.0%)
Initial guess               ....       0.001 sec  (  0.9%)
Orbital Transformation      ....       0.000 sec  (  0.0%)
Orbital Orthonormalization  ....       0.000 sec  (  0.0%)
DIIS solution               ....       0.010 sec  ( 15.6%)
SOSCF solution              ....       0.001 sec  (  1.4%)

-------------------------   --------------------
FINAL SINGLE POINT ENERGY        -7.760179688013
-------------------------   --------------------


                            ***************************************
                            *     ORCA property calculations      *
                            ***************************************

                                    ---------------------
                                    Active property flags
                                    ---------------------
   (+) Dipole Moment


------------------------------------------------------------------------------
                       ORCA ELECTRIC PROPERTIES CALCULATION
------------------------------------------------------------------------------

Dipole Moment Calculation                       ... on
Quadrupole Moment Calculation                   ... off
Polarizability Calculation                      ... off
GBWName                                         ... /Users/mattyjones/GoogleDrive/Boise/Code/MorphCT/tests/output_EZ/donor_polymer/chromophores/input_orca/single/00025.gbw
Electron density file                           ... /Users/mattyjones/GoogleDrive/Boise/Code/MorphCT/tests/output_EZ/donor_polymer/chromophores/input_orca/single/00025.scfp.tmp

-------------
DIPOLE MOMENT
-------------
                                X             Y             Z
Electronic contribution:     95.91964     101.31028     -30.40380
Nuclear contribution   :    -51.81957     -54.47586      16.12710
                        -----------------------------------------
Total Dipole Moment    :     44.10007      46.83442     -14.27671
                        -----------------------------------------
Magnitude (a.u.)       :     65.89464
Magnitude (Debye)      :    167.49086


Timings for individual modules:

Sum of individual times         ...        0.151 sec (=   0.003 min)
STO integral calculation        ...        0.043 sec (=   0.001 min)  28.4 %
SCF iterations                  ...        0.108 sec (=   0.002 min)  71.6 %
                             ****ORCA TERMINATED NORMALLY****
TOTAL RUN TIME: 0 days 0 hours 0 minutes 0 seconds 456 msec

