
                                 *****************
                                 * O   R   C   A *
                                 *****************

           --- An Ab Initio, DFT and Semiempirical electronic structure package ---

                  #######################################################
                  #                        -***-                        #
                  #  Department of molecular theory and spectroscopy    #
                  #              Directorship: Frank Neese              #
                  # Max Planck Institute for Chemical Energy Conversion #
                  #                  D-45470 Muelheim/Ruhr              #
                  #                       Germany                       #
                  #                                                     #
                  #                  All rights reserved                #
                  #                        -***-                        #
                  #######################################################


                         Program Version 3.0.3 - RELEASE   -


 With contributions from (in alphabetic order):
   Ute Becker             : Parallelization
   Dmytro Bykov           : SCF Hessian
   Dmitry Ganyushin       : Spin-Orbit,Spin-Spin,Magnetic field MRCI
   Andreas Hansen         : Spin unrestricted coupled pair/coupled cluster methods
   Dimitrios Liakos       : Extrapolation schemes; parallel MDCI
   Robert Izsak           : Overlap fitted RIJCOSX, COSX-SCS-MP3
   Christian Kollmar      : KDIIS, OOCD, Brueckner-CCSD(T), CCSD density
   Simone Kossmann        : Meta GGA functionals, TD-DFT gradient, OOMP2, MP2 Hessian
   Taras Petrenko         : DFT Hessian,TD-DFT gradient, ASA and ECA modules, normal mode analysis, Resonance Raman, ABS, FL, XAS/XES, NRVS
   Christoph Reimann      : Effective Core Potentials
   Michael Roemelt        : Restricted open shell CIS
   Christoph Riplinger    : Improved optimizer, TS searches, QM/MM, DLPNO-CCSD
   Barbara Sandhoefer     : DKH picture change effects
   Igor Schapiro          : Molecular dynamics
   Kantharuban Sivalingam : CASSCF convergence, NEVPT2
   Boris Wezisla          : Elementary symmetry handling
   Frank Wennmohs         : Technical directorship


 We gratefully acknowledge several colleagues who have allowed us to
 interface, adapt or use parts of their codes:
   Stefan Grimme, W. Hujo, H. Kruse, T. Risthaus : VdW corrections, initial TS optimization,
                                                   DFT functionals, gCP
   Ed Valeev                                     : LibInt (2-el integral package), F12 methods
   Garnet Chan, S. Sharma, R. Olivares           : DMRG
   Ulf Ekstrom                                   : XCFun DFT Library
   Mihaly Kallay                                 : mrcc  (arbitrary order and MRCC methods)
   Andreas Klamt, Michael Diedenhofen            : otool_cosmo (COSMO solvation model)
   Frank Weinhold                                : gennbo (NPA and NBO analysis)
   Christopher J. Cramer and Donald G. Truhlar   : smd solvation model


 Your calculation uses the libint2 library for the computation of 2-el integrals
 For citations please refer to: http://libint.valeyev.net

 This ORCA versions uses:
   CBLAS   interface :  Fast vector & matrix operations
   LAPACKE interface :  Fast linear algebra routines
   SCALAPACK package :  Parallel linear algebra routines


leaving
================================================================================
                                        WARNINGS
                       Please study these warnings very carefully!
================================================================================
Now building the actual basis set

WARNING: Direct SCF is incompatible with Method<>HF and Method<>DFT
  ===> : conventional SCF is chosen

WARNING: The NDO methods need Guess=HUECKEL or Guess=HCORE or Guess=MOREAD
  ===> : Guess is set to Hueckel

WARNING: The NDO methods need %rel::SOCType==1
  ===> : %rel::SOCType is set to 1

WARNING: The NDO methods cannot have frozencore=1
  ===> : %method FrozenCore=0 end


INFO   : the flag for use of LIBINT has been found!

================================================================================
                                       INPUT FILE
================================================================================
NAME = /Users/mattyjones/GoogleDrive/Boise/Code/MorphCT/tests/output_EZ/donor_polymer/chromophores/input_orca/single/00020.inp
|  1> # ================================================================
|  2> # Orca input file made by Matty Jones
|  3> # ================================================================
|  4> ! ZINDO/S 
|  5> ! NOPOP
|  6> ! NOMOPRINT
|  7> * xyz 0   1
|  8>  C  -2.32015  -4.43738  -0.05740
|  9>  C  -1.44816  -3.35802  0.09271
| 10>  C  -2.00584  -2.25179  0.80652
| 11>  C  -3.32484  -2.45868  1.22215
| 12>  S  -3.72601  -3.97805  0.69205
| 13>  H  -0.35499  -3.35712  -0.23349
| 14>  C  -0.92052  -1.04366  0.93918
| 15>  C  -1.03122  0.58839  0.47128
| 16>  C  0.53083  1.24816  0.74639
| 17>  H  0.58980  1.44561  1.88568
| 18>  H  1.29670  0.41992  0.48252
| 19>  H  -1.28978  0.66181  -0.64177
| 20>  H  -1.80019  1.13838  1.11611
| 21>  H  -0.67039  -0.96079  2.08515
| 22>  H  0.07088  -1.38830  0.41882
| 23>  C  0.99347  2.60359  -0.03553
| 24>  C  1.78376  2.35763  -1.52334
| 25>  C  3.46550  2.22661  -1.47522
| 26>  H  3.82632  2.22637  -0.37668
| 27>  H  3.93538  3.12219  -2.03863
| 28>  H  3.78621  1.23961  -1.98865
| 29>  H  1.36595  1.38984  -1.98803
| 30>  H  1.52377  3.25164  -2.20336
| 31>  H  0.06481  3.25734  -0.24836
| 32>  H  1.72312  3.19895  0.63631
| 33>  H  -2.12483  -5.35689  -0.54724
| 34>  H  -3.93959  -1.78537  1.76283
| 35> *
| 36> 
| 37>                          ****END OF INPUT****
================================================================================

                       ****************************
                       * Single Point Calculation *
                       ****************************

---------------------------------
CARTESIAN COORDINATES (ANGSTROEM)
---------------------------------
  C     -2.320150   -4.437380   -0.057400
  C     -1.448160   -3.358020    0.092710
  C     -2.005840   -2.251790    0.806520
  C     -3.324840   -2.458680    1.222150
  S     -3.726010   -3.978050    0.692050
  H     -0.354990   -3.357120   -0.233490
  C     -0.920520   -1.043660    0.939180
  C     -1.031220    0.588390    0.471280
  C      0.530830    1.248160    0.746390
  H      0.589800    1.445610    1.885680
  H      1.296700    0.419920    0.482520
  H     -1.289780    0.661810   -0.641770
  H     -1.800190    1.138380    1.116110
  H     -0.670390   -0.960790    2.085150
  H      0.070880   -1.388300    0.418820
  C      0.993470    2.603590   -0.035530
  C      1.783760    2.357630   -1.523340
  C      3.465500    2.226610   -1.475220
  H      3.826320    2.226370   -0.376680
  H      3.935380    3.122190   -2.038630
  H      3.786210    1.239610   -1.988650
  H      1.365950    1.389840   -1.988030
  H      1.523770    3.251640   -2.203360
  H      0.064810    3.257340   -0.248360
  H      1.723120    3.198950    0.636310
  H     -2.124830   -5.356890   -0.547240
  H     -3.939590   -1.785370    1.762830

----------------------------
CARTESIAN COORDINATES (A.U.)
----------------------------
  NO LB      ZA    FRAG    MASS        X           Y           Z
   0 C     4.0000    0    12.011         -4.384448089617392         -8.385432952139483         -0.108470280087080
   1 C     4.0000    0    12.011         -2.736625798099400         -6.345738152230241          0.175196509875839
   2 C     4.0000    0    12.011         -3.790488268464604         -4.255266411102536          1.524101921530168
   3 C     4.0000    0    12.011         -6.283037039106734         -4.646231850949503          2.309528794571858
   4 S     6.0000    0    32.060         -7.041138472251923         -7.517425047045435          1.307784970980202
   5 H     1.0000    0     1.008         -0.670833880280705         -6.344037398709713         -0.441232155009273
   6 C     4.0000    0    12.011         -1.739530700797191         -1.972231576928253          1.774792990456161
   7 C     4.0000    0    12.011         -1.948723383822273          1.111895959937925          0.890590132394407
   8 C     4.0000    0    12.011          1.003123323669418          2.358680571315150          1.410472689097483
   9 H     1.0000    0     1.008          1.114560473786754          2.731806996457901          3.563418776212626
  10 H     1.0000    0     1.008          2.450407877855687          0.793533798156212          0.911830654139682
  11 H     1.0000    0     1.008         -2.437330973008952          1.250639652690424         -1.212769540966642
  12 H     1.0000    0     1.008         -3.401866089023698          2.151226436333274          2.109142235330848
  13 H     1.0000    0     1.008         -1.266853502919468         -1.815629972210199          3.940362448145898
  14 H     1.0000    0     1.008          0.133943788372338         -2.623506791722874          0.791455099408899
  15 C     4.0000    0    12.011          1.877386222266746          4.920072065016032         -0.067141969538222
  16 C     4.0000    0    12.011          3.370817888643372          4.455275025116761         -2.878695408847599
  17 C     4.0000    0    12.011          6.548845917104098          4.207683107050398         -2.787761787283309
  18 H     1.0000    0     1.008          7.230696900745563          4.207229572778258         -0.711822040125457
  19 H     1.0000    0     1.008          7.436790432911015          5.900084038067592         -3.852452388395881
  20 H     1.0000    0     1.008          7.154899985513983          2.342523412870123         -3.758003876222497
  21 H     1.0000    0     1.008          2.581271412629734          2.626416969969112         -3.756832246019466
  22 H     1.0000    0     1.008          2.879507991085186          6.144709086103699         -4.163746974436729
  23 H     1.0000    0     1.008          0.122473150739436          6.155480525067050         -0.469332382620682
  24 H     1.0000    0     1.008          3.256224895882387          6.045139416107388          1.202451636275432
  25 H     1.0000    0     1.008         -4.015346781139893        -10.123055029541414         -1.034133729527066
  26 H     1.0000    0     1.008         -7.444746179934824         -3.373860347718985          3.331265920660400

--------------------------------
INTERNAL COORDINATES (ANGSTROEM)
--------------------------------
 C      0   0   0   0.000000     0.000     0.000
 C      1   0   0   1.395678     0.000     0.000
 C      2   1   0   1.429782   114.102     0.000
 C      3   2   1   1.398325   113.693     0.000
 S      1   2   3   1.658042   105.479     0.000
 H      2   1   3   1.140801   124.649   174.997
 C      3   2   1   1.629447   110.763   179.780
 C      7   3   2   1.701403   130.202   124.200
 C      8   7   3   1.717842   105.379   186.085
 H      9   8   7   1.157776   105.629   281.290
 H      9   8   7   1.158519   106.862    36.361
 H      8   7   3   1.145043   110.092   304.254
 H      8   7   3   1.144382   110.473    67.733
 H      7   3   2   1.175874   105.860   246.322
 H      7   3   2   1.171506   108.022   359.372
 C      9   8   7   1.631755   120.007   158.620
 C     16   9   8   1.702537   115.490   269.162
 C     17  16   9   1.687522   116.673   269.204
 H     18  17  16   1.156279   109.761     5.477
 H     18  17  16   1.157705   109.302   245.215
 H     18  17  16   1.157858   109.243   125.614
 H     17  16   9   1.152007   107.789    30.726
 H     17  16   9   1.152942   107.381   148.467
 H     16   9   8   1.155463   109.291    29.945
 H     16   9   8   1.156811   109.150   148.858
 H      1   2   3   1.059996   127.260   180.000
 H      4   3   2   1.059999   127.206   180.000

---------------------------
INTERNAL COORDINATES (A.U.)
---------------------------
 C      0   0   0   0.000000     0.000     0.000
 C      1   0   0   2.637450     0.000     0.000
 C      2   1   0   2.701896   114.102     0.000
 C      3   2   1   2.642451   113.693     0.000
 S      1   2   3   3.133244   105.479     0.000
 H      2   1   3   2.155802   124.649   174.997
 C      3   2   1   3.079208   110.763   179.780
 C      7   3   2   3.215186   130.202   124.200
 C      8   7   3   3.246251   105.379   186.085
 H      9   8   7   2.187880   105.629   281.290
 H      9   8   7   2.189283   106.862    36.361
 H      8   7   3   2.163818   110.092   304.254
 H      8   7   3   2.162568   110.473    67.733
 H      7   3   2   2.222080   105.860   246.322
 H      7   3   2   2.213825   108.022   359.372
 C      9   8   7   3.083571   120.007   158.620
 C     16   9   8   3.217329   115.490   269.162
 C     17  16   9   3.188955   116.673   269.204
 H     18  17  16   2.185051   109.761     5.477
 H     18  17  16   2.187746   109.302   245.215
 H     18  17  16   2.188034   109.243   125.614
 H     17  16   9   2.176977   107.789    30.726
 H     17  16   9   2.178745   107.381   148.467
 H     16   9   8   2.183509   109.291    29.945
 H     16   9   8   2.186056   109.150   148.858
 H      1   2   3   2.003102   127.260   180.000
 H      4   3   2   2.003109   127.206   180.000

----------------------------
SLATER BASIS SET DIM=  60
----------------------------
  0 C     2 shells
 l=0 nsto= 1
    2       1.625000000000        1.000000000000
 l=1 nsto= 1
    2       1.625000000000        1.000000000000
  1 C     2 shells
 l=0 nsto= 1
    2       1.625000000000        1.000000000000
 l=1 nsto= 1
    2       1.625000000000        1.000000000000
  2 C     2 shells
 l=0 nsto= 1
    2       1.625000000000        1.000000000000
 l=1 nsto= 1
    2       1.625000000000        1.000000000000
  3 C     2 shells
 l=0 nsto= 1
    2       1.625000000000        1.000000000000
 l=1 nsto= 1
    2       1.625000000000        1.000000000000
  4 S     2 shells
 l=0 nsto= 1
    3       1.925000000000        1.000000000000
 l=1 nsto= 1
    3       1.925000000000        1.000000000000
  5 H     1 shells
 l=0 nsto= 1
    1       1.200000000000        1.000000000000
  6 C     2 shells
 l=0 nsto= 1
    2       1.625000000000        1.000000000000
 l=1 nsto= 1
    2       1.625000000000        1.000000000000
  7 C     2 shells
 l=0 nsto= 1
    2       1.625000000000        1.000000000000
 l=1 nsto= 1
    2       1.625000000000        1.000000000000
  8 C     2 shells
 l=0 nsto= 1
    2       1.625000000000        1.000000000000
 l=1 nsto= 1
    2       1.625000000000        1.000000000000
  9 H     1 shells
 l=0 nsto= 1
    1       1.200000000000        1.000000000000
 10 H     1 shells
 l=0 nsto= 1
    1       1.200000000000        1.000000000000
 11 H     1 shells
 l=0 nsto= 1
    1       1.200000000000        1.000000000000
 12 H     1 shells
 l=0 nsto= 1
    1       1.200000000000        1.000000000000
 13 H     1 shells
 l=0 nsto= 1
    1       1.200000000000        1.000000000000
 14 H     1 shells
 l=0 nsto= 1
    1       1.200000000000        1.000000000000
 15 C     2 shells
 l=0 nsto= 1
    2       1.625000000000        1.000000000000
 l=1 nsto= 1
    2       1.625000000000        1.000000000000
 16 C     2 shells
 l=0 nsto= 1
    2       1.625000000000        1.000000000000
 l=1 nsto= 1
    2       1.625000000000        1.000000000000
 17 C     2 shells
 l=0 nsto= 1
    2       1.625000000000        1.000000000000
 l=1 nsto= 1
    2       1.625000000000        1.000000000000
 18 H     1 shells
 l=0 nsto= 1
    1       1.200000000000        1.000000000000
 19 H     1 shells
 l=0 nsto= 1
    1       1.200000000000        1.000000000000
 20 H     1 shells
 l=0 nsto= 1
    1       1.200000000000        1.000000000000
 21 H     1 shells
 l=0 nsto= 1
    1       1.200000000000        1.000000000000
 22 H     1 shells
 l=0 nsto= 1
    1       1.200000000000        1.000000000000
 23 H     1 shells
 l=0 nsto= 1
    1       1.200000000000        1.000000000000
 24 H     1 shells
 l=0 nsto= 1
    1       1.200000000000        1.000000000000
 25 H     1 shells
 l=0 nsto= 1
    1       1.200000000000        1.000000000000
 26 H     1 shells
 l=0 nsto= 1
    1       1.200000000000        1.000000000000
------------------------------------------------------------------------------
                           ORCA NDO INTEGRAL CALCULATION
------------------------------------------------------------------------------

--------------
NDO PARAMETERS
--------------

Gamma integral treatment              ... Mataga-Nishimoto
Nuclear repulsuion treatment          ... Direct (ZA*ZB/RAB)
Interaction factors:
s-s (sigma) =    1.0000
s-p (sigma) =    1.0000
s-d (sigma) =    1.0000
p-p (sigma) =    1.2670  p-p(pi) =    0.5850
p-d (sigma) =    1.0000  p-d(pi) =    1.0000
d-d (sigma) =    1.0000  d-d(pi) =    1.0000 d-d (delta) =    1.0000

fGamma parameter for Mataga-Nishimoto gamma integrals:    1.2000

--------------------------
Parameters for Element H :
--------------------------
 One-electron parameters (in eV)
  U(s)  =   -13.060000 Beta(s) =    12.000000 Neff(s) =     1.000000
 One-center electron repulsion parameters (in eV)
  G(s,s)=    12.850000
--------------------------
Parameters for Element C :
--------------------------
 One-electron parameters (in eV)
  U(s)  =   -50.870766 Beta(s) =    17.000000 Neff(s) =     2.000000
  U(p)  =   -41.599980 Beta(p) =    17.000000 Neff(p) =     2.000000 
 One-center electron repulsion parameters (in eV)
  G(s,s)=    11.110000
  G(s,p)=    11.110000 G(p,p)  =    11.110000
 Slater-Condon parameters (in eV)
 F2(p,p)=     4.5098 G1(s,p)=    6.8977
--------------------------
Parameters for Element S :
--------------------------
 One-electron parameters (in eV)
  U(s)  =   -69.509597 Beta(s) =    15.000000 Neff(s) =     2.000000
  U(p)  =   -60.725746 Beta(p) =    15.000000 Neff(p) =     4.000000 
 One-center electron repulsion parameters (in eV)
  G(s,s)=    10.090000
  G(s,p)=    10.090000 G(p,p)  =    10.090000
 Slater-Condon parameters (in eV)
 F2(p,p)=     4.5377 G1(s,p)=    3.0756

 Number of atoms                    ....   27
 Number of basis functions          ....   60

 Overlap integrals                  .... done
 One electron matrix                .... done
 Nuclear repulsion                  .... done
 Integral list                      .... done
 Electron-electron repulsion        .... done
-------------------------------------------------------------------------------
                                 ORCA SCF
-------------------------------------------------------------------------------

------------
SCF SETTINGS
------------
Hamiltonian:
 ZDO-Hamiltonian        Method          .... INDO


General Settings:
 Integral files         IntName         .... /Users/mattyjones/GoogleDrive/Boise/Code/MorphCT/tests/output_EZ/donor_polymer/chromophores/input_orca/single/00020
 Hartree-Fock type      HFTyp           .... RHF
 Total Charge           Charge          ....    0
 Multiplicity           Mult            ....    1
 Number of Electrons    NEL             ....   62
 Basis Dimension        Dim             ....   60
 Nuclear Repulsion      ENuc            ....    289.6946397496 Eh

Convergence Acceleration:
 DIIS                   CNVDIIS         .... on
   Start iteration      DIISMaxIt       ....    12
   Startup error        DIISStart       ....  0.200000
   # of expansion vecs  DIISMaxEq       ....     5
   Bias factor          DIISBfac        ....   1.050
   Max. coefficient     DIISMaxC        ....  10.000
 Newton-Raphson         CNVNR           .... off
 SOSCF                  CNVSOSCF        .... on
   Start iteration      SOSCFMaxIt      ....   150
   Startup grad/error   SOSCFStart      ....  0.003300
 Level Shifting         CNVShift        .... on
   Level shift para.    LevelShift      ....    0.2500
   Turn off err/grad.   ShiftErr        ....    0.0010
 Zerner damping         CNVZerner       .... off
 Static damping         CNVDamp         .... on
   Fraction old density DampFac         ....    0.7000
   Max. Damping (<1)    DampMax         ....    0.9800
   Min. Damping (>=0)   DampMin         ....    0.0000
   Turn off err/grad.   DampErr         ....    0.1000
 Fernandez-Rico         CNVRico         .... off

SCF Procedure:
 Maximum # iterations   MaxIter         ....   125
 SCF integral mode      SCFMode         .... Conventional
 Integral Buffer length BufferLength    .... 1048576
 Integral index format  IndFormat       ....     0
 Integral value format  ValFormat       ....     0
 Integral Storage       Thresh          ....  1.000e-08 Eh

Convergence Tolerance:
 Convergence Check Mode ConvCheckMode   .... Total+1el-Energy
 Energy Change          TolE            ....  1.000e-06 Eh
 1-El. energy change                    ....  1.000e-03 Eh
 Orbital Gradient       TolG            ....  5.000e-05
 Orbital Rotation angle TolX            ....  5.000e-05
 DIIS Error             TolErr          ....  1.000e-06


Diagonalization of the overlap matrix:
Smallest eigenvalue                        ... 1.697e-01
Time for diagonalization                   ...    0.001 sec
Threshold for overlap eigenvalues          ... 1.000e-08
Number of eigenvalues below threshold      ... 0
Time for construction of square roots      ...    0.000 sec
Total time needed                          ...    0.002 sec

-------------------------------
INITIAL GUESS: EXTENDED HUECKEL
-------------------------------
EHT matrix was read from disk
EHT matrix was diagonalized
Initial density was built
                      ------------------
                      INITIAL GUESS DONE
                      ------------------

 InCore treatment chosen:
   Memory dedicated               ...    1024 MB
   Memory needed                  ...      0 MB
   Number of tiny    integrals    ...       0
   Number of small   integrals    ...       0
   Number of regular integrals    ...    1896

--------------
SCF ITERATIONS
--------------
ITER       Energy         Delta-E        Max-DP      RMS-DP      [F,P]     Damp
  0     -7.9810155586   0.000000000000 0.04296077  0.00204474  0.0849245 0.7000
  1     -8.0020180677  -0.021002509039 0.04116865  0.00192775  0.0570001 0.7000
                               ***Turning on DIIS***
  2     -8.0175578377  -0.015539770051 0.10631169  0.00495188  0.0336343 0.0000
  3     -8.0582436809  -0.040685843200 0.01690050  0.00102844  0.0195112 0.0000
  4     -8.0507348067   0.007508874255 0.01283732  0.00071010  0.0076710 0.0000
  5     -8.0593842653  -0.008649458633 0.00898995  0.00047867  0.0044794 0.0000
  6     -8.0603565350  -0.000972269715 0.00674510  0.00033746  0.0024445 0.0000
                      *** Initiating the SOSCF procedure ***
                           *** Shutting down DIIS ***
                      *** Re-Reading the Fockian *** 
                      *** Removing any level shift *** 
ITER      Energy       Delta-E        Grad      Rot      Max-DP    RMS-DP
  7     -8.05845977   0.0018967680  0.003014  0.003014  0.004028  0.000189
  8     -8.05741981   0.0010399523  0.000802  0.002204  0.001990  0.000087
  9     -8.05742693  -0.0000071163  0.000348  0.002132  0.002232  0.000091
 10     -8.05742951  -0.0000025794  0.000033  0.000096  0.000142  0.000007
                 **** Energy Check signals convergence ****
              ***Rediagonalizing the Fockian in SOSCF/NRSCF***

               *****************************************************
               *                     SUCCESS                       *
               *           SCF CONVERGED AFTER  11 CYCLES          *
               *****************************************************


----------------
TOTAL SCF ENERGY
----------------

Total Energy       :           -8.05742954 Eh            -219.25380 eV

Components:
Nuclear Repulsion  :          289.69463975 Eh            7882.99191 eV
Electronic Energy  :         -297.75206929 Eh           -8102.24572 eV

One Electron Energy:         -550.33004035 Eh          -14975.24172 eV
Two Electron Energy:          252.57797106 Eh            6872.99601 eV


---------------
SCF CONVERGENCE
---------------

  Last Energy change         ...   -2.9775e-08  Tolerance :   1.0000e-06
  Last MAX-Density change    ...    6.2535e-05  Tolerance :   1.0000e-05
  Last RMS-Density change    ...    2.4423e-06  Tolerance :   1.0000e-06
  Last Orbital Gradient      ...    1.3758e-05  Tolerance :   5.0000e-05
  Last Orbital Rotation      ...    2.7575e-05  Tolerance :   5.0000e-05

             **** THE GBW FILE WAS UPDATED (/Users/mattyjones/GoogleDrive/Boise/Code/MorphCT/tests/output_EZ/donor_polymer/chromophores/input_orca/single/00020.gbw) ****
             **** DENSITY FILE WAS UPDATED (/Users/mattyjones/GoogleDrive/Boise/Code/MorphCT/tests/output_EZ/donor_polymer/chromophores/input_orca/single/00020.scfp.tmp) ****
             **** ENERGY FILE WAS UPDATED (/Users/mattyjones/GoogleDrive/Boise/Code/MorphCT/tests/output_EZ/donor_polymer/chromophores/input_orca/single/00020.en.tmp) ****
----------------
ORBITAL ENERGIES
----------------

  NO   OCC          E(Eh)            E(eV) 
   0   2.0000      -1.557351       -42.3777 
   1   2.0000      -1.399398       -38.0796 
   2   2.0000      -1.292015       -35.1575 
   3   2.0000      -1.169508       -31.8239 
   4   2.0000      -1.115030       -30.3415 
   5   2.0000      -1.062494       -28.9119 
   6   2.0000      -0.949834       -25.8463 
   7   2.0000      -0.887599       -24.1528 
   8   2.0000      -0.854763       -23.2593 
   9   2.0000      -0.834185       -22.6993 
  10   2.0000      -0.785205       -21.3665 
  11   2.0000      -0.728576       -19.8256 
  12   2.0000      -0.703370       -19.1397 
  13   2.0000      -0.664762       -18.0891 
  14   2.0000      -0.655996       -17.8506 
  15   2.0000      -0.608638       -16.5619 
  16   2.0000      -0.585022       -15.9193 
  17   2.0000      -0.576273       -15.6812 
  18   2.0000      -0.560513       -15.2523 
  19   2.0000      -0.541053       -14.7228 
  20   2.0000      -0.533269       -14.5110 
  21   2.0000      -0.523904       -14.2562 
  22   2.0000      -0.514306       -13.9950 
  23   2.0000      -0.490891       -13.3578 
  24   2.0000      -0.485685       -13.2162 
  25   2.0000      -0.475583       -12.9413 
  26   2.0000      -0.472474       -12.8567 
  27   2.0000      -0.461834       -12.5671 
  28   2.0000      -0.435779       -11.8581 
  29   2.0000      -0.356483        -9.7004 
  30   2.0000      -0.305264        -8.3067 
  31   0.0000       0.007432         0.2022 
  32   0.0000       0.065499         1.7823 
  33   0.0000       0.074984         2.0404 
  34   0.0000       0.087433         2.3792 
  35   0.0000       0.103365         2.8127 
  36   0.0000       0.107597         2.9279 
  37   0.0000       0.125501         3.4151 
  38   0.0000       0.140962         3.8358 
  39   0.0000       0.156585         4.2609 
  40   0.0000       0.167088         4.5467 
  41   0.0000       0.168499         4.5851 
  42   0.0000       0.202712         5.5161 
  43   0.0000       0.231778         6.3070 
  44   0.0000       0.235469         6.4074 
  45   0.0000       0.236582         6.4377 
  46   0.0000       0.239049         6.5049 
  47   0.0000       0.241789         6.5794 
  48   0.0000       0.244703         6.6587 
  49   0.0000       0.245686         6.6855 
  50   0.0000       0.252133         6.8609 
  51   0.0000       0.263971         7.1830 
  52   0.0000       0.265590         7.2271 
  53   0.0000       0.270082         7.3493 
  54   0.0000       0.299631         8.1534 
  55   0.0000       0.310009         8.4358 
  56   0.0000       0.336387         9.1536 
  57   0.0000       0.350212         9.5298 
  58   0.0000       0.421228        11.4622 
  59   0.0000       0.430310        11.7093 
-------
TIMINGS
-------

Total SCF time: 0 days 0 hours 0 min 0 sec 

Total time                  ....       0.362 sec
Sum of individual times     ....       0.210 sec  ( 58.1%)

Fock matrix formation       ....       0.052 sec  ( 14.5%)
Diagonalization             ....       0.005 sec  (  1.5%)
Density matrix formation    ....       0.002 sec  (  0.5%)
Population analysis         ....       0.000 sec  (  0.0%)
Initial guess               ....       0.001 sec  (  0.2%)
Orbital Transformation      ....       0.000 sec  (  0.0%)
Orbital Orthonormalization  ....       0.000 sec  (  0.0%)
DIIS solution               ....       0.138 sec  ( 38.1%)
SOSCF solution              ....       0.012 sec  (  3.3%)

-------------------------   --------------------
FINAL SINGLE POINT ENERGY        -8.057429540111
-------------------------   --------------------


                            ***************************************
                            *     ORCA property calculations      *
                            ***************************************

                                    ---------------------
                                    Active property flags
                                    ---------------------
   (+) Dipole Moment


------------------------------------------------------------------------------
                       ORCA ELECTRIC PROPERTIES CALCULATION
------------------------------------------------------------------------------

Dipole Moment Calculation                       ... on
Quadrupole Moment Calculation                   ... off
Polarizability Calculation                      ... off
GBWName                                         ... /Users/mattyjones/GoogleDrive/Boise/Code/MorphCT/tests/output_EZ/donor_polymer/chromophores/input_orca/single/00020.gbw
Electron density file                           ... /Users/mattyjones/GoogleDrive/Boise/Code/MorphCT/tests/output_EZ/donor_polymer/chromophores/input_orca/single/00020.scfp.tmp

-------------
DIPOLE MOMENT
-------------
                                X             Y             Z
Electronic contribution:   -100.14734    -106.34699      19.87270
Nuclear contribution   :     53.85515      57.41579     -10.78378
                        -----------------------------------------
Total Dipole Moment    :    -46.29219     -48.93119       9.08892
                        -----------------------------------------
Magnitude (a.u.)       :     67.96938
Magnitude (Debye)      :    172.76444


Timings for individual modules:

Sum of individual times         ...        0.478 sec (=   0.008 min)
STO integral calculation        ...        0.078 sec (=   0.001 min)  16.4 %
SCF iterations                  ...        0.399 sec (=   0.007 min)  83.6 %
                             ****ORCA TERMINATED NORMALLY****
TOTAL RUN TIME: 0 days 0 hours 0 minutes 0 seconds 781 msec

