
                                 *****************
                                 * O   R   C   A *
                                 *****************

           --- An Ab Initio, DFT and Semiempirical electronic structure package ---

                  #######################################################
                  #                        -***-                        #
                  #  Department of molecular theory and spectroscopy    #
                  #              Directorship: Frank Neese              #
                  # Max Planck Institute for Chemical Energy Conversion #
                  #                  D-45470 Muelheim/Ruhr              #
                  #                       Germany                       #
                  #                                                     #
                  #                  All rights reserved                #
                  #                        -***-                        #
                  #######################################################


                         Program Version 3.0.3 - RELEASE   -


 With contributions from (in alphabetic order):
   Ute Becker             : Parallelization
   Dmytro Bykov           : SCF Hessian
   Dmitry Ganyushin       : Spin-Orbit,Spin-Spin,Magnetic field MRCI
   Andreas Hansen         : Spin unrestricted coupled pair/coupled cluster methods
   Dimitrios Liakos       : Extrapolation schemes; parallel MDCI
   Robert Izsak           : Overlap fitted RIJCOSX, COSX-SCS-MP3
   Christian Kollmar      : KDIIS, OOCD, Brueckner-CCSD(T), CCSD density
   Simone Kossmann        : Meta GGA functionals, TD-DFT gradient, OOMP2, MP2 Hessian
   Taras Petrenko         : DFT Hessian,TD-DFT gradient, ASA and ECA modules, normal mode analysis, Resonance Raman, ABS, FL, XAS/XES, NRVS
   Christoph Reimann      : Effective Core Potentials
   Michael Roemelt        : Restricted open shell CIS
   Christoph Riplinger    : Improved optimizer, TS searches, QM/MM, DLPNO-CCSD
   Barbara Sandhoefer     : DKH picture change effects
   Igor Schapiro          : Molecular dynamics
   Kantharuban Sivalingam : CASSCF convergence, NEVPT2
   Boris Wezisla          : Elementary symmetry handling
   Frank Wennmohs         : Technical directorship


 We gratefully acknowledge several colleagues who have allowed us to
 interface, adapt or use parts of their codes:
   Stefan Grimme, W. Hujo, H. Kruse, T. Risthaus : VdW corrections, initial TS optimization,
                                                   DFT functionals, gCP
   Ed Valeev                                     : LibInt (2-el integral package), F12 methods
   Garnet Chan, S. Sharma, R. Olivares           : DMRG
   Ulf Ekstrom                                   : XCFun DFT Library
   Mihaly Kallay                                 : mrcc  (arbitrary order and MRCC methods)
   Andreas Klamt, Michael Diedenhofen            : otool_cosmo (COSMO solvation model)
   Frank Weinhold                                : gennbo (NPA and NBO analysis)
   Christopher J. Cramer and Donald G. Truhlar   : smd solvation model


 Your calculation uses the libint2 library for the computation of 2-el integrals
 For citations please refer to: http://libint.valeyev.net

 This ORCA versions uses:
   CBLAS   interface :  Fast vector & matrix operations
   LAPACKE interface :  Fast linear algebra routines
   SCALAPACK package :  Parallel linear algebra routines


leaving
================================================================================
                                        WARNINGS
                       Please study these warnings very carefully!
================================================================================
Now building the actual basis set

WARNING: Direct SCF is incompatible with Method<>HF and Method<>DFT
  ===> : conventional SCF is chosen

WARNING: The NDO methods need Guess=HUECKEL or Guess=HCORE or Guess=MOREAD
  ===> : Guess is set to Hueckel

WARNING: The NDO methods need %rel::SOCType==1
  ===> : %rel::SOCType is set to 1

WARNING: The NDO methods cannot have frozencore=1
  ===> : %method FrozenCore=0 end


INFO   : the flag for use of LIBINT has been found!

================================================================================
                                       INPUT FILE
================================================================================
NAME = /Users/mattyjones/GoogleDrive/Boise/Code/MorphCT/tests/output_EZ/donor_polymer/chromophores/input_orca/single/00026.inp
|  1> # ================================================================
|  2> # Orca input file made by Matty Jones
|  3> # ================================================================
|  4> ! ZINDO/S 
|  5> ! NOPOP
|  6> ! NOMOPRINT
|  7> * xyz 0   1
|  8>  C  -1.86757  -3.37443  -2.73409
|  9>  C  -1.28614  -2.71261  -1.65158
| 10>  C  -2.12835  -1.72663  -1.04926
| 11>  C  -3.38113  -1.60929  -1.65924
| 12>  S  -3.38084  -2.71608  -2.89433
| 13>  H  -0.22856  -2.92338  -1.27490
| 14>  C  -1.71157  -0.79263  0.20665
| 15>  C  -0.39697  0.25372  -0.02742
| 16>  C  0.01817  1.29928  1.24379
| 17>  H  -0.96076  1.77700  1.63375
| 18>  H  0.48767  0.67492  2.09194
| 19>  H  0.52724  -0.38803  -0.26891
| 20>  H  -0.66239  0.91248  -0.93620
| 21>  H  -2.60334  -0.17005  0.60923
| 22>  H  -1.37992  -1.49529  1.08304
| 23>  C  1.03492  2.48118  0.75899
| 24>  C  2.69833  2.19570  0.81257
| 25>  C  3.14784  0.74066  1.51873
| 26>  H  4.29159  0.60029  1.40573
| 27>  H  2.59834  -0.13280  0.99763
| 28>  H  2.87164  0.76293  2.64268
| 29>  H  3.09053  2.19724  -0.27309
| 30>  H  3.19623  3.05509  1.39804
| 31>  H  0.78145  2.76350  -0.33634
| 32>  H  0.84343  3.41520  1.41990
| 33>  H  -1.43329  -4.13714  -3.32847
| 34>  H  -4.16654  -0.95080  -1.38884
| 35> *
| 36> 
| 37>                          ****END OF INPUT****
================================================================================

                       ****************************
                       * Single Point Calculation *
                       ****************************

---------------------------------
CARTESIAN COORDINATES (ANGSTROEM)
---------------------------------
  C     -1.867570   -3.374430   -2.734090
  C     -1.286140   -2.712610   -1.651580
  C     -2.128350   -1.726630   -1.049260
  C     -3.381130   -1.609290   -1.659240
  S     -3.380840   -2.716080   -2.894330
  H     -0.228560   -2.923380   -1.274900
  C     -1.711570   -0.792630    0.206650
  C     -0.396970    0.253720   -0.027420
  C      0.018170    1.299280    1.243790
  H     -0.960760    1.777000    1.633750
  H      0.487670    0.674920    2.091940
  H      0.527240   -0.388030   -0.268910
  H     -0.662390    0.912480   -0.936200
  H     -2.603340   -0.170050    0.609230
  H     -1.379920   -1.495290    1.083040
  C      1.034920    2.481180    0.758990
  C      2.698330    2.195700    0.812570
  C      3.147840    0.740660    1.518730
  H      4.291590    0.600290    1.405730
  H      2.598340   -0.132800    0.997630
  H      2.871640    0.762930    2.642680
  H      3.090530    2.197240   -0.273090
  H      3.196230    3.055090    1.398040
  H      0.781450    2.763500   -0.336340
  H      0.843430    3.415200    1.419900
  H     -1.433290   -4.137140   -3.328470
  H     -4.166540   -0.950800   -1.388840

----------------------------
CARTESIAN COORDINATES (A.U.)
----------------------------
  NO LB      ZA    FRAG    MASS        X           Y           Z
   0 C     4.0000    0    12.011         -3.529195835927312         -6.376748558087889         -5.166681325492755
   1 C     4.0000    0    12.011         -2.430452369881479         -5.126090008136127         -3.121033888261661
   2 C     4.0000    0    12.011         -4.021998617131296         -3.262857834612451         -1.982814043278213
   3 C     4.0000    0    12.011         -6.389409723185162         -3.041117370058131         -3.135509190447498
   4 S     6.0000    0    32.060         -6.388861702606325         -5.132647357820833         -5.469491041192296
   5 H     1.0000    0     1.008         -0.431915805169041         -5.524387585382708         -2.409211848136203
   6 C     4.0000    0    12.011         -3.234398559035597         -1.497853625530002          0.390511905574827
   7 C     4.0000    0    12.011         -0.750164583382719          0.479461314698500         -0.051816290592121
   8 C     4.0000    0    12.011          0.034336323853349          2.455283371281204          2.350422468109914
   9 H     1.0000    0     1.008         -1.815573280426182          3.358043339978064          3.087340071293845
  10 H     1.0000    0     1.008          0.921562743729377          1.275413962306131          3.953193688595223
  11 H     1.0000    0     1.008          0.996339206848641         -0.733270431745463         -0.508166254672764
  12 H     1.0000    0     1.008         -1.251735693848098          1.724337302680464         -1.769161606577076
  13 H     1.0000    0     1.008         -4.919599633482552         -0.321347929073309          1.151277852568844
  14 H     1.0000    0     1.008         -2.607670886720614         -2.825688590791108          2.046648992082072
  15 C     4.0000    0    12.011          1.955715370517782          4.688750688962731          1.434283238384891
  16 C     4.0000    0    12.011          5.099104718943731          4.149271672250892          1.535534764640391
  17 C     4.0000    0    12.011          5.948555513402673          1.399644558350114          2.869983771370222
  18 H     1.0000    0     1.008          8.109929779075104          1.134383700931588          2.656444718237121
  19 H     1.0000    0     1.008          4.910151002812944         -0.250955630584742          1.885247482983858
  20 H     1.0000    0     1.008          5.426613155213624          1.441728759352541          4.993941459591013
  21 H     1.0000    0     1.008          5.840255308667646          4.152181850497131         -0.516065309912555
  22 H     1.0000    0     1.008          6.039999361023122          5.773283414481477          2.641912724267267
  23 H     1.0000    0     1.008          1.476726487352762          5.222258171091379         -0.635590487883074
  24 H     1.0000    0     1.008          1.593851713133201          6.453792692567859          2.683222137554785
  25 H     1.0000    0     1.008         -2.708525570487991         -7.818061577690966         -6.289896744972868
  26 H     1.0000    0     1.008         -7.873619526028253         -1.796751608132326         -2.624527243835191

--------------------------------
INTERNAL COORDINATES (ANGSTROEM)
--------------------------------
 C      0   0   0   0.000000     0.000     0.000
 C      1   0   0   1.395670     0.000     0.000
 C      2   1   0   1.429777   114.102     0.000
 C      3   2   1   1.398321   113.693     0.000
 S      1   2   3   1.658037   105.480     0.000
 H      2   1   3   1.142273   123.641   180.507
 C      3   2   1   1.619683   124.942   180.884
 C      7   3   2   1.696411   116.622    61.836
 C      8   7   3   1.697502   117.782   177.118
 H      9   8   7   1.156974   107.446   314.088
 H      9   8   7   1.153089   108.475    71.400
 H      8   7   3   1.150793   107.899   299.225
 H      8   7   3   1.153384   106.420    56.965
 H      7   3   2   1.159711   112.388   187.619
 H      7   3   2   1.171231   107.886   304.440
 C      9   8   7   1.632697   112.074   194.183
 C     16   9   8   1.688580   118.793   271.444
 C     17  16   9   1.678649   115.067   354.151
 H     18  17  16   1.157859   109.181   174.295
 H     18  17  16   1.156040   109.756    54.255
 H     18  17  16   1.157604   109.140   293.878
 H     17  16   9   1.154331   107.736   114.420
 H     17  16   9   1.152923   108.392   232.541
 H     16   9   8   1.159181   108.706    33.539
 H     16   9   8   1.160114   108.111   150.334
 H      1   2   3   1.060006   127.260   180.001
 H      4   3   2   1.059997   127.206   180.000

---------------------------
INTERNAL COORDINATES (A.U.)
---------------------------
 C      0   0   0   0.000000     0.000     0.000
 C      1   0   0   2.637434     0.000     0.000
 C      2   1   0   2.701888   114.102     0.000
 C      3   2   1   2.642444   113.693     0.000
 S      1   2   3   3.133236   105.480     0.000
 H      2   1   3   2.158583   123.641   180.507
 C      3   2   1   3.060756   124.942   180.884
 C      7   3   2   3.205752   116.622    61.836
 C      8   7   3   3.207813   117.782   177.118
 H      9   8   7   2.186364   107.446   314.088
 H      9   8   7   2.179022   108.475    71.400
 H      8   7   3   2.174684   107.899   299.225
 H      8   7   3   2.179579   106.420    56.965
 H      7   3   2   2.191537   112.388   187.619
 H      7   3   2   2.213306   107.886   304.440
 C      9   8   7   3.085350   112.074   194.183
 C     16   9   8   3.190954   118.793   271.444
 C     17  16   9   3.172187   115.067   354.151
 H     18  17  16   2.188036   109.181   174.295
 H     18  17  16   2.184598   109.756    54.255
 H     18  17  16   2.187554   109.140   293.878
 H     17  16   9   2.181370   107.736   114.420
 H     17  16   9   2.178708   108.392   232.541
 H     16   9   8   2.190534   108.706    33.539
 H     16   9   8   2.192297   108.111   150.334
 H      1   2   3   2.003122   127.260   180.001
 H      4   3   2   2.003104   127.206   180.000

----------------------------
SLATER BASIS SET DIM=  60
----------------------------
  0 C     2 shells
 l=0 nsto= 1
    2       1.625000000000        1.000000000000
 l=1 nsto= 1
    2       1.625000000000        1.000000000000
  1 C     2 shells
 l=0 nsto= 1
    2       1.625000000000        1.000000000000
 l=1 nsto= 1
    2       1.625000000000        1.000000000000
  2 C     2 shells
 l=0 nsto= 1
    2       1.625000000000        1.000000000000
 l=1 nsto= 1
    2       1.625000000000        1.000000000000
  3 C     2 shells
 l=0 nsto= 1
    2       1.625000000000        1.000000000000
 l=1 nsto= 1
    2       1.625000000000        1.000000000000
  4 S     2 shells
 l=0 nsto= 1
    3       1.925000000000        1.000000000000
 l=1 nsto= 1
    3       1.925000000000        1.000000000000
  5 H     1 shells
 l=0 nsto= 1
    1       1.200000000000        1.000000000000
  6 C     2 shells
 l=0 nsto= 1
    2       1.625000000000        1.000000000000
 l=1 nsto= 1
    2       1.625000000000        1.000000000000
  7 C     2 shells
 l=0 nsto= 1
    2       1.625000000000        1.000000000000
 l=1 nsto= 1
    2       1.625000000000        1.000000000000
  8 C     2 shells
 l=0 nsto= 1
    2       1.625000000000        1.000000000000
 l=1 nsto= 1
    2       1.625000000000        1.000000000000
  9 H     1 shells
 l=0 nsto= 1
    1       1.200000000000        1.000000000000
 10 H     1 shells
 l=0 nsto= 1
    1       1.200000000000        1.000000000000
 11 H     1 shells
 l=0 nsto= 1
    1       1.200000000000        1.000000000000
 12 H     1 shells
 l=0 nsto= 1
    1       1.200000000000        1.000000000000
 13 H     1 shells
 l=0 nsto= 1
    1       1.200000000000        1.000000000000
 14 H     1 shells
 l=0 nsto= 1
    1       1.200000000000        1.000000000000
 15 C     2 shells
 l=0 nsto= 1
    2       1.625000000000        1.000000000000
 l=1 nsto= 1
    2       1.625000000000        1.000000000000
 16 C     2 shells
 l=0 nsto= 1
    2       1.625000000000        1.000000000000
 l=1 nsto= 1
    2       1.625000000000        1.000000000000
 17 C     2 shells
 l=0 nsto= 1
    2       1.625000000000        1.000000000000
 l=1 nsto= 1
    2       1.625000000000        1.000000000000
 18 H     1 shells
 l=0 nsto= 1
    1       1.200000000000        1.000000000000
 19 H     1 shells
 l=0 nsto= 1
    1       1.200000000000        1.000000000000
 20 H     1 shells
 l=0 nsto= 1
    1       1.200000000000        1.000000000000
 21 H     1 shells
 l=0 nsto= 1
    1       1.200000000000        1.000000000000
 22 H     1 shells
 l=0 nsto= 1
    1       1.200000000000        1.000000000000
 23 H     1 shells
 l=0 nsto= 1
    1       1.200000000000        1.000000000000
 24 H     1 shells
 l=0 nsto= 1
    1       1.200000000000        1.000000000000
 25 H     1 shells
 l=0 nsto= 1
    1       1.200000000000        1.000000000000
 26 H     1 shells
 l=0 nsto= 1
    1       1.200000000000        1.000000000000
------------------------------------------------------------------------------
                           ORCA NDO INTEGRAL CALCULATION
------------------------------------------------------------------------------

--------------
NDO PARAMETERS
--------------

Gamma integral treatment              ... Mataga-Nishimoto
Nuclear repulsuion treatment          ... Direct (ZA*ZB/RAB)
Interaction factors:
s-s (sigma) =    1.0000
s-p (sigma) =    1.0000
s-d (sigma) =    1.0000
p-p (sigma) =    1.2670  p-p(pi) =    0.5850
p-d (sigma) =    1.0000  p-d(pi) =    1.0000
d-d (sigma) =    1.0000  d-d(pi) =    1.0000 d-d (delta) =    1.0000

fGamma parameter for Mataga-Nishimoto gamma integrals:    1.2000

--------------------------
Parameters for Element H :
--------------------------
 One-electron parameters (in eV)
  U(s)  =   -13.060000 Beta(s) =    12.000000 Neff(s) =     1.000000
 One-center electron repulsion parameters (in eV)
  G(s,s)=    12.850000
--------------------------
Parameters for Element C :
--------------------------
 One-electron parameters (in eV)
  U(s)  =   -50.870766 Beta(s) =    17.000000 Neff(s) =     2.000000
  U(p)  =   -41.599980 Beta(p) =    17.000000 Neff(p) =     2.000000 
 One-center electron repulsion parameters (in eV)
  G(s,s)=    11.110000
  G(s,p)=    11.110000 G(p,p)  =    11.110000
 Slater-Condon parameters (in eV)
 F2(p,p)=     4.5098 G1(s,p)=    6.8977
--------------------------
Parameters for Element S :
--------------------------
 One-electron parameters (in eV)
  U(s)  =   -69.509597 Beta(s) =    15.000000 Neff(s) =     2.000000
  U(p)  =   -60.725746 Beta(p) =    15.000000 Neff(p) =     4.000000 
 One-center electron repulsion parameters (in eV)
  G(s,s)=    10.090000
  G(s,p)=    10.090000 G(p,p)  =    10.090000
 Slater-Condon parameters (in eV)
 F2(p,p)=     4.5377 G1(s,p)=    3.0756

 Number of atoms                    ....   27
 Number of basis functions          ....   60

 Overlap integrals                  .... done
 One electron matrix                .... done
 Nuclear repulsion                  .... done
 Integral list                      .... done
 Electron-electron repulsion        .... done
-------------------------------------------------------------------------------
                                 ORCA SCF
-------------------------------------------------------------------------------

------------
SCF SETTINGS
------------
Hamiltonian:
 ZDO-Hamiltonian        Method          .... INDO


General Settings:
 Integral files         IntName         .... /Users/mattyjones/GoogleDrive/Boise/Code/MorphCT/tests/output_EZ/donor_polymer/chromophores/input_orca/single/00026
 Hartree-Fock type      HFTyp           .... RHF
 Total Charge           Charge          ....    0
 Multiplicity           Mult            ....    1
 Number of Electrons    NEL             ....   62
 Basis Dimension        Dim             ....   60
 Nuclear Repulsion      ENuc            ....    295.1651702222 Eh

Convergence Acceleration:
 DIIS                   CNVDIIS         .... on
   Start iteration      DIISMaxIt       ....    12
   Startup error        DIISStart       ....  0.200000
   # of expansion vecs  DIISMaxEq       ....     5
   Bias factor          DIISBfac        ....   1.050
   Max. coefficient     DIISMaxC        ....  10.000
 Newton-Raphson         CNVNR           .... off
 SOSCF                  CNVSOSCF        .... on
   Start iteration      SOSCFMaxIt      ....   150
   Startup grad/error   SOSCFStart      ....  0.003300
 Level Shifting         CNVShift        .... on
   Level shift para.    LevelShift      ....    0.2500
   Turn off err/grad.   ShiftErr        ....    0.0010
 Zerner damping         CNVZerner       .... off
 Static damping         CNVDamp         .... on
   Fraction old density DampFac         ....    0.7000
   Max. Damping (<1)    DampMax         ....    0.9800
   Min. Damping (>=0)   DampMin         ....    0.0000
   Turn off err/grad.   DampErr         ....    0.1000
 Fernandez-Rico         CNVRico         .... off

SCF Procedure:
 Maximum # iterations   MaxIter         ....   125
 SCF integral mode      SCFMode         .... Conventional
 Integral Buffer length BufferLength    .... 1048576
 Integral index format  IndFormat       ....     0
 Integral value format  ValFormat       ....     0
 Integral Storage       Thresh          ....  1.000e-08 Eh

Convergence Tolerance:
 Convergence Check Mode ConvCheckMode   .... Total+1el-Energy
 Energy Change          TolE            ....  1.000e-06 Eh
 1-El. energy change                    ....  1.000e-03 Eh
 Orbital Gradient       TolG            ....  5.000e-05
 Orbital Rotation angle TolX            ....  5.000e-05
 DIIS Error             TolErr          ....  1.000e-06


Diagonalization of the overlap matrix:
Smallest eigenvalue                        ... 1.698e-01
Time for diagonalization                   ...    0.001 sec
Threshold for overlap eigenvalues          ... 1.000e-08
Number of eigenvalues below threshold      ... 0
Time for construction of square roots      ...    0.000 sec
Total time needed                          ...    0.002 sec

-------------------------------
INITIAL GUESS: EXTENDED HUECKEL
-------------------------------
EHT matrix was read from disk
EHT matrix was diagonalized
Initial density was built
                      ------------------
                      INITIAL GUESS DONE
                      ------------------

 InCore treatment chosen:
   Memory dedicated               ...    1024 MB
   Memory needed                  ...      0 MB
   Number of tiny    integrals    ...       0
   Number of small   integrals    ...       0
   Number of regular integrals    ...    1896

--------------
SCF ITERATIONS
--------------
ITER       Energy         Delta-E        Max-DP      RMS-DP      [F,P]     Damp
  0     -6.4876323398   0.000000000000 0.03978923  0.00202979  0.0997738 0.7000
  1     -6.5083901480  -0.020757808238 0.03660866  0.00190908  0.0712286 0.7000
                               ***Turning on DIIS***
  2     -6.5237392798  -0.015349131774 0.08988553  0.00489125  0.0465319 0.0000
  3     -6.5643653953  -0.040626115505 0.01515033  0.00100379  0.0201871 0.0000
  4     -6.5563713077   0.007994087597 0.00948535  0.00068625  0.0059078 0.0000
  5     -6.5648341787  -0.008462870990 0.00624904  0.00046343  0.0033404 0.0000
  6     -6.5660500189  -0.001215840218 0.00423909  0.00033056  0.0016787 0.0000
                      *** Initiating the SOSCF procedure ***
                           *** Shutting down DIIS ***
                      *** Re-Reading the Fockian *** 
                      *** Removing any level shift *** 
ITER      Energy       Delta-E        Grad      Rot      Max-DP    RMS-DP
  7     -6.56399220   0.0020578216  0.002993  0.002993  0.004211  0.000311
  8     -6.56307315   0.0009190488  0.000214  0.000573  0.000452  0.000032
                 **** Energy Check signals convergence ****
              ***Rediagonalizing the Fockian in SOSCF/NRSCF***

               *****************************************************
               *                     SUCCESS                       *
               *           SCF CONVERGED AFTER   9 CYCLES          *
               *****************************************************


----------------
TOTAL SCF ENERGY
----------------

Total Energy       :           -6.56307394 Eh            -178.59032 eV

Components:
Nuclear Repulsion  :          295.16517022 Eh            8031.85261 eV
Electronic Energy  :         -301.72824416 Eh           -8210.44293 eV

One Electron Energy:         -558.22485002 Eh          -15190.07042 eV
Two Electron Energy:          256.49660586 Eh            6979.62748 eV


---------------
SCF CONVERGENCE
---------------

  Last Energy change         ...   -7.8898e-07  Tolerance :   1.0000e-06
  Last MAX-Density change    ...    4.0596e-04  Tolerance :   1.0000e-05
  Last RMS-Density change    ...    2.5802e-05  Tolerance :   1.0000e-06
  Last Orbital Gradient      ...    1.3324e-04  Tolerance :   5.0000e-05
  Last Orbital Rotation      ...    5.3951e-04  Tolerance :   5.0000e-05

             **** THE GBW FILE WAS UPDATED (/Users/mattyjones/GoogleDrive/Boise/Code/MorphCT/tests/output_EZ/donor_polymer/chromophores/input_orca/single/00026.gbw) ****
             **** DENSITY FILE WAS UPDATED (/Users/mattyjones/GoogleDrive/Boise/Code/MorphCT/tests/output_EZ/donor_polymer/chromophores/input_orca/single/00026.scfp.tmp) ****
             **** ENERGY FILE WAS UPDATED (/Users/mattyjones/GoogleDrive/Boise/Code/MorphCT/tests/output_EZ/donor_polymer/chromophores/input_orca/single/00026.en.tmp) ****
----------------
ORBITAL ENERGIES
----------------

  NO   OCC          E(Eh)            E(eV) 
   0   2.0000      -1.556178       -42.3457 
   1   2.0000      -1.409596       -38.3571 
   2   2.0000      -1.285352       -34.9762 
   3   2.0000      -1.174547       -31.9610 
   4   2.0000      -1.112291       -30.2670 
   5   2.0000      -1.045970       -28.4623 
   6   2.0000      -0.965345       -26.2684 
   7   2.0000      -0.910513       -24.7763 
   8   2.0000      -0.835519       -22.7356 
   9   2.0000      -0.828531       -22.5455 
  10   2.0000      -0.776800       -21.1378 
  11   2.0000      -0.732466       -19.9314 
  12   2.0000      -0.701425       -19.0867 
  13   2.0000      -0.693599       -18.8738 
  14   2.0000      -0.633216       -17.2307 
  15   2.0000      -0.613068       -16.6824 
  16   2.0000      -0.599769       -16.3205 
  17   2.0000      -0.577456       -15.7134 
  18   2.0000      -0.559323       -15.2200 
  19   2.0000      -0.544223       -14.8091 
  20   2.0000      -0.531642       -14.4667 
  21   2.0000      -0.521053       -14.1786 
  22   2.0000      -0.504305       -13.7228 
  23   2.0000      -0.497611       -13.5407 
  24   2.0000      -0.489641       -13.3238 
  25   2.0000      -0.479820       -13.0566 
  26   2.0000      -0.472770       -12.8647 
  27   2.0000      -0.464262       -12.6332 
  28   2.0000      -0.437808       -11.9134 
  29   2.0000      -0.356879        -9.7112 
  30   2.0000      -0.304704        -8.2914 
  31   0.0000       0.007885         0.2146 
  32   0.0000       0.068094         1.8529 
  33   0.0000       0.078077         2.1246 
  34   0.0000       0.090167         2.4536 
  35   0.0000       0.103630         2.8199 
  36   0.0000       0.107860         2.9350 
  37   0.0000       0.121919         3.3176 
  38   0.0000       0.141904         3.8614 
  39   0.0000       0.158732         4.3193 
  40   0.0000       0.164020         4.4632 
  41   0.0000       0.169938         4.6243 
  42   0.0000       0.205514         5.5923 
  43   0.0000       0.233125         6.3436 
  44   0.0000       0.234179         6.3723 
  45   0.0000       0.236820         6.4442 
  46   0.0000       0.238813         6.4984 
  47   0.0000       0.242081         6.5874 
  48   0.0000       0.243333         6.6214 
  49   0.0000       0.244402         6.6505 
  50   0.0000       0.256038         6.9671 
  51   0.0000       0.260341         7.0842 
  52   0.0000       0.267071         7.2674 
  53   0.0000       0.283671         7.7191 
  54   0.0000       0.304958         8.2983 
  55   0.0000       0.310378         8.4458 
  56   0.0000       0.339432         9.2364 
  57   0.0000       0.353714         9.6250 
  58   0.0000       0.409289        11.1373 
  59   0.0000       0.431112        11.7311 
-------
TIMINGS
-------

Total SCF time: 0 days 0 hours 0 min 0 sec 

Total time                  ....       0.321 sec
Sum of individual times     ....       0.306 sec  ( 95.4%)

Fock matrix formation       ....       0.047 sec  ( 14.7%)
Diagonalization             ....       0.006 sec  (  1.7%)
Density matrix formation    ....       0.001 sec  (  0.2%)
Population analysis         ....       0.000 sec  (  0.0%)
Initial guess               ....       0.001 sec  (  0.3%)
Orbital Transformation      ....       0.000 sec  (  0.0%)
Orbital Orthonormalization  ....       0.000 sec  (  0.0%)
DIIS solution               ....       0.251 sec  ( 78.1%)
SOSCF solution              ....       0.001 sec  (  0.3%)

-------------------------   --------------------
FINAL SINGLE POINT ENERGY        -6.563073937482
-------------------------   --------------------


                            ***************************************
                            *     ORCA property calculations      *
                            ***************************************

                                    ---------------------
                                    Active property flags
                                    ---------------------
   (+) Dipole Moment


------------------------------------------------------------------------------
                       ORCA ELECTRIC PROPERTIES CALCULATION
------------------------------------------------------------------------------

Dipole Moment Calculation                       ... on
Quadrupole Moment Calculation                   ... off
Polarizability Calculation                      ... off
GBWName                                         ... /Users/mattyjones/GoogleDrive/Boise/Code/MorphCT/tests/output_EZ/donor_polymer/chromophores/input_orca/single/00026.gbw
Electron density file                           ... /Users/mattyjones/GoogleDrive/Boise/Code/MorphCT/tests/output_EZ/donor_polymer/chromophores/input_orca/single/00026.scfp.tmp

-------------
DIPOLE MOMENT
-------------
                                X             Y             Z
Electronic contribution:    -90.89330     -73.18845     -75.42113
Nuclear contribution   :     48.84927      39.51105      40.35786
                        -----------------------------------------
Total Dipole Moment    :    -42.04403     -33.67740     -35.06326
                        -----------------------------------------
Magnitude (a.u.)       :     64.27519
Magnitude (Debye)      :    163.37456


Timings for individual modules:

Sum of individual times         ...        0.542 sec (=   0.009 min)
STO integral calculation        ...        0.046 sec (=   0.001 min)   8.4 %
SCF iterations                  ...        0.496 sec (=   0.008 min)  91.6 %
                             ****ORCA TERMINATED NORMALLY****
TOTAL RUN TIME: 0 days 0 hours 0 minutes 0 seconds 809 msec

