
                                 *****************
                                 * O   R   C   A *
                                 *****************

           --- An Ab Initio, DFT and Semiempirical electronic structure package ---

                  #######################################################
                  #                        -***-                        #
                  #  Department of molecular theory and spectroscopy    #
                  #              Directorship: Frank Neese              #
                  # Max Planck Institute for Chemical Energy Conversion #
                  #                  D-45470 Muelheim/Ruhr              #
                  #                       Germany                       #
                  #                                                     #
                  #                  All rights reserved                #
                  #                        -***-                        #
                  #######################################################


                         Program Version 3.0.3 - RELEASE   -


 With contributions from (in alphabetic order):
   Ute Becker             : Parallelization
   Dmytro Bykov           : SCF Hessian
   Dmitry Ganyushin       : Spin-Orbit,Spin-Spin,Magnetic field MRCI
   Andreas Hansen         : Spin unrestricted coupled pair/coupled cluster methods
   Dimitrios Liakos       : Extrapolation schemes; parallel MDCI
   Robert Izsak           : Overlap fitted RIJCOSX, COSX-SCS-MP3
   Christian Kollmar      : KDIIS, OOCD, Brueckner-CCSD(T), CCSD density
   Simone Kossmann        : Meta GGA functionals, TD-DFT gradient, OOMP2, MP2 Hessian
   Taras Petrenko         : DFT Hessian,TD-DFT gradient, ASA and ECA modules, normal mode analysis, Resonance Raman, ABS, FL, XAS/XES, NRVS
   Christoph Reimann      : Effective Core Potentials
   Michael Roemelt        : Restricted open shell CIS
   Christoph Riplinger    : Improved optimizer, TS searches, QM/MM, DLPNO-CCSD
   Barbara Sandhoefer     : DKH picture change effects
   Igor Schapiro          : Molecular dynamics
   Kantharuban Sivalingam : CASSCF convergence, NEVPT2
   Boris Wezisla          : Elementary symmetry handling
   Frank Wennmohs         : Technical directorship


 We gratefully acknowledge several colleagues who have allowed us to
 interface, adapt or use parts of their codes:
   Stefan Grimme, W. Hujo, H. Kruse, T. Risthaus : VdW corrections, initial TS optimization,
                                                   DFT functionals, gCP
   Ed Valeev                                     : LibInt (2-el integral package), F12 methods
   Garnet Chan, S. Sharma, R. Olivares           : DMRG
   Ulf Ekstrom                                   : XCFun DFT Library
   Mihaly Kallay                                 : mrcc  (arbitrary order and MRCC methods)
   Andreas Klamt, Michael Diedenhofen            : otool_cosmo (COSMO solvation model)
   Frank Weinhold                                : gennbo (NPA and NBO analysis)
   Christopher J. Cramer and Donald G. Truhlar   : smd solvation model


 Your calculation uses the libint2 library for the computation of 2-el integrals
 For citations please refer to: http://libint.valeyev.net

 This ORCA versions uses:
   CBLAS   interface :  Fast vector & matrix operations
   LAPACKE interface :  Fast linear algebra routines
   SCALAPACK package :  Parallel linear algebra routines


leaving
================================================================================
                                        WARNINGS
                       Please study these warnings very carefully!
================================================================================
Now building the actual basis set

WARNING: Direct SCF is incompatible with Method<>HF and Method<>DFT
  ===> : conventional SCF is chosen

WARNING: The NDO methods need Guess=HUECKEL or Guess=HCORE or Guess=MOREAD
  ===> : Guess is set to Hueckel

WARNING: The NDO methods need %rel::SOCType==1
  ===> : %rel::SOCType is set to 1

WARNING: The NDO methods cannot have frozencore=1
  ===> : %method FrozenCore=0 end


INFO   : the flag for use of LIBINT has been found!

================================================================================
                                       INPUT FILE
================================================================================
NAME = /Users/mattyjones/GoogleDrive/Boise/Code/MorphCT/tests/output_EZ/donor_polymer/chromophores/input_orca/single/00021.inp
|  1> # ================================================================
|  2> # Orca input file made by Matty Jones
|  3> # ================================================================
|  4> ! ZINDO/S 
|  5> ! NOPOP
|  6> ! NOMOPRINT
|  7> * xyz 0   1
|  8>  C  5.00671  0.48014  -2.09088
|  9>  C  3.83084  -0.11151  -1.62700
| 10>  C  3.02750  0.74626  -0.81267
| 11>  C  3.57178  2.02167  -0.63261
| 12>  S  4.99825  2.02094  -1.47855
| 13>  H  3.52522  -1.18559  -1.86227
| 14>  C  1.63776  0.18815  -0.19389
| 15>  C  0.12298  0.97078  -0.29936
| 16>  C  -1.10000  0.18577  0.59165
| 17>  H  -0.53789  -0.43715  1.39448
| 18>  H  -1.66634  1.03858  1.14115
| 19>  H  -0.18493  0.86992  -1.41494
| 20>  H  0.08847  2.06688  -0.02986
| 21>  H  1.80084  0.03864  0.95441
| 22>  H  1.43437  -0.87125  -0.64652
| 23>  C  -2.22146  -0.78356  -0.08077
| 24>  C  -3.12653  -1.59075  1.10911
| 25>  C  -4.40009  -0.72956  1.79348
| 26>  H  -3.98405  -0.02564  2.61327
| 27>  H  -5.15038  -1.47249  2.26851
| 28>  H  -4.93298  -0.10610  0.97855
| 29>  H  -2.40878  -1.90243  1.95480
| 30>  H  -3.57038  -2.53567  0.61780
| 31>  H  -2.95262  -0.15895  -0.72089
| 32>  H  -1.71605  -1.57632  -0.74921
| 33>  H  5.74871  0.03773  -2.70514
| 34>  H  3.15905  2.82150  -0.07268
| 35> *
| 36> 
| 37>                          ****END OF INPUT****
================================================================================

                       ****************************
                       * Single Point Calculation *
                       ****************************

---------------------------------
CARTESIAN COORDINATES (ANGSTROEM)
---------------------------------
  C      5.006710    0.480140   -2.090880
  C      3.830840   -0.111510   -1.627000
  C      3.027500    0.746260   -0.812670
  C      3.571780    2.021670   -0.632610
  S      4.998250    2.020940   -1.478550
  H      3.525220   -1.185590   -1.862270
  C      1.637760    0.188150   -0.193890
  C      0.122980    0.970780   -0.299360
  C     -1.100000    0.185770    0.591650
  H     -0.537890   -0.437150    1.394480
  H     -1.666340    1.038580    1.141150
  H     -0.184930    0.869920   -1.414940
  H      0.088470    2.066880   -0.029860
  H      1.800840    0.038640    0.954410
  H      1.434370   -0.871250   -0.646520
  C     -2.221460   -0.783560   -0.080770
  C     -3.126530   -1.590750    1.109110
  C     -4.400090   -0.729560    1.793480
  H     -3.984050   -0.025640    2.613270
  H     -5.150380   -1.472490    2.268510
  H     -4.932980   -0.106100    0.978550
  H     -2.408780   -1.902430    1.954800
  H     -3.570380   -2.535670    0.617800
  H     -2.952620   -0.158950   -0.720890
  H     -1.716050   -1.576320   -0.749210
  H      5.748710    0.037730   -2.705140
  H      3.159050    2.821500   -0.072680

----------------------------
CARTESIAN COORDINATES (A.U.)
----------------------------
  NO LB      ZA    FRAG    MASS        X           Y           Z
   0 C     4.0000    0    12.011          9.461310731964870          0.907333105940950         -3.951190578893266
   1 C     4.0000    0    12.011          7.239238462870888         -0.210723361193559         -3.074584419889876
   2 C     4.0000    0    12.011          5.721145870446589          1.410227024700073         -1.535723737253784
   3 C     4.0000    0    12.011          6.749686010617248          3.820402633164576         -1.195459649579923
   4 S     6.0000    0    32.060          9.445323648871895          3.819023133086814         -2.794054575309266
   5 H     1.0000    0     1.008          6.661700361821874         -2.240440407115697         -3.519180287417529
   6 C     4.0000    0    12.011          3.094917873090870          0.355551972097284         -0.366399000105992
   7 C     4.0000    0    12.011          0.232398519949636          1.834508336288073         -0.565708415450666
   8 C     4.0000    0    12.011         -2.078698747313377          0.351054423898551          1.118056467134509
   9 H     1.0000    0     1.008         -1.016464790174902         -0.826093779443675          2.635185299230507
  10 H     1.0000    0     1.008         -3.148926245998338          1.962631768167934          2.156460977724237
  11 H     1.0000    0     1.008         -0.349467053946057          1.643910558420775         -2.673849095930536
  12 H     1.0000    0     1.008          0.167184071068013          3.905837151679156         -0.056427222358889
  13 H     1.0000    0     1.008          3.403094411010747          0.073019017814717          1.803573519475782
  14 H     1.0000    0     1.008          2.710566474712626         -1.646423894178890         -1.221745740102768
  15 C     4.0000    0    12.011         -4.197951017460704         -1.480713809495336         -0.152633179836819
  16 C     4.0000    0    12.011         -5.908285449488811         -3.006081847535231          2.095914152393399
  17 C     4.0000    0    12.011         -8.314965064605559         -1.378668598263588          3.389186026665086
  18 H     1.0000    0     1.008         -7.528763403848963         -0.048452578073741          4.938364613992389
  19 H     1.0000    0     1.008         -9.732807685625337         -2.782602834937704          4.286862632061698
  20 H     1.0000    0     1.008         -9.321981224110855         -0.200499942809045          1.849191508348641
  21 H     1.0000    0     1.008         -4.551934516866833         -3.595071688955807          3.694036646589263
  22 H     1.0000    0     1.008         -6.747040394029758         -4.791721866000100          1.167472805536549
  23 H     1.0000    0     1.008         -5.579643177538566         -0.300371968986783         -1.362284672682491
  24 H     1.0000    0     1.008         -3.242864532115564         -2.978813099422748         -1.415801716795141
  25 H     1.0000    0     1.008         10.863487523334438          0.071299367032849         -5.111973753915735
  26 H     1.0000    0     1.008          5.969739343363931          5.331862286858811         -0.137345295413397

--------------------------------
INTERNAL COORDINATES (ANGSTROEM)
--------------------------------
 C      0   0   0   0.000000     0.000     0.000
 C      1   0   0   1.395674     0.000     0.000
 C      2   1   0   1.429775   114.102     0.000
 C      3   2   1   1.398332   113.693     0.000
 S      1   2   3   1.658036   105.480     0.000
 H      2   1   3   1.141229   123.785   180.340
 C      3   2   1   1.620417   119.521   180.493
 C      7   3   2   1.708272   125.389   230.362
 C      8   7   3   1.704646   113.137   185.699
 H      9   8   7   1.161264   105.136    22.473
 H      9   8   7   1.161885   105.005   135.873
 H      8   7   3   1.161680   104.747    70.983
 H      8   7   3   1.129273   117.197   311.625
 H      7   3   2   1.169419   107.422   108.009
 H      7   3   2   1.169859   108.256   353.061
 C      9   8   7   1.627704   123.547   258.981
 C     16   9   8   1.698977   111.140   170.989
 C     17  16   9   1.682844   116.413    82.311
 H     18  17  16   1.157864   109.094   278.829
 H     18  17  16   1.157814   109.202   159.285
 H     18  17  16   1.156194   109.762    39.035
 H     17  16   9   1.152172   108.103   320.430
 H     17  16   9   1.153803   107.205   202.695
 H     16   9   8   1.155200   110.059   290.494
 H     16   9   8   1.153568   110.290    50.961
 H      1   2   3   1.060003   127.260   180.001
 H      4   3   2   1.059998   127.207   180.000

---------------------------
INTERNAL COORDINATES (A.U.)
---------------------------
 C      0   0   0   0.000000     0.000     0.000
 C      1   0   0   2.637441     0.000     0.000
 C      2   1   0   2.701884   114.102     0.000
 C      3   2   1   2.642465   113.693     0.000
 S      1   2   3   3.133234   105.480     0.000
 H      2   1   3   2.156610   123.785   180.340
 C      3   2   1   3.062145   119.521   180.493
 C      7   3   2   3.228166   125.389   230.362
 C      8   7   3   3.221315   113.137   185.699
 H      9   8   7   2.194470   105.136    22.473
 H      9   8   7   2.195644   105.005   135.873
 H      8   7   3   2.195257   104.747    70.983
 H      8   7   3   2.134016   117.197   311.625
 H      7   3   2   2.209882   107.422   108.009
 H      7   3   2   2.210713   108.256   353.061
 C      9   8   7   3.075916   123.547   258.981
 C     16   9   8   3.210601   111.140   170.989
 C     17  16   9   3.180115   116.413    82.311
 H     18  17  16   2.188045   109.094   278.829
 H     18  17  16   2.187952   109.202   159.285
 H     18  17  16   2.184890   109.762    39.035
 H     17  16   9   2.177290   108.103   320.430
 H     17  16   9   2.180372   107.205   202.695
 H     16   9   8   2.183011   110.059   290.494
 H     16   9   8   2.179928   110.290    50.961
 H      1   2   3   2.003115   127.260   180.001
 H      4   3   2   2.003106   127.207   180.000

----------------------------
SLATER BASIS SET DIM=  60
----------------------------
  0 C     2 shells
 l=0 nsto= 1
    2       1.625000000000        1.000000000000
 l=1 nsto= 1
    2       1.625000000000        1.000000000000
  1 C     2 shells
 l=0 nsto= 1
    2       1.625000000000        1.000000000000
 l=1 nsto= 1
    2       1.625000000000        1.000000000000
  2 C     2 shells
 l=0 nsto= 1
    2       1.625000000000        1.000000000000
 l=1 nsto= 1
    2       1.625000000000        1.000000000000
  3 C     2 shells
 l=0 nsto= 1
    2       1.625000000000        1.000000000000
 l=1 nsto= 1
    2       1.625000000000        1.000000000000
  4 S     2 shells
 l=0 nsto= 1
    3       1.925000000000        1.000000000000
 l=1 nsto= 1
    3       1.925000000000        1.000000000000
  5 H     1 shells
 l=0 nsto= 1
    1       1.200000000000        1.000000000000
  6 C     2 shells
 l=0 nsto= 1
    2       1.625000000000        1.000000000000
 l=1 nsto= 1
    2       1.625000000000        1.000000000000
  7 C     2 shells
 l=0 nsto= 1
    2       1.625000000000        1.000000000000
 l=1 nsto= 1
    2       1.625000000000        1.000000000000
  8 C     2 shells
 l=0 nsto= 1
    2       1.625000000000        1.000000000000
 l=1 nsto= 1
    2       1.625000000000        1.000000000000
  9 H     1 shells
 l=0 nsto= 1
    1       1.200000000000        1.000000000000
 10 H     1 shells
 l=0 nsto= 1
    1       1.200000000000        1.000000000000
 11 H     1 shells
 l=0 nsto= 1
    1       1.200000000000        1.000000000000
 12 H     1 shells
 l=0 nsto= 1
    1       1.200000000000        1.000000000000
 13 H     1 shells
 l=0 nsto= 1
    1       1.200000000000        1.000000000000
 14 H     1 shells
 l=0 nsto= 1
    1       1.200000000000        1.000000000000
 15 C     2 shells
 l=0 nsto= 1
    2       1.625000000000        1.000000000000
 l=1 nsto= 1
    2       1.625000000000        1.000000000000
 16 C     2 shells
 l=0 nsto= 1
    2       1.625000000000        1.000000000000
 l=1 nsto= 1
    2       1.625000000000        1.000000000000
 17 C     2 shells
 l=0 nsto= 1
    2       1.625000000000        1.000000000000
 l=1 nsto= 1
    2       1.625000000000        1.000000000000
 18 H     1 shells
 l=0 nsto= 1
    1       1.200000000000        1.000000000000
 19 H     1 shells
 l=0 nsto= 1
    1       1.200000000000        1.000000000000
 20 H     1 shells
 l=0 nsto= 1
    1       1.200000000000        1.000000000000
 21 H     1 shells
 l=0 nsto= 1
    1       1.200000000000        1.000000000000
 22 H     1 shells
 l=0 nsto= 1
    1       1.200000000000        1.000000000000
 23 H     1 shells
 l=0 nsto= 1
    1       1.200000000000        1.000000000000
 24 H     1 shells
 l=0 nsto= 1
    1       1.200000000000        1.000000000000
 25 H     1 shells
 l=0 nsto= 1
    1       1.200000000000        1.000000000000
 26 H     1 shells
 l=0 nsto= 1
    1       1.200000000000        1.000000000000
------------------------------------------------------------------------------
                           ORCA NDO INTEGRAL CALCULATION
------------------------------------------------------------------------------

--------------
NDO PARAMETERS
--------------

Gamma integral treatment              ... Mataga-Nishimoto
Nuclear repulsuion treatment          ... Direct (ZA*ZB/RAB)
Interaction factors:
s-s (sigma) =    1.0000
s-p (sigma) =    1.0000
s-d (sigma) =    1.0000
p-p (sigma) =    1.2670  p-p(pi) =    0.5850
p-d (sigma) =    1.0000  p-d(pi) =    1.0000
d-d (sigma) =    1.0000  d-d(pi) =    1.0000 d-d (delta) =    1.0000

fGamma parameter for Mataga-Nishimoto gamma integrals:    1.2000

--------------------------
Parameters for Element H :
--------------------------
 One-electron parameters (in eV)
  U(s)  =   -13.060000 Beta(s) =    12.000000 Neff(s) =     1.000000
 One-center electron repulsion parameters (in eV)
  G(s,s)=    12.850000
--------------------------
Parameters for Element C :
--------------------------
 One-electron parameters (in eV)
  U(s)  =   -50.870766 Beta(s) =    17.000000 Neff(s) =     2.000000
  U(p)  =   -41.599980 Beta(p) =    17.000000 Neff(p) =     2.000000 
 One-center electron repulsion parameters (in eV)
  G(s,s)=    11.110000
  G(s,p)=    11.110000 G(p,p)  =    11.110000
 Slater-Condon parameters (in eV)
 F2(p,p)=     4.5098 G1(s,p)=    6.8977
--------------------------
Parameters for Element S :
--------------------------
 One-electron parameters (in eV)
  U(s)  =   -69.509597 Beta(s) =    15.000000 Neff(s) =     2.000000
  U(p)  =   -60.725746 Beta(p) =    15.000000 Neff(p) =     4.000000 
 One-center electron repulsion parameters (in eV)
  G(s,s)=    10.090000
  G(s,p)=    10.090000 G(p,p)  =    10.090000
 Slater-Condon parameters (in eV)
 F2(p,p)=     4.5377 G1(s,p)=    3.0756

 Number of atoms                    ....   27
 Number of basis functions          ....   60

 Overlap integrals                  .... done
 One electron matrix                .... done
 Nuclear repulsion                  .... done
 Integral list                      .... done
 Electron-electron repulsion        .... done
-------------------------------------------------------------------------------
                                 ORCA SCF
-------------------------------------------------------------------------------

------------
SCF SETTINGS
------------
Hamiltonian:
 ZDO-Hamiltonian        Method          .... INDO


General Settings:
 Integral files         IntName         .... /Users/mattyjones/GoogleDrive/Boise/Code/MorphCT/tests/output_EZ/donor_polymer/chromophores/input_orca/single/00021
 Hartree-Fock type      HFTyp           .... RHF
 Total Charge           Charge          ....    0
 Multiplicity           Mult            ....    1
 Number of Electrons    NEL             ....   62
 Basis Dimension        Dim             ....   60
 Nuclear Repulsion      ENuc            ....    287.7959510942 Eh

Convergence Acceleration:
 DIIS                   CNVDIIS         .... on
   Start iteration      DIISMaxIt       ....    12
   Startup error        DIISStart       ....  0.200000
   # of expansion vecs  DIISMaxEq       ....     5
   Bias factor          DIISBfac        ....   1.050
   Max. coefficient     DIISMaxC        ....  10.000
 Newton-Raphson         CNVNR           .... off
 SOSCF                  CNVSOSCF        .... on
   Start iteration      SOSCFMaxIt      ....   150
   Startup grad/error   SOSCFStart      ....  0.003300
 Level Shifting         CNVShift        .... on
   Level shift para.    LevelShift      ....    0.2500
   Turn off err/grad.   ShiftErr        ....    0.0010
 Zerner damping         CNVZerner       .... off
 Static damping         CNVDamp         .... on
   Fraction old density DampFac         ....    0.7000
   Max. Damping (<1)    DampMax         ....    0.9800
   Min. Damping (>=0)   DampMin         ....    0.0000
   Turn off err/grad.   DampErr         ....    0.1000
 Fernandez-Rico         CNVRico         .... off

SCF Procedure:
 Maximum # iterations   MaxIter         ....   125
 SCF integral mode      SCFMode         .... Conventional
 Integral Buffer length BufferLength    .... 1048576
 Integral index format  IndFormat       ....     0
 Integral value format  ValFormat       ....     0
 Integral Storage       Thresh          ....  1.000e-08 Eh

Convergence Tolerance:
 Convergence Check Mode ConvCheckMode   .... Total+1el-Energy
 Energy Change          TolE            ....  1.000e-06 Eh
 1-El. energy change                    ....  1.000e-03 Eh
 Orbital Gradient       TolG            ....  5.000e-05
 Orbital Rotation angle TolX            ....  5.000e-05
 DIIS Error             TolErr          ....  1.000e-06


Diagonalization of the overlap matrix:
Smallest eigenvalue                        ... 1.698e-01
Time for diagonalization                   ...    0.001 sec
Threshold for overlap eigenvalues          ... 1.000e-08
Number of eigenvalues below threshold      ... 0
Time for construction of square roots      ...    0.000 sec
Total time needed                          ...    0.002 sec

-------------------------------
INITIAL GUESS: EXTENDED HUECKEL
-------------------------------
EHT matrix was read from disk
EHT matrix was diagonalized
Initial density was built
                      ------------------
                      INITIAL GUESS DONE
                      ------------------

 InCore treatment chosen:
   Memory dedicated               ...    1024 MB
   Memory needed                  ...      0 MB
   Number of tiny    integrals    ...       0
   Number of small   integrals    ...       0
   Number of regular integrals    ...    1896

--------------
SCF ITERATIONS
--------------
ITER       Energy         Delta-E        Max-DP      RMS-DP      [F,P]     Damp
  0     -8.3021296653   0.000000000000 0.04206003  0.00204000  0.0950118 0.7000
  1     -8.3230251511  -0.020895485809 0.03983849  0.00192047  0.0641060 0.7000
                               ***Turning on DIIS***
  2     -8.3384781212  -0.015452970060 0.10145980  0.00492489  0.0408686 0.0000
  3     -8.3796055892  -0.041127468016 0.01642827  0.00101696  0.0209278 0.0000
  4     -8.3711519559   0.008453633265 0.01143638  0.00069812  0.0067130 0.0000
  5     -8.3798302908  -0.008678334860 0.00800723  0.00047298  0.0038767 0.0000
  6     -8.3808447914  -0.001014500564 0.00603507  0.00033590  0.0021877 0.0000
                      *** Initiating the SOSCF procedure ***
                           *** Shutting down DIIS ***
                      *** Re-Reading the Fockian *** 
                      *** Removing any level shift *** 
ITER      Energy       Delta-E        Grad      Rot      Max-DP    RMS-DP
  7     -8.37894589   0.0018988972  0.003013  0.003013  0.003593  0.000189
  8     -8.37808146   0.0008644298  0.000796  0.002181  0.001775  0.000086
  9     -8.37808858  -0.0000071203  0.000351  0.002131  0.001983  0.000091
 10     -8.37809118  -0.0000025963  0.000027  0.000068  0.000122  0.000006
                 **** Energy Check signals convergence ****
              ***Rediagonalizing the Fockian in SOSCF/NRSCF***

               *****************************************************
               *                     SUCCESS                       *
               *           SCF CONVERGED AFTER  11 CYCLES          *
               *****************************************************


----------------
TOTAL SCF ENERGY
----------------

Total Energy       :           -8.37809120 Eh            -227.97945 eV

Components:
Nuclear Repulsion  :          287.79595109 Eh            7831.32597 eV
Electronic Energy  :         -296.17404230 Eh           -8059.30542 eV

One Electron Energy:         -547.14525905 Eh          -14888.57942 eV
Two Electron Energy:          250.97121675 Eh            6829.27400 eV


---------------
SCF CONVERGENCE
---------------

  Last Energy change         ...   -2.3217e-08  Tolerance :   1.0000e-06
  Last MAX-Density change    ...    4.1182e-05  Tolerance :   1.0000e-05
  Last RMS-Density change    ...    1.8585e-06  Tolerance :   1.0000e-06
  Last Orbital Gradient      ...    9.2081e-06  Tolerance :   5.0000e-05
  Last Orbital Rotation      ...    1.9026e-05  Tolerance :   5.0000e-05

             **** THE GBW FILE WAS UPDATED (/Users/mattyjones/GoogleDrive/Boise/Code/MorphCT/tests/output_EZ/donor_polymer/chromophores/input_orca/single/00021.gbw) ****
             **** DENSITY FILE WAS UPDATED (/Users/mattyjones/GoogleDrive/Boise/Code/MorphCT/tests/output_EZ/donor_polymer/chromophores/input_orca/single/00021.scfp.tmp) ****
             **** ENERGY FILE WAS UPDATED (/Users/mattyjones/GoogleDrive/Boise/Code/MorphCT/tests/output_EZ/donor_polymer/chromophores/input_orca/single/00021.en.tmp) ****
----------------
ORBITAL ENERGIES
----------------

  NO   OCC          E(Eh)            E(eV) 
   0   2.0000      -1.555708       -42.3330 
   1   2.0000      -1.399684       -38.0873 
   2   2.0000      -1.290361       -35.1125 
   3   2.0000      -1.171016       -31.8650 
   4   2.0000      -1.109234       -30.1838 
   5   2.0000      -1.061210       -28.8770 
   6   2.0000      -0.949868       -25.8472 
   7   2.0000      -0.886350       -24.1188 
   8   2.0000      -0.864250       -23.5174 
   9   2.0000      -0.839299       -22.8385 
  10   2.0000      -0.790051       -21.4984 
  11   2.0000      -0.726457       -19.7679 
  12   2.0000      -0.691100       -18.8058 
  13   2.0000      -0.672123       -18.2894 
  14   2.0000      -0.640866       -17.4389 
  15   2.0000      -0.619071       -16.8458 
  16   2.0000      -0.581838       -15.8326 
  17   2.0000      -0.576082       -15.6760 
  18   2.0000      -0.565040       -15.3755 
  19   2.0000      -0.555012       -15.1027 
  20   2.0000      -0.534161       -14.5353 
  21   2.0000      -0.515065       -14.0156 
  22   2.0000      -0.506872       -13.7927 
  23   2.0000      -0.497480       -13.5371 
  24   2.0000      -0.489532       -13.3208 
  25   2.0000      -0.484085       -13.1726 
  26   2.0000      -0.467145       -12.7117 
  27   2.0000      -0.461439       -12.5564 
  28   2.0000      -0.438375       -11.9288 
  29   2.0000      -0.357663        -9.7325 
  30   2.0000      -0.304972        -8.2987 
  31   0.0000       0.007147         0.1945 
  32   0.0000       0.065079         1.7709 
  33   0.0000       0.075273         2.0483 
  34   0.0000       0.087111         2.3704 
  35   0.0000       0.105149         2.8612 
  36   0.0000       0.107360         2.9214 
  37   0.0000       0.122990         3.3467 
  38   0.0000       0.144842         3.9413 
  39   0.0000       0.156386         4.2555 
  40   0.0000       0.165913         4.5147 
  41   0.0000       0.170149         4.6300 
  42   0.0000       0.203417         5.5353 
  43   0.0000       0.232618         6.3299 
  44   0.0000       0.234752         6.3879 
  45   0.0000       0.236708         6.4411 
  46   0.0000       0.237922         6.4742 
  47   0.0000       0.239131         6.5071 
  48   0.0000       0.242616         6.6019 
  49   0.0000       0.243925         6.6375 
  50   0.0000       0.255640         6.9563 
  51   0.0000       0.260463         7.0875 
  52   0.0000       0.266220         7.2442 
  53   0.0000       0.276741         7.5305 
  54   0.0000       0.304957         8.2983 
  55   0.0000       0.310003         8.4356 
  56   0.0000       0.340298         9.2600 
  57   0.0000       0.353779         9.6268 
  58   0.0000       0.414210        11.2712 
  59   0.0000       0.429829        11.6962 
-------
TIMINGS
-------

Total SCF time: 0 days 0 hours 0 min 0 sec 

Total time                  ....       0.065 sec
Sum of individual times     ....       0.054 sec  ( 83.2%)

Fock matrix formation       ....       0.042 sec  ( 64.9%)
Diagonalization             ....       0.005 sec  (  7.2%)
Density matrix formation    ....       0.001 sec  (  1.1%)
Population analysis         ....       0.000 sec  (  0.0%)
Initial guess               ....       0.001 sec  (  0.9%)
Orbital Transformation      ....       0.000 sec  (  0.0%)
Orbital Orthonormalization  ....       0.000 sec  (  0.0%)
DIIS solution               ....       0.004 sec  (  6.5%)
SOSCF solution              ....       0.002 sec  (  2.5%)

-------------------------   --------------------
FINAL SINGLE POINT ENERGY        -8.378091204215
-------------------------   --------------------


                            ***************************************
                            *     ORCA property calculations      *
                            ***************************************

                                    ---------------------
                                    Active property flags
                                    ---------------------
   (+) Dipole Moment


------------------------------------------------------------------------------
                       ORCA ELECTRIC PROPERTIES CALCULATION
------------------------------------------------------------------------------

Dipole Moment Calculation                       ... on
Quadrupole Moment Calculation                   ... off
Polarizability Calculation                      ... off
GBWName                                         ... /Users/mattyjones/GoogleDrive/Boise/Code/MorphCT/tests/output_EZ/donor_polymer/chromophores/input_orca/single/00021.gbw
Electron density file                           ... /Users/mattyjones/GoogleDrive/Boise/Code/MorphCT/tests/output_EZ/donor_polymer/chromophores/input_orca/single/00021.scfp.tmp

-------------
DIPOLE MOMENT
-------------
                                X             Y             Z
Electronic contribution:    136.03663      51.46536     -41.37382
Nuclear contribution   :    -73.46201     -27.33413      22.45698
                        -----------------------------------------
Total Dipole Moment    :     62.57462      24.13124     -18.91684
                        -----------------------------------------
Magnitude (a.u.)       :     69.68318
Magnitude (Debye)      :    177.12057


Timings for individual modules:

Sum of individual times         ...        0.160 sec (=   0.003 min)
STO integral calculation        ...        0.056 sec (=   0.001 min)  35.3 %
SCF iterations                  ...        0.103 sec (=   0.002 min)  64.7 %
                             ****ORCA TERMINATED NORMALLY****
TOTAL RUN TIME: 0 days 0 hours 0 minutes 0 seconds 474 msec

