
                                 *****************
                                 * O   R   C   A *
                                 *****************

           --- An Ab Initio, DFT and Semiempirical electronic structure package ---

                  #######################################################
                  #                        -***-                        #
                  #  Department of molecular theory and spectroscopy    #
                  #              Directorship: Frank Neese              #
                  # Max Planck Institute for Chemical Energy Conversion #
                  #                  D-45470 Muelheim/Ruhr              #
                  #                       Germany                       #
                  #                                                     #
                  #                  All rights reserved                #
                  #                        -***-                        #
                  #######################################################


                         Program Version 3.0.3 - RELEASE   -


 With contributions from (in alphabetic order):
   Ute Becker             : Parallelization
   Dmytro Bykov           : SCF Hessian
   Dmitry Ganyushin       : Spin-Orbit,Spin-Spin,Magnetic field MRCI
   Andreas Hansen         : Spin unrestricted coupled pair/coupled cluster methods
   Dimitrios Liakos       : Extrapolation schemes; parallel MDCI
   Robert Izsak           : Overlap fitted RIJCOSX, COSX-SCS-MP3
   Christian Kollmar      : KDIIS, OOCD, Brueckner-CCSD(T), CCSD density
   Simone Kossmann        : Meta GGA functionals, TD-DFT gradient, OOMP2, MP2 Hessian
   Taras Petrenko         : DFT Hessian,TD-DFT gradient, ASA and ECA modules, normal mode analysis, Resonance Raman, ABS, FL, XAS/XES, NRVS
   Christoph Reimann      : Effective Core Potentials
   Michael Roemelt        : Restricted open shell CIS
   Christoph Riplinger    : Improved optimizer, TS searches, QM/MM, DLPNO-CCSD
   Barbara Sandhoefer     : DKH picture change effects
   Igor Schapiro          : Molecular dynamics
   Kantharuban Sivalingam : CASSCF convergence, NEVPT2
   Boris Wezisla          : Elementary symmetry handling
   Frank Wennmohs         : Technical directorship


 We gratefully acknowledge several colleagues who have allowed us to
 interface, adapt or use parts of their codes:
   Stefan Grimme, W. Hujo, H. Kruse, T. Risthaus : VdW corrections, initial TS optimization,
                                                   DFT functionals, gCP
   Ed Valeev                                     : LibInt (2-el integral package), F12 methods
   Garnet Chan, S. Sharma, R. Olivares           : DMRG
   Ulf Ekstrom                                   : XCFun DFT Library
   Mihaly Kallay                                 : mrcc  (arbitrary order and MRCC methods)
   Andreas Klamt, Michael Diedenhofen            : otool_cosmo (COSMO solvation model)
   Frank Weinhold                                : gennbo (NPA and NBO analysis)
   Christopher J. Cramer and Donald G. Truhlar   : smd solvation model


 Your calculation uses the libint2 library for the computation of 2-el integrals
 For citations please refer to: http://libint.valeyev.net

 This ORCA versions uses:
   CBLAS   interface :  Fast vector & matrix operations
   LAPACKE interface :  Fast linear algebra routines
   SCALAPACK package :  Parallel linear algebra routines


leaving
================================================================================
                                        WARNINGS
                       Please study these warnings very carefully!
================================================================================
Now building the actual basis set

WARNING: Direct SCF is incompatible with Method<>HF and Method<>DFT
  ===> : conventional SCF is chosen

WARNING: The NDO methods need Guess=HUECKEL or Guess=HCORE or Guess=MOREAD
  ===> : Guess is set to Hueckel

WARNING: The NDO methods need %rel::SOCType==1
  ===> : %rel::SOCType is set to 1

WARNING: The NDO methods cannot have frozencore=1
  ===> : %method FrozenCore=0 end


INFO   : the flag for use of LIBINT has been found!

================================================================================
                                       INPUT FILE
================================================================================
NAME = /Users/mattyjones/GoogleDrive/Boise/Code/MorphCT/tests/output_EZ/donor_polymer/chromophores/input_orca/single/00024.inp
|  1> # ================================================================
|  2> # Orca input file made by Matty Jones
|  3> # ================================================================
|  4> ! ZINDO/S 
|  5> ! NOPOP
|  6> ! NOMOPRINT
|  7> * xyz 0   1
|  8>  C  -1.79091  -3.77653  1.75369
|  9>  C  -1.74283  -2.56869  1.05607
| 10>  C  -2.17163  -1.43712  1.81762
| 11>  C  -2.56027  -1.75305  3.12317
| 12>  S  -2.35577  -3.39275  3.26457
| 13>  H  -1.66783  -2.55894  -0.08521
| 14>  C  -2.11596  -0.02303  1.03169
| 15>  C  -0.63469  0.04040  0.14223
| 16>  C  -0.10013  1.26815  -0.89796
| 17>  H  0.15066  2.19897  -0.26330
| 18>  H  -0.96323  1.51988  -1.62212
| 19>  H  0.18898  -0.06545  0.94570
| 20>  H  -0.62433  -0.88765  -0.53935
| 21>  H  -2.98816  0.06814  0.27540
| 22>  H  -2.13906  0.87154  1.76393
| 23>  C  1.21449  0.79613  -1.75026
| 24>  C  2.74206  1.23420  -1.17934
| 25>  C  3.27628  2.67233  -1.87289
| 26>  H  3.57712  2.47494  -2.97350
| 27>  H  4.19088  3.06754  -1.28533
| 28>  H  2.42332  3.45276  -1.83833
| 29>  H  2.69152  1.36678  -0.03772
| 30>  H  3.49124  0.39962  -1.44188
| 31>  H  1.12342  1.21491  -2.82673
| 32>  H  1.21963  -0.36184  -1.82049
| 33>  H  -1.52284  -4.73676  1.39356
| 34>  H  -2.91195  -1.08449  3.86678
| 35> *
| 36> 
| 37>                          ****END OF INPUT****
================================================================================

                       ****************************
                       * Single Point Calculation *
                       ****************************

---------------------------------
CARTESIAN COORDINATES (ANGSTROEM)
---------------------------------
  C     -1.790910   -3.776530    1.753690
  C     -1.742830   -2.568690    1.056070
  C     -2.171630   -1.437120    1.817620
  C     -2.560270   -1.753050    3.123170
  S     -2.355770   -3.392750    3.264570
  H     -1.667830   -2.558940   -0.085210
  C     -2.115960   -0.023030    1.031690
  C     -0.634690    0.040400    0.142230
  C     -0.100130    1.268150   -0.897960
  H      0.150660    2.198970   -0.263300
  H     -0.963230    1.519880   -1.622120
  H      0.188980   -0.065450    0.945700
  H     -0.624330   -0.887650   -0.539350
  H     -2.988160    0.068140    0.275400
  H     -2.139060    0.871540    1.763930
  C      1.214490    0.796130   -1.750260
  C      2.742060    1.234200   -1.179340
  C      3.276280    2.672330   -1.872890
  H      3.577120    2.474940   -2.973500
  H      4.190880    3.067540   -1.285330
  H      2.423320    3.452760   -1.838330
  H      2.691520    1.366780   -0.037720
  H      3.491240    0.399620   -1.441880
  H      1.123420    1.214910   -2.826730
  H      1.219630   -0.361840   -1.820490
  H     -1.522840   -4.736760    1.393560
  H     -2.911950   -1.084490    3.866780

----------------------------
CARTESIAN COORDINATES (A.U.)
----------------------------
  NO LB      ZA    FRAG    MASS        X           Y           Z
   0 C     4.0000    0    12.011         -3.384329430500909         -7.136607436537624          3.313993823796360
   1 C     4.0000    0    12.011         -3.293471397981975         -4.854120622942180          1.995683078250216
   2 C     4.0000    0    12.011         -4.103785964207407         -2.715763221580909          3.434804015537945
   3 C     4.0000    0    12.011         -4.838209128894563         -3.312784399070650          5.901935969678836
   4 S     6.0000    0    32.060         -4.451760134507667         -6.411368340861326          6.169143245015301
   5 H     1.0000    0     1.008         -3.151741937937881         -4.835695793136448         -0.161023563871430
   6 C     4.0000    0    12.011         -3.998584910332011         -0.043520392864206          1.949611555105216
   7 C     4.0000    0    12.011         -1.199390279938479          0.076344935810419          0.268775748027620
   8 C     4.0000    0    12.011         -0.189218277789535          2.396456196732236         -1.696898479215927
   9 H     1.0000    0     1.008          0.284706139336576          4.155451076708815         -0.497564891061466
  10 H     1.0000    0     1.008         -1.820240903976967          2.872156956424232         -3.065362556356341
  11 H     1.0000    0     1.008          0.357120444788438         -0.123682575465146          1.787114004849328
  12 H     1.0000    0     1.008         -1.179812717191055         -1.677415402775199         -1.019223790330427
  13 H     1.0000    0     1.008         -5.646804044338127          0.128765938765394          0.520430577281913
  14 H     1.0000    0     1.008         -4.042237584025593          1.646971914757728          3.333344619407713
  15 C     4.0000    0    12.011          2.295053492386021          1.504467666998726         -3.307512063157010
  16 C     4.0000    0    12.011          5.181742442780108          2.332299994485609         -2.228629618778689
  17 C     4.0000    0    12.011          6.191271938043518          5.049971839461779         -3.539249178959773
  18 H     1.0000    0     1.008          6.759777148172388          4.676958797887063         -5.619100659214842
  19 H     1.0000    0     1.008          7.919615460127895          5.796810504848796         -2.428921691713003
  20 H     1.0000    0     1.008          4.579411134854047          6.524770806157941         -3.473940243771454
  21 H     1.0000    0     1.008          5.086235683971728          2.582839885320888         -0.071280469771510
  22 H     1.0000    0     1.008          6.597487467791231          0.755172357637611         -2.724758317978374
  23 H     1.0000    0     1.008          2.122956133369813          2.295847177362268         -5.341745554539219
  24 H     1.0000    0     1.008          2.304766684714376         -0.683778504298066         -3.440227529542299
  25 H     1.0000    0     1.008         -2.877750545780639         -8.951179162112828          2.633446751187299
  26 H     1.0000    0     1.008         -5.502788015671989         -2.049389094976258          7.307155220124018

--------------------------------
INTERNAL COORDINATES (ANGSTROEM)
--------------------------------
 C      0   0   0   0.000000     0.000     0.000
 C      1   0   0   1.395659     0.000     0.000
 C      2   1   0   1.429783   114.101     0.000
 C      3   2   1   1.398325   113.693     0.000
 S      1   2   3   1.658045   105.480     0.000
 H      2   1   3   1.143783   120.557   196.930
 C      3   2   1   1.618776   114.989   179.645
 C      7   3   2   1.728966   108.136   317.338
 C      8   7   3   1.695618   127.752   177.413
 H      9   8   7   1.154173   108.368    69.721
 H      9   8   7   1.154434   107.879   311.416
 H      8   7   3   1.155509   104.455   300.771
 H      8   7   3   1.151493   106.418    56.409
 H      7   3   2   1.158024   111.097    75.500
 H      7   3   2   1.156272   111.573   198.299
 C      9   8   7   1.636290   111.343   191.017
 C     16   9   8   1.688587   118.415   263.521
 C     17  16   9   1.683633   111.677   266.681
 H     18  17  16   1.157933   109.170   286.674
 H     18  17  16   1.156681   109.481   166.681
 H     18  17  16   1.156636   109.272    46.495
 H     17  16   9   1.150403   109.007    27.079
 H     17  16   9   1.151834   108.866   146.801
 H     16   9   8   1.158645   108.452   141.523
 H     16   9   8   1.160109   108.846    24.555
 H      1   2   3   1.059998   127.260   180.000
 H      4   3   2   1.060003   127.206   180.000

---------------------------
INTERNAL COORDINATES (A.U.)
---------------------------
 C      0   0   0   0.000000     0.000     0.000
 C      1   0   0   2.637412     0.000     0.000
 C      2   1   0   2.701898   114.101     0.000
 C      3   2   1   2.642452   113.693     0.000
 S      1   2   3   3.133250   105.480     0.000
 H      2   1   3   2.161437   120.557   196.930
 C      3   2   1   3.059043   114.989   179.645
 C      7   3   2   3.267272   108.136   317.338
 C      8   7   3   3.204253   127.752   177.413
 H      9   8   7   2.181070   108.368    69.721
 H      9   8   7   2.181564   107.879   311.416
 H      8   7   3   2.183595   104.455   300.771
 H      8   7   3   2.176006   106.418    56.409
 H      7   3   2   2.188348   111.097    75.500
 H      7   3   2   2.185037   111.573   198.299
 C      9   8   7   3.092139   111.343   191.017
 C     16   9   8   3.190966   118.415   263.521
 C     17  16   9   3.181606   111.677   266.681
 H     18  17  16   2.188177   109.170   286.674
 H     18  17  16   2.185810   109.481   166.681
 H     18  17  16   2.185725   109.272    46.495
 H     17  16   9   2.173947   109.007    27.079
 H     17  16   9   2.176651   108.866   146.801
 H     16   9   8   2.189522   108.452   141.523
 H     16   9   8   2.192289   108.846    24.555
 H      1   2   3   2.003107   127.260   180.000
 H      4   3   2   2.003116   127.206   180.000

----------------------------
SLATER BASIS SET DIM=  60
----------------------------
  0 C     2 shells
 l=0 nsto= 1
    2       1.625000000000        1.000000000000
 l=1 nsto= 1
    2       1.625000000000        1.000000000000
  1 C     2 shells
 l=0 nsto= 1
    2       1.625000000000        1.000000000000
 l=1 nsto= 1
    2       1.625000000000        1.000000000000
  2 C     2 shells
 l=0 nsto= 1
    2       1.625000000000        1.000000000000
 l=1 nsto= 1
    2       1.625000000000        1.000000000000
  3 C     2 shells
 l=0 nsto= 1
    2       1.625000000000        1.000000000000
 l=1 nsto= 1
    2       1.625000000000        1.000000000000
  4 S     2 shells
 l=0 nsto= 1
    3       1.925000000000        1.000000000000
 l=1 nsto= 1
    3       1.925000000000        1.000000000000
  5 H     1 shells
 l=0 nsto= 1
    1       1.200000000000        1.000000000000
  6 C     2 shells
 l=0 nsto= 1
    2       1.625000000000        1.000000000000
 l=1 nsto= 1
    2       1.625000000000        1.000000000000
  7 C     2 shells
 l=0 nsto= 1
    2       1.625000000000        1.000000000000
 l=1 nsto= 1
    2       1.625000000000        1.000000000000
  8 C     2 shells
 l=0 nsto= 1
    2       1.625000000000        1.000000000000
 l=1 nsto= 1
    2       1.625000000000        1.000000000000
  9 H     1 shells
 l=0 nsto= 1
    1       1.200000000000        1.000000000000
 10 H     1 shells
 l=0 nsto= 1
    1       1.200000000000        1.000000000000
 11 H     1 shells
 l=0 nsto= 1
    1       1.200000000000        1.000000000000
 12 H     1 shells
 l=0 nsto= 1
    1       1.200000000000        1.000000000000
 13 H     1 shells
 l=0 nsto= 1
    1       1.200000000000        1.000000000000
 14 H     1 shells
 l=0 nsto= 1
    1       1.200000000000        1.000000000000
 15 C     2 shells
 l=0 nsto= 1
    2       1.625000000000        1.000000000000
 l=1 nsto= 1
    2       1.625000000000        1.000000000000
 16 C     2 shells
 l=0 nsto= 1
    2       1.625000000000        1.000000000000
 l=1 nsto= 1
    2       1.625000000000        1.000000000000
 17 C     2 shells
 l=0 nsto= 1
    2       1.625000000000        1.000000000000
 l=1 nsto= 1
    2       1.625000000000        1.000000000000
 18 H     1 shells
 l=0 nsto= 1
    1       1.200000000000        1.000000000000
 19 H     1 shells
 l=0 nsto= 1
    1       1.200000000000        1.000000000000
 20 H     1 shells
 l=0 nsto= 1
    1       1.200000000000        1.000000000000
 21 H     1 shells
 l=0 nsto= 1
    1       1.200000000000        1.000000000000
 22 H     1 shells
 l=0 nsto= 1
    1       1.200000000000        1.000000000000
 23 H     1 shells
 l=0 nsto= 1
    1       1.200000000000        1.000000000000
 24 H     1 shells
 l=0 nsto= 1
    1       1.200000000000        1.000000000000
 25 H     1 shells
 l=0 nsto= 1
    1       1.200000000000        1.000000000000
 26 H     1 shells
 l=0 nsto= 1
    1       1.200000000000        1.000000000000
------------------------------------------------------------------------------
                           ORCA NDO INTEGRAL CALCULATION
------------------------------------------------------------------------------

--------------
NDO PARAMETERS
--------------

Gamma integral treatment              ... Mataga-Nishimoto
Nuclear repulsuion treatment          ... Direct (ZA*ZB/RAB)
Interaction factors:
s-s (sigma) =    1.0000
s-p (sigma) =    1.0000
s-d (sigma) =    1.0000
p-p (sigma) =    1.2670  p-p(pi) =    0.5850
p-d (sigma) =    1.0000  p-d(pi) =    1.0000
d-d (sigma) =    1.0000  d-d(pi) =    1.0000 d-d (delta) =    1.0000

fGamma parameter for Mataga-Nishimoto gamma integrals:    1.2000

--------------------------
Parameters for Element H :
--------------------------
 One-electron parameters (in eV)
  U(s)  =   -13.060000 Beta(s) =    12.000000 Neff(s) =     1.000000
 One-center electron repulsion parameters (in eV)
  G(s,s)=    12.850000
--------------------------
Parameters for Element C :
--------------------------
 One-electron parameters (in eV)
  U(s)  =   -50.870766 Beta(s) =    17.000000 Neff(s) =     2.000000
  U(p)  =   -41.599980 Beta(p) =    17.000000 Neff(p) =     2.000000 
 One-center electron repulsion parameters (in eV)
  G(s,s)=    11.110000
  G(s,p)=    11.110000 G(p,p)  =    11.110000
 Slater-Condon parameters (in eV)
 F2(p,p)=     4.5098 G1(s,p)=    6.8977
--------------------------
Parameters for Element S :
--------------------------
 One-electron parameters (in eV)
  U(s)  =   -69.509597 Beta(s) =    15.000000 Neff(s) =     2.000000
  U(p)  =   -60.725746 Beta(p) =    15.000000 Neff(p) =     4.000000 
 One-center electron repulsion parameters (in eV)
  G(s,s)=    10.090000
  G(s,p)=    10.090000 G(p,p)  =    10.090000
 Slater-Condon parameters (in eV)
 F2(p,p)=     4.5377 G1(s,p)=    3.0756

 Number of atoms                    ....   27
 Number of basis functions          ....   60

 Overlap integrals                  .... done
 One electron matrix                .... done
 Nuclear repulsion                  .... done
 Integral list                      .... done
 Electron-electron repulsion        .... done
-------------------------------------------------------------------------------
                                 ORCA SCF
-------------------------------------------------------------------------------

------------
SCF SETTINGS
------------
Hamiltonian:
 ZDO-Hamiltonian        Method          .... INDO


General Settings:
 Integral files         IntName         .... /Users/mattyjones/GoogleDrive/Boise/Code/MorphCT/tests/output_EZ/donor_polymer/chromophores/input_orca/single/00024
 Hartree-Fock type      HFTyp           .... RHF
 Total Charge           Charge          ....    0
 Multiplicity           Mult            ....    1
 Number of Electrons    NEL             ....   62
 Basis Dimension        Dim             ....   60
 Nuclear Repulsion      ENuc            ....    293.2036729881 Eh

Convergence Acceleration:
 DIIS                   CNVDIIS         .... on
   Start iteration      DIISMaxIt       ....    12
   Startup error        DIISStart       ....  0.200000
   # of expansion vecs  DIISMaxEq       ....     5
   Bias factor          DIISBfac        ....   1.050
   Max. coefficient     DIISMaxC        ....  10.000
 Newton-Raphson         CNVNR           .... off
 SOSCF                  CNVSOSCF        .... on
   Start iteration      SOSCFMaxIt      ....   150
   Startup grad/error   SOSCFStart      ....  0.003300
 Level Shifting         CNVShift        .... on
   Level shift para.    LevelShift      ....    0.2500
   Turn off err/grad.   ShiftErr        ....    0.0010
 Zerner damping         CNVZerner       .... off
 Static damping         CNVDamp         .... on
   Fraction old density DampFac         ....    0.7000
   Max. Damping (<1)    DampMax         ....    0.9800
   Min. Damping (>=0)   DampMin         ....    0.0000
   Turn off err/grad.   DampErr         ....    0.1000
 Fernandez-Rico         CNVRico         .... off

SCF Procedure:
 Maximum # iterations   MaxIter         ....   125
 SCF integral mode      SCFMode         .... Conventional
 Integral Buffer length BufferLength    .... 1048576
 Integral index format  IndFormat       ....     0
 Integral value format  ValFormat       ....     0
 Integral Storage       Thresh          ....  1.000e-08 Eh

Convergence Tolerance:
 Convergence Check Mode ConvCheckMode   .... Total+1el-Energy
 Energy Change          TolE            ....  1.000e-06 Eh
 1-El. energy change                    ....  1.000e-03 Eh
 Orbital Gradient       TolG            ....  5.000e-05
 Orbital Rotation angle TolX            ....  5.000e-05
 DIIS Error             TolErr          ....  1.000e-06


Diagonalization of the overlap matrix:
Smallest eigenvalue                        ... 1.695e-01
Time for diagonalization                   ...    0.001 sec
Threshold for overlap eigenvalues          ... 1.000e-08
Number of eigenvalues below threshold      ... 0
Time for construction of square roots      ...    0.000 sec
Total time needed                          ...    0.002 sec

-------------------------------
INITIAL GUESS: EXTENDED HUECKEL
-------------------------------
EHT matrix was read from disk
EHT matrix was diagonalized
Initial density was built
                      ------------------
                      INITIAL GUESS DONE
                      ------------------

 InCore treatment chosen:
   Memory dedicated               ...    1024 MB
   Memory needed                  ...      0 MB
   Number of tiny    integrals    ...       0
   Number of small   integrals    ...       0
   Number of regular integrals    ...    1896

--------------
SCF ITERATIONS
--------------
ITER       Energy         Delta-E        Max-DP      RMS-DP      [F,P]     Damp
  0     -6.8711046778   0.000000000000 0.04441264  0.00204668  0.1136746 0.7000
  1     -6.8920265241  -0.020921846254 0.04346213  0.00193046  0.0776161 0.7000
                               ***Turning on DIIS***
  2     -6.9075138113  -0.015487287248 0.11494903  0.00496342  0.0469059 0.0000
  3     -6.9476102966  -0.040096485316 0.02075288  0.00105376  0.0216025 0.0000
  4     -6.9402282234   0.007382073266 0.01509805  0.00072091  0.0086229 0.0000
  5     -6.9491126759  -0.008884452513 0.01059248  0.00048736  0.0050970 0.0000
  6     -6.9503998228  -0.001287146891 0.00813890  0.00034601  0.0029441 0.0000
                      *** Initiating the SOSCF procedure ***
                           *** Shutting down DIIS ***
                      *** Re-Reading the Fockian *** 
                      *** Removing any level shift *** 
ITER      Energy       Delta-E        Grad      Rot      Max-DP    RMS-DP
  7     -6.94836424   0.0020355860  0.003035  0.003035  0.004892  0.000195
  8     -6.94728449   0.0010797486  0.000819  0.002271  0.002451  0.000090
  9     -6.94729207  -0.0000075806  0.000361  0.002238  0.002778  0.000097
 10     -6.94729487  -0.0000028026  0.000032  0.000087  0.000154  0.000007
                 **** Energy Check signals convergence ****
              ***Rediagonalizing the Fockian in SOSCF/NRSCF***

               *****************************************************
               *                     SUCCESS                       *
               *           SCF CONVERGED AFTER  11 CYCLES          *
               *****************************************************


----------------
TOTAL SCF ENERGY
----------------

Total Energy       :           -6.94729490 Eh            -189.04551 eV

Components:
Nuclear Repulsion  :          293.20367299 Eh            7978.47756 eV
Electronic Energy  :         -300.15096789 Eh           -8167.52307 eV

One Electron Energy:         -555.11035515 Eh          -15105.32070 eV
Two Electron Energy:          254.95938726 Eh            6937.79764 eV


---------------
SCF CONVERGENCE
---------------

  Last Energy change         ...   -2.9405e-08  Tolerance :   1.0000e-06
  Last MAX-Density change    ...    6.8159e-05  Tolerance :   1.0000e-05
  Last RMS-Density change    ...    2.3960e-06  Tolerance :   1.0000e-06
  Last Orbital Gradient      ...    1.3366e-05  Tolerance :   5.0000e-05
  Last Orbital Rotation      ...    2.7014e-05  Tolerance :   5.0000e-05

             **** THE GBW FILE WAS UPDATED (/Users/mattyjones/GoogleDrive/Boise/Code/MorphCT/tests/output_EZ/donor_polymer/chromophores/input_orca/single/00024.gbw) ****
             **** DENSITY FILE WAS UPDATED (/Users/mattyjones/GoogleDrive/Boise/Code/MorphCT/tests/output_EZ/donor_polymer/chromophores/input_orca/single/00024.scfp.tmp) ****
             **** ENERGY FILE WAS UPDATED (/Users/mattyjones/GoogleDrive/Boise/Code/MorphCT/tests/output_EZ/donor_polymer/chromophores/input_orca/single/00024.en.tmp) ****
----------------
ORBITAL ENERGIES
----------------

  NO   OCC          E(Eh)            E(eV) 
   0   2.0000      -1.561805       -42.4989 
   1   2.0000      -1.401123       -38.1265 
   2   2.0000      -1.292238       -35.1636 
   3   2.0000      -1.186007       -32.2729 
   4   2.0000      -1.120108       -30.4797 
   5   2.0000      -1.017064       -27.6757 
   6   2.0000      -0.949065       -25.8254 
   7   2.0000      -0.914198       -24.8766 
   8   2.0000      -0.854175       -23.2433 
   9   2.0000      -0.838338       -22.8123 
  10   2.0000      -0.773305       -21.0427 
  11   2.0000      -0.726214       -19.7613 
  12   2.0000      -0.706628       -19.2283 
  13   2.0000      -0.675931       -18.3930 
  14   2.0000      -0.640122       -17.4186 
  15   2.0000      -0.623663       -16.9707 
  16   2.0000      -0.583013       -15.8646 
  17   2.0000      -0.575933       -15.6719 
  18   2.0000      -0.569617       -15.5001 
  19   2.0000      -0.551791       -15.0150 
  20   2.0000      -0.530140       -14.4258 
  21   2.0000      -0.514660       -14.0046 
  22   2.0000      -0.506305       -13.7773 
  23   2.0000      -0.492924       -13.4131 
  24   2.0000      -0.488577       -13.2949 
  25   2.0000      -0.476563       -12.9679 
  26   2.0000      -0.468506       -12.7487 
  27   2.0000      -0.464604       -12.6425 
  28   2.0000      -0.435185       -11.8420 
  29   2.0000      -0.352954        -9.6044 
  30   2.0000      -0.305050        -8.3008 
  31   0.0000       0.007751         0.2109 
  32   0.0000       0.067628         1.8402 
  33   0.0000       0.071815         1.9542 
  34   0.0000       0.091130         2.4798 
  35   0.0000       0.104757         2.8506 
  36   0.0000       0.108097         2.9415 
  37   0.0000       0.124339         3.3834 
  38   0.0000       0.142185         3.8691 
  39   0.0000       0.157746         4.2925 
  40   0.0000       0.165709         4.5092 
  41   0.0000       0.172555         4.6955 
  42   0.0000       0.203223         5.5300 
  43   0.0000       0.233474         6.3532 
  44   0.0000       0.238224         6.4824 
  45   0.0000       0.238892         6.5006 
  46   0.0000       0.240022         6.5313 
  47   0.0000       0.241041         6.5591 
  48   0.0000       0.244237         6.6460 
  49   0.0000       0.245531         6.6813 
  50   0.0000       0.247126         6.7246 
  51   0.0000       0.259567         7.0632 
  52   0.0000       0.267264         7.2726 
  53   0.0000       0.287030         7.8105 
  54   0.0000       0.308010         8.3814 
  55   0.0000       0.310708         8.4548 
  56   0.0000       0.337299         9.1784 
  57   0.0000       0.348117         9.4727 
  58   0.0000       0.419949        11.4274 
  59   0.0000       0.424361        11.5475 
-------
TIMINGS
-------

Total SCF time: 0 days 0 hours 0 min 0 sec 

Total time                  ....       0.064 sec
Sum of individual times     ....       0.056 sec  ( 87.1%)

Fock matrix formation       ....       0.041 sec  ( 64.2%)
Diagonalization             ....       0.005 sec  (  7.5%)
Density matrix formation    ....       0.001 sec  (  1.2%)
Population analysis         ....       0.000 sec  (  0.0%)
Initial guess               ....       0.001 sec  (  1.3%)
Orbital Transformation      ....       0.000 sec  (  0.0%)
Orbital Orthonormalization  ....       0.000 sec  (  0.0%)
DIIS solution               ....       0.006 sec  (  9.7%)
SOSCF solution              ....       0.002 sec  (  3.3%)

-------------------------   --------------------
FINAL SINGLE POINT ENERGY        -6.947294900801
-------------------------   --------------------


                            ***************************************
                            *     ORCA property calculations      *
                            ***************************************

                                    ---------------------
                                    Active property flags
                                    ---------------------
   (+) Dipole Moment


------------------------------------------------------------------------------
                       ORCA ELECTRIC PROPERTIES CALCULATION
------------------------------------------------------------------------------

Dipole Moment Calculation                       ... on
Quadrupole Moment Calculation                   ... off
Polarizability Calculation                      ... off
GBWName                                         ... /Users/mattyjones/GoogleDrive/Boise/Code/MorphCT/tests/output_EZ/donor_polymer/chromophores/input_orca/single/00024.gbw
Electron density file                           ... /Users/mattyjones/GoogleDrive/Boise/Code/MorphCT/tests/output_EZ/donor_polymer/chromophores/input_orca/single/00024.scfp.tmp

-------------
DIPOLE MOMENT
-------------
                                X             Y             Z
Electronic contribution:    -67.03409     -89.93879      86.12034
Nuclear contribution   :     36.39769      48.34668     -46.14353
                        -----------------------------------------
Total Dipole Moment    :    -30.63640     -41.59211      39.97680
                        -----------------------------------------
Magnitude (a.u.)       :     65.31950
Magnitude (Debye)      :    166.02898


Timings for individual modules:

Sum of individual times         ...        0.152 sec (=   0.003 min)
STO integral calculation        ...        0.052 sec (=   0.001 min)  34.1 %
SCF iterations                  ...        0.100 sec (=   0.002 min)  65.9 %
                             ****ORCA TERMINATED NORMALLY****
TOTAL RUN TIME: 0 days 0 hours 0 minutes 0 seconds 423 msec

