
                                 *****************
                                 * O   R   C   A *
                                 *****************

           --- An Ab Initio, DFT and Semiempirical electronic structure package ---

                  #######################################################
                  #                        -***-                        #
                  #  Department of molecular theory and spectroscopy    #
                  #              Directorship: Frank Neese              #
                  # Max Planck Institute for Chemical Energy Conversion #
                  #                  D-45470 Muelheim/Ruhr              #
                  #                       Germany                       #
                  #                                                     #
                  #                  All rights reserved                #
                  #                        -***-                        #
                  #######################################################


                         Program Version 3.0.3 - RELEASE   -


 With contributions from (in alphabetic order):
   Ute Becker             : Parallelization
   Dmytro Bykov           : SCF Hessian
   Dmitry Ganyushin       : Spin-Orbit,Spin-Spin,Magnetic field MRCI
   Andreas Hansen         : Spin unrestricted coupled pair/coupled cluster methods
   Dimitrios Liakos       : Extrapolation schemes; parallel MDCI
   Robert Izsak           : Overlap fitted RIJCOSX, COSX-SCS-MP3
   Christian Kollmar      : KDIIS, OOCD, Brueckner-CCSD(T), CCSD density
   Simone Kossmann        : Meta GGA functionals, TD-DFT gradient, OOMP2, MP2 Hessian
   Taras Petrenko         : DFT Hessian,TD-DFT gradient, ASA and ECA modules, normal mode analysis, Resonance Raman, ABS, FL, XAS/XES, NRVS
   Christoph Reimann      : Effective Core Potentials
   Michael Roemelt        : Restricted open shell CIS
   Christoph Riplinger    : Improved optimizer, TS searches, QM/MM, DLPNO-CCSD
   Barbara Sandhoefer     : DKH picture change effects
   Igor Schapiro          : Molecular dynamics
   Kantharuban Sivalingam : CASSCF convergence, NEVPT2
   Boris Wezisla          : Elementary symmetry handling
   Frank Wennmohs         : Technical directorship


 We gratefully acknowledge several colleagues who have allowed us to
 interface, adapt or use parts of their codes:
   Stefan Grimme, W. Hujo, H. Kruse, T. Risthaus : VdW corrections, initial TS optimization,
                                                   DFT functionals, gCP
   Ed Valeev                                     : LibInt (2-el integral package), F12 methods
   Garnet Chan, S. Sharma, R. Olivares           : DMRG
   Ulf Ekstrom                                   : XCFun DFT Library
   Mihaly Kallay                                 : mrcc  (arbitrary order and MRCC methods)
   Andreas Klamt, Michael Diedenhofen            : otool_cosmo (COSMO solvation model)
   Frank Weinhold                                : gennbo (NPA and NBO analysis)
   Christopher J. Cramer and Donald G. Truhlar   : smd solvation model


 Your calculation uses the libint2 library for the computation of 2-el integrals
 For citations please refer to: http://libint.valeyev.net

 This ORCA versions uses:
   CBLAS   interface :  Fast vector & matrix operations
   LAPACKE interface :  Fast linear algebra routines
   SCALAPACK package :  Parallel linear algebra routines


leaving
================================================================================
                                        WARNINGS
                       Please study these warnings very carefully!
================================================================================
Now building the actual basis set

WARNING: Direct SCF is incompatible with Method<>HF and Method<>DFT
  ===> : conventional SCF is chosen

WARNING: The NDO methods need Guess=HUECKEL or Guess=HCORE or Guess=MOREAD
  ===> : Guess is set to Hueckel

WARNING: The NDO methods need %rel::SOCType==1
  ===> : %rel::SOCType is set to 1

WARNING: The NDO methods cannot have frozencore=1
  ===> : %method FrozenCore=0 end


INFO   : the flag for use of LIBINT has been found!

================================================================================
                                       INPUT FILE
================================================================================
NAME = /Users/mattyjones/GoogleDrive/Boise/Code/MorphCT/tests/output_EZ/donor_polymer/chromophores/input_orca/single/00028.inp
|  1> # ================================================================
|  2> # Orca input file made by Matty Jones
|  3> # ================================================================
|  4> ! ZINDO/S 
|  5> ! NOPOP
|  6> ! NOMOPRINT
|  7> * xyz 0   1
|  8>  C  -2.28576  -4.19002  -1.45853
|  9>  C  -1.53699  -3.21606  -0.79623
| 10>  C  -2.32300  -2.27657  -0.05880
| 11>  C  -3.69939  -2.50986  -0.13921
| 12>  S  -3.86901  -3.84744  -1.10488
| 13>  H  -0.39462  -3.21312  -0.76726
| 14>  C  -1.64515  -1.07363  0.78548
| 15>  C  -0.34017  -0.28557  0.06924
| 16>  C  0.43722  0.98766  0.88265
| 17>  H  0.56091  0.70438  1.99299
| 18>  H  -0.20897  1.93788  0.79652
| 19>  H  0.46535  -1.09139  -0.11519
| 20>  H  -0.70280  0.13417  -0.94186
| 21>  H  -2.43665  -0.23604  0.97353
| 22>  H  -1.27558  -1.46829  1.81661
| 23>  C  1.88933  1.20917  0.17291
| 24>  C  2.82952  2.54304  0.59267
| 25>  C  2.58103  3.82546  -0.46814
| 26>  H  3.32532  4.67581  -0.22144
| 27>  H  1.49567  4.20951  -0.35822
| 28>  H  2.75564  3.46082  -1.55320
| 29>  H  2.55790  2.87938  1.65876
| 30>  H  3.94015  2.24048  0.54885
| 31>  H  1.73206  1.25595  -0.97436
| 32>  H  2.53997  0.27525  0.40699
| 33>  H  -1.91950  -4.98179  -2.06065
| 34>  H  -4.47247  -1.94918  0.32076
| 35> *
| 36> 
| 37>                          ****END OF INPUT****
================================================================================

                       ****************************
                       * Single Point Calculation *
                       ****************************

---------------------------------
CARTESIAN COORDINATES (ANGSTROEM)
---------------------------------
  C     -2.285760   -4.190020   -1.458530
  C     -1.536990   -3.216060   -0.796230
  C     -2.323000   -2.276570   -0.058800
  C     -3.699390   -2.509860   -0.139210
  S     -3.869010   -3.847440   -1.104880
  H     -0.394620   -3.213120   -0.767260
  C     -1.645150   -1.073630    0.785480
  C     -0.340170   -0.285570    0.069240
  C      0.437220    0.987660    0.882650
  H      0.560910    0.704380    1.992990
  H     -0.208970    1.937880    0.796520
  H      0.465350   -1.091390   -0.115190
  H     -0.702800    0.134170   -0.941860
  H     -2.436650   -0.236040    0.973530
  H     -1.275580   -1.468290    1.816610
  C      1.889330    1.209170    0.172910
  C      2.829520    2.543040    0.592670
  C      2.581030    3.825460   -0.468140
  H      3.325320    4.675810   -0.221440
  H      1.495670    4.209510   -0.358220
  H      2.755640    3.460820   -1.553200
  H      2.557900    2.879380    1.658760
  H      3.940150    2.240480    0.548850
  H      1.732060    1.255950   -0.974360
  H      2.539970    0.275250    0.406990
  H     -1.919500   -4.981790   -2.060650
  H     -4.472470   -1.949180    0.320760

----------------------------
CARTESIAN COORDINATES (A.U.)
----------------------------
  NO LB      ZA    FRAG    MASS        X           Y           Z
   0 C     4.0000    0    12.011         -4.319460407871840         -7.917990295652722         -2.756222258108163
   1 C     4.0000    0    12.011         -2.904490170575625         -6.077472630258780         -1.504656639612118
   2 C     4.0000    0    12.011         -4.389833809099067         -4.302093824701104         -0.111115896674570
   3 C     4.0000    0    12.011         -6.990833962566939         -4.742948034483593         -0.263068775103177
   4 S     6.0000    0    32.060         -7.311369309402662         -7.270607916693981         -2.087920610846913
   5 H     1.0000    0     1.008         -0.745723726968004         -6.071916835425052         -1.449911273512420
   6 C     4.0000    0    12.011         -3.108882949220547         -2.028866669161874          1.484342083672465
   7 C     4.0000    0    12.011         -0.642828138975992         -0.539649092063892          0.130844637512707
   8 C     4.0000    0    12.011          0.826226060273050          1.866406913428663          1.667966772105593
   9 H     1.0000    0     1.008          1.059966285777769          1.331085294211451          3.766205287643715
  10 H     1.0000    0     1.008         -0.394896070205524          3.662062480403315          1.505204660190955
  11 H     1.0000    0     1.008          0.879384056420254         -2.062428205300315         -0.217677553366389
  12 H     1.0000    0     1.008         -1.328099526919856          0.253544555388214         -1.779857456495070
  13 H     1.0000    0     1.008         -4.604601184219218         -0.446050956650772          1.839705083156356
  14 H     1.0000    0     1.008         -2.410496861907270         -2.774665985175235          3.432895392142685
  15 C     4.0000    0    12.011          3.570316276601438          2.285000149353560          0.326752545816324
  16 C     4.0000    0    12.011          5.347017890452860          4.805649147607100          1.119983987791108
  17 C     4.0000    0    12.011          4.877439843434768          7.229071736270392         -0.884656392333895
  18 H     1.0000    0     1.008          6.283944107651017          8.836000354250329         -0.418460955095522
  19 H     1.0000    0     1.008          2.826406686721999          7.954821058002848         -0.676937695693271
  20 H     1.0000    0     1.008          5.207404923678758          6.540001998797346         -2.935122631206488
  21 H     1.0000    0     1.008          4.833730477957170          5.441239635490173          3.134602121903216
  22 H     1.0000    0     1.008          7.445804426569820          4.233893608527886          1.037176188602679
  23 H     1.0000    0     1.008          3.273119047519643          2.373401537898396         -1.841273555847511
  24 H     1.0000    0     1.008          4.799847688375961          0.520147118361824          0.769099639244610
  25 H     1.0000    0     1.008         -3.627329314061842         -9.414218756707553         -3.894064157864827
  26 H     1.0000    0     1.008         -8.451743442178781         -3.683416385716625          0.606148554716581

--------------------------------
INTERNAL COORDINATES (ANGSTROEM)
--------------------------------
 C      0   0   0   0.000000     0.000     0.000
 C      1   0   0   1.395670     0.000     0.000
 C      2   1   0   1.429775   114.102     0.000
 C      3   2   1   1.398335   113.693     0.000
 S      1   2   3   1.658044   105.479     0.000
 H      2   1   3   1.142741   123.377   175.080
 C      3   2   1   1.618442   121.817   179.660
 C      7   3   2   1.684343   116.771    40.687
 C      8   7   3   1.699143   120.099   180.135
 H      9   8   7   1.152563   109.033    42.286
 H      9   8   7   1.152345   109.000   282.722
 H      8   7   3   1.154220   106.380   300.675
 H      8   7   3   1.153259   107.427    57.839
 H      7   3   2   1.167644   109.468   159.692
 H      7   3   2   1.164288   110.060   278.740
 C      9   8   7   1.631386   107.501   162.598
 C     16   9   8   1.685042   119.719   171.248
 C     17  16   9   1.682756   111.336   265.326
 H     18  17  16   1.156686   109.317   186.276
 H     18  17  16   1.156539   109.374    65.973
 H     18  17  16   1.157932   109.176   306.077
 H     17  16   9   1.150413   109.302    25.872
 H     17  16   9   1.151938   108.697   145.772
 H     16   9   8   1.158944   108.383    48.426
 H     16   9   8   1.162038   107.555   291.980
 H      1   2   3   1.059997   127.260   180.000
 H      4   3   2   1.059994   127.206   179.999

---------------------------
INTERNAL COORDINATES (A.U.)
---------------------------
 C      0   0   0   0.000000     0.000     0.000
 C      1   0   0   2.637435     0.000     0.000
 C      2   1   0   2.701883   114.102     0.000
 C      3   2   1   2.642469   113.693     0.000
 S      1   2   3   3.133249   105.479     0.000
 H      2   1   3   2.159468   123.377   175.080
 C      3   2   1   3.058412   121.817   179.660
 C      7   3   2   3.182947   116.771    40.687
 C      8   7   3   3.210914   120.099   180.135
 H      9   8   7   2.178029   109.033    42.286
 H      9   8   7   2.177616   109.000   282.722
 H      8   7   3   2.181159   106.380   300.675
 H      8   7   3   2.179343   107.427    57.839
 H      7   3   2   2.206527   109.468   159.692
 H      7   3   2   2.200186   110.060   278.740
 C      9   8   7   3.082873   107.501   162.598
 C     16   9   8   3.184267   119.719   171.248
 C     17  16   9   3.179947   111.336   265.326
 H     18  17  16   2.185821   109.317   186.276
 H     18  17  16   2.185543   109.374    65.973
 H     18  17  16   2.188174   109.176   306.077
 H     17  16   9   2.173965   109.302    25.872
 H     17  16   9   2.176848   108.697   145.772
 H     16   9   8   2.190086   108.383    48.426
 H     16   9   8   2.195934   107.555   291.980
 H      1   2   3   2.003105   127.260   180.000
 H      4   3   2   2.003098   127.206   179.999

----------------------------
SLATER BASIS SET DIM=  60
----------------------------
  0 C     2 shells
 l=0 nsto= 1
    2       1.625000000000        1.000000000000
 l=1 nsto= 1
    2       1.625000000000        1.000000000000
  1 C     2 shells
 l=0 nsto= 1
    2       1.625000000000        1.000000000000
 l=1 nsto= 1
    2       1.625000000000        1.000000000000
  2 C     2 shells
 l=0 nsto= 1
    2       1.625000000000        1.000000000000
 l=1 nsto= 1
    2       1.625000000000        1.000000000000
  3 C     2 shells
 l=0 nsto= 1
    2       1.625000000000        1.000000000000
 l=1 nsto= 1
    2       1.625000000000        1.000000000000
  4 S     2 shells
 l=0 nsto= 1
    3       1.925000000000        1.000000000000
 l=1 nsto= 1
    3       1.925000000000        1.000000000000
  5 H     1 shells
 l=0 nsto= 1
    1       1.200000000000        1.000000000000
  6 C     2 shells
 l=0 nsto= 1
    2       1.625000000000        1.000000000000
 l=1 nsto= 1
    2       1.625000000000        1.000000000000
  7 C     2 shells
 l=0 nsto= 1
    2       1.625000000000        1.000000000000
 l=1 nsto= 1
    2       1.625000000000        1.000000000000
  8 C     2 shells
 l=0 nsto= 1
    2       1.625000000000        1.000000000000
 l=1 nsto= 1
    2       1.625000000000        1.000000000000
  9 H     1 shells
 l=0 nsto= 1
    1       1.200000000000        1.000000000000
 10 H     1 shells
 l=0 nsto= 1
    1       1.200000000000        1.000000000000
 11 H     1 shells
 l=0 nsto= 1
    1       1.200000000000        1.000000000000
 12 H     1 shells
 l=0 nsto= 1
    1       1.200000000000        1.000000000000
 13 H     1 shells
 l=0 nsto= 1
    1       1.200000000000        1.000000000000
 14 H     1 shells
 l=0 nsto= 1
    1       1.200000000000        1.000000000000
 15 C     2 shells
 l=0 nsto= 1
    2       1.625000000000        1.000000000000
 l=1 nsto= 1
    2       1.625000000000        1.000000000000
 16 C     2 shells
 l=0 nsto= 1
    2       1.625000000000        1.000000000000
 l=1 nsto= 1
    2       1.625000000000        1.000000000000
 17 C     2 shells
 l=0 nsto= 1
    2       1.625000000000        1.000000000000
 l=1 nsto= 1
    2       1.625000000000        1.000000000000
 18 H     1 shells
 l=0 nsto= 1
    1       1.200000000000        1.000000000000
 19 H     1 shells
 l=0 nsto= 1
    1       1.200000000000        1.000000000000
 20 H     1 shells
 l=0 nsto= 1
    1       1.200000000000        1.000000000000
 21 H     1 shells
 l=0 nsto= 1
    1       1.200000000000        1.000000000000
 22 H     1 shells
 l=0 nsto= 1
    1       1.200000000000        1.000000000000
 23 H     1 shells
 l=0 nsto= 1
    1       1.200000000000        1.000000000000
 24 H     1 shells
 l=0 nsto= 1
    1       1.200000000000        1.000000000000
 25 H     1 shells
 l=0 nsto= 1
    1       1.200000000000        1.000000000000
 26 H     1 shells
 l=0 nsto= 1
    1       1.200000000000        1.000000000000
------------------------------------------------------------------------------
                           ORCA NDO INTEGRAL CALCULATION
------------------------------------------------------------------------------

--------------
NDO PARAMETERS
--------------

Gamma integral treatment              ... Mataga-Nishimoto
Nuclear repulsuion treatment          ... Direct (ZA*ZB/RAB)
Interaction factors:
s-s (sigma) =    1.0000
s-p (sigma) =    1.0000
s-d (sigma) =    1.0000
p-p (sigma) =    1.2670  p-p(pi) =    0.5850
p-d (sigma) =    1.0000  p-d(pi) =    1.0000
d-d (sigma) =    1.0000  d-d(pi) =    1.0000 d-d (delta) =    1.0000

fGamma parameter for Mataga-Nishimoto gamma integrals:    1.2000

--------------------------
Parameters for Element H :
--------------------------
 One-electron parameters (in eV)
  U(s)  =   -13.060000 Beta(s) =    12.000000 Neff(s) =     1.000000
 One-center electron repulsion parameters (in eV)
  G(s,s)=    12.850000
--------------------------
Parameters for Element C :
--------------------------
 One-electron parameters (in eV)
  U(s)  =   -50.870766 Beta(s) =    17.000000 Neff(s) =     2.000000
  U(p)  =   -41.599980 Beta(p) =    17.000000 Neff(p) =     2.000000 
 One-center electron repulsion parameters (in eV)
  G(s,s)=    11.110000
  G(s,p)=    11.110000 G(p,p)  =    11.110000
 Slater-Condon parameters (in eV)
 F2(p,p)=     4.5098 G1(s,p)=    6.8977
--------------------------
Parameters for Element S :
--------------------------
 One-electron parameters (in eV)
  U(s)  =   -69.509597 Beta(s) =    15.000000 Neff(s) =     2.000000
  U(p)  =   -60.725746 Beta(p) =    15.000000 Neff(p) =     4.000000 
 One-center electron repulsion parameters (in eV)
  G(s,s)=    10.090000
  G(s,p)=    10.090000 G(p,p)  =    10.090000
 Slater-Condon parameters (in eV)
 F2(p,p)=     4.5377 G1(s,p)=    3.0756

 Number of atoms                    ....   27
 Number of basis functions          ....   60

 Overlap integrals                  .... done
 One electron matrix                .... done
 Nuclear repulsion                  .... done
 Integral list                      .... done
 Electron-electron repulsion        .... done
-------------------------------------------------------------------------------
                                 ORCA SCF
-------------------------------------------------------------------------------

------------
SCF SETTINGS
------------
Hamiltonian:
 ZDO-Hamiltonian        Method          .... INDO


General Settings:
 Integral files         IntName         .... /Users/mattyjones/GoogleDrive/Boise/Code/MorphCT/tests/output_EZ/donor_polymer/chromophores/input_orca/single/00028
 Hartree-Fock type      HFTyp           .... RHF
 Total Charge           Charge          ....    0
 Multiplicity           Mult            ....    1
 Number of Electrons    NEL             ....   62
 Basis Dimension        Dim             ....   60
 Nuclear Repulsion      ENuc            ....    289.6452968245 Eh

Convergence Acceleration:
 DIIS                   CNVDIIS         .... on
   Start iteration      DIISMaxIt       ....    12
   Startup error        DIISStart       ....  0.200000
   # of expansion vecs  DIISMaxEq       ....     5
   Bias factor          DIISBfac        ....   1.050
   Max. coefficient     DIISMaxC        ....  10.000
 Newton-Raphson         CNVNR           .... off
 SOSCF                  CNVSOSCF        .... on
   Start iteration      SOSCFMaxIt      ....   150
   Startup grad/error   SOSCFStart      ....  0.003300
 Level Shifting         CNVShift        .... on
   Level shift para.    LevelShift      ....    0.2500
   Turn off err/grad.   ShiftErr        ....    0.0010
 Zerner damping         CNVZerner       .... off
 Static damping         CNVDamp         .... on
   Fraction old density DampFac         ....    0.7000
   Max. Damping (<1)    DampMax         ....    0.9800
   Min. Damping (>=0)   DampMin         ....    0.0000
   Turn off err/grad.   DampErr         ....    0.1000
 Fernandez-Rico         CNVRico         .... off

SCF Procedure:
 Maximum # iterations   MaxIter         ....   125
 SCF integral mode      SCFMode         .... Conventional
 Integral Buffer length BufferLength    .... 1048576
 Integral index format  IndFormat       ....     0
 Integral value format  ValFormat       ....     0
 Integral Storage       Thresh          ....  1.000e-08 Eh

Convergence Tolerance:
 Convergence Check Mode ConvCheckMode   .... Total+1el-Energy
 Energy Change          TolE            ....  1.000e-06 Eh
 1-El. energy change                    ....  1.000e-03 Eh
 Orbital Gradient       TolG            ....  5.000e-05
 Orbital Rotation angle TolX            ....  5.000e-05
 DIIS Error             TolErr          ....  1.000e-06


Diagonalization of the overlap matrix:
Smallest eigenvalue                        ... 1.698e-01
Time for diagonalization                   ...    0.001 sec
Threshold for overlap eigenvalues          ... 1.000e-08
Number of eigenvalues below threshold      ... 0
Time for construction of square roots      ...    0.000 sec
Total time needed                          ...    0.002 sec

-------------------------------
INITIAL GUESS: EXTENDED HUECKEL
-------------------------------
EHT matrix was read from disk
EHT matrix was diagonalized
Initial density was built
                      ------------------
                      INITIAL GUESS DONE
                      ------------------

 InCore treatment chosen:
   Memory dedicated               ...    1024 MB
   Memory needed                  ...      0 MB
   Number of tiny    integrals    ...       0
   Number of small   integrals    ...       0
   Number of regular integrals    ...    1896

--------------
SCF ITERATIONS
--------------
ITER       Energy         Delta-E        Max-DP      RMS-DP      [F,P]     Damp
  0     -7.7314724168   0.000000000000 0.04139341  0.00203471  0.1108555 0.7000
  1     -7.7522788133  -0.020806396512 0.03926154  0.00191574  0.0758146 0.7000
                               ***Turning on DIIS***
  2     -7.7676695122  -0.015390698925 0.10011421  0.00491457  0.0461187 0.0000
  3     -7.8079365665  -0.040267054234 0.01848287  0.00101872  0.0210937 0.0000
  4     -7.8003636963   0.007572870151 0.01109113  0.00069843  0.0068439 0.0000
  5     -7.8088561626  -0.008492466278 0.00781099  0.00047312  0.0039434 0.0000
  6     -7.8101717290  -0.001315566364 0.00586102  0.00033678  0.0021277 0.0000
                      *** Initiating the SOSCF procedure ***
                           *** Shutting down DIIS ***
                      *** Re-Reading the Fockian *** 
                      *** Removing any level shift *** 
ITER      Energy       Delta-E        Grad      Rot      Max-DP    RMS-DP
  7     -7.80812253   0.0020491967  0.003014  0.003014  0.003480  0.000189
  8     -7.80713379   0.0009887439  0.000797  0.002186  0.001722  0.000087
  9     -7.80714091  -0.0000071237  0.000351  0.002133  0.001926  0.000092
 10     -7.80714351  -0.0000026016  0.000027  0.000067  0.000112  0.000005
                 **** Energy Check signals convergence ****
              ***Rediagonalizing the Fockian in SOSCF/NRSCF***

               *****************************************************
               *                     SUCCESS                       *
               *           SCF CONVERGED AFTER  11 CYCLES          *
               *****************************************************


----------------
TOTAL SCF ENERGY
----------------

Total Energy       :           -7.80714354 Eh            -212.44318 eV

Components:
Nuclear Repulsion  :          289.64529682 Eh            7881.64922 eV
Electronic Energy  :         -297.45244036 Eh           -8094.09240 eV

One Electron Energy:         -549.66380983 Eh          -14957.11267 eV
Two Electron Energy:          252.21136947 Eh            6863.02027 eV


---------------
SCF CONVERGENCE
---------------

  Last Energy change         ...   -2.2895e-08  Tolerance :   1.0000e-06
  Last MAX-Density change    ...    4.1653e-05  Tolerance :   1.0000e-05
  Last RMS-Density change    ...    1.8476e-06  Tolerance :   1.0000e-06
  Last Orbital Gradient      ...    8.3796e-06  Tolerance :   5.0000e-05
  Last Orbital Rotation      ...    1.9953e-05  Tolerance :   5.0000e-05

             **** THE GBW FILE WAS UPDATED (/Users/mattyjones/GoogleDrive/Boise/Code/MorphCT/tests/output_EZ/donor_polymer/chromophores/input_orca/single/00028.gbw) ****
             **** DENSITY FILE WAS UPDATED (/Users/mattyjones/GoogleDrive/Boise/Code/MorphCT/tests/output_EZ/donor_polymer/chromophores/input_orca/single/00028.scfp.tmp) ****
             **** ENERGY FILE WAS UPDATED (/Users/mattyjones/GoogleDrive/Boise/Code/MorphCT/tests/output_EZ/donor_polymer/chromophores/input_orca/single/00028.en.tmp) ****
----------------
ORBITAL ENERGIES
----------------

  NO   OCC          E(Eh)            E(eV) 
   0   2.0000      -1.557085       -42.3704 
   1   2.0000      -1.405129       -38.2355 
   2   2.0000      -1.297169       -35.2978 
   3   2.0000      -1.186803       -32.2945 
   4   2.0000      -1.113937       -30.3118 
   5   2.0000      -1.023712       -27.8566 
   6   2.0000      -0.952999       -25.9324 
   7   2.0000      -0.897729       -24.4284 
   8   2.0000      -0.868775       -23.6406 
   9   2.0000      -0.833259       -22.6741 
  10   2.0000      -0.770226       -20.9589 
  11   2.0000      -0.726318       -19.7641 
  12   2.0000      -0.715315       -19.4647 
  13   2.0000      -0.664943       -18.0940 
  14   2.0000      -0.639368       -17.3981 
  15   2.0000      -0.638008       -17.3611 
  16   2.0000      -0.579274       -15.7628 
  17   2.0000      -0.567446       -15.4410 
  18   2.0000      -0.566525       -15.4159 
  19   2.0000      -0.559741       -15.2313 
  20   2.0000      -0.528983       -14.3944 
  21   2.0000      -0.517874       -14.0921 
  22   2.0000      -0.512364       -13.9421 
  23   2.0000      -0.491341       -13.3701 
  24   2.0000      -0.488862       -13.3026 
  25   2.0000      -0.477655       -12.9977 
  26   2.0000      -0.472474       -12.8567 
  27   2.0000      -0.466994       -12.7076 
  28   2.0000      -0.438473       -11.9315 
  29   2.0000      -0.356976        -9.7138 
  30   2.0000      -0.304786        -8.2936 
  31   0.0000       0.007894         0.2148 
  32   0.0000       0.070209         1.9105 
  33   0.0000       0.075052         2.0423 
  34   0.0000       0.091296         2.4843 
  35   0.0000       0.104961         2.8561 
  36   0.0000       0.108960         2.9649 
  37   0.0000       0.124254         3.3811 
  38   0.0000       0.141037         3.8378 
  39   0.0000       0.154451         4.2028 
  40   0.0000       0.165726         4.5096 
  41   0.0000       0.171295         4.6612 
  42   0.0000       0.204580         5.5669 
  43   0.0000       0.233815         6.3624 
  44   0.0000       0.235602         6.4110 
  45   0.0000       0.239236         6.5099 
  46   0.0000       0.240752         6.5512 
  47   0.0000       0.242502         6.5988 
  48   0.0000       0.242811         6.6072 
  49   0.0000       0.244781         6.6608 
  50   0.0000       0.255325         6.9478 
  51   0.0000       0.260331         7.0840 
  52   0.0000       0.266981         7.2649 
  53   0.0000       0.287128         7.8131 
  54   0.0000       0.299219         8.1422 
  55   0.0000       0.310328         8.4445 
  56   0.0000       0.339534         9.2392 
  57   0.0000       0.354197         9.6382 
  58   0.0000       0.413824        11.2607 
  59   0.0000       0.429109        11.6767 
-------
TIMINGS
-------

Total SCF time: 0 days 0 hours 0 min 0 sec 

Total time                  ....       0.077 sec
Sum of individual times     ....       0.066 sec  ( 85.7%)

Fock matrix formation       ....       0.047 sec  ( 62.1%)
Diagonalization             ....       0.007 sec  (  8.6%)
Density matrix formation    ....       0.001 sec  (  0.9%)
Population analysis         ....       0.000 sec  (  0.0%)
Initial guess               ....       0.001 sec  (  0.7%)
Orbital Transformation      ....       0.000 sec  (  0.0%)
Orbital Orthonormalization  ....       0.000 sec  (  0.0%)
DIIS solution               ....       0.008 sec  ( 11.1%)
SOSCF solution              ....       0.002 sec  (  2.3%)

-------------------------   --------------------
FINAL SINGLE POINT ENERGY        -7.807143536494
-------------------------   --------------------


                            ***************************************
                            *     ORCA property calculations      *
                            ***************************************

                                    ---------------------
                                    Active property flags
                                    ---------------------
   (+) Dipole Moment


------------------------------------------------------------------------------
                       ORCA ELECTRIC PROPERTIES CALCULATION
------------------------------------------------------------------------------

Dipole Moment Calculation                       ... on
Quadrupole Moment Calculation                   ... off
Polarizability Calculation                      ... off
GBWName                                         ... /Users/mattyjones/GoogleDrive/Boise/Code/MorphCT/tests/output_EZ/donor_polymer/chromophores/input_orca/single/00028.gbw
Electron density file                           ... /Users/mattyjones/GoogleDrive/Boise/Code/MorphCT/tests/output_EZ/donor_polymer/chromophores/input_orca/single/00028.scfp.tmp

-------------
DIPOLE MOMENT
-------------
                                X             Y             Z
Electronic contribution:   -102.97192    -105.13354     -26.95848
Nuclear contribution   :     55.22938      56.74463      14.27693
                        -----------------------------------------
Total Dipole Moment    :    -47.74255     -48.38891     -12.68154
                        -----------------------------------------
Magnitude (a.u.)       :     69.14954
Magnitude (Debye)      :    175.76416


Timings for individual modules:

Sum of individual times         ...        0.217 sec (=   0.004 min)
STO integral calculation        ...        0.097 sec (=   0.002 min)  44.5 %
SCF iterations                  ...        0.121 sec (=   0.002 min)  55.5 %
                             ****ORCA TERMINATED NORMALLY****
TOTAL RUN TIME: 0 days 0 hours 0 minutes 0 seconds 506 msec

