
                                 *****************
                                 * O   R   C   A *
                                 *****************

           --- An Ab Initio, DFT and Semiempirical electronic structure package ---

                  #######################################################
                  #                        -***-                        #
                  #  Department of molecular theory and spectroscopy    #
                  #              Directorship: Frank Neese              #
                  # Max Planck Institute for Chemical Energy Conversion #
                  #                  D-45470 Muelheim/Ruhr              #
                  #                       Germany                       #
                  #                                                     #
                  #                  All rights reserved                #
                  #                        -***-                        #
                  #######################################################


                         Program Version 3.0.3 - RELEASE   -


 With contributions from (in alphabetic order):
   Ute Becker             : Parallelization
   Dmytro Bykov           : SCF Hessian
   Dmitry Ganyushin       : Spin-Orbit,Spin-Spin,Magnetic field MRCI
   Andreas Hansen         : Spin unrestricted coupled pair/coupled cluster methods
   Dimitrios Liakos       : Extrapolation schemes; parallel MDCI
   Robert Izsak           : Overlap fitted RIJCOSX, COSX-SCS-MP3
   Christian Kollmar      : KDIIS, OOCD, Brueckner-CCSD(T), CCSD density
   Simone Kossmann        : Meta GGA functionals, TD-DFT gradient, OOMP2, MP2 Hessian
   Taras Petrenko         : DFT Hessian,TD-DFT gradient, ASA and ECA modules, normal mode analysis, Resonance Raman, ABS, FL, XAS/XES, NRVS
   Christoph Reimann      : Effective Core Potentials
   Michael Roemelt        : Restricted open shell CIS
   Christoph Riplinger    : Improved optimizer, TS searches, QM/MM, DLPNO-CCSD
   Barbara Sandhoefer     : DKH picture change effects
   Igor Schapiro          : Molecular dynamics
   Kantharuban Sivalingam : CASSCF convergence, NEVPT2
   Boris Wezisla          : Elementary symmetry handling
   Frank Wennmohs         : Technical directorship


 We gratefully acknowledge several colleagues who have allowed us to
 interface, adapt or use parts of their codes:
   Stefan Grimme, W. Hujo, H. Kruse, T. Risthaus : VdW corrections, initial TS optimization,
                                                   DFT functionals, gCP
   Ed Valeev                                     : LibInt (2-el integral package), F12 methods
   Garnet Chan, S. Sharma, R. Olivares           : DMRG
   Ulf Ekstrom                                   : XCFun DFT Library
   Mihaly Kallay                                 : mrcc  (arbitrary order and MRCC methods)
   Andreas Klamt, Michael Diedenhofen            : otool_cosmo (COSMO solvation model)
   Frank Weinhold                                : gennbo (NPA and NBO analysis)
   Christopher J. Cramer and Donald G. Truhlar   : smd solvation model


 Your calculation uses the libint2 library for the computation of 2-el integrals
 For citations please refer to: http://libint.valeyev.net

 This ORCA versions uses:
   CBLAS   interface :  Fast vector & matrix operations
   LAPACKE interface :  Fast linear algebra routines
   SCALAPACK package :  Parallel linear algebra routines


leaving
================================================================================
                                        WARNINGS
                       Please study these warnings very carefully!
================================================================================
Now building the actual basis set

WARNING: Direct SCF is incompatible with Method<>HF and Method<>DFT
  ===> : conventional SCF is chosen

WARNING: The NDO methods need Guess=HUECKEL or Guess=HCORE or Guess=MOREAD
  ===> : Guess is set to Hueckel

WARNING: The NDO methods need %rel::SOCType==1
  ===> : %rel::SOCType is set to 1

WARNING: The NDO methods cannot have frozencore=1
  ===> : %method FrozenCore=0 end


INFO   : the flag for use of LIBINT has been found!

================================================================================
                                       INPUT FILE
================================================================================
NAME = /Users/mattyjones/GoogleDrive/Boise/Code/MorphCT/tests/output_EZ/donor_polymer/chromophores/input_orca/single/00029.inp
|  1> # ================================================================
|  2> # Orca input file made by Matty Jones
|  3> # ================================================================
|  4> ! ZINDO/S 
|  5> ! NOPOP
|  6> ! NOMOPRINT
|  7> * xyz 0   1
|  8>  C  4.22321  0.07526  -1.24072
|  9>  C  2.89170  0.34907  -0.92446
| 10>  C  2.67076  0.65879  0.45378
| 11>  C  3.83368  0.62940  1.22972
| 12>  S  5.05685  0.22741  0.18441
| 13>  H  2.04716  0.36258  -1.69297
| 14>  C  1.29576  1.03750  1.25701
| 15>  C  -0.24965  0.30416  1.59419
| 16>  C  -1.85375  0.11800  1.00632
| 17>  H  -2.54358  0.32537  1.91856
| 18>  H  -2.00635  0.97720  0.25018
| 19>  H  0.07737  -0.80094  1.73519
| 20>  H  -0.46344  0.75682  2.64743
| 21>  H  0.92387  2.03211  0.75137
| 22>  H  1.62864  1.33409  2.34175
| 23>  C  -2.31259  -1.30228  0.35725
| 24>  C  -2.63631  -1.39165  -1.29359
| 25>  C  -2.70599  0.08466  -2.08836
| 26>  H  -1.66299  0.58384  -2.07006
| 27>  H  -3.48002  0.76753  -1.56347
| 28>  H  -3.03371  -0.09117  -3.18484
| 29>  H  -1.80806  -2.02529  -1.78600
| 30>  H  -3.65277  -1.92064  -1.43091
| 31>  H  -1.49121  -2.09179  0.57536
| 32>  H  -3.28296  -1.64666  0.89586
| 33>  H  4.61823  -0.17681  -2.19152
| 34>  H  3.91616  0.82344  2.26854
| 35> *
| 36> 
| 37>                          ****END OF INPUT****
================================================================================

                       ****************************
                       * Single Point Calculation *
                       ****************************

---------------------------------
CARTESIAN COORDINATES (ANGSTROEM)
---------------------------------
  C      4.223210    0.075260   -1.240720
  C      2.891700    0.349070   -0.924460
  C      2.670760    0.658790    0.453780
  C      3.833680    0.629400    1.229720
  S      5.056850    0.227410    0.184410
  H      2.047160    0.362580   -1.692970
  C      1.295760    1.037500    1.257010
  C     -0.249650    0.304160    1.594190
  C     -1.853750    0.118000    1.006320
  H     -2.543580    0.325370    1.918560
  H     -2.006350    0.977200    0.250180
  H      0.077370   -0.800940    1.735190
  H     -0.463440    0.756820    2.647430
  H      0.923870    2.032110    0.751370
  H      1.628640    1.334090    2.341750
  C     -2.312590   -1.302280    0.357250
  C     -2.636310   -1.391650   -1.293590
  C     -2.705990    0.084660   -2.088360
  H     -1.662990    0.583840   -2.070060
  H     -3.480020    0.767530   -1.563470
  H     -3.033710   -0.091170   -3.184840
  H     -1.808060   -2.025290   -1.786000
  H     -3.652770   -1.920640   -1.430910
  H     -1.491210   -2.091790    0.575360
  H     -3.282960   -1.646660    0.895860
  H      4.618230   -0.176810   -2.191520
  H      3.916160    0.823440    2.268540

----------------------------
CARTESIAN COORDINATES (A.U.)
----------------------------
  NO LB      ZA    FRAG    MASS        X           Y           Z
   0 C     4.0000    0    12.011          7.980710306037569          0.142220788838913         -2.344621008878776
   1 C     4.0000    0    12.011          5.464521061460084          0.659646701567891         -1.746976221764840
   2 C     4.0000    0    12.011          5.047004969431522          1.244932679765981          0.857519925050786
   3 C     4.0000    0    12.011          7.244605285091224          1.189393628690036          2.323834021405641
   4 S     6.0000    0    32.060          9.556061600319682          0.429742620115032          0.348484396356418
   5 H     1.0000    0     1.008          3.868571752318229          0.685176901637167         -3.199249652944661
   6 C     4.0000    0    12.011          2.448631535289801          1.960590863943299          2.375404647600353
   7 C     4.0000    0    12.011         -0.471770129333440          0.574779100893488          3.012582505435920
   8 C     4.0000    0    12.011         -3.503079820756520          0.222987683802708          1.901669203087634
   9 H     1.0000    0     1.008         -4.806669599719418          0.614860192193958          3.625552971495956
  10 H     1.0000    0     1.008         -3.791452028792903          1.846640378067847          0.472771684184419
  11 H     1.0000    0     1.008          0.146208110981487         -1.513557249702887          3.279033890318817
  12 H     1.0000    0     1.008         -0.875774679504465          1.430182532674282          5.002917658727140
  13 H     1.0000    0     1.008          1.745861283345827          3.840131374002715          1.419883525244411
  14 H     1.0000    0     1.008          3.077683570749508          2.521064738003003          4.425266174110091
  15 C     4.0000    0    12.011         -4.370161760044947         -2.460952549682968          0.675104661343367
  16 C     4.0000    0    12.011         -4.981903904117935         -2.629837374271510         -2.444530829579192
  17 C     4.0000    0    12.011         -5.113580021129567          0.159984214497773         -3.946428469035785
  18 H     1.0000    0     1.008         -3.142595663449702          1.103297706028584         -3.911846480785026
  19 H     1.0000    0     1.008         -6.576284740568634          1.450421499568578         -2.954530118601859
  20 H     1.0000    0     1.008         -5.732881069738241         -0.172286331629601         -6.018475380357759
  21 H     1.0000    0     1.008         -3.416738233697658         -3.827243441769372         -3.375050875183355
  22 H     1.0000    0     1.008         -6.902734930203530         -3.629483601854512         -2.704028022289258
  23 H     1.0000    0     1.008         -2.817978508164710         -3.952910229675135          1.087272828412931
  24 H     1.0000    0     1.008         -6.203895308618113         -3.111736435682768          1.692930054334693
  25 H     1.0000    0     1.008          8.727189923459141         -0.334122477738616         -4.141372617011101
  26 H     1.0000    0     1.008          7.400469896617049          1.556076087716115          4.286919323845716

--------------------------------
INTERNAL COORDINATES (ANGSTROEM)
--------------------------------
 C      0   0   0   0.000000     0.000     0.000
 C      1   0   0   1.395676     0.000     0.000
 C      2   1   0   1.429785   114.101     0.000
 C      3   2   1   1.398331   113.693     0.000
 S      1   2   3   1.658041   105.480     0.000
 H      2   1   3   1.141945   123.737   178.069
 C      3   2   1   1.636834   130.765   179.958
 C      7   3   2   1.743494   137.918    60.191
 C      8   7   3   1.718541   143.781   271.100
 H      9   8   7   1.162347   105.436   227.051
 H      9   8   7   1.154668   105.472   340.775
 H      8   7   3   1.161064   100.030    37.082
 H      8   7   3   1.166157   100.015   147.715
 H      7   3   2   1.176105   104.496   298.138
 H      7   3   2   1.172790   105.900   186.582
 C      9   8   7   1.627581   119.610   105.953
 C     16   9   8   1.684653   119.423   248.496
 C     17  16   9   1.678096   115.177   349.924
 H     18  17  16   1.156445   109.560    65.463
 H     18  17  16   1.157991   109.382   304.880
 H     18  17  16   1.157836   109.067   185.454
 H     17  16   9   1.153241   108.032   110.881
 H     17  16   9   1.154070   108.069   228.990
 H     16   9   8   1.159984   108.622    10.797
 H     16   9   8   1.162031   108.010   127.230
 H      1   2   3   1.060000   127.260   180.000
 H      4   3   2   1.060001   127.206   179.999

---------------------------
INTERNAL COORDINATES (A.U.)
---------------------------
 C      0   0   0   0.000000     0.000     0.000
 C      1   0   0   2.637445     0.000     0.000
 C      2   1   0   2.701903   114.101     0.000
 C      3   2   1   2.642463   113.693     0.000
 S      1   2   3   3.133244   105.480     0.000
 H      2   1   3   2.157963   123.737   178.069
 C      3   2   1   3.093167   130.765   179.958
 C      7   3   2   3.294725   137.918    60.191
 C      8   7   3   3.247572   143.781   271.100
 H      9   8   7   2.196517   105.436   227.051
 H      9   8   7   2.182007   105.472   340.775
 H      8   7   3   2.194093   100.030    37.082
 H      8   7   3   2.203717   100.015   147.715
 H      7   3   2   2.222516   104.496   298.138
 H      7   3   2   2.216251   105.900   186.582
 C      9   8   7   3.075683   119.610   105.953
 C     16   9   8   3.183532   119.423   248.496
 C     17  16   9   3.171142   115.177   349.924
 H     18  17  16   2.185364   109.560    65.463
 H     18  17  16   2.188286   109.382   304.880
 H     18  17  16   2.187994   109.067   185.454
 H     17  16   9   2.179310   108.032   110.881
 H     17  16   9   2.180877   108.069   228.990
 H     16   9   8   2.192052   108.622    10.797
 H     16   9   8   2.195921   108.010   127.230
 H      1   2   3   2.003110   127.260   180.000
 H      4   3   2   2.003111   127.206   179.999

----------------------------
SLATER BASIS SET DIM=  60
----------------------------
  0 C     2 shells
 l=0 nsto= 1
    2       1.625000000000        1.000000000000
 l=1 nsto= 1
    2       1.625000000000        1.000000000000
  1 C     2 shells
 l=0 nsto= 1
    2       1.625000000000        1.000000000000
 l=1 nsto= 1
    2       1.625000000000        1.000000000000
  2 C     2 shells
 l=0 nsto= 1
    2       1.625000000000        1.000000000000
 l=1 nsto= 1
    2       1.625000000000        1.000000000000
  3 C     2 shells
 l=0 nsto= 1
    2       1.625000000000        1.000000000000
 l=1 nsto= 1
    2       1.625000000000        1.000000000000
  4 S     2 shells
 l=0 nsto= 1
    3       1.925000000000        1.000000000000
 l=1 nsto= 1
    3       1.925000000000        1.000000000000
  5 H     1 shells
 l=0 nsto= 1
    1       1.200000000000        1.000000000000
  6 C     2 shells
 l=0 nsto= 1
    2       1.625000000000        1.000000000000
 l=1 nsto= 1
    2       1.625000000000        1.000000000000
  7 C     2 shells
 l=0 nsto= 1
    2       1.625000000000        1.000000000000
 l=1 nsto= 1
    2       1.625000000000        1.000000000000
  8 C     2 shells
 l=0 nsto= 1
    2       1.625000000000        1.000000000000
 l=1 nsto= 1
    2       1.625000000000        1.000000000000
  9 H     1 shells
 l=0 nsto= 1
    1       1.200000000000        1.000000000000
 10 H     1 shells
 l=0 nsto= 1
    1       1.200000000000        1.000000000000
 11 H     1 shells
 l=0 nsto= 1
    1       1.200000000000        1.000000000000
 12 H     1 shells
 l=0 nsto= 1
    1       1.200000000000        1.000000000000
 13 H     1 shells
 l=0 nsto= 1
    1       1.200000000000        1.000000000000
 14 H     1 shells
 l=0 nsto= 1
    1       1.200000000000        1.000000000000
 15 C     2 shells
 l=0 nsto= 1
    2       1.625000000000        1.000000000000
 l=1 nsto= 1
    2       1.625000000000        1.000000000000
 16 C     2 shells
 l=0 nsto= 1
    2       1.625000000000        1.000000000000
 l=1 nsto= 1
    2       1.625000000000        1.000000000000
 17 C     2 shells
 l=0 nsto= 1
    2       1.625000000000        1.000000000000
 l=1 nsto= 1
    2       1.625000000000        1.000000000000
 18 H     1 shells
 l=0 nsto= 1
    1       1.200000000000        1.000000000000
 19 H     1 shells
 l=0 nsto= 1
    1       1.200000000000        1.000000000000
 20 H     1 shells
 l=0 nsto= 1
    1       1.200000000000        1.000000000000
 21 H     1 shells
 l=0 nsto= 1
    1       1.200000000000        1.000000000000
 22 H     1 shells
 l=0 nsto= 1
    1       1.200000000000        1.000000000000
 23 H     1 shells
 l=0 nsto= 1
    1       1.200000000000        1.000000000000
 24 H     1 shells
 l=0 nsto= 1
    1       1.200000000000        1.000000000000
 25 H     1 shells
 l=0 nsto= 1
    1       1.200000000000        1.000000000000
 26 H     1 shells
 l=0 nsto= 1
    1       1.200000000000        1.000000000000
------------------------------------------------------------------------------
                           ORCA NDO INTEGRAL CALCULATION
------------------------------------------------------------------------------

--------------
NDO PARAMETERS
--------------

Gamma integral treatment              ... Mataga-Nishimoto
Nuclear repulsuion treatment          ... Direct (ZA*ZB/RAB)
Interaction factors:
s-s (sigma) =    1.0000
s-p (sigma) =    1.0000
s-d (sigma) =    1.0000
p-p (sigma) =    1.2670  p-p(pi) =    0.5850
p-d (sigma) =    1.0000  p-d(pi) =    1.0000
d-d (sigma) =    1.0000  d-d(pi) =    1.0000 d-d (delta) =    1.0000

fGamma parameter for Mataga-Nishimoto gamma integrals:    1.2000

--------------------------
Parameters for Element H :
--------------------------
 One-electron parameters (in eV)
  U(s)  =   -13.060000 Beta(s) =    12.000000 Neff(s) =     1.000000
 One-center electron repulsion parameters (in eV)
  G(s,s)=    12.850000
--------------------------
Parameters for Element C :
--------------------------
 One-electron parameters (in eV)
  U(s)  =   -50.870766 Beta(s) =    17.000000 Neff(s) =     2.000000
  U(p)  =   -41.599980 Beta(p) =    17.000000 Neff(p) =     2.000000 
 One-center electron repulsion parameters (in eV)
  G(s,s)=    11.110000
  G(s,p)=    11.110000 G(p,p)  =    11.110000
 Slater-Condon parameters (in eV)
 F2(p,p)=     4.5098 G1(s,p)=    6.8977
--------------------------
Parameters for Element S :
--------------------------
 One-electron parameters (in eV)
  U(s)  =   -69.509597 Beta(s) =    15.000000 Neff(s) =     2.000000
  U(p)  =   -60.725746 Beta(p) =    15.000000 Neff(p) =     4.000000 
 One-center electron repulsion parameters (in eV)
  G(s,s)=    10.090000
  G(s,p)=    10.090000 G(p,p)  =    10.090000
 Slater-Condon parameters (in eV)
 F2(p,p)=     4.5377 G1(s,p)=    3.0756

 Number of atoms                    ....   27
 Number of basis functions          ....   60

 Overlap integrals                  .... done
 One electron matrix                .... done
 Nuclear repulsion                  .... done
 Integral list                      .... done
 Electron-electron repulsion        .... done
-------------------------------------------------------------------------------
                                 ORCA SCF
-------------------------------------------------------------------------------

------------
SCF SETTINGS
------------
Hamiltonian:
 ZDO-Hamiltonian        Method          .... INDO


General Settings:
 Integral files         IntName         .... /Users/mattyjones/GoogleDrive/Boise/Code/MorphCT/tests/output_EZ/donor_polymer/chromophores/input_orca/single/00029
 Hartree-Fock type      HFTyp           .... RHF
 Total Charge           Charge          ....    0
 Multiplicity           Mult            ....    1
 Number of Electrons    NEL             ....   62
 Basis Dimension        Dim             ....   60
 Nuclear Repulsion      ENuc            ....    292.9260996390 Eh

Convergence Acceleration:
 DIIS                   CNVDIIS         .... on
   Start iteration      DIISMaxIt       ....    12
   Startup error        DIISStart       ....  0.200000
   # of expansion vecs  DIISMaxEq       ....     5
   Bias factor          DIISBfac        ....   1.050
   Max. coefficient     DIISMaxC        ....  10.000
 Newton-Raphson         CNVNR           .... off
 SOSCF                  CNVSOSCF        .... on
   Start iteration      SOSCFMaxIt      ....   150
   Startup grad/error   SOSCFStart      ....  0.003300
 Level Shifting         CNVShift        .... on
   Level shift para.    LevelShift      ....    0.2500
   Turn off err/grad.   ShiftErr        ....    0.0010
 Zerner damping         CNVZerner       .... off
 Static damping         CNVDamp         .... on
   Fraction old density DampFac         ....    0.7000
   Max. Damping (<1)    DampMax         ....    0.9800
   Min. Damping (>=0)   DampMin         ....    0.0000
   Turn off err/grad.   DampErr         ....    0.1000
 Fernandez-Rico         CNVRico         .... off

SCF Procedure:
 Maximum # iterations   MaxIter         ....   125
 SCF integral mode      SCFMode         .... Conventional
 Integral Buffer length BufferLength    .... 1048576
 Integral index format  IndFormat       ....     0
 Integral value format  ValFormat       ....     0
 Integral Storage       Thresh          ....  1.000e-08 Eh

Convergence Tolerance:
 Convergence Check Mode ConvCheckMode   .... Total+1el-Energy
 Energy Change          TolE            ....  1.000e-06 Eh
 1-El. energy change                    ....  1.000e-03 Eh
 Orbital Gradient       TolG            ....  5.000e-05
 Orbital Rotation angle TolX            ....  5.000e-05
 DIIS Error             TolErr          ....  1.000e-06


Diagonalization of the overlap matrix:
Smallest eigenvalue                        ... 1.698e-01
Time for diagonalization                   ...    0.001 sec
Threshold for overlap eigenvalues          ... 1.000e-08
Number of eigenvalues below threshold      ... 0
Time for construction of square roots      ...    0.000 sec
Total time needed                          ...    0.002 sec

-------------------------------
INITIAL GUESS: EXTENDED HUECKEL
-------------------------------
EHT matrix was read from disk
EHT matrix was diagonalized
Initial density was built
                      ------------------
                      INITIAL GUESS DONE
                      ------------------

 InCore treatment chosen:
   Memory dedicated               ...    1024 MB
   Memory needed                  ...      0 MB
   Number of tiny    integrals    ...       0
   Number of small   integrals    ...       0
   Number of regular integrals    ...    1896

--------------
SCF ITERATIONS
--------------
ITER       Energy         Delta-E        Max-DP      RMS-DP      [F,P]     Damp
  0     -7.6189539795   0.000000000000 0.04478778  0.00203263  0.0842574 0.7000
  1     -7.6398412030  -0.020887223430 0.04416042  0.00191776  0.0645788 0.7000
                               ***Turning on DIIS***
  2     -7.6552951274  -0.015453924402 0.11781110  0.00493561  0.0469623 0.0000
  3     -7.6962980477  -0.041002920353 0.02382869  0.00105077  0.0170647 0.0000
  4     -7.6881892575   0.008108790243 0.01594776  0.00071651  0.0083001 0.0000
  5     -7.6965804915  -0.008391234083 0.01123582  0.00048281  0.0049726 0.0000
  6     -7.6978951866  -0.001314695017 0.00836154  0.00034098  0.0030628 0.0000
                      *** Initiating the SOSCF procedure ***
                           *** Shutting down DIIS ***
                      *** Re-Reading the Fockian *** 
                      *** Removing any level shift *** 
ITER      Energy       Delta-E        Grad      Rot      Max-DP    RMS-DP
  7     -7.69580232   0.0020928648  0.002943  0.002943  0.005033  0.000193
  8     -7.69495519   0.0008471276  0.000793  0.002185  0.002529  0.000089
  9     -7.69496254  -0.0000073448  0.000355  0.002160  0.002819  0.000094
 10     -7.69496523  -0.0000026927  0.000030  0.000048  0.000128  0.000005
                 **** Energy Check signals convergence ****
              ***Rediagonalizing the Fockian in SOSCF/NRSCF***

               *****************************************************
               *                     SUCCESS                       *
               *           SCF CONVERGED AFTER  11 CYCLES          *
               *****************************************************


----------------
TOTAL SCF ENERGY
----------------

Total Energy       :           -7.69496525 Eh            -209.39065 eV

Components:
Nuclear Repulsion  :          292.92609964 Eh            7970.92441 eV
Electronic Energy  :         -300.62106489 Eh           -8180.31505 eV

One Electron Energy:         -556.15290099 Eh          -15133.68982 eV
Two Electron Energy:          255.53183609 Eh            6953.37476 eV


---------------
SCF CONVERGENCE
---------------

  Last Energy change         ...   -2.1935e-08  Tolerance :   1.0000e-06
  Last MAX-Density change    ...    2.9330e-05  Tolerance :   1.0000e-05
  Last RMS-Density change    ...    1.3987e-06  Tolerance :   1.0000e-06
  Last Orbital Gradient      ...    5.4193e-06  Tolerance :   5.0000e-05
  Last Orbital Rotation      ...    1.3655e-05  Tolerance :   5.0000e-05

             **** THE GBW FILE WAS UPDATED (/Users/mattyjones/GoogleDrive/Boise/Code/MorphCT/tests/output_EZ/donor_polymer/chromophores/input_orca/single/00029.gbw) ****
             **** DENSITY FILE WAS UPDATED (/Users/mattyjones/GoogleDrive/Boise/Code/MorphCT/tests/output_EZ/donor_polymer/chromophores/input_orca/single/00029.scfp.tmp) ****
             **** ENERGY FILE WAS UPDATED (/Users/mattyjones/GoogleDrive/Boise/Code/MorphCT/tests/output_EZ/donor_polymer/chromophores/input_orca/single/00029.en.tmp) ****
----------------
ORBITAL ENERGIES
----------------

  NO   OCC          E(Eh)            E(eV) 
   0   2.0000      -1.555248       -42.3205 
   1   2.0000      -1.396168       -37.9917 
   2   2.0000      -1.277950       -34.7748 
   3   2.0000      -1.187463       -32.3125 
   4   2.0000      -1.106528       -30.1102 
   5   2.0000      -1.051528       -28.6135 
   6   2.0000      -0.990903       -26.9638 
   7   2.0000      -0.906716       -24.6730 
   8   2.0000      -0.836556       -22.7639 
   9   2.0000      -0.823118       -22.3982 
  10   2.0000      -0.775851       -21.1120 
  11   2.0000      -0.724655       -19.7189 
  12   2.0000      -0.704796       -19.1785 
  13   2.0000      -0.669906       -18.2291 
  14   2.0000      -0.633190       -17.2300 
  15   2.0000      -0.620748       -16.8914 
  16   2.0000      -0.590735       -16.0747 
  17   2.0000      -0.571192       -15.5429 
  18   2.0000      -0.566715       -15.4211 
  19   2.0000      -0.549392       -14.9497 
  20   2.0000      -0.534682       -14.5494 
  21   2.0000      -0.512431       -13.9440 
  22   2.0000      -0.503402       -13.6983 
  23   2.0000      -0.499811       -13.6005 
  24   2.0000      -0.490784       -13.3549 
  25   2.0000      -0.470264       -12.7965 
  26   2.0000      -0.461455       -12.5568 
  27   2.0000      -0.439127       -11.9493 
  28   2.0000      -0.430280       -11.7085 
  29   2.0000      -0.357346        -9.7239 
  30   2.0000      -0.305671        -8.3177 
  31   0.0000       0.005735         0.1561 
  32   0.0000       0.040022         1.0890 
  33   0.0000       0.072810         1.9813 
  34   0.0000       0.084803         2.3076 
  35   0.0000       0.099265         2.7011 
  36   0.0000       0.106292         2.8923 
  37   0.0000       0.120808         3.2874 
  38   0.0000       0.145711         3.9650 
  39   0.0000       0.158473         4.3123 
  40   0.0000       0.164312         4.4712 
  41   0.0000       0.174051         4.7362 
  42   0.0000       0.202086         5.4990 
  43   0.0000       0.220267         5.9938 
  44   0.0000       0.229411         6.2426 
  45   0.0000       0.231884         6.3099 
  46   0.0000       0.236779         6.4431 
  47   0.0000       0.239103         6.5063 
  48   0.0000       0.239384         6.5140 
  49   0.0000       0.242158         6.5894 
  50   0.0000       0.244606         6.6561 
  51   0.0000       0.255938         6.9644 
  52   0.0000       0.265304         7.2193 
  53   0.0000       0.279195         7.5973 
  54   0.0000       0.304822         8.2946 
  55   0.0000       0.308867         8.4047 
  56   0.0000       0.341873         9.3028 
  57   0.0000       0.364600         9.9213 
  58   0.0000       0.404830        11.0160 
  59   0.0000       0.438117        11.9218 
-------
TIMINGS
-------

Total SCF time: 0 days 0 hours 0 min 0 sec 

Total time                  ....       0.067 sec
Sum of individual times     ....       0.058 sec  ( 86.3%)

Fock matrix formation       ....       0.045 sec  ( 66.3%)
Diagonalization             ....       0.005 sec  (  7.5%)
Density matrix formation    ....       0.001 sec  (  1.1%)
Population analysis         ....       0.000 sec  (  0.0%)
Initial guess               ....       0.001 sec  (  0.8%)
Orbital Transformation      ....       0.000 sec  (  0.0%)
Orbital Orthonormalization  ....       0.000 sec  (  0.0%)
DIIS solution               ....       0.005 sec  (  8.1%)
SOSCF solution              ....       0.002 sec  (  2.5%)

-------------------------   --------------------
FINAL SINGLE POINT ENERGY        -7.694965253518
-------------------------   --------------------


                            ***************************************
                            *     ORCA property calculations      *
                            ***************************************

                                    ---------------------
                                    Active property flags
                                    ---------------------
   (+) Dipole Moment


------------------------------------------------------------------------------
                       ORCA ELECTRIC PROPERTIES CALCULATION
------------------------------------------------------------------------------

Dipole Moment Calculation                       ... on
Quadrupole Moment Calculation                   ... off
Polarizability Calculation                      ... off
GBWName                                         ... /Users/mattyjones/GoogleDrive/Boise/Code/MorphCT/tests/output_EZ/donor_polymer/chromophores/input_orca/single/00029.gbw
Electron density file                           ... /Users/mattyjones/GoogleDrive/Boise/Code/MorphCT/tests/output_EZ/donor_polymer/chromophores/input_orca/single/00029.scfp.tmp

-------------
DIPOLE MOMENT
-------------
                                X             Y             Z
Electronic contribution:    133.37998       7.21066       6.02810
Nuclear contribution   :    -71.80081      -3.88787      -2.94302
                        -----------------------------------------
Total Dipole Moment    :     61.57917       3.32280       3.08508
                        -----------------------------------------
Magnitude (a.u.)       :     61.74587
Magnitude (Debye)      :    156.94553


Timings for individual modules:

Sum of individual times         ...        0.147 sec (=   0.002 min)
STO integral calculation        ...        0.043 sec (=   0.001 min)  29.3 %
SCF iterations                  ...        0.104 sec (=   0.002 min)  70.7 %
                             ****ORCA TERMINATED NORMALLY****
TOTAL RUN TIME: 0 days 0 hours 0 minutes 0 seconds 458 msec

